[*] Generated Long-Tailed CIFAR-100 (Imbalance: 0.005). Total train samples: 9502
wandb: [wandb.login()] Loaded credentials for https://api.wandb.ai from /home/gauranshi/.netrc.
wandb: Currently logged in as: anant-jain (dcll-iiitd) to https://api.wandb.ai. Use `wandb login --relogin` to force relogin
wandb: setting up run xaq48yx7
wandb: Tracking run with wandb version 0.28.2
wandb: Run data is saved locally in /home/gauranshi/Trinity-opt-DSAA2026/wandb/run-20260905_073647-xaq48yx7
wandb: Run `wandb offline` to turn off syncing.
wandb: Syncing run Ablation_FO_ZO_100ep
wandb: ⭐️ View project at https://wandb.ai/dcll-iiitd/Trinity-Ablation
wandb: 🚀 View run at https://wandb.ai/dcll-iiitd/Trinity-Ablation/runs/xaq48yx7
[FO_ZO] Epoch 1/100 - Loss: 3.5905, Val Acc: 6.23% (Time: 3.7s)
[FO_ZO] Epoch 2/100 - Loss: 3.1251, Val Acc: 8.39% (Time: 3.3s)
[FO_ZO] Epoch 3/100 - Loss: 2.8695, Val Acc: 11.19% (Time: 3.0s)
[FO_ZO] Epoch 4/100 - Loss: 2.6983, Val Acc: 12.97% (Time: 3.1s)
[FO_ZO] Epoch 5/100 - Loss: 2.5231, Val Acc: 13.89% (Time: 3.1s)
[FO_ZO] Epoch 6/100 - Loss: 2.4041, Val Acc: 15.54% (Time: 2.9s)
[FO_ZO] Epoch 7/100 - Loss: 2.2686, Val Acc: 16.20% (Time: 3.3s)
[FO_ZO] Epoch 8/100 - Loss: 2.1779, Val Acc: 15.69% (Time: 3.0s)
[FO_ZO] Epoch 9/100 - Loss: 2.0824, Val Acc: 18.14% (Time: 3.0s)
[FO_ZO] Epoch 10/100 - Loss: 2.0066, Val Acc: 16.36% (Time: 2.8s)
[FO_ZO] Epoch 11/100 - Loss: 1.9330, Val Acc: 17.86% (Time: 3.1s)
[FO_ZO] Epoch 12/100 - Loss: 1.8516, Val Acc: 18.76% (Time: 3.2s)
[FO_ZO] Epoch 13/100 - Loss: 1.7950, Val Acc: 19.15% (Time: 3.1s)
[FO_ZO] Epoch 14/100 - Loss: 1.7090, Val Acc: 20.21% (Time: 3.0s)
[FO_ZO] Epoch 15/100 - Loss: 1.6666, Val Acc: 20.87% (Time: 3.1s)
[FO_ZO] Epoch 16/100 - Loss: 1.5950, Val Acc: 22.41% (Time: 3.1s)
[FO_ZO] Epoch 17/100 - Loss: 1.5307, Val Acc: 21.65% (Time: 3.4s)
[FO_ZO] Epoch 18/100 - Loss: 1.5072, Val Acc: 22.21% (Time: 3.0s)
[FO_ZO] Epoch 19/100 - Loss: 1.4400, Val Acc: 20.67% (Time: 3.1s)
[FO_ZO] Epoch 20/100 - Loss: 1.3606, Val Acc: 22.76% (Time: 3.0s)
[FO_ZO] Epoch 21/100 - Loss: 1.3143, Val Acc: 22.64% (Time: 3.2s)
[FO_ZO] Epoch 22/100 - Loss: 1.2598, Val Acc: 22.31% (Time: 3.1s)
[FO_ZO] Epoch 23/100 - Loss: 1.2285, Val Acc: 24.07% (Time: 3.3s)
[FO_ZO] Epoch 24/100 - Loss: 1.1635, Val Acc: 23.58% (Time: 3.1s)
[FO_ZO] Epoch 25/100 - Loss: 1.0901, Val Acc: 23.03% (Time: 3.0s)
[FO_ZO] Epoch 26/100 - Loss: 1.0530, Val Acc: 21.99% (Time: 3.2s)
[FO_ZO] Epoch 27/100 - Loss: 1.0169, Val Acc: 23.33% (Time: 3.1s)
[FO_ZO] Epoch 28/100 - Loss: 0.9801, Val Acc: 23.74% (Time: 3.0s)
[FO_ZO] Epoch 29/100 - Loss: 0.9043, Val Acc: 23.15% (Time: 3.2s)
[FO_ZO] Epoch 30/100 - Loss: 0.8571, Val Acc: 23.93% (Time: 3.1s)
[FO_ZO] Epoch 31/100 - Loss: 0.8356, Val Acc: 23.90% (Time: 3.3s)
[FO_ZO] Epoch 32/100 - Loss: 0.7757, Val Acc: 25.21% (Time: 3.1s)
[FO_ZO] Epoch 33/100 - Loss: 0.7332, Val Acc: 24.09% (Time: 3.2s)
[FO_ZO] Epoch 34/100 - Loss: 0.7003, Val Acc: 24.40% (Time: 3.1s)
[FO_ZO] Epoch 35/100 - Loss: 0.6527, Val Acc: 25.18% (Time: 3.1s)
[FO_ZO] Epoch 36/100 - Loss: 0.6070, Val Acc: 24.06% (Time: 2.9s)
[FO_ZO] Epoch 37/100 - Loss: 0.5666, Val Acc: 24.65% (Time: 2.9s)
[FO_ZO] Epoch 38/100 - Loss: 0.5422, Val Acc: 24.95% (Time: 3.3s)
[FO_ZO] Epoch 39/100 - Loss: 0.5080, Val Acc: 24.93% (Time: 2.9s)
[FO_ZO] Epoch 40/100 - Loss: 0.4751, Val Acc: 24.91% (Time: 3.2s)
[FO_ZO] Epoch 41/100 - Loss: 0.4433, Val Acc: 24.92% (Time: 3.2s)
[FO_ZO] Epoch 42/100 - Loss: 0.4039, Val Acc: 25.59% (Time: 3.2s)
[FO_ZO] Epoch 43/100 - Loss: 0.3788, Val Acc: 25.41% (Time: 3.1s)
[FO_ZO] Epoch 44/100 - Loss: 0.3674, Val Acc: 25.19% (Time: 2.9s)
[FO_ZO] Epoch 45/100 - Loss: 0.3414, Val Acc: 25.06% (Time: 2.8s)
[FO_ZO] Epoch 46/100 - Loss: 0.3112, Val Acc: 25.34% (Time: 3.1s)
[FO_ZO] Epoch 47/100 - Loss: 0.2817, Val Acc: 26.04% (Time: 3.2s)
[FO_ZO] Epoch 48/100 - Loss: 0.2677, Val Acc: 24.83% (Time: 3.0s)
[FO_ZO] Epoch 49/100 - Loss: 0.2619, Val Acc: 25.69% (Time: 3.0s)
[FO_ZO] Epoch 50/100 - Loss: 0.2512, Val Acc: 25.97% (Time: 3.0s)
[FO_ZO] Epoch 51/100 - Loss: 0.2354, Val Acc: 25.24% (Time: 3.0s)
[FO_ZO] Epoch 52/100 - Loss: 0.2094, Val Acc: 26.22% (Time: 3.0s)
[FO_ZO] Epoch 53/100 - Loss: 0.2020, Val Acc: 26.07% (Time: 2.8s)
[FO_ZO] Epoch 54/100 - Loss: 0.1811, Val Acc: 25.56% (Time: 2.9s)
[FO_ZO] Epoch 55/100 - Loss: 0.1771, Val Acc: 25.96% (Time: 2.9s)
[FO_ZO] Epoch 56/100 - Loss: 0.1604, Val Acc: 26.11% (Time: 3.0s)
[FO_ZO] Epoch 57/100 - Loss: 0.1580, Val Acc: 26.13% (Time: 2.9s)
[FO_ZO] Epoch 58/100 - Loss: 0.1354, Val Acc: 26.23% (Time: 2.9s)
[FO_ZO] Epoch 59/100 - Loss: 0.1359, Val Acc: 26.41% (Time: 3.0s)
[FO_ZO] Epoch 60/100 - Loss: 0.1272, Val Acc: 25.88% (Time: 2.8s)
[FO_ZO] Epoch 61/100 - Loss: 0.1126, Val Acc: 26.72% (Time: 3.3s)
[FO_ZO] Epoch 62/100 - Loss: 0.1141, Val Acc: 26.33% (Time: 2.9s)
[FO_ZO] Epoch 63/100 - Loss: 0.0907, Val Acc: 26.14% (Time: 3.3s)
[FO_ZO] Epoch 64/100 - Loss: 0.0961, Val Acc: 25.89% (Time: 3.0s)
[FO_ZO] Epoch 65/100 - Loss: 0.0852, Val Acc: 26.42% (Time: 3.0s)
[FO_ZO] Epoch 66/100 - Loss: 0.0756, Val Acc: 25.78% (Time: 3.0s)
[FO_ZO] Epoch 67/100 - Loss: 0.0689, Val Acc: 26.56% (Time: 3.0s)
[FO_ZO] Epoch 68/100 - Loss: 0.0613, Val Acc: 26.63% (Time: 3.2s)
[FO_ZO] Epoch 69/100 - Loss: 0.0583, Val Acc: 26.40% (Time: 2.8s)
[FO_ZO] Epoch 70/100 - Loss: 0.0515, Val Acc: 26.99% (Time: 3.1s)
[FO_ZO] Epoch 71/100 - Loss: 0.0413, Val Acc: 26.35% (Time: 3.0s)
[FO_ZO] Epoch 72/100 - Loss: 0.0422, Val Acc: 26.69% (Time: 2.9s)
[FO_ZO] Epoch 73/100 - Loss: 0.0320, Val Acc: 27.03% (Time: 3.2s)
[FO_ZO] Epoch 74/100 - Loss: 0.0339, Val Acc: 26.77% (Time: 2.9s)
[FO_ZO] Epoch 75/100 - Loss: 0.0264, Val Acc: 26.57% (Time: 3.1s)
[FO_ZO] Epoch 76/100 - Loss: 0.0289, Val Acc: 26.56% (Time: 3.0s)
[FO_ZO] Epoch 77/100 - Loss: 0.0253, Val Acc: 26.83% (Time: 3.1s)
[FO_ZO] Epoch 78/100 - Loss: 0.0240, Val Acc: 26.50% (Time: 2.7s)
[FO_ZO] Epoch 79/100 - Loss: 0.0206, Val Acc: 27.18% (Time: 3.0s)
[FO_ZO] Epoch 80/100 - Loss: 0.0183, Val Acc: 26.81% (Time: 3.3s)
[FO_ZO] Epoch 81/100 - Loss: 0.0180, Val Acc: 27.25% (Time: 3.2s)
[FO_ZO] Epoch 82/100 - Loss: 0.0137, Val Acc: 27.18% (Time: 3.0s)
[FO_ZO] Epoch 83/100 - Loss: 0.0142, Val Acc: 27.34% (Time: 2.9s)
[FO_ZO] Epoch 84/100 - Loss: 0.0115, Val Acc: 26.97% (Time: 3.1s)
[FO_ZO] Epoch 85/100 - Loss: 0.0102, Val Acc: 26.95% (Time: 3.0s)
[FO_ZO] Epoch 86/100 - Loss: 0.0100, Val Acc: 26.92% (Time: 3.0s)
[FO_ZO] Epoch 87/100 - Loss: 0.0090, Val Acc: 26.86% (Time: 2.7s)
[FO_ZO] Epoch 88/100 - Loss: 0.0089, Val Acc: 27.01% (Time: 3.2s)
[FO_ZO] Epoch 89/100 - Loss: 0.0085, Val Acc: 27.31% (Time: 3.1s)
[FO_ZO] Epoch 90/100 - Loss: 0.0083, Val Acc: 27.10% (Time: 3.1s)
[FO_ZO] Epoch 91/100 - Loss: 0.0066, Val Acc: 27.23% (Time: 3.1s)
[FO_ZO] Epoch 92/100 - Loss: 0.0077, Val Acc: 26.91% (Time: 3.2s)
[FO_ZO] Epoch 93/100 - Loss: 0.0068, Val Acc: 27.27% (Time: 3.1s)
[FO_ZO] Epoch 94/100 - Loss: 0.0059, Val Acc: 27.38% (Time: 3.3s)
[FO_ZO] Epoch 95/100 - Loss: 0.0067, Val Acc: 27.25% (Time: 3.3s)
[FO_ZO] Epoch 96/100 - Loss: 0.0056, Val Acc: 27.17% (Time: 3.0s)
[FO_ZO] Epoch 97/100 - Loss: 0.0060, Val Acc: 27.29% (Time: 3.2s)
[FO_ZO] Epoch 98/100 - Loss: 0.0073, Val Acc: 27.41% (Time: 3.2s)
[FO_ZO] Epoch 99/100 - Loss: 0.0054, Val Acc: 27.23% (Time: 3.7s)
[FO_ZO] Epoch 100/100 - Loss: 0.0060, Val Acc: 27.37% (Time: 3.0s)
wandb: updating run metadata
wandb: uploading output.log; uploading wandb-summary.json; uploading config.yaml
wandb: uploading output.log; uploading wandb-summary.json
wandb: uploading history steps 98-99, summary, console lines 98-99
wandb: 
wandb: Run history:
wandb:        epoch ▁▁▁▁▁▂▂▂▂▂▃▃▃▃▄▄▄▄▄▅▅▅▅▅▅▆▆▆▆▆▇▇▇▇▇▇▇▇██
wandb: time/epoch_s ▅▅▃▇▁▅▅▆▇▆▇▅▅▆▅▃█▅▅▆▃▄▇▃█▄▂▄▃▃▃▅▄▆▅▅█▄▆▄
wandb:    train/acc ▁▂▂▃▃▄▄▅▅▅▅▆▆▆▆▇▇▇▇▇▇▇██████████████████
wandb:   train/loss █▇▆▆▆▅▅▄▄▄▃▃▃▃▃▂▂▂▂▂▂▂▁▁▁▁▁▁▁▁▁▁▁▁▁▁▁▁▁▁
wandb:      val/acc ▁▂▃▃▄▄▄▅▅▆▆▆▆▆▇▇▇▇▇▇▇▇▇▇█▇██████████████
wandb: val/head_acc ▁▃▄▅▅▇▇▇▇▇▇▇▇▇▇▇▇▇▇▇▇▇▇▇▇█▇▇▇█▇█████████
wandb:     val/loss ▄▃▂▂▁▂▄▃▄▄▄▄▅▅▅▆▆▇▆▇▇▇▇▇▇█▇████▇████▇▇▇█
wandb:  val/med_acc ▁▂▃▃▄▅▅▆▆▆▆▆▇▇▇▇▇▇▇▇█▇▇▇███▇██▇█████████
wandb: val/tail_acc ▁▁▁▃▃▃▄▅▄▆▆▆▆▅▇▇▇▇▇▇▇▆▇▇▇▇███▇▇█▇█▇██▇██
wandb: 
wandb: Run summary:
wandb:        epoch 100
wandb: time/epoch_s 2.99954
wandb:    train/acc 99.9579
wandb:   train/loss 0.00601
wandb:      val/acc 27.37
wandb: val/head_acc 55
wandb:     val/loss 5.44864
wandb:  val/med_acc 27.54839
wandb: val/tail_acc 5.97436
wandb: 
wandb: 🚀 View run Ablation_FO_ZO_100ep at: https://wandb.ai/dcll-iiitd/Trinity-Ablation/runs/xaq48yx7
wandb: ⭐️ View project at: https://wandb.ai/dcll-iiitd/Trinity-Ablation
wandb: Synced 5 W&B file(s), 0 media file(s), 0 artifact file(s) and 0 other file(s)
wandb: Find logs at: ./wandb/run-20260905_073647-xaq48yx7/logs
