[*] Generated Long-Tailed CIFAR-100 (Imbalance: 0.005). Total train samples: 9502
wandb: [wandb.login()] Loaded credentials for https://api.wandb.ai from /home/gauranshi/.netrc.
wandb: Currently logged in as: anant-jain (dcll-iiitd) to https://api.wandb.ai. Use `wandb login --relogin` to force relogin
wandb: setting up run aj56d3h0
wandb: Tracking run with wandb version 0.28.2
wandb: Run data is saved locally in /home/gauranshi/Trinity-opt-DSAA2026/wandb/run-20260905_074203-aj56d3h0
wandb: Run `wandb offline` to turn off syncing.
wandb: Syncing run Ablation_Full_100ep
wandb: ⭐️ View project at https://wandb.ai/dcll-iiitd/Trinity-Ablation
wandb: 🚀 View run at https://wandb.ai/dcll-iiitd/Trinity-Ablation/runs/aj56d3h0
sys:1: UserWarning: Full backward hook is firing when gradients are computed with respect to module outputs since no inputs require gradients. See https://docs.pytorch.org/docs/main/generated/torch.nn.Module.html#torch.nn.Module.register_full_backward_hook for more details.
[Full] Epoch 1/100 - Loss: 3.4957, Val Acc: 8.49% (Time: 24.2s)
[Full] Epoch 2/100 - Loss: 2.9209, Val Acc: 11.70% (Time: 26.7s)
[Full] Epoch 3/100 - Loss: 2.6445, Val Acc: 12.85% (Time: 23.5s)
[Full] Epoch 4/100 - Loss: 2.3855, Val Acc: 16.59% (Time: 26.6s)
[Full] Epoch 5/100 - Loss: 2.2151, Val Acc: 18.24% (Time: 24.2s)
[Full] Epoch 6/100 - Loss: 2.0395, Val Acc: 19.30% (Time: 26.6s)
[Full] Epoch 7/100 - Loss: 1.9102, Val Acc: 19.58% (Time: 23.8s)
[Full] Epoch 8/100 - Loss: 1.8099, Val Acc: 21.12% (Time: 26.8s)
[Full] Epoch 9/100 - Loss: 1.6935, Val Acc: 21.92% (Time: 23.8s)
[Full] Epoch 10/100 - Loss: 1.6231, Val Acc: 22.40% (Time: 26.6s)
[Full] Epoch 11/100 - Loss: 1.5104, Val Acc: 23.03% (Time: 23.4s)
[Full] Epoch 12/100 - Loss: 1.4399, Val Acc: 22.83% (Time: 26.4s)
[Full] Epoch 13/100 - Loss: 1.3494, Val Acc: 23.58% (Time: 23.6s)
[Full] Epoch 14/100 - Loss: 1.2463, Val Acc: 24.21% (Time: 27.7s)
[Full] Epoch 15/100 - Loss: 1.1622, Val Acc: 25.24% (Time: 24.6s)
[Full] Epoch 16/100 - Loss: 1.0948, Val Acc: 24.33% (Time: 27.5s)
[Full] Epoch 17/100 - Loss: 1.0211, Val Acc: 25.27% (Time: 24.7s)
[Full] Epoch 18/100 - Loss: 0.9737, Val Acc: 24.80% (Time: 27.7s)
[Full] Epoch 19/100 - Loss: 0.8778, Val Acc: 25.71% (Time: 24.5s)
[Full] Epoch 20/100 - Loss: 0.8431, Val Acc: 25.47% (Time: 27.5s)
[Full] Epoch 21/100 - Loss: 0.7796, Val Acc: 25.42% (Time: 25.2s)
[Full] Epoch 22/100 - Loss: 0.6888, Val Acc: 24.68% (Time: 27.3s)
[Full] Epoch 23/100 - Loss: 0.6572, Val Acc: 25.33% (Time: 25.4s)
[Full] Epoch 24/100 - Loss: 0.6123, Val Acc: 25.69% (Time: 27.9s)
[Full] Epoch 25/100 - Loss: 0.5748, Val Acc: 25.75% (Time: 25.4s)
[Full] Epoch 26/100 - Loss: 0.5101, Val Acc: 25.34% (Time: 28.8s)
[Full] Epoch 27/100 - Loss: 0.4952, Val Acc: 25.41% (Time: 24.8s)
[Full] Epoch 28/100 - Loss: 0.4483, Val Acc: 26.07% (Time: 30.6s)
[Full] Epoch 29/100 - Loss: 0.4179, Val Acc: 25.19% (Time: 24.9s)
[Full] Epoch 30/100 - Loss: 0.3855, Val Acc: 24.68% (Time: 27.5s)
[Full] Epoch 31/100 - Loss: 0.3569, Val Acc: 25.80% (Time: 25.3s)
[Full] Epoch 32/100 - Loss: 0.3480, Val Acc: 25.28% (Time: 28.5s)
[Full] Epoch 33/100 - Loss: 0.3281, Val Acc: 25.68% (Time: 24.6s)
[Full] Epoch 34/100 - Loss: 0.2965, Val Acc: 26.71% (Time: 27.4s)
[Full] Epoch 35/100 - Loss: 0.2699, Val Acc: 25.93% (Time: 24.1s)
[Full] Epoch 36/100 - Loss: 0.2537, Val Acc: 25.56% (Time: 26.9s)
[Full] Epoch 37/100 - Loss: 0.2426, Val Acc: 26.45% (Time: 24.3s)
[Full] Epoch 38/100 - Loss: 0.2227, Val Acc: 25.81% (Time: 27.3s)
[Full] Epoch 39/100 - Loss: 0.2071, Val Acc: 26.25% (Time: 24.1s)
[Full] Epoch 40/100 - Loss: 0.1984, Val Acc: 26.20% (Time: 27.1s)
[Full] Epoch 41/100 - Loss: 0.1962, Val Acc: 26.12% (Time: 24.3s)
[Full] Epoch 42/100 - Loss: 0.1892, Val Acc: 25.66% (Time: 27.7s)
[Full] Epoch 43/100 - Loss: 0.1591, Val Acc: 26.62% (Time: 24.3s)
[Full] Epoch 44/100 - Loss: 0.1619, Val Acc: 26.13% (Time: 27.6s)
[Full] Epoch 45/100 - Loss: 0.1465, Val Acc: 26.02% (Time: 24.3s)
[Full] Epoch 46/100 - Loss: 0.1326, Val Acc: 26.71% (Time: 27.0s)
[Full] Epoch 47/100 - Loss: 0.1251, Val Acc: 26.62% (Time: 24.6s)
[Full] Epoch 48/100 - Loss: 0.1166, Val Acc: 25.92% (Time: 26.8s)
[Full] Epoch 49/100 - Loss: 0.1102, Val Acc: 26.67% (Time: 24.2s)
[Full] Epoch 50/100 - Loss: 0.1070, Val Acc: 26.12% (Time: 27.0s)
[Full] Epoch 51/100 - Loss: 0.0881, Val Acc: 26.33% (Time: 24.0s)
[Full] Epoch 52/100 - Loss: 0.0887, Val Acc: 26.00% (Time: 27.7s)
[Full] Epoch 53/100 - Loss: 0.0856, Val Acc: 26.59% (Time: 25.2s)
[Full] Epoch 54/100 - Loss: 0.0743, Val Acc: 26.33% (Time: 27.7s)
[Full] Epoch 55/100 - Loss: 0.0704, Val Acc: 27.00% (Time: 25.4s)
[Full] Epoch 56/100 - Loss: 0.0577, Val Acc: 26.34% (Time: 28.1s)
[Full] Epoch 57/100 - Loss: 0.0610, Val Acc: 26.36% (Time: 24.3s)
[Full] Epoch 58/100 - Loss: 0.0604, Val Acc: 26.67% (Time: 27.0s)
[Full] Epoch 59/100 - Loss: 0.0541, Val Acc: 26.38% (Time: 24.1s)
[Full] Epoch 60/100 - Loss: 0.0522, Val Acc: 26.38% (Time: 26.8s)
[Full] Epoch 61/100 - Loss: 0.0504, Val Acc: 27.10% (Time: 24.0s)
[Full] Epoch 62/100 - Loss: 0.0451, Val Acc: 26.39% (Time: 27.0s)
[Full] Epoch 63/100 - Loss: 0.0405, Val Acc: 26.52% (Time: 24.0s)
[Full] Epoch 64/100 - Loss: 0.0344, Val Acc: 26.42% (Time: 26.9s)
[Full] Epoch 65/100 - Loss: 0.0318, Val Acc: 26.99% (Time: 24.0s)
[Full] Epoch 66/100 - Loss: 0.0283, Val Acc: 27.29% (Time: 27.0s)
[Full] Epoch 67/100 - Loss: 0.0233, Val Acc: 27.19% (Time: 24.3s)
[Full] Epoch 68/100 - Loss: 0.0212, Val Acc: 27.08% (Time: 26.7s)
[Full] Epoch 69/100 - Loss: 0.0175, Val Acc: 27.08% (Time: 24.0s)
[Full] Epoch 70/100 - Loss: 0.0184, Val Acc: 27.17% (Time: 27.1s)
[Full] Epoch 71/100 - Loss: 0.0180, Val Acc: 27.27% (Time: 23.9s)
[Full] Epoch 72/100 - Loss: 0.0119, Val Acc: 27.69% (Time: 26.6s)
[Full] Epoch 73/100 - Loss: 0.0102, Val Acc: 27.20% (Time: 23.8s)
[Full] Epoch 74/100 - Loss: 0.0108, Val Acc: 27.36% (Time: 26.8s)
[Full] Epoch 75/100 - Loss: 0.0115, Val Acc: 27.47% (Time: 23.8s)
[Full] Epoch 76/100 - Loss: 0.0085, Val Acc: 27.31% (Time: 26.9s)
[Full] Epoch 77/100 - Loss: 0.0100, Val Acc: 27.43% (Time: 24.2s)
[Full] Epoch 78/100 - Loss: 0.0102, Val Acc: 27.42% (Time: 26.9s)
[Full] Epoch 79/100 - Loss: 0.0075, Val Acc: 27.21% (Time: 24.1s)
[Full] Epoch 80/100 - Loss: 0.0067, Val Acc: 27.20% (Time: 27.3s)
[Full] Epoch 81/100 - Loss: 0.0062, Val Acc: 27.59% (Time: 24.2s)
[Full] Epoch 82/100 - Loss: 0.0064, Val Acc: 27.65% (Time: 27.4s)
[Full] Epoch 83/100 - Loss: 0.0045, Val Acc: 27.55% (Time: 24.7s)
[Full] Epoch 84/100 - Loss: 0.0060, Val Acc: 27.62% (Time: 27.4s)
[Full] Epoch 85/100 - Loss: 0.0047, Val Acc: 27.79% (Time: 24.8s)
[Full] Epoch 86/100 - Loss: 0.0046, Val Acc: 27.62% (Time: 27.5s)
[Full] Epoch 87/100 - Loss: 0.0048, Val Acc: 27.50% (Time: 24.8s)
[Full] Epoch 88/100 - Loss: 0.0059, Val Acc: 27.34% (Time: 27.5s)
[Full] Epoch 89/100 - Loss: 0.0046, Val Acc: 27.63% (Time: 24.3s)
[Full] Epoch 90/100 - Loss: 0.0048, Val Acc: 27.42% (Time: 27.6s)
[Full] Epoch 91/100 - Loss: 0.0045, Val Acc: 27.61% (Time: 24.4s)
[Full] Epoch 92/100 - Loss: 0.0043, Val Acc: 27.45% (Time: 27.6s)
[Full] Epoch 93/100 - Loss: 0.0045, Val Acc: 27.35% (Time: 24.6s)
[Full] Epoch 94/100 - Loss: 0.0041, Val Acc: 27.37% (Time: 27.5s)
[Full] Epoch 95/100 - Loss: 0.0036, Val Acc: 27.57% (Time: 24.4s)
[Full] Epoch 96/100 - Loss: 0.0042, Val Acc: 27.47% (Time: 27.3s)
[Full] Epoch 97/100 - Loss: 0.0031, Val Acc: 27.54% (Time: 24.5s)
[Full] Epoch 98/100 - Loss: 0.0041, Val Acc: 27.60% (Time: 27.6s)
[Full] Epoch 99/100 - Loss: 0.0035, Val Acc: 27.64% (Time: 25.0s)
[Full] Epoch 100/100 - Loss: 0.0032, Val Acc: 27.52% (Time: 27.6s)
wandb: updating run metadata
wandb: uploading output.log; uploading wandb-summary.json; uploading config.yaml
wandb: uploading wandb-summary.json; uploading config.yaml
wandb: 
wandb: Run history:
wandb:        epoch ▁▁▁▁▁▂▂▂▂▂▃▃▃▃▃▃▄▄▄▄▄▄▄▄▄▅▅▅▅▅▅▆▆▇▇▇████
wandb: time/epoch_s ▂▁▄▂▄▅▂▅▂▅▅▂█▂▂▂▂▄▄▃▃▆▂▅▂▅▁▄▄▂▅▂▂▅▂▂▂▅▂▅
wandb:    train/acc ▁▂▃▄▄▄▅▅▅▆▇▇▇▇▇▇▇███████████████████████
wandb:   train/loss █▇▆▆▆▅▄▄▄▃▃▃▂▂▂▂▂▂▂▁▁▁▁▁▁▁▁▁▁▁▁▁▁▁▁▁▁▁▁▁
wandb:      val/acc ▁▂▂▃▄▅▆▆▆▆▆▆▆▆▇▇▇▇▇▇▇▇▇▇▇███████████████
wandb: val/head_acc ▁▃▄▅▆▆▆▆▆▇▇▇▆▇▇▇▇▇▇▇▇▇▇█▇▇█▇▇███████████
wandb:     val/loss ▃▁▁▁▁▂▃▂▃▄▅▅▅▆▅▆▆▆▆▇▇▇▇▇▇███████████████
wandb:  val/med_acc ▁▁▅▆▇▆▇▇▆▅▇▇▆▆▇▇▇▇▇▇▆▇▇▇▇▇▇▇▇▇█▇▇███████
wandb: val/tail_acc ▁▄▄▄▆▆▅▆▆▇▆▆▇█▇█▆▇█▇▆▇▇▇▇▇███▇███▇▇▇▇▇▇█
wandb: 
wandb: Run summary:
wandb:        epoch 100
wandb: time/epoch_s 27.57482
wandb:    train/acc 99.97895
wandb:   train/loss 0.00321
wandb:      val/acc 27.52
wandb: val/head_acc 57.23333
wandb:     val/loss 6.99251
wandb:  val/med_acc 26.70968
wandb: val/tail_acc 5.30769
wandb: 
wandb: 🚀 View run Ablation_Full_100ep at: https://wandb.ai/dcll-iiitd/Trinity-Ablation/runs/aj56d3h0
wandb: ⭐️ View project at: https://wandb.ai/dcll-iiitd/Trinity-Ablation
wandb: Synced 5 W&B file(s), 0 media file(s), 0 artifact file(s) and 0 other file(s)
wandb: Find logs at: ./wandb/run-20260905_074203-aj56d3h0/logs
