==========================================
SLURM_CLUSTER_NAME = paramprabha
SLURM_JOB_ACCOUNT = nsmext
SLURM_JOB_ID = 639564
SLURM_JOB_NAME = trinity_ablation
SLURM_JOB_NODELIST = rpgpu026
SLURM_JOB_USER = ldls-iiitd
SLURM_JOB_UID = 52385
SLURM_JOB_PARTITION = gpu
SLURM_TASK_PID = 2150861
SLURM_SUBMIT_DIR = /scratch/ldls-iiitd/group1_dir/Trinity-opt-DSAA2026
SLURM_CPUS_ON_NODE = 1
SLURM_NTASKS = 
SLURM_TASK_PID = 2150861
==========================================
Starting FO on GPU 0...
Starting ZO on GPU 1...
Starting SO on GPU 2...
FO finished. Starting FO_ZO on GPU 0...
ZO finished. Starting FO_SO on GPU 1...
slurmstepd: error: *** JOB 639564 ON rpgpu026 CANCELLED AT 2026-09-07T03:55:06 DUE TO TIME LIMIT ***
