Traceback (most recent call last):
  File "/home/ldls-iiitd/.local/share/uv/python/cpython-3.11.14-linux-x86_64-gnu/lib/python3.11/urllib/request.py", line 1348, in do_open
    h.request(req.get_method(), req.selector, req.data, headers,
  File "/home/ldls-iiitd/.local/share/uv/python/cpython-3.11.14-linux-x86_64-gnu/lib/python3.11/http/client.py", line 1303, in request
    self._send_request(method, url, body, headers, encode_chunked)
  File "/home/ldls-iiitd/.local/share/uv/python/cpython-3.11.14-linux-x86_64-gnu/lib/python3.11/http/client.py", line 1349, in _send_request
    self.endheaders(body, encode_chunked=encode_chunked)
  File "/home/ldls-iiitd/.local/share/uv/python/cpython-3.11.14-linux-x86_64-gnu/lib/python3.11/http/client.py", line 1298, in endheaders
    self._send_output(message_body, encode_chunked=encode_chunked)
  File "/home/ldls-iiitd/.local/share/uv/python/cpython-3.11.14-linux-x86_64-gnu/lib/python3.11/http/client.py", line 1058, in _send_output
    self.send(msg)
  File "/home/ldls-iiitd/.local/share/uv/python/cpython-3.11.14-linux-x86_64-gnu/lib/python3.11/http/client.py", line 996, in send
    self.connect()
  File "/home/ldls-iiitd/.local/share/uv/python/cpython-3.11.14-linux-x86_64-gnu/lib/python3.11/http/client.py", line 1475, in connect
    self.sock = self._context.wrap_socket(self.sock,
                ^^^^^^^^^^^^^^^^^^^^^^^^^^^^^^^^^^^^
  File "/home/ldls-iiitd/.local/share/uv/python/cpython-3.11.14-linux-x86_64-gnu/lib/python3.11/ssl.py", line 517, in wrap_socket
    return self.sslsocket_class._create(
           ^^^^^^^^^^^^^^^^^^^^^^^^^^^^^
  File "/home/ldls-iiitd/.local/share/uv/python/cpython-3.11.14-linux-x86_64-gnu/lib/python3.11/ssl.py", line 1104, in _create
    self.do_handshake()
  File "/home/ldls-iiitd/.local/share/uv/python/cpython-3.11.14-linux-x86_64-gnu/lib/python3.11/ssl.py", line 1382, in do_handshake
    self._sslobj.do_handshake()
ssl.SSLCertVerificationError: [SSL: CERTIFICATE_VERIFY_FAILED] certificate verify failed: unable to get local issuer certificate (_ssl.c:1016)

During handling of the above exception, another exception occurred:

Traceback (most recent call last):
  File "/scratch/ldls-iiitd/group1_dir/Trinity-opt-DSAA2026/train_transformer_dsaa.py", line 142, in <module>
    main()
  File "/scratch/ldls-iiitd/group1_dir/Trinity-opt-DSAA2026/train_transformer_dsaa.py", line 60, in main
    trainloader, testloader, img_num_list, num_classes = get_dataloaders(args.dataset, args.imb_factor)
                                                         ^^^^^^^^^^^^^^^^^^^^^^^^^^^^^^^^^^^^^^^^^^^^^^
  File "/scratch/ldls-iiitd/group1_dir/Trinity-opt-DSAA2026/datasets_lt.py", line 149, in get_dataloaders
    trainset = LongTailedCIFAR10(imb_factor=imb_factor, root='./data', train=True, download=True, transform=transform_train)
               ^^^^^^^^^^^^^^^^^^^^^^^^^^^^^^^^^^^^^^^^^^^^^^^^^^^^^^^^^^^^^^^^^^^^^^^^^^^^^^^^^^^^^^^^^^^^^^^^^^^^^^^^^^^^^
  File "/scratch/ldls-iiitd/group1_dir/Trinity-opt-DSAA2026/datasets_lt.py", line 9, in __init__
    super().__init__(*args, **kwargs)
  File "/scratch/ldls-iiitd/group1_dir/dcll/Slakshna/Bhaskera/.venv/lib/python3.11/site-packages/torchvision/datasets/cifar.py", line 66, in __init__
    self.download()
  File "/scratch/ldls-iiitd/group1_dir/dcll/Slakshna/Bhaskera/.venv/lib/python3.11/site-packages/torchvision/datasets/cifar.py", line 139, in download
    download_and_extract_archive(self.url, self.root, filename=self.filename, md5=self.tgz_md5)
  File "/scratch/ldls-iiitd/group1_dir/dcll/Slakshna/Bhaskera/.venv/lib/python3.11/site-packages/torchvision/datasets/utils.py", line 391, in download_and_extract_archive
    download_url(url, download_root, filename, md5)
  File "/scratch/ldls-iiitd/group1_dir/dcll/Slakshna/Bhaskera/.venv/lib/python3.11/site-packages/torchvision/datasets/utils.py", line 121, in download_url
    url = _get_redirect_url(url, max_hops=max_redirect_hops)
          ^^^^^^^^^^^^^^^^^^^^^^^^^^^^^^^^^^^^^^^^^^^^^^^^^^
  File "/scratch/ldls-iiitd/group1_dir/dcll/Slakshna/Bhaskera/.venv/lib/python3.11/site-packages/torchvision/datasets/utils.py", line 66, in _get_redirect_url
    with urllib.request.urlopen(urllib.request.Request(url, headers=headers)) as response:
         ^^^^^^^^^^^^^^^^^^^^^^^^^^^^^^^^^^^^^^^^^^^^^^^^^^^^^^^^^^^^^^^^^^^^
  File "/home/ldls-iiitd/.local/share/uv/python/cpython-3.11.14-linux-x86_64-gnu/lib/python3.11/urllib/request.py", line 216, in urlopen
    return opener.open(url, data, timeout)
           ^^^^^^^^^^^^^^^^^^^^^^^^^^^^^^^
  File "/home/ldls-iiitd/.local/share/uv/python/cpython-3.11.14-linux-x86_64-gnu/lib/python3.11/urllib/request.py", line 519, in open
    response = self._open(req, data)
               ^^^^^^^^^^^^^^^^^^^^^
  File "/home/ldls-iiitd/.local/share/uv/python/cpython-3.11.14-linux-x86_64-gnu/lib/python3.11/urllib/request.py", line 536, in _open
    result = self._call_chain(self.handle_open, protocol, protocol +
             ^^^^^^^^^^^^^^^^^^^^^^^^^^^^^^^^^^^^^^^^^^^^^^^^^^^^^^^
  File "/home/ldls-iiitd/.local/share/uv/python/cpython-3.11.14-linux-x86_64-gnu/lib/python3.11/urllib/request.py", line 496, in _call_chain
    result = func(*args)
             ^^^^^^^^^^^
  File "/home/ldls-iiitd/.local/share/uv/python/cpython-3.11.14-linux-x86_64-gnu/lib/python3.11/urllib/request.py", line 1391, in https_open
    return self.do_open(http.client.HTTPSConnection, req,
           ^^^^^^^^^^^^^^^^^^^^^^^^^^^^^^^^^^^^^^^^^^^^^^
  File "/home/ldls-iiitd/.local/share/uv/python/cpython-3.11.14-linux-x86_64-gnu/lib/python3.11/urllib/request.py", line 1351, in do_open
    raise URLError(err)
urllib.error.URLError: <urlopen error [SSL: CERTIFICATE_VERIFY_FAILED] certificate verify failed: unable to get local issuer certificate (_ssl.c:1016)>
