nohup: ignoring input
[*] Generated Long-Tailed CIFAR-10 (Imbalance: 0.01). Total train samples: 12406
/home/gauranshi/miniconda3/lib/python3.12/site-packages/torch/nn/modules/transformer.py:392: UserWarning: enable_nested_tensor is True, but self.use_nested_tensor is False because encoder_layer.norm_first was True
  warnings.warn(
wandb: [wandb.login()] Loaded credentials for https://api.wandb.ai from /home/gauranshi/.netrc.
wandb: Currently logged in as: anant-jain (dcll-iiitd) to https://api.wandb.ai. Use `wandb login --relogin` to force relogin
wandb: setting up run k45kwifk
wandb: Tracking run with wandb version 0.28.2
wandb: Run data is saved locally in /home/gauranshi/Trinity-opt-DSAA2026/wandb/run-20260904_120600-k45kwifk
wandb: Run `wandb offline` to turn off syncing.
wandb: Syncing run ViT_cifar10_imb0.01
wandb: ⭐️ View project at https://wandb.ai/dcll-iiitd/Trinity-Benchmark
wandb: 🚀 View run at https://wandb.ai/dcll-iiitd/Trinity-Benchmark/runs/k45kwifk
sys:1: UserWarning: Full backward hook is firing when gradients are computed with respect to module outputs since no inputs require gradients. See https://docs.pytorch.org/docs/main/generated/torch.nn.Module.html#torch.nn.Module.register_full_backward_hook for more details.
Epoch 1/200 - Loss: 1.7900, Val Acc: 10.00%, Head: 12.50%, Med: 0.00%, Tail: 0.00%
Epoch 2/200 - Loss: 1.5476, Val Acc: 15.02%, Head: 18.77%, Med: 0.00%, Tail: 0.00%
Epoch 3/200 - Loss: 1.4251, Val Acc: 18.89%, Head: 23.61%, Med: 0.00%, Tail: 0.00%
Epoch 4/200 - Loss: 1.3721, Val Acc: 19.29%, Head: 24.11%, Med: 0.00%, Tail: 0.00%
Epoch 5/200 - Loss: 1.3030, Val Acc: 23.34%, Head: 29.18%, Med: 0.00%, Tail: 0.00%
Epoch 6/200 - Loss: 1.2854, Val Acc: 24.06%, Head: 30.07%, Med: 0.00%, Tail: 0.00%
Epoch 7/200 - Loss: 1.2461, Val Acc: 19.88%, Head: 24.85%, Med: 0.00%, Tail: 0.00%
Epoch 8/200 - Loss: 1.2275, Val Acc: 22.13%, Head: 27.66%, Med: 0.00%, Tail: 0.00%
Epoch 9/200 - Loss: 1.2157, Val Acc: 18.77%, Head: 23.46%, Med: 0.00%, Tail: 0.00%
Epoch 10/200 - Loss: 1.1881, Val Acc: 26.06%, Head: 32.58%, Med: 0.00%, Tail: 0.00%
Epoch 11/200 - Loss: 1.1622, Val Acc: 24.27%, Head: 30.34%, Med: 0.00%, Tail: 0.00%
Epoch 12/200 - Loss: 1.1315, Val Acc: 24.12%, Head: 30.15%, Med: 0.00%, Tail: 0.00%
Epoch 13/200 - Loss: 1.1196, Val Acc: 24.99%, Head: 31.24%, Med: 0.00%, Tail: 0.00%
Epoch 14/200 - Loss: 1.1472, Val Acc: 23.08%, Head: 28.85%, Med: 0.00%, Tail: 0.00%
Epoch 15/200 - Loss: 1.1030, Val Acc: 25.94%, Head: 32.42%, Med: 0.00%, Tail: 0.00%
Epoch 16/200 - Loss: 1.1018, Val Acc: 24.16%, Head: 30.20%, Med: 0.00%, Tail: 0.00%
Epoch 17/200 - Loss: 1.0884, Val Acc: 26.86%, Head: 33.58%, Med: 0.00%, Tail: 0.00%
Epoch 18/200 - Loss: 1.0814, Val Acc: 24.81%, Head: 31.01%, Med: 0.00%, Tail: 0.00%
Epoch 19/200 - Loss: 1.0805, Val Acc: 24.97%, Head: 31.21%, Med: 0.00%, Tail: 0.00%
Epoch 20/200 - Loss: 1.0779, Val Acc: 28.37%, Head: 35.46%, Med: 0.00%, Tail: 0.00%
Epoch 21/200 - Loss: 1.0576, Val Acc: 27.68%, Head: 34.60%, Med: 0.00%, Tail: 0.00%
Epoch 22/200 - Loss: 1.0566, Val Acc: 29.87%, Head: 37.34%, Med: 0.00%, Tail: 0.00%
Epoch 23/200 - Loss: 1.0440, Val Acc: 25.59%, Head: 31.99%, Med: 0.00%, Tail: 0.00%
Epoch 24/200 - Loss: 1.0437, Val Acc: 27.61%, Head: 34.51%, Med: 0.00%, Tail: 0.00%
Epoch 25/200 - Loss: 1.0404, Val Acc: 27.81%, Head: 34.76%, Med: 0.00%, Tail: 0.00%
Epoch 26/200 - Loss: 1.0229, Val Acc: 30.94%, Head: 38.67%, Med: 0.00%, Tail: 0.00%
Epoch 27/200 - Loss: 1.0283, Val Acc: 27.28%, Head: 34.10%, Med: 0.00%, Tail: 0.00%
Epoch 28/200 - Loss: 1.0261, Val Acc: 29.09%, Head: 36.36%, Med: 0.00%, Tail: 0.00%
Epoch 29/200 - Loss: 1.0217, Val Acc: 29.60%, Head: 37.00%, Med: 0.00%, Tail: 0.00%
Epoch 30/200 - Loss: 1.0011, Val Acc: 30.32%, Head: 37.90%, Med: 0.00%, Tail: 0.00%
Epoch 31/200 - Loss: 0.9925, Val Acc: 27.99%, Head: 34.99%, Med: 0.00%, Tail: 0.00%
Epoch 32/200 - Loss: 1.0006, Val Acc: 29.20%, Head: 36.49%, Med: 0.05%, Tail: 0.00%
Epoch 33/200 - Loss: 0.9794, Val Acc: 27.17%, Head: 33.96%, Med: 0.00%, Tail: 0.00%
Epoch 34/200 - Loss: 0.9783, Val Acc: 30.99%, Head: 38.74%, Med: 0.00%, Tail: 0.00%
Epoch 35/200 - Loss: 0.9724, Val Acc: 29.95%, Head: 37.44%, Med: 0.00%, Tail: 0.00%
Epoch 36/200 - Loss: 0.9724, Val Acc: 28.15%, Head: 35.19%, Med: 0.00%, Tail: 0.00%
Epoch 37/200 - Loss: 0.9726, Val Acc: 28.86%, Head: 36.08%, Med: 0.00%, Tail: 0.00%
Epoch 38/200 - Loss: 0.9694, Val Acc: 33.97%, Head: 42.46%, Med: 0.00%, Tail: 0.00%
Epoch 39/200 - Loss: 0.9534, Val Acc: 30.07%, Head: 37.59%, Med: 0.00%, Tail: 0.00%
Epoch 40/200 - Loss: 0.9469, Val Acc: 29.75%, Head: 37.19%, Med: 0.00%, Tail: 0.00%
Epoch 41/200 - Loss: 0.9568, Val Acc: 32.16%, Head: 40.19%, Med: 0.05%, Tail: 0.00%
Epoch 42/200 - Loss: 0.9225, Val Acc: 35.43%, Head: 44.29%, Med: 0.00%, Tail: 0.00%
Epoch 43/200 - Loss: 0.9294, Val Acc: 31.23%, Head: 39.04%, Med: 0.00%, Tail: 0.00%
Epoch 44/200 - Loss: 0.9305, Val Acc: 29.74%, Head: 37.17%, Med: 0.00%, Tail: 0.00%
Epoch 45/200 - Loss: 0.9180, Val Acc: 30.15%, Head: 37.69%, Med: 0.00%, Tail: 0.00%
Epoch 46/200 - Loss: 0.9127, Val Acc: 30.64%, Head: 38.30%, Med: 0.00%, Tail: 0.00%
Epoch 47/200 - Loss: 0.9133, Val Acc: 32.05%, Head: 40.06%, Med: 0.00%, Tail: 0.00%
Epoch 48/200 - Loss: 0.9096, Val Acc: 35.78%, Head: 44.64%, Med: 0.35%, Tail: 0.00%
Epoch 49/200 - Loss: 0.8948, Val Acc: 33.12%, Head: 41.38%, Med: 0.10%, Tail: 0.00%
Epoch 50/200 - Loss: 0.9009, Val Acc: 33.98%, Head: 42.48%, Med: 0.00%, Tail: 0.00%
Epoch 51/200 - Loss: 0.8991, Val Acc: 30.32%, Head: 37.89%, Med: 0.05%, Tail: 0.00%
Epoch 52/200 - Loss: 0.8988, Val Acc: 35.52%, Head: 44.40%, Med: 0.00%, Tail: 0.00%
Epoch 53/200 - Loss: 0.8836, Val Acc: 33.28%, Head: 41.58%, Med: 0.10%, Tail: 0.00%
Epoch 54/200 - Loss: 0.8781, Val Acc: 35.64%, Head: 44.50%, Med: 0.20%, Tail: 0.00%
Epoch 55/200 - Loss: 0.8848, Val Acc: 32.05%, Head: 40.00%, Med: 0.25%, Tail: 0.00%
Epoch 56/200 - Loss: 0.8736, Val Acc: 34.27%, Head: 42.81%, Med: 0.10%, Tail: 0.00%
Epoch 57/200 - Loss: 0.8628, Val Acc: 34.33%, Head: 42.91%, Med: 0.00%, Tail: 0.00%
Epoch 58/200 - Loss: 0.8837, Val Acc: 32.49%, Head: 40.61%, Med: 0.00%, Tail: 0.00%
Epoch 59/200 - Loss: 0.8669, Val Acc: 35.69%, Head: 44.60%, Med: 0.05%, Tail: 0.00%
Epoch 60/200 - Loss: 0.8712, Val Acc: 33.46%, Head: 41.81%, Med: 0.05%, Tail: 0.00%
Epoch 61/200 - Loss: 0.8587, Val Acc: 33.75%, Head: 42.11%, Med: 0.30%, Tail: 0.00%
Epoch 62/200 - Loss: 0.8507, Val Acc: 33.29%, Head: 41.60%, Med: 0.05%, Tail: 0.00%
Epoch 63/200 - Loss: 0.8536, Val Acc: 33.80%, Head: 42.17%, Med: 0.30%, Tail: 0.00%
Epoch 64/200 - Loss: 0.8535, Val Acc: 33.10%, Head: 41.38%, Med: 0.00%, Tail: 0.00%
Epoch 65/200 - Loss: 0.8501, Val Acc: 34.79%, Head: 43.40%, Med: 0.35%, Tail: 0.00%
Epoch 66/200 - Loss: 0.8517, Val Acc: 33.71%, Head: 42.12%, Med: 0.05%, Tail: 0.00%
Epoch 67/200 - Loss: 0.8461, Val Acc: 35.81%, Head: 44.65%, Med: 0.45%, Tail: 0.00%
Epoch 68/200 - Loss: 0.8365, Val Acc: 37.13%, Head: 46.41%, Med: 0.00%, Tail: 0.00%
Epoch 69/200 - Loss: 0.8505, Val Acc: 36.96%, Head: 46.20%, Med: 0.00%, Tail: 0.00%
Epoch 70/200 - Loss: 0.8243, Val Acc: 35.45%, Head: 43.95%, Med: 1.45%, Tail: 0.00%
Epoch 71/200 - Loss: 0.8323, Val Acc: 35.76%, Head: 44.67%, Med: 0.10%, Tail: 0.00%
Epoch 72/200 - Loss: 0.8319, Val Acc: 34.85%, Head: 43.34%, Med: 0.90%, Tail: 0.00%
Epoch 73/200 - Loss: 0.8229, Val Acc: 37.13%, Head: 46.41%, Med: 0.00%, Tail: 0.00%
Epoch 74/200 - Loss: 0.8090, Val Acc: 36.08%, Head: 45.09%, Med: 0.05%, Tail: 0.00%
Epoch 75/200 - Loss: 0.8118, Val Acc: 37.13%, Head: 46.41%, Med: 0.00%, Tail: 0.00%
Epoch 76/200 - Loss: 0.8152, Val Acc: 35.75%, Head: 44.56%, Med: 0.50%, Tail: 0.00%
Epoch 77/200 - Loss: 0.8135, Val Acc: 34.25%, Head: 42.55%, Med: 1.05%, Tail: 0.00%
Epoch 78/200 - Loss: 0.8016, Val Acc: 39.34%, Head: 48.99%, Med: 0.75%, Tail: 0.00%
Epoch 79/200 - Loss: 0.7947, Val Acc: 40.00%, Head: 49.23%, Med: 3.10%, Tail: 0.00%
Epoch 80/200 - Loss: 0.7986, Val Acc: 36.34%, Head: 45.26%, Med: 0.65%, Tail: 0.00%
Epoch 81/200 - Loss: 0.7996, Val Acc: 38.29%, Head: 47.75%, Med: 0.45%, Tail: 0.00%
Epoch 82/200 - Loss: 0.7788, Val Acc: 38.73%, Head: 48.24%, Med: 0.70%, Tail: 0.00%
Epoch 83/200 - Loss: 0.7724, Val Acc: 42.42%, Head: 52.19%, Med: 3.35%, Tail: 0.00%
Epoch 84/200 - Loss: 0.7759, Val Acc: 38.20%, Head: 47.59%, Med: 0.65%, Tail: 0.00%
Epoch 85/200 - Loss: 0.7622, Val Acc: 43.18%, Head: 53.31%, Med: 2.65%, Tail: 0.00%
Epoch 86/200 - Loss: 0.7694, Val Acc: 39.81%, Head: 49.67%, Med: 0.35%, Tail: 0.00%
Epoch 87/200 - Loss: 0.7614, Val Acc: 39.17%, Head: 48.84%, Med: 0.50%, Tail: 0.00%
Epoch 88/200 - Loss: 0.7505, Val Acc: 41.91%, Head: 52.34%, Med: 0.20%, Tail: 0.00%
Epoch 89/200 - Loss: 0.7503, Val Acc: 41.55%, Head: 51.91%, Med: 0.10%, Tail: 0.00%
Epoch 90/200 - Loss: 0.7599, Val Acc: 40.59%, Head: 49.01%, Med: 6.90%, Tail: 0.00%
Epoch 91/200 - Loss: 0.7416, Val Acc: 42.09%, Head: 52.16%, Med: 1.80%, Tail: 0.00%
Epoch 92/200 - Loss: 0.7495, Val Acc: 41.27%, Head: 51.31%, Med: 1.10%, Tail: 0.00%
Epoch 93/200 - Loss: 0.7422, Val Acc: 42.20%, Head: 51.33%, Med: 5.70%, Tail: 0.00%
Epoch 94/200 - Loss: 0.7380, Val Acc: 42.67%, Head: 52.17%, Med: 4.65%, Tail: 0.00%
Epoch 95/200 - Loss: 0.7340, Val Acc: 36.60%, Head: 45.29%, Med: 1.85%, Tail: 0.00%
Epoch 96/200 - Loss: 0.7296, Val Acc: 42.68%, Head: 52.56%, Med: 3.15%, Tail: 0.00%
Epoch 97/200 - Loss: 0.7178, Val Acc: 41.22%, Head: 50.81%, Med: 2.85%, Tail: 0.00%
Epoch 98/200 - Loss: 0.7155, Val Acc: 40.75%, Head: 50.14%, Med: 3.20%, Tail: 0.00%
Epoch 99/200 - Loss: 0.7064, Val Acc: 42.41%, Head: 52.38%, Med: 2.55%, Tail: 0.00%
Epoch 100/200 - Loss: 0.7007, Val Acc: 44.08%, Head: 51.70%, Med: 13.60%, Tail: 0.00%
Epoch 101/200 - Loss: 0.7127, Val Acc: 38.97%, Head: 48.10%, Med: 2.45%, Tail: 0.00%
Epoch 102/200 - Loss: 0.7027, Val Acc: 40.70%, Head: 50.08%, Med: 3.20%, Tail: 0.00%
Epoch 103/200 - Loss: 0.6942, Val Acc: 44.48%, Head: 55.02%, Med: 2.30%, Tail: 0.00%
Epoch 104/200 - Loss: 0.6993, Val Acc: 40.24%, Head: 50.06%, Med: 0.95%, Tail: 0.00%
Epoch 105/200 - Loss: 0.6920, Val Acc: 43.48%, Head: 53.48%, Med: 3.50%, Tail: 0.00%
Epoch 106/200 - Loss: 0.6829, Val Acc: 38.63%, Head: 47.77%, Med: 2.05%, Tail: 0.00%
Epoch 107/200 - Loss: 0.6793, Val Acc: 42.78%, Head: 53.23%, Med: 1.00%, Tail: 0.00%
Epoch 108/200 - Loss: 0.6563, Val Acc: 40.27%, Head: 48.94%, Med: 5.60%, Tail: 0.00%
Epoch 109/200 - Loss: 0.6673, Val Acc: 45.57%, Head: 56.34%, Med: 2.50%, Tail: 0.00%
Epoch 110/200 - Loss: 0.6615, Val Acc: 45.15%, Head: 54.71%, Med: 6.90%, Tail: 0.00%
Epoch 111/200 - Loss: 0.6502, Val Acc: 41.30%, Head: 51.38%, Med: 1.00%, Tail: 0.00%
Epoch 112/200 - Loss: 0.6480, Val Acc: 43.51%, Head: 53.48%, Med: 3.65%, Tail: 0.00%
Epoch 113/200 - Loss: 0.6461, Val Acc: 43.19%, Head: 52.36%, Med: 6.50%, Tail: 0.00%
Epoch 114/200 - Loss: 0.6451, Val Acc: 42.95%, Head: 53.29%, Med: 1.60%, Tail: 0.00%
Epoch 115/200 - Loss: 0.6338, Val Acc: 46.11%, Head: 53.85%, Med: 15.15%, Tail: 0.00%
Epoch 116/200 - Loss: 0.6229, Val Acc: 43.82%, Head: 53.67%, Med: 4.40%, Tail: 0.00%
Epoch 117/200 - Loss: 0.6301, Val Acc: 45.07%, Head: 54.12%, Med: 8.85%, Tail: 0.00%
Epoch 118/200 - Loss: 0.6162, Val Acc: 42.82%, Head: 52.24%, Med: 5.15%, Tail: 0.00%
Epoch 119/200 - Loss: 0.6123, Val Acc: 42.51%, Head: 51.54%, Med: 6.40%, Tail: 0.00%
Epoch 120/200 - Loss: 0.6076, Val Acc: 41.52%, Head: 51.55%, Med: 1.40%, Tail: 0.00%
Epoch 121/200 - Loss: 0.6060, Val Acc: 44.05%, Head: 54.04%, Med: 4.10%, Tail: 0.00%
Epoch 122/200 - Loss: 0.5946, Val Acc: 44.93%, Head: 53.41%, Med: 11.00%, Tail: 0.00%
Epoch 123/200 - Loss: 0.5919, Val Acc: 42.10%, Head: 51.49%, Med: 4.55%, Tail: 0.00%
Epoch 124/200 - Loss: 0.5851, Val Acc: 46.66%, Head: 54.75%, Med: 14.30%, Tail: 0.00%
Epoch 125/200 - Loss: 0.5722, Val Acc: 47.06%, Head: 55.23%, Med: 14.40%, Tail: 0.00%
Epoch 126/200 - Loss: 0.5739, Val Acc: 45.34%, Head: 54.15%, Med: 10.10%, Tail: 0.00%
Epoch 127/200 - Loss: 0.5757, Val Acc: 44.33%, Head: 54.34%, Med: 4.30%, Tail: 0.00%
Epoch 128/200 - Loss: 0.5720, Val Acc: 47.19%, Head: 55.50%, Med: 13.95%, Tail: 0.00%
Epoch 129/200 - Loss: 0.5538, Val Acc: 45.38%, Head: 55.79%, Med: 3.75%, Tail: 0.00%
Epoch 130/200 - Loss: 0.5417, Val Acc: 45.36%, Head: 54.38%, Med: 9.30%, Tail: 0.00%
Epoch 131/200 - Loss: 0.5473, Val Acc: 45.74%, Head: 55.81%, Med: 5.45%, Tail: 0.00%
Epoch 132/200 - Loss: 0.5405, Val Acc: 47.95%, Head: 56.83%, Med: 12.45%, Tail: 0.00%
Epoch 133/200 - Loss: 0.5312, Val Acc: 45.60%, Head: 54.74%, Med: 9.05%, Tail: 0.00%
Epoch 134/200 - Loss: 0.5292, Val Acc: 46.65%, Head: 55.56%, Med: 11.00%, Tail: 0.00%
Epoch 135/200 - Loss: 0.5057, Val Acc: 47.14%, Head: 55.88%, Med: 12.20%, Tail: 0.00%
Epoch 136/200 - Loss: 0.5035, Val Acc: 48.64%, Head: 56.59%, Med: 16.85%, Tail: 0.00%
Epoch 137/200 - Loss: 0.4986, Val Acc: 49.18%, Head: 55.94%, Med: 22.15%, Tail: 0.00%
Epoch 138/200 - Loss: 0.4940, Val Acc: 49.05%, Head: 55.85%, Med: 21.85%, Tail: 0.00%
Epoch 139/200 - Loss: 0.4888, Val Acc: 48.43%, Head: 57.11%, Med: 13.70%, Tail: 0.00%
Epoch 140/200 - Loss: 0.4827, Val Acc: 47.23%, Head: 55.05%, Med: 15.95%, Tail: 0.00%
Epoch 141/200 - Loss: 0.4737, Val Acc: 49.15%, Head: 56.38%, Med: 20.25%, Tail: 0.00%
Epoch 142/200 - Loss: 0.4721, Val Acc: 49.33%, Head: 59.02%, Med: 10.55%, Tail: 0.00%
Epoch 143/200 - Loss: 0.4563, Val Acc: 49.25%, Head: 56.89%, Med: 18.70%, Tail: 0.00%
Epoch 144/200 - Loss: 0.4579, Val Acc: 48.46%, Head: 55.67%, Med: 19.60%, Tail: 0.00%
Epoch 145/200 - Loss: 0.4495, Val Acc: 48.72%, Head: 57.35%, Med: 14.20%, Tail: 0.00%
Epoch 146/200 - Loss: 0.4377, Val Acc: 48.00%, Head: 56.81%, Med: 12.75%, Tail: 0.00%
Epoch 147/200 - Loss: 0.4291, Val Acc: 46.90%, Head: 56.05%, Med: 10.30%, Tail: 0.00%
Epoch 148/200 - Loss: 0.4131, Val Acc: 48.72%, Head: 55.99%, Med: 19.65%, Tail: 0.00%
Epoch 149/200 - Loss: 0.4258, Val Acc: 50.08%, Head: 59.99%, Med: 10.45%, Tail: 0.00%
Epoch 150/200 - Loss: 0.4057, Val Acc: 51.03%, Head: 59.61%, Med: 16.70%, Tail: 0.00%
Epoch 151/200 - Loss: 0.4053, Val Acc: 47.10%, Head: 56.80%, Med: 8.30%, Tail: 0.00%
Epoch 152/200 - Loss: 0.3993, Val Acc: 48.59%, Head: 56.79%, Med: 15.80%, Tail: 0.00%
Epoch 153/200 - Loss: 0.3825, Val Acc: 46.48%, Head: 55.34%, Med: 11.05%, Tail: 0.00%
Epoch 154/200 - Loss: 0.3805, Val Acc: 47.72%, Head: 56.52%, Med: 12.50%, Tail: 0.00%
Epoch 155/200 - Loss: 0.3730, Val Acc: 49.45%, Head: 57.45%, Med: 17.45%, Tail: 0.00%
Epoch 156/200 - Loss: 0.3655, Val Acc: 50.25%, Head: 58.39%, Med: 17.70%, Tail: 0.00%
Epoch 157/200 - Loss: 0.3573, Val Acc: 47.75%, Head: 56.84%, Med: 11.40%, Tail: 0.00%
Epoch 158/200 - Loss: 0.3518, Val Acc: 48.10%, Head: 56.70%, Med: 13.70%, Tail: 0.00%
Epoch 159/200 - Loss: 0.3461, Val Acc: 51.07%, Head: 58.58%, Med: 21.05%, Tail: 0.00%
Epoch 160/200 - Loss: 0.3359, Val Acc: 49.64%, Head: 57.92%, Med: 16.50%, Tail: 0.00%
Epoch 161/200 - Loss: 0.3340, Val Acc: 48.80%, Head: 56.39%, Med: 18.45%, Tail: 0.00%
Epoch 162/200 - Loss: 0.3255, Val Acc: 48.41%, Head: 57.50%, Med: 12.05%, Tail: 0.00%
Epoch 163/200 - Loss: 0.3112, Val Acc: 49.58%, Head: 57.41%, Med: 18.25%, Tail: 0.00%
Epoch 164/200 - Loss: 0.3107, Val Acc: 48.48%, Head: 57.12%, Med: 13.90%, Tail: 0.00%
Epoch 165/200 - Loss: 0.3001, Val Acc: 50.89%, Head: 58.52%, Med: 20.35%, Tail: 0.00%
Epoch 166/200 - Loss: 0.2850, Val Acc: 49.14%, Head: 57.16%, Med: 17.05%, Tail: 0.00%
Epoch 167/200 - Loss: 0.2822, Val Acc: 48.68%, Head: 57.23%, Med: 14.50%, Tail: 0.00%
Epoch 168/200 - Loss: 0.2784, Val Acc: 50.55%, Head: 57.94%, Med: 21.00%, Tail: 0.00%
Epoch 169/200 - Loss: 0.2734, Val Acc: 50.51%, Head: 58.60%, Med: 18.15%, Tail: 0.00%
Epoch 170/200 - Loss: 0.2633, Val Acc: 50.36%, Head: 58.12%, Med: 19.30%, Tail: 0.00%
Epoch 171/200 - Loss: 0.2607, Val Acc: 50.55%, Head: 58.64%, Med: 18.20%, Tail: 0.00%
Epoch 172/200 - Loss: 0.2596, Val Acc: 50.18%, Head: 58.55%, Med: 16.70%, Tail: 0.00%
Epoch 173/200 - Loss: 0.2466, Val Acc: 49.83%, Head: 58.20%, Med: 16.35%, Tail: 0.00%
Epoch 174/200 - Loss: 0.2449, Val Acc: 48.88%, Head: 56.66%, Med: 17.75%, Tail: 0.00%
Epoch 175/200 - Loss: 0.2378, Val Acc: 49.11%, Head: 57.69%, Med: 14.80%, Tail: 0.00%
Epoch 176/200 - Loss: 0.2356, Val Acc: 49.23%, Head: 57.49%, Med: 16.20%, Tail: 0.00%
Epoch 177/200 - Loss: 0.2308, Val Acc: 49.31%, Head: 57.70%, Med: 15.75%, Tail: 0.00%
Epoch 178/200 - Loss: 0.2265, Val Acc: 49.92%, Head: 57.69%, Med: 18.85%, Tail: 0.00%
Epoch 179/200 - Loss: 0.2266, Val Acc: 50.10%, Head: 57.90%, Med: 18.90%, Tail: 0.00%
Epoch 180/200 - Loss: 0.2294, Val Acc: 49.42%, Head: 58.16%, Med: 14.45%, Tail: 0.00%
Epoch 181/200 - Loss: 0.2207, Val Acc: 48.71%, Head: 57.30%, Med: 14.35%, Tail: 0.00%
Epoch 182/200 - Loss: 0.2121, Val Acc: 49.66%, Head: 57.19%, Med: 19.55%, Tail: 0.00%
Epoch 183/200 - Loss: 0.2081, Val Acc: 49.57%, Head: 58.16%, Med: 15.20%, Tail: 0.00%
Epoch 184/200 - Loss: 0.2058, Val Acc: 50.03%, Head: 58.00%, Med: 18.15%, Tail: 0.00%
Epoch 185/200 - Loss: 0.2022, Val Acc: 50.53%, Head: 57.95%, Med: 20.85%, Tail: 0.00%
Epoch 186/200 - Loss: 0.2049, Val Acc: 50.18%, Head: 58.09%, Med: 18.55%, Tail: 0.00%
Epoch 187/200 - Loss: 0.2058, Val Acc: 49.64%, Head: 57.52%, Med: 18.10%, Tail: 0.00%
Epoch 188/200 - Loss: 0.1988, Val Acc: 49.90%, Head: 58.24%, Med: 16.55%, Tail: 0.00%
Epoch 189/200 - Loss: 0.1949, Val Acc: 49.85%, Head: 57.98%, Med: 17.35%, Tail: 0.00%
Epoch 190/200 - Loss: 0.1985, Val Acc: 49.74%, Head: 57.65%, Med: 18.10%, Tail: 0.00%
Epoch 191/200 - Loss: 0.1912, Val Acc: 49.96%, Head: 57.90%, Med: 18.20%, Tail: 0.00%
Epoch 192/200 - Loss: 0.1912, Val Acc: 49.87%, Head: 57.79%, Med: 18.20%, Tail: 0.00%
Epoch 193/200 - Loss: 0.1886, Val Acc: 49.85%, Head: 57.91%, Med: 17.60%, Tail: 0.00%
Epoch 194/200 - Loss: 0.1905, Val Acc: 49.58%, Head: 57.73%, Med: 17.00%, Tail: 0.00%
Epoch 195/200 - Loss: 0.1913, Val Acc: 49.69%, Head: 57.89%, Med: 16.90%, Tail: 0.00%
Epoch 196/200 - Loss: 0.1910, Val Acc: 49.80%, Head: 57.98%, Med: 17.10%, Tail: 0.00%
Epoch 197/200 - Loss: 0.1833, Val Acc: 49.93%, Head: 58.06%, Med: 17.40%, Tail: 0.00%
Epoch 198/200 - Loss: 0.1874, Val Acc: 49.92%, Head: 58.04%, Med: 17.45%, Tail: 0.00%
Epoch 199/200 - Loss: 0.1950, Val Acc: 49.85%, Head: 57.99%, Med: 17.30%, Tail: 0.00%
Epoch 200/200 - Loss: 0.1875, Val Acc: 49.86%, Head: 57.99%, Med: 17.35%, Tail: 0.00%
wandb: updating run metadata
wandb: uploading output.log; uploading wandb-summary.json; uploading config.yaml
wandb: uploading history steps 199-199, summary, console lines 200-200
wandb: 
wandb: Run history:
wandb:        epoch ▁▁▁▁▂▂▂▂▂▂▃▃▃▃▃▃▃▃▄▄▄▄▅▅▅▅▅▆▆▆▆▇▇▇▇▇████
wandb:    train/acc ▁▁▂▂▂▂▃▃▃▃▃▄▃▄▄▄▄▄▄▄▅▅▅▅▅▅▅▅▆▆▆▆▆▇▇▇████
wandb:   train/loss █▆▆▆▅▅▅▄▄▄▄▄▄▄▄▄▃▃▃▃▃▃▃▂▂▂▂▂▂▂▂▂▂▁▁▁▁▁▁▁
wandb:      val/acc ▁▂▃▃▂▄▃▄▄▄▅▄▄▄▄▆▆▆▆▅▆▆▆▆▇▇▇█▇▇█▇███▇████
wandb: val/head_acc ▁▃▃▃▃▃▄▃▄▅▅▅▅▅▅▅▅▆▆▆▆▇▇▇▇▇▇▇▇▇▇██▇██████
wandb:     val/loss ▇█▅▅▄▃▅▄▄▅▃▄▂▃▄▄▃▂▄▃▃▂▂▂▁▃▃▃▁▃▂▃▃▃▄▅▅▅██
wandb:  val/med_acc ▁▁▁▁▁▁▁▁▁▁▁▁▁▁▁▁▁▁▁▁▃▂▁▃▂▃▅▅▆▇▆█▆█▇▇▆██▇
wandb: val/tail_acc ▁▁▁▁▁▁▁▁▁▁▁▁▁▁▁▁▁▁▁▁▁▁▁▁▁▁▁▁▁▁▁▁▁▁▁▁▁▁▁▁
wandb: 
wandb: Run summary:
wandb:        epoch 200
wandb:    train/acc 93.14042
wandb:   train/loss 0.18748
wandb:      val/acc 49.86
wandb: val/head_acc 57.9875
wandb:     val/loss 3.05067
wandb:  val/med_acc 17.35
wandb: val/tail_acc 0
wandb: 
wandb: 🚀 View run ViT_cifar10_imb0.01 at: https://wandb.ai/dcll-iiitd/Trinity-Benchmark/runs/k45kwifk
wandb: ⭐️ View project at: https://wandb.ai/dcll-iiitd/Trinity-Benchmark
wandb: Synced 5 W&B file(s), 0 media file(s), 0 artifact file(s) and 0 other file(s)
wandb: Find logs at: ./wandb/run-20260904_120600-k45kwifk/logs
