/home/gauranshi/miniconda3/lib/python3.12/site-packages/torch/nn/modules/transformer.py:392: UserWarning: enable_nested_tensor is True, but self.use_nested_tensor is False because encoder_layer.norm_first was True
  warnings.warn(
wandb: [wandb.login()] Loaded credentials for https://api.wandb.ai from /home/gauranshi/.netrc.
wandb: Currently logged in as: anant-jain (dcll-iiitd) to https://api.wandb.ai. Use `wandb login --relogin` to force relogin
wandb: setting up run c5h49dmn
wandb: Tracking run with wandb version 0.28.2
wandb: Run data is saved locally in /home/gauranshi/Trinity-opt-DSAA2026/wandb/run-20260904_065343-c5h49dmn
wandb: Run `wandb offline` to turn off syncing.
wandb: Syncing run ViT_cifar10_imb0.01
wandb: ⭐️ View project at https://wandb.ai/dcll-iiitd/Trinity-Benchmark
wandb: 🚀 View run at https://wandb.ai/dcll-iiitd/Trinity-Benchmark/runs/c5h49dmn
[*] Generated Long-Tailed CIFAR-10 (Imbalance: 0.01). Total train samples: 12406
sys:1: UserWarning: Full backward hook is firing when gradients are computed with respect to module outputs since no inputs require gradients. See https://docs.pytorch.org/docs/main/generated/torch.nn.Module.html#torch.nn.Module.register_full_backward_hook for more details.
Epoch 1/200 - Loss: 1.7386, Val Acc: 16.18%, Head: 20.23%, Med: 0.00%, Tail: 0.00%
Epoch 2/200 - Loss: 1.4669, Val Acc: 14.71%, Head: 18.39%, Med: 0.00%, Tail: 0.00%
Epoch 3/200 - Loss: 1.4273, Val Acc: 17.73%, Head: 22.16%, Med: 0.00%, Tail: 0.00%
Epoch 4/200 - Loss: 1.3807, Val Acc: 17.22%, Head: 21.52%, Med: 0.00%, Tail: 0.00%
Epoch 5/200 - Loss: 1.3383, Val Acc: 21.59%, Head: 26.99%, Med: 0.00%, Tail: 0.00%
Epoch 6/200 - Loss: 1.3195, Val Acc: 22.00%, Head: 27.50%, Med: 0.00%, Tail: 0.00%
Epoch 7/200 - Loss: 1.2941, Val Acc: 19.64%, Head: 24.55%, Med: 0.00%, Tail: 0.00%
Traceback (most recent call last):
  File "/home/gauranshi/Trinity-opt-DSAA2026/train_transformer_dsaa.py", line 137, in <module>
    main()
  File "/home/gauranshi/Trinity-opt-DSAA2026/train_transformer_dsaa.py", line 80, in main
    loss.backward()
  File "/home/gauranshi/miniconda3/lib/python3.12/site-packages/torch/_tensor.py", line 625, in backward
    torch.autograd.backward(
  File "/home/gauranshi/miniconda3/lib/python3.12/site-packages/torch/autograd/__init__.py", line 354, in backward
    _engine_run_backward(
  File "/home/gauranshi/miniconda3/lib/python3.12/site-packages/torch/autograd/graph.py", line 841, in _engine_run_backward
    return Variable._execution_engine.run_backward(  # Calls into the C++ engine to run the backward pass
           ^^^^^^^^^^^^^^^^^^^^^^^^^^^^^^^^^^^^^^^^^^^^^^^^^^^^^^^^^^^^^^^^^^^^^^^^^^^^^^^^^^^^^^^^^^^^^^
torch.AcceleratorError: CUDA error: unknown error
Search for `cudaErrorUnknown' in https://docs.nvidia.com/cuda/cuda-runtime-api/group__CUDART__TYPES.html for more information.
CUDA kernel errors might be asynchronously reported at some other API call, so the stacktrace below might be incorrect.
For debugging consider passing CUDA_LAUNCH_BLOCKING=1
Compile with `TORCH_USE_CUDA_DSA` to enable device-side assertions.

[1;34mwandb[0m: 
[1;34mwandb[0m: 🚀 View run [33mViT_cifar10_imb0.01[0m at: [34mhttps://wandb.ai/dcll-iiitd/Trinity-Benchmark/runs/c5h49dmn[0m
[1;34mwandb[0m: Find logs at: [1;35mwandb/run-20260904_065343-c5h49dmn/logs[0m
