[*] Generated Long-Tailed CIFAR-100 (Imbalance: 0.01). Total train samples: 10847
wandb: [wandb.login()] Loaded credentials for https://api.wandb.ai from /home/gauranshi/.netrc.
wandb: Currently logged in as: anant-jain (dcll-iiitd) to https://api.wandb.ai. Use `wandb login --relogin` to force relogin
wandb: setting up run 6yhvxy65
wandb: Tracking run with wandb version 0.28.2
wandb: Run data is saved locally in /home/gauranshi/Trinity-opt-DSAA2026/wandb/run-20260904_191445-6yhvxy65
wandb: Run `wandb offline` to turn off syncing.
wandb: Syncing run Ablation_FO_SO_100ep
wandb: ⭐️ View project at https://wandb.ai/dcll-iiitd/Trinity-Ablation
wandb: 🚀 View run at https://wandb.ai/dcll-iiitd/Trinity-Ablation/runs/6yhvxy65
sys:1: UserWarning: Full backward hook is firing when gradients are computed with respect to module outputs since no inputs require gradients. See https://docs.pytorch.org/docs/main/generated/torch.nn.Module.html#torch.nn.Module.register_full_backward_hook for more details.
[FO_SO] Epoch 1/100 - Loss: 3.6129, Val Acc: 9.85% (Time: 28.1s)
[FO_SO] Epoch 2/100 - Loss: 3.0085, Val Acc: 13.17% (Time: 30.7s)
[FO_SO] Epoch 3/100 - Loss: 2.6758, Val Acc: 15.67% (Time: 27.7s)
[FO_SO] Epoch 4/100 - Loss: 2.4419, Val Acc: 18.32% (Time: 29.9s)
[FO_SO] Epoch 5/100 - Loss: 2.2442, Val Acc: 19.85% (Time: 27.4s)
[FO_SO] Epoch 6/100 - Loss: 2.0982, Val Acc: 21.20% (Time: 30.4s)
[FO_SO] Epoch 7/100 - Loss: 1.9802, Val Acc: 21.79% (Time: 27.9s)
[FO_SO] Epoch 8/100 - Loss: 1.8714, Val Acc: 24.16% (Time: 30.0s)
[FO_SO] Epoch 9/100 - Loss: 1.7757, Val Acc: 24.09% (Time: 26.8s)
[FO_SO] Epoch 10/100 - Loss: 1.6418, Val Acc: 24.39% (Time: 30.1s)
[FO_SO] Epoch 11/100 - Loss: 1.5643, Val Acc: 25.81% (Time: 27.4s)
[FO_SO] Epoch 12/100 - Loss: 1.4478, Val Acc: 24.91% (Time: 30.3s)
[FO_SO] Epoch 13/100 - Loss: 1.3560, Val Acc: 26.53% (Time: 27.2s)
[FO_SO] Epoch 14/100 - Loss: 1.3068, Val Acc: 27.26% (Time: 29.6s)
[FO_SO] Epoch 15/100 - Loss: 1.1868, Val Acc: 27.11% (Time: 26.8s)
[FO_SO] Epoch 16/100 - Loss: 1.1169, Val Acc: 26.98% (Time: 29.8s)
[FO_SO] Epoch 17/100 - Loss: 1.0359, Val Acc: 28.31% (Time: 26.9s)
[FO_SO] Epoch 18/100 - Loss: 0.9711, Val Acc: 28.26% (Time: 29.5s)
[FO_SO] Epoch 19/100 - Loss: 0.8925, Val Acc: 27.20% (Time: 26.2s)
[FO_SO] Epoch 20/100 - Loss: 0.8246, Val Acc: 28.56% (Time: 29.8s)
[FO_SO] Epoch 21/100 - Loss: 0.7678, Val Acc: 28.19% (Time: 27.2s)
[FO_SO] Epoch 22/100 - Loss: 0.7029, Val Acc: 27.49% (Time: 29.9s)
[FO_SO] Epoch 23/100 - Loss: 0.6321, Val Acc: 27.55% (Time: 26.6s)
[FO_SO] Epoch 24/100 - Loss: 0.6046, Val Acc: 29.34% (Time: 29.6s)
[FO_SO] Epoch 25/100 - Loss: 0.5447, Val Acc: 28.59% (Time: 27.5s)
[FO_SO] Epoch 26/100 - Loss: 0.5051, Val Acc: 28.69% (Time: 29.8s)
[FO_SO] Epoch 27/100 - Loss: 0.4697, Val Acc: 28.95% (Time: 26.9s)
[FO_SO] Epoch 28/100 - Loss: 0.4191, Val Acc: 27.89% (Time: 30.3s)
[FO_SO] Epoch 29/100 - Loss: 0.3914, Val Acc: 27.91% (Time: 26.8s)
[FO_SO] Epoch 30/100 - Loss: 0.3585, Val Acc: 28.42% (Time: 29.6s)
[FO_SO] Epoch 31/100 - Loss: 0.3405, Val Acc: 28.25% (Time: 27.6s)
[FO_SO] Epoch 32/100 - Loss: 0.3213, Val Acc: 28.12% (Time: 30.4s)
[FO_SO] Epoch 33/100 - Loss: 0.2861, Val Acc: 28.23% (Time: 27.4s)
[FO_SO] Epoch 34/100 - Loss: 0.2642, Val Acc: 28.86% (Time: 30.6s)
[FO_SO] Epoch 35/100 - Loss: 0.2408, Val Acc: 28.41% (Time: 27.3s)
[FO_SO] Epoch 36/100 - Loss: 0.2299, Val Acc: 28.50% (Time: 30.4s)
[FO_SO] Epoch 37/100 - Loss: 0.2141, Val Acc: 28.10% (Time: 27.4s)
[FO_SO] Epoch 38/100 - Loss: 0.2003, Val Acc: 28.53% (Time: 30.3s)
[FO_SO] Epoch 39/100 - Loss: 0.1893, Val Acc: 28.66% (Time: 27.0s)
[FO_SO] Epoch 40/100 - Loss: 0.1819, Val Acc: 28.43% (Time: 29.5s)
[FO_SO] Epoch 41/100 - Loss: 0.1612, Val Acc: 28.51% (Time: 26.8s)
[FO_SO] Epoch 42/100 - Loss: 0.1426, Val Acc: 28.99% (Time: 30.1s)
[FO_SO] Epoch 43/100 - Loss: 0.1348, Val Acc: 28.83% (Time: 27.4s)
[FO_SO] Epoch 44/100 - Loss: 0.1450, Val Acc: 28.88% (Time: 30.0s)
[FO_SO] Epoch 45/100 - Loss: 0.1210, Val Acc: 29.17% (Time: 27.3s)
[FO_SO] Epoch 46/100 - Loss: 0.1142, Val Acc: 29.82% (Time: 30.3s)
[FO_SO] Epoch 47/100 - Loss: 0.1136, Val Acc: 28.73% (Time: 27.2s)
[FO_SO] Epoch 48/100 - Loss: 0.1052, Val Acc: 29.24% (Time: 30.3s)
[FO_SO] Epoch 49/100 - Loss: 0.0893, Val Acc: 29.42% (Time: 27.1s)
[FO_SO] Epoch 50/100 - Loss: 0.0921, Val Acc: 28.86% (Time: 30.0s)
[FO_SO] Epoch 51/100 - Loss: 0.0805, Val Acc: 28.52% (Time: 26.9s)
[FO_SO] Epoch 52/100 - Loss: 0.0877, Val Acc: 29.08% (Time: 29.5s)
[FO_SO] Epoch 53/100 - Loss: 0.0678, Val Acc: 29.66% (Time: 26.8s)
[FO_SO] Epoch 54/100 - Loss: 0.0663, Val Acc: 29.34% (Time: 30.4s)
[FO_SO] Epoch 55/100 - Loss: 0.0624, Val Acc: 29.21% (Time: 27.5s)
[FO_SO] Epoch 56/100 - Loss: 0.0548, Val Acc: 29.34% (Time: 30.5s)
[FO_SO] Epoch 57/100 - Loss: 0.0531, Val Acc: 29.09% (Time: 27.4s)
[FO_SO] Epoch 58/100 - Loss: 0.0528, Val Acc: 28.94% (Time: 30.0s)
[FO_SO] Epoch 59/100 - Loss: 0.0423, Val Acc: 29.11% (Time: 27.5s)
[FO_SO] Epoch 60/100 - Loss: 0.0405, Val Acc: 29.34% (Time: 30.5s)
[FO_SO] Epoch 61/100 - Loss: 0.0319, Val Acc: 29.15% (Time: 27.1s)
[FO_SO] Epoch 62/100 - Loss: 0.0336, Val Acc: 29.38% (Time: 29.5s)
[FO_SO] Epoch 63/100 - Loss: 0.0291, Val Acc: 29.68% (Time: 27.3s)
[FO_SO] Epoch 64/100 - Loss: 0.0281, Val Acc: 29.77% (Time: 29.3s)
[FO_SO] Epoch 65/100 - Loss: 0.0273, Val Acc: 29.73% (Time: 26.8s)
[FO_SO] Epoch 66/100 - Loss: 0.0266, Val Acc: 29.63% (Time: 29.5s)
[FO_SO] Epoch 67/100 - Loss: 0.0185, Val Acc: 29.50% (Time: 26.9s)
[FO_SO] Epoch 68/100 - Loss: 0.0180, Val Acc: 30.20% (Time: 29.8s)
[FO_SO] Epoch 69/100 - Loss: 0.0190, Val Acc: 30.06% (Time: 26.7s)
[FO_SO] Epoch 70/100 - Loss: 0.0174, Val Acc: 29.90% (Time: 29.7s)
[FO_SO] Epoch 71/100 - Loss: 0.0125, Val Acc: 30.04% (Time: 27.0s)
[FO_SO] Epoch 72/100 - Loss: 0.0129, Val Acc: 29.35% (Time: 30.0s)
[FO_SO] Epoch 73/100 - Loss: 0.0100, Val Acc: 29.70% (Time: 26.8s)
[FO_SO] Epoch 74/100 - Loss: 0.0097, Val Acc: 29.78% (Time: 29.6s)
[FO_SO] Epoch 75/100 - Loss: 0.0093, Val Acc: 29.80% (Time: 26.7s)
[FO_SO] Epoch 76/100 - Loss: 0.0093, Val Acc: 29.62% (Time: 30.0s)
[FO_SO] Epoch 77/100 - Loss: 0.0097, Val Acc: 29.91% (Time: 27.5s)
[FO_SO] Epoch 78/100 - Loss: 0.0060, Val Acc: 30.26% (Time: 30.5s)
[FO_SO] Epoch 79/100 - Loss: 0.0057, Val Acc: 30.17% (Time: 27.2s)
[FO_SO] Epoch 80/100 - Loss: 0.0055, Val Acc: 29.95% (Time: 30.4s)
[FO_SO] Epoch 81/100 - Loss: 0.0050, Val Acc: 30.30% (Time: 27.5s)
[FO_SO] Epoch 82/100 - Loss: 0.0043, Val Acc: 30.24% (Time: 29.6s)
[FO_SO] Epoch 83/100 - Loss: 0.0046, Val Acc: 30.38% (Time: 26.9s)
[FO_SO] Epoch 84/100 - Loss: 0.0042, Val Acc: 30.35% (Time: 29.8s)
[FO_SO] Epoch 85/100 - Loss: 0.0045, Val Acc: 30.26% (Time: 27.3s)
[FO_SO] Epoch 86/100 - Loss: 0.0056, Val Acc: 30.35% (Time: 29.8s)
[FO_SO] Epoch 87/100 - Loss: 0.0045, Val Acc: 30.63% (Time: 27.1s)
[FO_SO] Epoch 88/100 - Loss: 0.0028, Val Acc: 30.50% (Time: 29.6s)
[FO_SO] Epoch 89/100 - Loss: 0.0036, Val Acc: 30.47% (Time: 26.9s)
[FO_SO] Epoch 90/100 - Loss: 0.0029, Val Acc: 30.62% (Time: 29.3s)
[FO_SO] Epoch 91/100 - Loss: 0.0038, Val Acc: 30.62% (Time: 26.9s)
[FO_SO] Epoch 92/100 - Loss: 0.0045, Val Acc: 30.42% (Time: 29.7s)
[FO_SO] Epoch 93/100 - Loss: 0.0035, Val Acc: 30.47% (Time: 27.0s)
[FO_SO] Epoch 94/100 - Loss: 0.0029, Val Acc: 30.34% (Time: 29.9s)
[FO_SO] Epoch 95/100 - Loss: 0.0028, Val Acc: 30.43% (Time: 26.6s)
[FO_SO] Epoch 96/100 - Loss: 0.0039, Val Acc: 30.46% (Time: 29.8s)
[FO_SO] Epoch 97/100 - Loss: 0.0027, Val Acc: 30.55% (Time: 26.7s)
[FO_SO] Epoch 98/100 - Loss: 0.0027, Val Acc: 30.63% (Time: 29.7s)
[FO_SO] Epoch 99/100 - Loss: 0.0030, Val Acc: 30.42% (Time: 26.4s)
[FO_SO] Epoch 100/100 - Loss: 0.0032, Val Acc: 30.39% (Time: 29.4s)
wandb: updating run metadata
wandb: uploading output.log; uploading wandb-summary.json; uploading config.yaml
wandb: uploading output.log; uploading config.yaml
wandb: uploading history steps 99-99, summary, console lines 100-100
wandb: 
wandb: Run history:
wandb:        epoch ▁▁▁▁▂▂▂▂▃▃▃▃▃▃▄▄▄▄▄▄▄▄▄▄▅▅▅▅▅▆▆▆▆▇▇▇▇███
wandb: time/epoch_s ▃▂█▁▇▆▁▆▆▁██▂█▁▇▂▂▇▂█▂▇▆▆▆▁▇▆▁▇█▆▂▇▁▆▆▂▁
wandb:    train/acc ▁▄▄▄▅▅▅▆▆▆▆▆▇▇▇▇▇▇██████████████████████
wandb:   train/loss █▇▇▅▅▄▄▃▃▃▂▂▂▂▂▂▂▁▁▁▁▁▁▁▁▁▁▁▁▁▁▁▁▁▁▁▁▁▁▁
wandb:      val/acc ▁▃▄▄▅▇▇▇▇▇▇▇▇▇▇▇▇▇██▇█▇█████████████████
wandb: val/head_acc ▁▄▅▆▆▇▇▇▇▇▇▇▇▇▇▇▇▇▇▇▇█▇▇▇▇██████████████
wandb:     val/loss ▄▃▂▁▁▁▁▂▂▃▄▄▅▅▅▆▆▆▆▆▇▇▇▇▇███████████████
wandb:  val/med_acc ▁▂▃▅▆▇▇▇▇█▇█▇█▇▇██▇▇██▇▇████▇███████████
wandb: val/tail_acc ▁▁▁▂▂▅▄▄▅▆▆█▇▇▇▇▇▇▇▆▇▇▇▇▇▇▇▇▇▇▇▇▇▇▇▇▇▇▇▇
wandb: 
wandb: Run summary:
wandb:        epoch 100
wandb: time/epoch_s 29.44991
wandb:    train/acc 99.9539
wandb:   train/loss 0.00321
wandb:      val/acc 30.39
wandb: val/head_acc 55.11429
wandb:     val/loss 6.38497
wandb:  val/med_acc 25.8
wandb: val/tail_acc 6.9
wandb: 
wandb: 🚀 View run Ablation_FO_SO_100ep at: https://wandb.ai/dcll-iiitd/Trinity-Ablation/runs/6yhvxy65
wandb: ⭐️ View project at: https://wandb.ai/dcll-iiitd/Trinity-Ablation
wandb: Synced 5 W&B file(s), 0 media file(s), 0 artifact file(s) and 0 other file(s)
wandb: Find logs at: ./wandb/run-20260904_191445-6yhvxy65/logs
