[*] Generated Long-Tailed CIFAR-10 (Imbalance: 0.01). Total train samples: 12406
wandb: [wandb.login()] Loaded credentials for https://api.wandb.ai from /home/gauranshi/.netrc.
wandb: Currently logged in as: anant-jain (dcll-iiitd) to https://api.wandb.ai. Use `wandb login --relogin` to force relogin
wandb: setting up run j6e7ew9c
wandb: Tracking run with wandb version 0.28.2
wandb: Run data is saved locally in /home/gauranshi/Trinity-opt-DSAA2026/wandb/run-20260904_140040-j6e7ew9c
wandb: Run `wandb offline` to turn off syncing.
wandb: Syncing run Ablation_FO_SO_100ep
wandb: ⭐️ View project at https://wandb.ai/dcll-iiitd/Trinity-Ablation
wandb: 🚀 View run at https://wandb.ai/dcll-iiitd/Trinity-Ablation/runs/j6e7ew9c
sys:1: UserWarning: Full backward hook is firing when gradients are computed with respect to module outputs since no inputs require gradients. See https://docs.pytorch.org/docs/main/generated/torch.nn.Module.html#torch.nn.Module.register_full_backward_hook for more details.
[FO_SO] Epoch 1/100 - Loss: 1.1986, Val Acc: 26.29% (Time: 31.2s)
[FO_SO] Epoch 2/100 - Loss: 0.9235, Val Acc: 31.58% (Time: 33.1s)
[FO_SO] Epoch 3/100 - Loss: 0.8206, Val Acc: 39.49% (Time: 33.5s)
[FO_SO] Epoch 4/100 - Loss: 0.7537, Val Acc: 39.55% (Time: 30.2s)
[FO_SO] Epoch 5/100 - Loss: 0.7096, Val Acc: 41.01% (Time: 33.7s)
[FO_SO] Epoch 6/100 - Loss: 0.6675, Val Acc: 42.51% (Time: 34.2s)
[FO_SO] Epoch 7/100 - Loss: 0.6244, Val Acc: 45.19% (Time: 30.4s)
[FO_SO] Epoch 8/100 - Loss: 0.5956, Val Acc: 47.21% (Time: 33.2s)
[FO_SO] Epoch 9/100 - Loss: 0.5638, Val Acc: 45.71% (Time: 33.4s)
[FO_SO] Epoch 10/100 - Loss: 0.5391, Val Acc: 49.90% (Time: 33.5s)
[FO_SO] Epoch 11/100 - Loss: 0.5104, Val Acc: 49.34% (Time: 30.8s)
[FO_SO] Epoch 12/100 - Loss: 0.4845, Val Acc: 51.39% (Time: 33.5s)
[FO_SO] Epoch 13/100 - Loss: 0.4607, Val Acc: 50.93% (Time: 33.9s)
[FO_SO] Epoch 14/100 - Loss: 0.4443, Val Acc: 52.08% (Time: 32.4s)
[FO_SO] Epoch 15/100 - Loss: 0.4356, Val Acc: 52.67% (Time: 35.3s)
[FO_SO] Epoch 16/100 - Loss: 0.4149, Val Acc: 53.86% (Time: 35.4s)
[FO_SO] Epoch 17/100 - Loss: 0.3867, Val Acc: 55.12% (Time: 32.1s)
[FO_SO] Epoch 18/100 - Loss: 0.3766, Val Acc: 57.70% (Time: 33.5s)
[FO_SO] Epoch 19/100 - Loss: 0.3598, Val Acc: 54.96% (Time: 34.6s)
[FO_SO] Epoch 20/100 - Loss: 0.3458, Val Acc: 56.59% (Time: 35.9s)
[FO_SO] Epoch 21/100 - Loss: 0.3311, Val Acc: 55.38% (Time: 31.5s)
[FO_SO] Epoch 22/100 - Loss: 0.3296, Val Acc: 56.98% (Time: 36.0s)
[FO_SO] Epoch 23/100 - Loss: 0.3038, Val Acc: 55.20% (Time: 35.6s)
[FO_SO] Epoch 24/100 - Loss: 0.2968, Val Acc: 57.78% (Time: 32.1s)
[FO_SO] Epoch 25/100 - Loss: 0.2807, Val Acc: 55.34% (Time: 35.5s)
[FO_SO] Epoch 26/100 - Loss: 0.2687, Val Acc: 57.31% (Time: 36.9s)
[FO_SO] Epoch 27/100 - Loss: 0.2546, Val Acc: 56.72% (Time: 31.8s)
[FO_SO] Epoch 28/100 - Loss: 0.2474, Val Acc: 57.52% (Time: 33.5s)
[FO_SO] Epoch 29/100 - Loss: 0.2358, Val Acc: 60.09% (Time: 35.5s)
[FO_SO] Epoch 30/100 - Loss: 0.2285, Val Acc: 60.13% (Time: 34.4s)
[FO_SO] Epoch 31/100 - Loss: 0.2104, Val Acc: 59.43% (Time: 31.6s)
[FO_SO] Epoch 32/100 - Loss: 0.2040, Val Acc: 58.69% (Time: 34.9s)
[FO_SO] Epoch 33/100 - Loss: 0.1987, Val Acc: 60.62% (Time: 33.6s)
[FO_SO] Epoch 34/100 - Loss: 0.1876, Val Acc: 57.60% (Time: 32.0s)
[FO_SO] Epoch 35/100 - Loss: 0.1763, Val Acc: 60.50% (Time: 35.7s)
[FO_SO] Epoch 36/100 - Loss: 0.1801, Val Acc: 58.92% (Time: 34.2s)
[FO_SO] Epoch 37/100 - Loss: 0.1617, Val Acc: 58.19% (Time: 32.5s)
[FO_SO] Epoch 38/100 - Loss: 0.1644, Val Acc: 60.16% (Time: 35.1s)
[FO_SO] Epoch 39/100 - Loss: 0.1422, Val Acc: 60.39% (Time: 34.9s)
[FO_SO] Epoch 40/100 - Loss: 0.1419, Val Acc: 59.33% (Time: 35.2s)
[FO_SO] Epoch 41/100 - Loss: 0.1307, Val Acc: 60.96% (Time: 31.6s)
[FO_SO] Epoch 42/100 - Loss: 0.1216, Val Acc: 61.40% (Time: 34.9s)
[FO_SO] Epoch 43/100 - Loss: 0.1262, Val Acc: 61.60% (Time: 35.5s)
[FO_SO] Epoch 44/100 - Loss: 0.1089, Val Acc: 59.39% (Time: 31.7s)
[FO_SO] Epoch 45/100 - Loss: 0.1057, Val Acc: 60.39% (Time: 35.4s)
[FO_SO] Epoch 46/100 - Loss: 0.1028, Val Acc: 60.49% (Time: 35.6s)
[FO_SO] Epoch 47/100 - Loss: 0.1046, Val Acc: 61.13% (Time: 32.9s)
[FO_SO] Epoch 48/100 - Loss: 0.1014, Val Acc: 58.26% (Time: 33.7s)
[FO_SO] Epoch 49/100 - Loss: 0.0898, Val Acc: 60.77% (Time: 33.6s)
[FO_SO] Epoch 50/100 - Loss: 0.0964, Val Acc: 60.68% (Time: 33.3s)
[FO_SO] Epoch 51/100 - Loss: 0.0795, Val Acc: 58.66% (Time: 30.1s)
[FO_SO] Epoch 52/100 - Loss: 0.0779, Val Acc: 61.02% (Time: 33.4s)
[FO_SO] Epoch 53/100 - Loss: 0.0689, Val Acc: 60.64% (Time: 33.7s)
[FO_SO] Epoch 54/100 - Loss: 0.0667, Val Acc: 61.12% (Time: 31.7s)
[FO_SO] Epoch 55/100 - Loss: 0.0656, Val Acc: 61.50% (Time: 35.5s)
[FO_SO] Epoch 56/100 - Loss: 0.0576, Val Acc: 60.86% (Time: 34.4s)
[FO_SO] Epoch 57/100 - Loss: 0.0609, Val Acc: 61.74% (Time: 32.4s)
[FO_SO] Epoch 58/100 - Loss: 0.0575, Val Acc: 61.54% (Time: 34.8s)
[FO_SO] Epoch 59/100 - Loss: 0.0485, Val Acc: 61.67% (Time: 35.6s)
[FO_SO] Epoch 60/100 - Loss: 0.0507, Val Acc: 61.95% (Time: 34.4s)
[FO_SO] Epoch 61/100 - Loss: 0.0450, Val Acc: 60.59% (Time: 31.8s)
[FO_SO] Epoch 62/100 - Loss: 0.0471, Val Acc: 59.40% (Time: 34.3s)
[FO_SO] Epoch 63/100 - Loss: 0.0389, Val Acc: 59.98% (Time: 34.6s)
[FO_SO] Epoch 64/100 - Loss: 0.0372, Val Acc: 60.74% (Time: 31.6s)
[FO_SO] Epoch 65/100 - Loss: 0.0365, Val Acc: 61.13% (Time: 34.6s)
[FO_SO] Epoch 66/100 - Loss: 0.0366, Val Acc: 59.61% (Time: 34.3s)
[FO_SO] Epoch 67/100 - Loss: 0.0333, Val Acc: 61.50% (Time: 31.3s)
[FO_SO] Epoch 68/100 - Loss: 0.0269, Val Acc: 60.87% (Time: 35.2s)
[FO_SO] Epoch 69/100 - Loss: 0.0298, Val Acc: 60.50% (Time: 35.0s)
[FO_SO] Epoch 70/100 - Loss: 0.0271, Val Acc: 60.33% (Time: 33.5s)
[FO_SO] Epoch 71/100 - Loss: 0.0243, Val Acc: 60.23% (Time: 32.0s)
[FO_SO] Epoch 72/100 - Loss: 0.0261, Val Acc: 60.58% (Time: 34.0s)
[FO_SO] Epoch 73/100 - Loss: 0.0219, Val Acc: 60.56% (Time: 34.6s)
[FO_SO] Epoch 74/100 - Loss: 0.0215, Val Acc: 61.25% (Time: 30.7s)
[FO_SO] Epoch 75/100 - Loss: 0.0173, Val Acc: 60.80% (Time: 34.6s)
[FO_SO] Epoch 76/100 - Loss: 0.0146, Val Acc: 60.31% (Time: 33.2s)
[FO_SO] Epoch 77/100 - Loss: 0.0191, Val Acc: 60.53% (Time: 31.3s)
[FO_SO] Epoch 78/100 - Loss: 0.0155, Val Acc: 61.64% (Time: 34.3s)
[FO_SO] Epoch 79/100 - Loss: 0.0133, Val Acc: 61.51% (Time: 33.5s)
[FO_SO] Epoch 80/100 - Loss: 0.0161, Val Acc: 60.87% (Time: 35.1s)
[FO_SO] Epoch 81/100 - Loss: 0.0114, Val Acc: 61.04% (Time: 31.7s)
[FO_SO] Epoch 82/100 - Loss: 0.0143, Val Acc: 61.28% (Time: 34.7s)
[FO_SO] Epoch 83/100 - Loss: 0.0133, Val Acc: 61.67% (Time: 34.8s)
[FO_SO] Epoch 84/100 - Loss: 0.0120, Val Acc: 61.16% (Time: 30.8s)
[FO_SO] Epoch 85/100 - Loss: 0.0092, Val Acc: 60.86% (Time: 35.3s)
[FO_SO] Epoch 86/100 - Loss: 0.0104, Val Acc: 61.27% (Time: 34.9s)
[FO_SO] Epoch 87/100 - Loss: 0.0099, Val Acc: 61.95% (Time: 31.8s)
[FO_SO] Epoch 88/100 - Loss: 0.0091, Val Acc: 61.44% (Time: 34.9s)
[FO_SO] Epoch 89/100 - Loss: 0.0096, Val Acc: 61.33% (Time: 34.5s)
[FO_SO] Epoch 90/100 - Loss: 0.0092, Val Acc: 61.12% (Time: 33.6s)
[FO_SO] Epoch 91/100 - Loss: 0.0076, Val Acc: 61.85% (Time: 30.6s)
[FO_SO] Epoch 92/100 - Loss: 0.0084, Val Acc: 61.37% (Time: 34.2s)
[FO_SO] Epoch 93/100 - Loss: 0.0078, Val Acc: 62.03% (Time: 33.9s)
[FO_SO] Epoch 94/100 - Loss: 0.0088, Val Acc: 61.73% (Time: 31.5s)
[FO_SO] Epoch 95/100 - Loss: 0.0081, Val Acc: 62.10% (Time: 35.0s)
[FO_SO] Epoch 96/100 - Loss: 0.0071, Val Acc: 61.61% (Time: 34.7s)
[FO_SO] Epoch 97/100 - Loss: 0.0087, Val Acc: 62.00% (Time: 32.0s)
[FO_SO] Epoch 98/100 - Loss: 0.0088, Val Acc: 61.55% (Time: 34.5s)
[FO_SO] Epoch 99/100 - Loss: 0.0099, Val Acc: 61.38% (Time: 33.4s)
[FO_SO] Epoch 100/100 - Loss: 0.0067, Val Acc: 61.83% (Time: 33.9s)
wandb: updating run metadata
wandb: uploading output.log; uploading wandb-summary.json; uploading config.yaml
wandb: uploading output.log; uploading config.yaml
wandb: 
wandb: Run history:
wandb:        epoch ▁▁▁▂▂▂▂▂▂▃▃▃▃▄▄▄▄▄▄▄▅▅▅▅▅▅▅▆▆▆▆▆▆▇▇▇▇███
wandb: time/epoch_s ▂▅▆▆▁▄▄▇█▄▃▆▇▃█▇█▃█▁▆▃█▆▇▇▃▇▂▇▆▅▃▇▂▇▇▂▇▇
wandb:    train/acc ▁▄▅▅▆▆▆▆▆▇▇▇▇▇▇▇▇▇▇█████████████████████
wandb:   train/loss █▅▅▄▄▃▃▃▃▃▃▂▂▂▂▂▂▂▂▂▂▁▁▁▁▁▁▁▁▁▁▁▁▁▁▁▁▁▁▁
wandb:      val/acc ▁▂▄▅▆▆▆▆▆▇▇▇▇▇▇▇███▇▇█████▇█████████████
wandb: val/head_acc ▁▂▄▄▅▆▆▇▇▇▇▇▇█▇█████████████████████████
wandb:     val/loss ▅▄▄▃▃▁▁▁▁▃▂▂▁▂▃▃▃▄▄▅▅▄▄▅▄▅▇▇▇▇██████████
wandb:  val/med_acc ▁▁▂▂▃▃▃▄▄▂▅▇▆██▆▇▅█▇▇▆▆▇▇▆▆▆▇▇▇▇▆▇▇▆▇▇▇▇
wandb: val/tail_acc ▁▁▁▁▁▁▁▁▁▁▁▁▁▁▁▁▁▁▁▁▁▁▁▁▁▁▁▁▁▁▁▁▁▁▁▁▁▁▁▁
wandb: 
wandb: Run summary:
wandb:        epoch 100
wandb: time/epoch_s 33.87727
wandb:    train/acc 99.79042
wandb:   train/loss 0.00668
wandb:      val/acc 61.83
wandb: val/head_acc 71.2875
wandb:     val/loss 2.78043
wandb:  val/med_acc 24
wandb: val/tail_acc 0
wandb: 
wandb: 🚀 View run Ablation_FO_SO_100ep at: https://wandb.ai/dcll-iiitd/Trinity-Ablation/runs/j6e7ew9c
wandb: ⭐️ View project at: https://wandb.ai/dcll-iiitd/Trinity-Ablation
wandb: Synced 5 W&B file(s), 0 media file(s), 0 artifact file(s) and 0 other file(s)
wandb: Find logs at: ./wandb/run-20260904_140040-j6e7ew9c/logs
