[*] Generated Long-Tailed CIFAR-10 (Imbalance: 0.01). Total train samples: 12406
wandb: [wandb.login()] Loaded credentials for https://api.wandb.ai from /home/gauranshi/.netrc.
wandb: Currently logged in as: anant-jain (dcll-iiitd) to https://api.wandb.ai. Use `wandb login --relogin` to force relogin
wandb: setting up run 8bh2lyqr
wandb: Tracking run with wandb version 0.28.2
wandb: Run data is saved locally in /home/gauranshi/Trinity-opt-DSAA2026/wandb/run-20260904_140117-8bh2lyqr
wandb: Run `wandb offline` to turn off syncing.
wandb: Syncing run Ablation_Full_100ep
wandb: ⭐️ View project at https://wandb.ai/dcll-iiitd/Trinity-Ablation
wandb: 🚀 View run at https://wandb.ai/dcll-iiitd/Trinity-Ablation/runs/8bh2lyqr
sys:1: UserWarning: Full backward hook is firing when gradients are computed with respect to module outputs since no inputs require gradients. See https://docs.pytorch.org/docs/main/generated/torch.nn.Module.html#torch.nn.Module.register_full_backward_hook for more details.
[Full] Epoch 1/100 - Loss: 1.1844, Val Acc: 27.16% (Time: 33.9s)
[Full] Epoch 2/100 - Loss: 0.9226, Val Acc: 32.89% (Time: 35.9s)
[Full] Epoch 3/100 - Loss: 0.8270, Val Acc: 37.61% (Time: 35.7s)
[Full] Epoch 4/100 - Loss: 0.7574, Val Acc: 41.97% (Time: 33.2s)
[Full] Epoch 5/100 - Loss: 0.7076, Val Acc: 41.83% (Time: 36.6s)
[Full] Epoch 6/100 - Loss: 0.6504, Val Acc: 45.19% (Time: 35.9s)
[Full] Epoch 7/100 - Loss: 0.6193, Val Acc: 44.28% (Time: 33.5s)
[Full] Epoch 8/100 - Loss: 0.5881, Val Acc: 50.30% (Time: 36.4s)
[Full] Epoch 9/100 - Loss: 0.5598, Val Acc: 47.97% (Time: 36.9s)
[Full] Epoch 10/100 - Loss: 0.5324, Val Acc: 47.58% (Time: 36.6s)
[Full] Epoch 11/100 - Loss: 0.5026, Val Acc: 50.81% (Time: 33.6s)
[Full] Epoch 12/100 - Loss: 0.4783, Val Acc: 48.56% (Time: 35.4s)
[Full] Epoch 13/100 - Loss: 0.4617, Val Acc: 53.05% (Time: 36.8s)
[Full] Epoch 14/100 - Loss: 0.4399, Val Acc: 51.06% (Time: 33.9s)
[Full] Epoch 15/100 - Loss: 0.4230, Val Acc: 50.64% (Time: 37.3s)
[Full] Epoch 16/100 - Loss: 0.4047, Val Acc: 56.47% (Time: 37.4s)
[Full] Epoch 17/100 - Loss: 0.3914, Val Acc: 56.59% (Time: 34.5s)
[Full] Epoch 18/100 - Loss: 0.3644, Val Acc: 55.62% (Time: 37.1s)
[Full] Epoch 19/100 - Loss: 0.3550, Val Acc: 57.52% (Time: 37.2s)
[Full] Epoch 20/100 - Loss: 0.3472, Val Acc: 57.68% (Time: 35.9s)
[Full] Epoch 21/100 - Loss: 0.3393, Val Acc: 58.40% (Time: 33.8s)
[Full] Epoch 22/100 - Loss: 0.3215, Val Acc: 54.95% (Time: 36.1s)
[Full] Epoch 23/100 - Loss: 0.3099, Val Acc: 55.74% (Time: 34.8s)
[Full] Epoch 24/100 - Loss: 0.2937, Val Acc: 55.75% (Time: 33.2s)
[Full] Epoch 25/100 - Loss: 0.2900, Val Acc: 56.98% (Time: 35.8s)
[Full] Epoch 26/100 - Loss: 0.2727, Val Acc: 58.15% (Time: 35.0s)
[Full] Epoch 27/100 - Loss: 0.2679, Val Acc: 58.26% (Time: 31.7s)
[Full] Epoch 28/100 - Loss: 0.2483, Val Acc: 55.70% (Time: 35.0s)
[Full] Epoch 29/100 - Loss: 0.2372, Val Acc: 58.82% (Time: 35.6s)
[Full] Epoch 30/100 - Loss: 0.2352, Val Acc: 57.26% (Time: 35.6s)
[Full] Epoch 31/100 - Loss: 0.2227, Val Acc: 58.73% (Time: 33.6s)
[Full] Epoch 32/100 - Loss: 0.2184, Val Acc: 57.64% (Time: 35.1s)
[Full] Epoch 33/100 - Loss: 0.2034, Val Acc: 60.29% (Time: 35.2s)
[Full] Epoch 34/100 - Loss: 0.1983, Val Acc: 58.37% (Time: 31.4s)
[Full] Epoch 35/100 - Loss: 0.1809, Val Acc: 58.85% (Time: 35.0s)
[Full] Epoch 36/100 - Loss: 0.1688, Val Acc: 57.56% (Time: 35.0s)
[Full] Epoch 37/100 - Loss: 0.1686, Val Acc: 58.80% (Time: 31.9s)
[Full] Epoch 38/100 - Loss: 0.1543, Val Acc: 56.52% (Time: 34.8s)
[Full] Epoch 39/100 - Loss: 0.1512, Val Acc: 57.25% (Time: 36.3s)
[Full] Epoch 40/100 - Loss: 0.1461, Val Acc: 60.13% (Time: 34.8s)
[Full] Epoch 41/100 - Loss: 0.1431, Val Acc: 58.36% (Time: 32.6s)
[Full] Epoch 42/100 - Loss: 0.1276, Val Acc: 59.47% (Time: 35.8s)
[Full] Epoch 43/100 - Loss: 0.1245, Val Acc: 58.79% (Time: 35.3s)
[Full] Epoch 44/100 - Loss: 0.1265, Val Acc: 58.10% (Time: 32.8s)
[Full] Epoch 45/100 - Loss: 0.1145, Val Acc: 57.47% (Time: 36.6s)
[Full] Epoch 46/100 - Loss: 0.1114, Val Acc: 59.09% (Time: 35.6s)
[Full] Epoch 47/100 - Loss: 0.1096, Val Acc: 57.60% (Time: 33.5s)
[Full] Epoch 48/100 - Loss: 0.0973, Val Acc: 58.22% (Time: 36.6s)
[Full] Epoch 49/100 - Loss: 0.0999, Val Acc: 59.98% (Time: 36.6s)
[Full] Epoch 50/100 - Loss: 0.0942, Val Acc: 59.57% (Time: 36.8s)
[Full] Epoch 51/100 - Loss: 0.0833, Val Acc: 57.10% (Time: 33.0s)
[Full] Epoch 52/100 - Loss: 0.0855, Val Acc: 59.08% (Time: 36.5s)
[Full] Epoch 53/100 - Loss: 0.0782, Val Acc: 60.68% (Time: 33.4s)
[Full] Epoch 54/100 - Loss: 0.0736, Val Acc: 59.82% (Time: 31.8s)
[Full] Epoch 55/100 - Loss: 0.0721, Val Acc: 61.06% (Time: 35.9s)
[Full] Epoch 56/100 - Loss: 0.0691, Val Acc: 59.95% (Time: 34.2s)
[Full] Epoch 57/100 - Loss: 0.0643, Val Acc: 58.98% (Time: 32.5s)
[Full] Epoch 58/100 - Loss: 0.0644, Val Acc: 58.90% (Time: 33.2s)
[Full] Epoch 59/100 - Loss: 0.0526, Val Acc: 59.49% (Time: 39.0s)
[Full] Epoch 60/100 - Loss: 0.0532, Val Acc: 59.75% (Time: 35.7s)
[Full] Epoch 61/100 - Loss: 0.0553, Val Acc: 58.79% (Time: 32.1s)
[Full] Epoch 62/100 - Loss: 0.0505, Val Acc: 59.37% (Time: 33.4s)
[Full] Epoch 63/100 - Loss: 0.0459, Val Acc: 60.02% (Time: 34.2s)
[Full] Epoch 64/100 - Loss: 0.0398, Val Acc: 59.32% (Time: 31.1s)
[Full] Epoch 65/100 - Loss: 0.0379, Val Acc: 58.12% (Time: 33.4s)
[Full] Epoch 66/100 - Loss: 0.0365, Val Acc: 59.18% (Time: 34.6s)
[Full] Epoch 67/100 - Loss: 0.0333, Val Acc: 59.03% (Time: 31.2s)
[Full] Epoch 68/100 - Loss: 0.0339, Val Acc: 58.78% (Time: 34.5s)
[Full] Epoch 69/100 - Loss: 0.0320, Val Acc: 60.11% (Time: 34.4s)
[Full] Epoch 70/100 - Loss: 0.0318, Val Acc: 60.01% (Time: 33.4s)
[Full] Epoch 71/100 - Loss: 0.0256, Val Acc: 60.37% (Time: 31.4s)
[Full] Epoch 72/100 - Loss: 0.0268, Val Acc: 60.92% (Time: 34.6s)
[Full] Epoch 73/100 - Loss: 0.0230, Val Acc: 60.47% (Time: 35.0s)
[Full] Epoch 74/100 - Loss: 0.0211, Val Acc: 59.11% (Time: 32.1s)
[Full] Epoch 75/100 - Loss: 0.0189, Val Acc: 58.85% (Time: 35.0s)
[Full] Epoch 76/100 - Loss: 0.0221, Val Acc: 58.77% (Time: 35.1s)
[Full] Epoch 77/100 - Loss: 0.0191, Val Acc: 58.88% (Time: 31.2s)
[Full] Epoch 78/100 - Loss: 0.0167, Val Acc: 59.01% (Time: 35.0s)
[Full] Epoch 79/100 - Loss: 0.0150, Val Acc: 59.36% (Time: 34.6s)
[Full] Epoch 80/100 - Loss: 0.0160, Val Acc: 58.26% (Time: 34.8s)
[Full] Epoch 81/100 - Loss: 0.0151, Val Acc: 59.67% (Time: 30.9s)
[Full] Epoch 82/100 - Loss: 0.0136, Val Acc: 60.11% (Time: 33.8s)
[Full] Epoch 83/100 - Loss: 0.0142, Val Acc: 59.55% (Time: 34.1s)
[Full] Epoch 84/100 - Loss: 0.0122, Val Acc: 59.68% (Time: 30.5s)
[Full] Epoch 85/100 - Loss: 0.0103, Val Acc: 59.32% (Time: 33.4s)
[Full] Epoch 86/100 - Loss: 0.0077, Val Acc: 59.06% (Time: 33.2s)
[Full] Epoch 87/100 - Loss: 0.0099, Val Acc: 60.27% (Time: 31.7s)
[Full] Epoch 88/100 - Loss: 0.0103, Val Acc: 60.01% (Time: 34.6s)
[Full] Epoch 89/100 - Loss: 0.0093, Val Acc: 59.73% (Time: 34.4s)
[Full] Epoch 90/100 - Loss: 0.0085, Val Acc: 59.43% (Time: 34.4s)
[Full] Epoch 91/100 - Loss: 0.0077, Val Acc: 59.19% (Time: 31.3s)
[Full] Epoch 92/100 - Loss: 0.0070, Val Acc: 59.81% (Time: 33.3s)
[Full] Epoch 93/100 - Loss: 0.0090, Val Acc: 59.75% (Time: 33.2s)
[Full] Epoch 94/100 - Loss: 0.0083, Val Acc: 59.33% (Time: 30.6s)
[Full] Epoch 95/100 - Loss: 0.0072, Val Acc: 59.37% (Time: 34.5s)
[Full] Epoch 96/100 - Loss: 0.0085, Val Acc: 59.29% (Time: 33.7s)
[Full] Epoch 97/100 - Loss: 0.0094, Val Acc: 59.51% (Time: 30.5s)
[Full] Epoch 98/100 - Loss: 0.0080, Val Acc: 59.83% (Time: 33.6s)
[Full] Epoch 99/100 - Loss: 0.0082, Val Acc: 59.52% (Time: 33.1s)
[Full] Epoch 100/100 - Loss: 0.0079, Val Acc: 60.19% (Time: 33.9s)
wandb: updating run metadata
wandb: uploading output.log; uploading wandb-summary.json; uploading config.yaml
wandb: uploading output.log; uploading wandb-summary.json
wandb: uploading history steps 99-99, summary, console lines 100-100
wandb: 
wandb: Run history:
wandb:        epoch ▁▁▁▂▂▂▂▂▃▃▃▃▃▄▄▄▄▄▄▄▅▅▅▆▆▆▆▆▇▇▇▇▇▇▇▇████
wandb: time/epoch_s ▆▄▇▄███▄▇▅▆▆▂▆▆▂▆▆▂▇▆▇▆▇▇▃▅▅▄▂▆▂▆▅▄▅▂▄▁▄
wandb:    train/acc ▁▃▄▄▅▆▆▆▆▆▆▇▇▇▇▇▇▇▇▇▇▇▇█████████████████
wandb:   train/loss █▇▇▇▆▆▅▅▄▄▄▄▄▄▃▃▂▂▂▂▂▂▂▁▁▁▁▁▁▁▁▁▁▁▁▁▁▁▁▁
wandb:      val/acc ▁▁▂▄▃▄▆▇▇▇▇▆▇▇▇▇▇▇▇▇▇██▇▇▇▇▇██▇▇▇▇▇██▇█▇
wandb: val/head_acc ▁▄▇▇▇▇▇██▇██▇█▇██████████▇█████▇████████
wandb:     val/loss ▅▃▂▂▃▂▁▁▁▂▂▂▃▃▄▄▄▄▅▄▄▄▅▅▅▆▆▅▆▆▇▇▇▇▇▇███▇
wandb:  val/med_acc ▁▁▂▃▂▆█▄▆▇▅▇█▆▇██▆▇▆▅▇█▇▅▆▇▇▆▆▆▇▇▇▇▇▆▆▆▇
wandb: val/tail_acc ▁▁▁▁▁▁▁▁▁▁▁▁▁▁▁▁▁▁▁▁▁▁▁▁▁▁▁▁▁▁▁▁▁▁▁▁▁▁▁▁
wandb: 
wandb: Run summary:
wandb:        epoch 100
wandb: time/epoch_s 33.86803
wandb:    train/acc 99.71788
wandb:   train/loss 0.00788
wandb:      val/acc 60.19
wandb: val/head_acc 69.5125
wandb:     val/loss 3.22157
wandb:  val/med_acc 22.9
wandb: val/tail_acc 0
wandb: 
wandb: 🚀 View run Ablation_Full_100ep at: https://wandb.ai/dcll-iiitd/Trinity-Ablation/runs/8bh2lyqr
wandb: ⭐️ View project at: https://wandb.ai/dcll-iiitd/Trinity-Ablation
wandb: Synced 5 W&B file(s), 0 media file(s), 0 artifact file(s) and 0 other file(s)
wandb: Find logs at: ./wandb/run-20260904_140117-8bh2lyqr/logs
