[*] Generated Long-Tailed CIFAR-100 (Imbalance: 0.01). Total train samples: 10847
wandb: [wandb.login()] Loaded credentials for https://api.wandb.ai from /home/gauranshi/.netrc.
wandb: Currently logged in as: anant-jain (dcll-iiitd) to https://api.wandb.ai. Use `wandb login --relogin` to force relogin
wandb: setting up run iskjhyf5
wandb: Tracking run with wandb version 0.28.2
wandb: Run data is saved locally in /home/gauranshi/Trinity-opt-DSAA2026/wandb/run-20260904_191445-iskjhyf5
wandb: Run `wandb offline` to turn off syncing.
wandb: Syncing run Ablation_Full_100ep
wandb: ⭐️ View project at https://wandb.ai/dcll-iiitd/Trinity-Ablation
wandb: 🚀 View run at https://wandb.ai/dcll-iiitd/Trinity-Ablation/runs/iskjhyf5
sys:1: UserWarning: Full backward hook is firing when gradients are computed with respect to module outputs since no inputs require gradients. See https://docs.pytorch.org/docs/main/generated/torch.nn.Module.html#torch.nn.Module.register_full_backward_hook for more details.
[Full] Epoch 1/100 - Loss: 3.5925, Val Acc: 9.07% (Time: 27.4s)
[Full] Epoch 2/100 - Loss: 3.0197, Val Acc: 11.50% (Time: 29.7s)
[Full] Epoch 3/100 - Loss: 2.7065, Val Acc: 16.29% (Time: 27.1s)
[Full] Epoch 4/100 - Loss: 2.4694, Val Acc: 17.62% (Time: 29.9s)
[Full] Epoch 5/100 - Loss: 2.2845, Val Acc: 17.92% (Time: 26.5s)
[Full] Epoch 6/100 - Loss: 2.1389, Val Acc: 21.68% (Time: 29.8s)
[Full] Epoch 7/100 - Loss: 1.9787, Val Acc: 22.12% (Time: 26.8s)
[Full] Epoch 8/100 - Loss: 1.8871, Val Acc: 22.69% (Time: 29.2s)
[Full] Epoch 9/100 - Loss: 1.7892, Val Acc: 23.89% (Time: 26.5s)
[Full] Epoch 10/100 - Loss: 1.6568, Val Acc: 23.36% (Time: 29.4s)
[Full] Epoch 11/100 - Loss: 1.5867, Val Acc: 25.06% (Time: 26.5s)
[Full] Epoch 12/100 - Loss: 1.4641, Val Acc: 25.22% (Time: 29.9s)
[Full] Epoch 13/100 - Loss: 1.3755, Val Acc: 26.90% (Time: 26.9s)
[Full] Epoch 14/100 - Loss: 1.2873, Val Acc: 27.06% (Time: 30.0s)
[Full] Epoch 15/100 - Loss: 1.1982, Val Acc: 26.17% (Time: 27.4s)
[Full] Epoch 16/100 - Loss: 1.1322, Val Acc: 26.41% (Time: 29.8s)
[Full] Epoch 17/100 - Loss: 1.0482, Val Acc: 27.18% (Time: 27.3s)
[Full] Epoch 18/100 - Loss: 0.9820, Val Acc: 27.61% (Time: 29.6s)
[Full] Epoch 19/100 - Loss: 0.9224, Val Acc: 27.56% (Time: 26.8s)
[Full] Epoch 20/100 - Loss: 0.8313, Val Acc: 26.64% (Time: 29.6s)
[Full] Epoch 21/100 - Loss: 0.7902, Val Acc: 26.74% (Time: 26.9s)
[Full] Epoch 22/100 - Loss: 0.7175, Val Acc: 27.48% (Time: 29.5s)
[Full] Epoch 23/100 - Loss: 0.6838, Val Acc: 27.68% (Time: 26.7s)
[Full] Epoch 24/100 - Loss: 0.6540, Val Acc: 27.74% (Time: 29.6s)
[Full] Epoch 25/100 - Loss: 0.5853, Val Acc: 27.88% (Time: 26.8s)
[Full] Epoch 26/100 - Loss: 0.5350, Val Acc: 28.11% (Time: 29.8s)
[Full] Epoch 27/100 - Loss: 0.5187, Val Acc: 27.90% (Time: 27.1s)
[Full] Epoch 28/100 - Loss: 0.4758, Val Acc: 28.58% (Time: 29.8s)
[Full] Epoch 29/100 - Loss: 0.4616, Val Acc: 27.46% (Time: 27.0s)
[Full] Epoch 30/100 - Loss: 0.4213, Val Acc: 28.31% (Time: 29.6s)
[Full] Epoch 31/100 - Loss: 0.3966, Val Acc: 27.87% (Time: 27.2s)
[Full] Epoch 32/100 - Loss: 0.3774, Val Acc: 28.24% (Time: 29.8s)
[Full] Epoch 33/100 - Loss: 0.3396, Val Acc: 27.94% (Time: 26.7s)
[Full] Epoch 34/100 - Loss: 0.3158, Val Acc: 27.80% (Time: 29.9s)
[Full] Epoch 35/100 - Loss: 0.3093, Val Acc: 28.18% (Time: 27.0s)
[Full] Epoch 36/100 - Loss: 0.2882, Val Acc: 27.26% (Time: 29.9s)
[Full] Epoch 37/100 - Loss: 0.2815, Val Acc: 28.83% (Time: 26.8s)
[Full] Epoch 38/100 - Loss: 0.2660, Val Acc: 28.02% (Time: 29.7s)
[Full] Epoch 39/100 - Loss: 0.2405, Val Acc: 28.27% (Time: 26.7s)
[Full] Epoch 40/100 - Loss: 0.2236, Val Acc: 28.29% (Time: 29.4s)
[Full] Epoch 41/100 - Loss: 0.2255, Val Acc: 28.17% (Time: 26.6s)
[Full] Epoch 42/100 - Loss: 0.2012, Val Acc: 28.51% (Time: 29.3s)
[Full] Epoch 43/100 - Loss: 0.1843, Val Acc: 27.99% (Time: 26.6s)
[Full] Epoch 44/100 - Loss: 0.1822, Val Acc: 28.42% (Time: 29.5s)
[Full] Epoch 45/100 - Loss: 0.1776, Val Acc: 28.01% (Time: 26.4s)
[Full] Epoch 46/100 - Loss: 0.1681, Val Acc: 28.21% (Time: 29.7s)
[Full] Epoch 47/100 - Loss: 0.1491, Val Acc: 28.74% (Time: 26.6s)
[Full] Epoch 48/100 - Loss: 0.1489, Val Acc: 27.95% (Time: 29.8s)
[Full] Epoch 49/100 - Loss: 0.1426, Val Acc: 28.03% (Time: 26.8s)
[Full] Epoch 50/100 - Loss: 0.1271, Val Acc: 28.60% (Time: 29.3s)
[Full] Epoch 51/100 - Loss: 0.1304, Val Acc: 28.55% (Time: 26.6s)
[Full] Epoch 52/100 - Loss: 0.1135, Val Acc: 28.32% (Time: 29.6s)
[Full] Epoch 53/100 - Loss: 0.1068, Val Acc: 28.55% (Time: 26.5s)
[Full] Epoch 54/100 - Loss: 0.1054, Val Acc: 27.87% (Time: 29.8s)
[Full] Epoch 55/100 - Loss: 0.0889, Val Acc: 28.05% (Time: 26.3s)
[Full] Epoch 56/100 - Loss: 0.0823, Val Acc: 28.86% (Time: 29.6s)
[Full] Epoch 57/100 - Loss: 0.0832, Val Acc: 28.16% (Time: 26.7s)
[Full] Epoch 58/100 - Loss: 0.0733, Val Acc: 27.75% (Time: 29.6s)
[Full] Epoch 59/100 - Loss: 0.0697, Val Acc: 28.47% (Time: 26.9s)
[Full] Epoch 60/100 - Loss: 0.0641, Val Acc: 28.37% (Time: 29.7s)
[Full] Epoch 61/100 - Loss: 0.0614, Val Acc: 29.13% (Time: 26.6s)
[Full] Epoch 62/100 - Loss: 0.0584, Val Acc: 28.58% (Time: 29.4s)
[Full] Epoch 63/100 - Loss: 0.0554, Val Acc: 28.70% (Time: 26.9s)
[Full] Epoch 64/100 - Loss: 0.0514, Val Acc: 28.93% (Time: 29.6s)
[Full] Epoch 65/100 - Loss: 0.0442, Val Acc: 29.11% (Time: 27.0s)
[Full] Epoch 66/100 - Loss: 0.0416, Val Acc: 29.16% (Time: 29.5s)
[Full] Epoch 67/100 - Loss: 0.0384, Val Acc: 28.81% (Time: 26.6s)
[Full] Epoch 68/100 - Loss: 0.0354, Val Acc: 28.84% (Time: 29.4s)
[Full] Epoch 69/100 - Loss: 0.0337, Val Acc: 29.12% (Time: 26.4s)
[Full] Epoch 70/100 - Loss: 0.0295, Val Acc: 28.76% (Time: 29.3s)
[Full] Epoch 71/100 - Loss: 0.0244, Val Acc: 28.91% (Time: 26.3s)
[Full] Epoch 72/100 - Loss: 0.0241, Val Acc: 28.57% (Time: 29.2s)
[Full] Epoch 73/100 - Loss: 0.0196, Val Acc: 28.99% (Time: 26.9s)
[Full] Epoch 74/100 - Loss: 0.0214, Val Acc: 28.99% (Time: 29.5s)
[Full] Epoch 75/100 - Loss: 0.0206, Val Acc: 29.52% (Time: 26.8s)
[Full] Epoch 76/100 - Loss: 0.0168, Val Acc: 29.60% (Time: 30.0s)
[Full] Epoch 77/100 - Loss: 0.0132, Val Acc: 29.56% (Time: 26.5s)
[Full] Epoch 78/100 - Loss: 0.0132, Val Acc: 29.50% (Time: 29.1s)
[Full] Epoch 79/100 - Loss: 0.0136, Val Acc: 29.13% (Time: 26.7s)
[Full] Epoch 80/100 - Loss: 0.0128, Val Acc: 29.58% (Time: 29.9s)
[Full] Epoch 81/100 - Loss: 0.0111, Val Acc: 29.44% (Time: 26.8s)
[Full] Epoch 82/100 - Loss: 0.0105, Val Acc: 29.52% (Time: 29.5s)
[Full] Epoch 83/100 - Loss: 0.0104, Val Acc: 29.59% (Time: 26.5s)
[Full] Epoch 84/100 - Loss: 0.0078, Val Acc: 29.94% (Time: 29.3s)
[Full] Epoch 85/100 - Loss: 0.0069, Val Acc: 29.78% (Time: 27.1s)
[Full] Epoch 86/100 - Loss: 0.0057, Val Acc: 29.93% (Time: 29.2s)
[Full] Epoch 87/100 - Loss: 0.0052, Val Acc: 29.85% (Time: 26.5s)
[Full] Epoch 88/100 - Loss: 0.0049, Val Acc: 29.79% (Time: 29.5s)
[Full] Epoch 89/100 - Loss: 0.0054, Val Acc: 29.94% (Time: 26.8s)
[Full] Epoch 90/100 - Loss: 0.0051, Val Acc: 29.92% (Time: 29.4s)
[Full] Epoch 91/100 - Loss: 0.0058, Val Acc: 30.01% (Time: 26.5s)
[Full] Epoch 92/100 - Loss: 0.0039, Val Acc: 29.85% (Time: 29.3s)
[Full] Epoch 93/100 - Loss: 0.0040, Val Acc: 29.91% (Time: 26.6s)
[Full] Epoch 94/100 - Loss: 0.0038, Val Acc: 30.04% (Time: 29.5s)
[Full] Epoch 95/100 - Loss: 0.0043, Val Acc: 30.06% (Time: 26.7s)
[Full] Epoch 96/100 - Loss: 0.0036, Val Acc: 30.16% (Time: 29.7s)
[Full] Epoch 97/100 - Loss: 0.0041, Val Acc: 30.13% (Time: 26.5s)
[Full] Epoch 98/100 - Loss: 0.0046, Val Acc: 30.07% (Time: 29.6s)
[Full] Epoch 99/100 - Loss: 0.0041, Val Acc: 30.09% (Time: 26.5s)
[Full] Epoch 100/100 - Loss: 0.0038, Val Acc: 30.09% (Time: 29.4s)
wandb: updating run metadata
wandb: uploading output.log; uploading wandb-summary.json; uploading config.yaml
wandb: uploading output.log; uploading wandb-summary.json
wandb: uploading history steps 99-99, summary, console lines 100-100
wandb: 
wandb: Run history:
wandb:        epoch ▁▁▁▁▂▂▂▂▂▃▃▃▃▃▄▄▄▄▄▄▅▅▅▅▅▅▅▅▅▆▆▆▆▆▇▇▇███
wandb: time/epoch_s ▁▁█▂█▃▇▇▂▂▂█▂▂▂██▇▇▁▁▇▁▇▁▇▇▂▁▇▂█▁▆█▁▇▁▁▁
wandb:    train/acc ▁▁▂▃▄▅▆▆▇▇▇▇▇▇▇█████████████████████████
wandb:   train/loss █▇▆▆▅▅▄▄▃▃▂▂▂▂▂▂▂▂▁▁▁▁▁▁▁▁▁▁▁▁▁▁▁▁▁▁▁▁▁▁
wandb:      val/acc ▁▃▃▅▅▇▇▇▇▇▇▇▇▇▇▇▇▇▇▇█▇▇▇▇█▇█████████████
wandb: val/head_acc ▁▂▄▄▆▆▆▇▇▇▇▇▇▇▇▇▇▇▇▇▇▇██▇▇██▇███████████
wandb:     val/loss ▄▂▂▁▁▁▁▁▂▂▃▃▃▄▄▅▅▅▅▅▆▆▆▆▆▇▇▇▇▇██████████
wandb:  val/med_acc ▁▂▃▅▆▆▇▇▇▇▇▇▇▇██▇▇██▇▇█▇█▇▇█▇███████████
wandb: val/tail_acc ▁▂▂▂▄▃▄▆▅▅▅▆▇█▅▆▆▆▆▅▇▆▆▇▇▆▇▆▆▇▇▆▇▇▇▆▇▇▇▇
wandb: 
wandb: Run summary:
wandb:        epoch 100
wandb: time/epoch_s 29.35615
wandb:    train/acc 99.90781
wandb:   train/loss 0.00375
wandb:      val/acc 30.09
wandb: val/head_acc 54.6
wandb:     val/loss 6.4468
wandb:  val/med_acc 26.08571
wandb: val/tail_acc 6.16667
wandb: 
wandb: 🚀 View run Ablation_Full_100ep at: https://wandb.ai/dcll-iiitd/Trinity-Ablation/runs/iskjhyf5
wandb: ⭐️ View project at: https://wandb.ai/dcll-iiitd/Trinity-Ablation
wandb: Synced 5 W&B file(s), 0 media file(s), 0 artifact file(s) and 0 other file(s)
wandb: Find logs at: ./wandb/run-20260904_191445-iskjhyf5/logs
