[*] Generated Long-Tailed CIFAR-100 (Imbalance: 0.005). Total train samples: 9502
wandb: [wandb.login()] Loaded credentials for https://api.wandb.ai from /home/gauranshi/.netrc.
wandb: Currently logged in as: anant-jain (dcll-iiitd) to https://api.wandb.ai. Use `wandb login --relogin` to force relogin
wandb: setting up run mnxdv8ku
wandb: Tracking run with wandb version 0.28.2
wandb: Run data is saved locally in /home/gauranshi/Trinity-opt-DSAA2026/wandb/run-20260905_073647-mnxdv8ku
wandb: Run `wandb offline` to turn off syncing.
wandb: Syncing run Ablation_ZO_100ep
wandb: ⭐️ View project at https://wandb.ai/dcll-iiitd/Trinity-Ablation
wandb: 🚀 View run at https://wandb.ai/dcll-iiitd/Trinity-Ablation/runs/mnxdv8ku
[ZO] Epoch 1/100 - Loss: 3.5578, Val Acc: 6.14% (Time: 3.8s)
[ZO] Epoch 2/100 - Loss: 3.1596, Val Acc: 8.31% (Time: 3.1s)
[ZO] Epoch 3/100 - Loss: 2.9209, Val Acc: 9.63% (Time: 3.0s)
[ZO] Epoch 4/100 - Loss: 2.7359, Val Acc: 12.56% (Time: 3.1s)
[ZO] Epoch 5/100 - Loss: 2.5675, Val Acc: 12.59% (Time: 3.1s)
[ZO] Epoch 6/100 - Loss: 2.4397, Val Acc: 15.32% (Time: 3.0s)
[ZO] Epoch 7/100 - Loss: 2.2958, Val Acc: 15.87% (Time: 2.7s)
[ZO] Epoch 8/100 - Loss: 2.2069, Val Acc: 15.72% (Time: 3.0s)
[ZO] Epoch 9/100 - Loss: 2.1045, Val Acc: 17.31% (Time: 3.1s)
[ZO] Epoch 10/100 - Loss: 2.0469, Val Acc: 17.65% (Time: 3.0s)
[ZO] Epoch 11/100 - Loss: 1.9522, Val Acc: 18.49% (Time: 3.1s)
[ZO] Epoch 12/100 - Loss: 1.8977, Val Acc: 20.31% (Time: 3.3s)
[ZO] Epoch 13/100 - Loss: 1.8115, Val Acc: 19.81% (Time: 3.3s)
[ZO] Epoch 14/100 - Loss: 1.7472, Val Acc: 20.42% (Time: 3.1s)
[ZO] Epoch 15/100 - Loss: 1.6766, Val Acc: 20.46% (Time: 3.1s)
[ZO] Epoch 16/100 - Loss: 1.6032, Val Acc: 20.01% (Time: 3.0s)
[ZO] Epoch 17/100 - Loss: 1.5695, Val Acc: 21.35% (Time: 3.1s)
[ZO] Epoch 18/100 - Loss: 1.5166, Val Acc: 21.56% (Time: 3.2s)
[ZO] Epoch 19/100 - Loss: 1.4710, Val Acc: 21.66% (Time: 3.1s)
[ZO] Epoch 20/100 - Loss: 1.4302, Val Acc: 22.28% (Time: 3.1s)
[ZO] Epoch 21/100 - Loss: 1.3664, Val Acc: 22.96% (Time: 3.2s)
[ZO] Epoch 22/100 - Loss: 1.3260, Val Acc: 23.53% (Time: 3.3s)
[ZO] Epoch 23/100 - Loss: 1.2581, Val Acc: 22.92% (Time: 3.2s)
[ZO] Epoch 24/100 - Loss: 1.2247, Val Acc: 23.03% (Time: 3.1s)
[ZO] Epoch 25/100 - Loss: 1.1545, Val Acc: 23.81% (Time: 3.2s)
[ZO] Epoch 26/100 - Loss: 1.0945, Val Acc: 22.59% (Time: 3.3s)
[ZO] Epoch 27/100 - Loss: 1.0720, Val Acc: 24.18% (Time: 2.9s)
[ZO] Epoch 28/100 - Loss: 1.0023, Val Acc: 23.72% (Time: 3.0s)
[ZO] Epoch 29/100 - Loss: 0.9803, Val Acc: 24.04% (Time: 3.3s)
[ZO] Epoch 30/100 - Loss: 0.9241, Val Acc: 25.12% (Time: 3.0s)
[ZO] Epoch 31/100 - Loss: 0.8702, Val Acc: 25.17% (Time: 3.0s)
[ZO] Epoch 32/100 - Loss: 0.8137, Val Acc: 24.35% (Time: 3.2s)
[ZO] Epoch 33/100 - Loss: 0.7695, Val Acc: 23.41% (Time: 3.1s)
[ZO] Epoch 34/100 - Loss: 0.7661, Val Acc: 24.61% (Time: 3.1s)
[ZO] Epoch 35/100 - Loss: 0.6983, Val Acc: 25.12% (Time: 3.1s)
[ZO] Epoch 36/100 - Loss: 0.6667, Val Acc: 25.44% (Time: 2.8s)
[ZO] Epoch 37/100 - Loss: 0.6109, Val Acc: 24.45% (Time: 3.2s)
[ZO] Epoch 38/100 - Loss: 0.5874, Val Acc: 25.15% (Time: 3.2s)
[ZO] Epoch 39/100 - Loss: 0.5389, Val Acc: 24.38% (Time: 3.1s)
[ZO] Epoch 40/100 - Loss: 0.5233, Val Acc: 26.05% (Time: 2.9s)
[ZO] Epoch 41/100 - Loss: 0.4761, Val Acc: 24.99% (Time: 3.0s)
[ZO] Epoch 42/100 - Loss: 0.4519, Val Acc: 25.11% (Time: 3.1s)
[ZO] Epoch 43/100 - Loss: 0.4338, Val Acc: 24.24% (Time: 3.1s)
[ZO] Epoch 44/100 - Loss: 0.4059, Val Acc: 24.96% (Time: 2.9s)
[ZO] Epoch 45/100 - Loss: 0.3634, Val Acc: 25.28% (Time: 3.0s)
[ZO] Epoch 46/100 - Loss: 0.3481, Val Acc: 26.02% (Time: 2.9s)
[ZO] Epoch 47/100 - Loss: 0.3357, Val Acc: 25.89% (Time: 3.0s)
[ZO] Epoch 48/100 - Loss: 0.3089, Val Acc: 25.50% (Time: 3.0s)
[ZO] Epoch 49/100 - Loss: 0.2974, Val Acc: 25.72% (Time: 3.2s)
[ZO] Epoch 50/100 - Loss: 0.2681, Val Acc: 25.83% (Time: 3.1s)
[ZO] Epoch 51/100 - Loss: 0.2519, Val Acc: 25.56% (Time: 2.9s)
[ZO] Epoch 52/100 - Loss: 0.2344, Val Acc: 26.19% (Time: 3.0s)
[ZO] Epoch 53/100 - Loss: 0.2329, Val Acc: 25.97% (Time: 3.0s)
[ZO] Epoch 54/100 - Loss: 0.2061, Val Acc: 25.66% (Time: 3.1s)
[ZO] Epoch 55/100 - Loss: 0.1958, Val Acc: 25.63% (Time: 2.9s)
[ZO] Epoch 56/100 - Loss: 0.1935, Val Acc: 26.49% (Time: 2.8s)
[ZO] Epoch 57/100 - Loss: 0.1690, Val Acc: 26.32% (Time: 3.0s)
[ZO] Epoch 58/100 - Loss: 0.1430, Val Acc: 26.67% (Time: 2.8s)
[ZO] Epoch 59/100 - Loss: 0.1412, Val Acc: 26.39% (Time: 2.9s)
[ZO] Epoch 60/100 - Loss: 0.1303, Val Acc: 25.67% (Time: 3.0s)
[ZO] Epoch 61/100 - Loss: 0.1270, Val Acc: 26.41% (Time: 3.1s)
[ZO] Epoch 62/100 - Loss: 0.1106, Val Acc: 26.83% (Time: 3.0s)
[ZO] Epoch 63/100 - Loss: 0.1025, Val Acc: 26.33% (Time: 3.0s)
[ZO] Epoch 64/100 - Loss: 0.1112, Val Acc: 26.18% (Time: 3.0s)
[ZO] Epoch 65/100 - Loss: 0.0909, Val Acc: 26.88% (Time: 3.0s)
[ZO] Epoch 66/100 - Loss: 0.0851, Val Acc: 26.81% (Time: 2.9s)
[ZO] Epoch 67/100 - Loss: 0.0765, Val Acc: 26.55% (Time: 3.0s)
[ZO] Epoch 68/100 - Loss: 0.0703, Val Acc: 27.16% (Time: 3.0s)
[ZO] Epoch 69/100 - Loss: 0.0672, Val Acc: 26.42% (Time: 3.2s)
[ZO] Epoch 70/100 - Loss: 0.0597, Val Acc: 26.44% (Time: 3.2s)
[ZO] Epoch 71/100 - Loss: 0.0452, Val Acc: 26.74% (Time: 2.9s)
[ZO] Epoch 72/100 - Loss: 0.0513, Val Acc: 26.45% (Time: 3.0s)
[ZO] Epoch 73/100 - Loss: 0.0472, Val Acc: 27.41% (Time: 2.6s)
[ZO] Epoch 74/100 - Loss: 0.0392, Val Acc: 27.12% (Time: 2.9s)
[ZO] Epoch 75/100 - Loss: 0.0350, Val Acc: 26.99% (Time: 2.9s)
[ZO] Epoch 76/100 - Loss: 0.0309, Val Acc: 26.76% (Time: 2.9s)
[ZO] Epoch 77/100 - Loss: 0.0288, Val Acc: 27.01% (Time: 2.9s)
[ZO] Epoch 78/100 - Loss: 0.0263, Val Acc: 27.24% (Time: 2.9s)
[ZO] Epoch 79/100 - Loss: 0.0222, Val Acc: 26.92% (Time: 3.1s)
[ZO] Epoch 80/100 - Loss: 0.0188, Val Acc: 26.69% (Time: 2.9s)
[ZO] Epoch 81/100 - Loss: 0.0175, Val Acc: 27.12% (Time: 3.1s)
[ZO] Epoch 82/100 - Loss: 0.0163, Val Acc: 26.89% (Time: 3.0s)
[ZO] Epoch 83/100 - Loss: 0.0142, Val Acc: 26.82% (Time: 2.9s)
[ZO] Epoch 84/100 - Loss: 0.0118, Val Acc: 27.11% (Time: 2.9s)
[ZO] Epoch 85/100 - Loss: 0.0133, Val Acc: 27.05% (Time: 2.9s)
[ZO] Epoch 86/100 - Loss: 0.0121, Val Acc: 27.03% (Time: 2.7s)
[ZO] Epoch 87/100 - Loss: 0.0108, Val Acc: 27.23% (Time: 2.8s)
[ZO] Epoch 88/100 - Loss: 0.0101, Val Acc: 27.13% (Time: 3.1s)
[ZO] Epoch 89/100 - Loss: 0.0092, Val Acc: 27.28% (Time: 3.1s)
[ZO] Epoch 90/100 - Loss: 0.0085, Val Acc: 27.61% (Time: 3.0s)
[ZO] Epoch 91/100 - Loss: 0.0078, Val Acc: 27.43% (Time: 2.8s)
[ZO] Epoch 92/100 - Loss: 0.0087, Val Acc: 27.29% (Time: 3.1s)
[ZO] Epoch 93/100 - Loss: 0.0077, Val Acc: 27.52% (Time: 2.9s)
[ZO] Epoch 94/100 - Loss: 0.0074, Val Acc: 27.59% (Time: 2.9s)
[ZO] Epoch 95/100 - Loss: 0.0076, Val Acc: 27.40% (Time: 2.9s)
[ZO] Epoch 96/100 - Loss: 0.0078, Val Acc: 27.18% (Time: 3.0s)
[ZO] Epoch 97/100 - Loss: 0.0065, Val Acc: 27.48% (Time: 3.0s)
[ZO] Epoch 98/100 - Loss: 0.0077, Val Acc: 27.53% (Time: 3.2s)
[ZO] Epoch 99/100 - Loss: 0.0065, Val Acc: 27.25% (Time: 3.2s)
[ZO] Epoch 100/100 - Loss: 0.0076, Val Acc: 27.11% (Time: 3.0s)
wandb: updating run metadata
wandb: uploading output.log; uploading wandb-summary.json; uploading config.yaml; uploading history steps 95-99, summary, console lines 95-99
wandb: uploading output.log; uploading wandb-summary.json
wandb: uploading data
wandb: 
wandb: Run history:
wandb:        epoch ▁▁▁▁▂▂▂▂▂▂▂▃▃▃▃▄▄▄▄▄▄▄▅▅▅▅▅▅▅▅▆▆▆▆▇▇▇▇▇█
wandb: time/epoch_s █▃▃▃▃▅▅▃▄▄▅▄▅▂▃▃▃▄▄▃▄▂▃▃▂▄▃▂▃▃▂▂▂▂▃▁▄▃▂▄
wandb:    train/acc ▁▃▃▄▄▄▄▅▅▅▅▆▆▆▆▇▇▇▇▇▇███████████████████
wandb:   train/loss █▇▆▆▅▅▅▄▄▄▄▄▄▃▃▃▃▂▂▂▂▂▂▂▁▁▁▁▁▁▁▁▁▁▁▁▁▁▁▁
wandb:      val/acc ▁▂▂▃▅▆▆▆▆▇▇▇▇▇▇▇▇▇▇▇▇▇█▇▇███████████████
wandb: val/head_acc ▁▃▄▄▅▆▇▇▆▆▇▇▇▇█▇▇▇▇▇█████▇██████████████
wandb:     val/loss ▆▄▃▃▂▁▁▂▃▂▃▃▃▄▄▅▆▆▆▆▇▇▇▇▇▇██▇▇▇▇▇▇▇▇▇▇▇█
wandb:  val/med_acc ▁▂▃▃▄▄▄▇▆▇▆▇▆▆▇▇▇▇▇▇▇▇▇██▇▇▇█████▇▇▇██▇█
wandb: val/tail_acc ▁▁▁▁▁▄▄▄▆▇▅▅▅█▅▆▇▆▇▇▇▆█▇▇▇▇█▇█▇███▇█▇███
wandb: 
wandb: Run summary:
wandb:        epoch 100
wandb: time/epoch_s 2.96075
wandb:    train/acc 99.90528
wandb:   train/loss 0.00765
wandb:      val/acc 27.11
wandb: val/head_acc 56.13333
wandb:     val/loss 5.49173
wandb:  val/med_acc 26.12903
wandb: val/tail_acc 5.5641
wandb: 
wandb: 🚀 View run Ablation_ZO_100ep at: https://wandb.ai/dcll-iiitd/Trinity-Ablation/runs/mnxdv8ku
wandb: ⭐️ View project at: https://wandb.ai/dcll-iiitd/Trinity-Ablation
wandb: Synced 5 W&B file(s), 0 media file(s), 0 artifact file(s) and 0 other file(s)
wandb: Find logs at: ./wandb/run-20260905_073647-mnxdv8ku/logs
