[*] Generated Long-Tailed CIFAR-100 (Imbalance: 0.005). Total train samples: 9502
wandb: [wandb.login()] Loaded credentials for https://api.wandb.ai from /home/gauranshi/.netrc.
wandb: Currently logged in as: anant-jain (dcll-iiitd) to https://api.wandb.ai. Use `wandb login --relogin` to force relogin
wandb: setting up run rciyc63m
wandb: Tracking run with wandb version 0.28.2
wandb: Run data is saved locally in /home/gauranshi/Trinity-opt-DSAA2026/wandb/run-20260905_073647-rciyc63m
wandb: Run `wandb offline` to turn off syncing.
wandb: Syncing run Ablation_FO_100ep
wandb: ⭐️ View project at https://wandb.ai/dcll-iiitd/Trinity-Ablation
wandb: 🚀 View run at https://wandb.ai/dcll-iiitd/Trinity-Ablation/runs/rciyc63m
[FO] Epoch 1/100 - Loss: 3.5852, Val Acc: 6.14% (Time: 3.7s)
[FO] Epoch 2/100 - Loss: 3.0942, Val Acc: 9.95% (Time: 2.9s)
[FO] Epoch 3/100 - Loss: 2.8359, Val Acc: 10.71% (Time: 2.7s)
[FO] Epoch 4/100 - Loss: 2.6555, Val Acc: 12.26% (Time: 2.7s)
[FO] Epoch 5/100 - Loss: 2.5258, Val Acc: 14.03% (Time: 2.8s)
[FO] Epoch 6/100 - Loss: 2.3955, Val Acc: 14.87% (Time: 3.6s)
[FO] Epoch 7/100 - Loss: 2.2889, Val Acc: 15.60% (Time: 3.1s)
[FO] Epoch 8/100 - Loss: 2.1615, Val Acc: 17.54% (Time: 3.2s)
[FO] Epoch 9/100 - Loss: 2.0928, Val Acc: 17.50% (Time: 2.9s)
[FO] Epoch 10/100 - Loss: 2.0200, Val Acc: 18.65% (Time: 3.0s)
[FO] Epoch 11/100 - Loss: 1.9400, Val Acc: 17.44% (Time: 2.9s)
[FO] Epoch 12/100 - Loss: 1.8754, Val Acc: 19.28% (Time: 2.8s)
[FO] Epoch 13/100 - Loss: 1.8124, Val Acc: 20.15% (Time: 2.9s)
[FO] Epoch 14/100 - Loss: 1.7431, Val Acc: 20.43% (Time: 3.0s)
[FO] Epoch 15/100 - Loss: 1.6613, Val Acc: 20.28% (Time: 2.9s)
[FO] Epoch 16/100 - Loss: 1.6143, Val Acc: 22.16% (Time: 3.0s)
[FO] Epoch 17/100 - Loss: 1.5537, Val Acc: 19.43% (Time: 2.9s)
[FO] Epoch 18/100 - Loss: 1.4692, Val Acc: 20.65% (Time: 2.8s)
[FO] Epoch 19/100 - Loss: 1.4253, Val Acc: 21.96% (Time: 2.9s)
[FO] Epoch 20/100 - Loss: 1.3745, Val Acc: 22.39% (Time: 2.9s)
[FO] Epoch 21/100 - Loss: 1.3448, Val Acc: 22.00% (Time: 3.0s)
[FO] Epoch 22/100 - Loss: 1.2733, Val Acc: 22.41% (Time: 3.2s)
[FO] Epoch 23/100 - Loss: 1.2085, Val Acc: 23.87% (Time: 3.0s)
[FO] Epoch 24/100 - Loss: 1.1611, Val Acc: 22.12% (Time: 3.0s)
[FO] Epoch 25/100 - Loss: 1.1055, Val Acc: 24.15% (Time: 2.9s)
[FO] Epoch 26/100 - Loss: 1.0728, Val Acc: 23.87% (Time: 3.1s)
[FO] Epoch 27/100 - Loss: 1.0015, Val Acc: 23.16% (Time: 2.8s)
[FO] Epoch 28/100 - Loss: 0.9468, Val Acc: 23.71% (Time: 3.0s)
[FO] Epoch 29/100 - Loss: 0.9047, Val Acc: 22.89% (Time: 3.1s)
[FO] Epoch 30/100 - Loss: 0.8400, Val Acc: 23.21% (Time: 3.1s)
[FO] Epoch 31/100 - Loss: 0.8084, Val Acc: 23.17% (Time: 3.0s)
[FO] Epoch 32/100 - Loss: 0.7370, Val Acc: 24.29% (Time: 3.0s)
[FO] Epoch 33/100 - Loss: 0.7257, Val Acc: 24.22% (Time: 2.8s)
[FO] Epoch 34/100 - Loss: 0.6611, Val Acc: 24.13% (Time: 2.9s)
[FO] Epoch 35/100 - Loss: 0.6447, Val Acc: 23.71% (Time: 2.9s)
[FO] Epoch 36/100 - Loss: 0.5897, Val Acc: 24.52% (Time: 2.8s)
[FO] Epoch 37/100 - Loss: 0.5480, Val Acc: 25.18% (Time: 2.7s)
[FO] Epoch 38/100 - Loss: 0.5046, Val Acc: 25.32% (Time: 2.8s)
[FO] Epoch 39/100 - Loss: 0.4858, Val Acc: 25.72% (Time: 2.9s)
[FO] Epoch 40/100 - Loss: 0.4685, Val Acc: 24.07% (Time: 2.9s)
[FO] Epoch 41/100 - Loss: 0.4216, Val Acc: 25.11% (Time: 3.0s)
[FO] Epoch 42/100 - Loss: 0.4005, Val Acc: 24.74% (Time: 3.3s)
[FO] Epoch 43/100 - Loss: 0.3811, Val Acc: 25.28% (Time: 3.3s)
[FO] Epoch 44/100 - Loss: 0.3568, Val Acc: 24.75% (Time: 2.8s)
[FO] Epoch 45/100 - Loss: 0.3352, Val Acc: 25.06% (Time: 2.6s)
[FO] Epoch 46/100 - Loss: 0.3050, Val Acc: 25.26% (Time: 2.8s)
[FO] Epoch 47/100 - Loss: 0.3014, Val Acc: 25.02% (Time: 3.2s)
[FO] Epoch 48/100 - Loss: 0.2754, Val Acc: 24.86% (Time: 3.1s)
[FO] Epoch 49/100 - Loss: 0.2548, Val Acc: 25.72% (Time: 2.9s)
[FO] Epoch 50/100 - Loss: 0.2321, Val Acc: 25.07% (Time: 2.8s)
[FO] Epoch 51/100 - Loss: 0.2200, Val Acc: 25.93% (Time: 2.7s)
[FO] Epoch 52/100 - Loss: 0.2074, Val Acc: 25.71% (Time: 3.1s)
[FO] Epoch 53/100 - Loss: 0.1829, Val Acc: 25.63% (Time: 2.8s)
[FO] Epoch 54/100 - Loss: 0.1803, Val Acc: 25.42% (Time: 3.3s)
[FO] Epoch 55/100 - Loss: 0.1773, Val Acc: 25.75% (Time: 3.1s)
[FO] Epoch 56/100 - Loss: 0.1609, Val Acc: 25.70% (Time: 3.0s)
[FO] Epoch 57/100 - Loss: 0.1496, Val Acc: 25.87% (Time: 3.1s)
[FO] Epoch 58/100 - Loss: 0.1338, Val Acc: 25.92% (Time: 3.1s)
[FO] Epoch 59/100 - Loss: 0.1245, Val Acc: 26.38% (Time: 2.8s)
[FO] Epoch 60/100 - Loss: 0.1204, Val Acc: 26.23% (Time: 2.9s)
[FO] Epoch 61/100 - Loss: 0.1062, Val Acc: 26.13% (Time: 2.7s)
[FO] Epoch 62/100 - Loss: 0.0979, Val Acc: 26.13% (Time: 3.0s)
[FO] Epoch 63/100 - Loss: 0.0907, Val Acc: 26.33% (Time: 3.1s)
[FO] Epoch 64/100 - Loss: 0.0880, Val Acc: 25.99% (Time: 3.0s)
[FO] Epoch 65/100 - Loss: 0.0777, Val Acc: 26.34% (Time: 3.0s)
[FO] Epoch 66/100 - Loss: 0.0697, Val Acc: 26.61% (Time: 3.0s)
[FO] Epoch 67/100 - Loss: 0.0671, Val Acc: 26.60% (Time: 2.8s)
[FO] Epoch 68/100 - Loss: 0.0643, Val Acc: 26.49% (Time: 2.9s)
[FO] Epoch 69/100 - Loss: 0.0552, Val Acc: 26.44% (Time: 3.1s)
[FO] Epoch 70/100 - Loss: 0.0510, Val Acc: 26.18% (Time: 2.9s)
[FO] Epoch 71/100 - Loss: 0.0454, Val Acc: 26.99% (Time: 3.0s)
[FO] Epoch 72/100 - Loss: 0.0365, Val Acc: 26.51% (Time: 3.0s)
[FO] Epoch 73/100 - Loss: 0.0367, Val Acc: 26.66% (Time: 2.8s)
[FO] Epoch 74/100 - Loss: 0.0394, Val Acc: 26.62% (Time: 3.1s)
[FO] Epoch 75/100 - Loss: 0.0316, Val Acc: 26.24% (Time: 2.8s)
[FO] Epoch 76/100 - Loss: 0.0254, Val Acc: 26.31% (Time: 2.9s)
[FO] Epoch 77/100 - Loss: 0.0242, Val Acc: 26.48% (Time: 2.9s)
[FO] Epoch 78/100 - Loss: 0.0231, Val Acc: 26.36% (Time: 3.1s)
[FO] Epoch 79/100 - Loss: 0.0192, Val Acc: 26.78% (Time: 3.1s)
[FO] Epoch 80/100 - Loss: 0.0189, Val Acc: 26.91% (Time: 3.2s)
[FO] Epoch 81/100 - Loss: 0.0174, Val Acc: 26.73% (Time: 2.9s)
[FO] Epoch 82/100 - Loss: 0.0132, Val Acc: 27.03% (Time: 3.2s)
[FO] Epoch 83/100 - Loss: 0.0131, Val Acc: 26.66% (Time: 2.8s)
[FO] Epoch 84/100 - Loss: 0.0127, Val Acc: 27.10% (Time: 3.0s)
[FO] Epoch 85/100 - Loss: 0.0105, Val Acc: 27.24% (Time: 2.7s)
[FO] Epoch 86/100 - Loss: 0.0089, Val Acc: 27.33% (Time: 3.0s)
[FO] Epoch 87/100 - Loss: 0.0079, Val Acc: 26.95% (Time: 3.5s)
[FO] Epoch 88/100 - Loss: 0.0086, Val Acc: 27.03% (Time: 3.4s)
[FO] Epoch 89/100 - Loss: 0.0069, Val Acc: 27.07% (Time: 2.9s)
[FO] Epoch 90/100 - Loss: 0.0062, Val Acc: 27.28% (Time: 2.8s)
[FO] Epoch 91/100 - Loss: 0.0069, Val Acc: 27.27% (Time: 3.0s)
[FO] Epoch 92/100 - Loss: 0.0069, Val Acc: 27.33% (Time: 2.9s)
[FO] Epoch 93/100 - Loss: 0.0071, Val Acc: 27.12% (Time: 3.3s)
[FO] Epoch 94/100 - Loss: 0.0062, Val Acc: 27.07% (Time: 2.9s)
[FO] Epoch 95/100 - Loss: 0.0065, Val Acc: 27.17% (Time: 3.2s)
[FO] Epoch 96/100 - Loss: 0.0057, Val Acc: 27.24% (Time: 2.8s)
[FO] Epoch 97/100 - Loss: 0.0058, Val Acc: 27.21% (Time: 3.2s)
[FO] Epoch 98/100 - Loss: 0.0065, Val Acc: 27.18% (Time: 3.1s)
[FO] Epoch 99/100 - Loss: 0.0058, Val Acc: 27.19% (Time: 2.8s)
[FO] Epoch 100/100 - Loss: 0.0057, Val Acc: 27.30% (Time: 2.7s)
wandb: updating run metadata
wandb: uploading output.log; uploading wandb-summary.json; uploading config.yaml
wandb: uploading output.log; uploading wandb-summary.json
wandb: uploading history steps 96-99, summary, console lines 96-99
wandb: 
wandb: Run history:
wandb:        epoch ▁▂▂▂▂▂▃▃▃▃▃▃▃▃▄▄▄▄▄▅▅▅▅▅▅▅▅▆▆▆▆▆▇▇▇█████
wandb: time/epoch_s █▂▂▅▂▂▂▃▃▂▅▂▄▂▄▂▂▃▃▂▄▂▃▄▄▃▃▃▂▂▃▂▃▁▆▃▃▅▃▁
wandb:    train/acc ▁▂▃▃▄▄▄▄▄▅▆▆▆▇▇▇▇███████████████████████
wandb:   train/loss █▇▆▅▅▅▅▄▄▄▄▃▃▃▃▂▁▁▁▁▁▁▁▁▁▁▁▁▁▁▁▁▁▁▁▁▁▁▁▁
wandb:      val/acc ▁▁▂▃▃▄▅▄▅▅▆▆▆▆▇▆▇▇▇▇▇▇▇▇▇▇▇██▇██████████
wandb: val/head_acc ▁▃▃▄▅▆▆▆▇▇▇▇▇▇▇▇▇▇▇▇▇▇▇▇▇▇██████████████
wandb:     val/loss ▅▃▂▂▂▁▂▁▂▂▃▃▄▅▄▅▆▇▇▆▆▇▇▇▇▇██▇█▇▇█▇▇▇▇▇▇▇
wandb:  val/med_acc ▁▃▃▄▄▅▆▅▅▆▆▇▆▇▆▇▇▇▇▇▇▇▇▇▇███████▇███████
wandb: val/tail_acc ▁▁▂▂▄▆▂▅▅▆▆█▆▆▇▆▆▆▇▇▇▇▇▇▇▇▆█▇█▇▇▇▇▇███▇▇
wandb: 
wandb: Run summary:
wandb:        epoch 100
wandb: time/epoch_s 2.65096
wandb:    train/acc 99.97895
wandb:   train/loss 0.00575
wandb:      val/acc 27.3
wandb: val/head_acc 55.76667
wandb:     val/loss 5.51133
wandb:  val/med_acc 27.83871
wandb: val/tail_acc 4.97436
wandb: 
wandb: 🚀 View run Ablation_FO_100ep at: https://wandb.ai/dcll-iiitd/Trinity-Ablation/runs/rciyc63m
wandb: ⭐️ View project at: https://wandb.ai/dcll-iiitd/Trinity-Ablation
wandb: Synced 5 W&B file(s), 0 media file(s), 0 artifact file(s) and 0 other file(s)
wandb: Find logs at: ./wandb/run-20260905_073647-rciyc63m/logs
