nohup: ignoring input
[*] Generated Long-Tailed CIFAR-10 (Imbalance: 0.01). Total train samples: 12406
wandb: [wandb.login()] Loaded credentials for https://api.wandb.ai from /home/gauranshi/.netrc.
wandb: Currently logged in as: anant-jain (dcll-iiitd) to https://api.wandb.ai. Use `wandb login --relogin` to force relogin
wandb: setting up run r572uf3p
wandb: Tracking run with wandb version 0.28.2
wandb: Run data is saved locally in /home/gauranshi/Trinity-opt-DSAA2026/wandb/run-20260904_121536-r572uf3p
wandb: Run `wandb offline` to turn off syncing.
wandb: Syncing run Ablation_Full_200ep
wandb: ⭐️ View project at https://wandb.ai/dcll-iiitd/Trinity-Ablation
wandb: 🚀 View run at https://wandb.ai/dcll-iiitd/Trinity-Ablation/runs/r572uf3p
sys:1: UserWarning: Full backward hook is firing when gradients are computed with respect to module outputs since no inputs require gradients. See https://docs.pytorch.org/docs/main/generated/torch.nn.Module.html#torch.nn.Module.register_full_backward_hook for more details.
[Full] Epoch 1/200 - Loss: 1.2150, Val Acc: 29.64% (Time: 31.1s)
[Full] Epoch 2/200 - Loss: 0.9252, Val Acc: 36.11% (Time: 34.1s)
[Full] Epoch 3/200 - Loss: 0.8331, Val Acc: 35.69% (Time: 33.9s)
[Full] Epoch 4/200 - Loss: 0.7683, Val Acc: 41.36% (Time: 30.3s)
[Full] Epoch 5/200 - Loss: 0.7022, Val Acc: 41.06% (Time: 33.4s)
[Full] Epoch 6/200 - Loss: 0.6545, Val Acc: 41.51% (Time: 33.2s)
[Full] Epoch 7/200 - Loss: 0.6201, Val Acc: 43.84% (Time: 30.5s)
[Full] Epoch 8/200 - Loss: 0.5901, Val Acc: 47.31% (Time: 33.4s)
[Full] Epoch 9/200 - Loss: 0.5615, Val Acc: 47.26% (Time: 33.3s)
[Full] Epoch 10/200 - Loss: 0.5262, Val Acc: 48.24% (Time: 33.5s)
[Full] Epoch 11/200 - Loss: 0.5173, Val Acc: 50.20% (Time: 30.6s)
[Full] Epoch 12/200 - Loss: 0.4939, Val Acc: 50.32% (Time: 33.1s)
[Full] Epoch 13/200 - Loss: 0.4628, Val Acc: 53.71% (Time: 34.1s)
[Full] Epoch 14/200 - Loss: 0.4559, Val Acc: 53.06% (Time: 30.3s)
[Full] Epoch 15/200 - Loss: 0.4359, Val Acc: 55.28% (Time: 33.6s)
[Full] Epoch 16/200 - Loss: 0.4250, Val Acc: 51.99% (Time: 33.6s)
[Full] Epoch 17/200 - Loss: 0.4158, Val Acc: 53.49% (Time: 30.3s)
[Full] Epoch 18/200 - Loss: 0.3834, Val Acc: 51.50% (Time: 32.9s)
[Full] Epoch 19/200 - Loss: 0.3841, Val Acc: 56.44% (Time: 33.1s)
[Full] Epoch 20/200 - Loss: 0.3651, Val Acc: 54.46% (Time: 32.5s)
[Full] Epoch 21/200 - Loss: 0.3422, Val Acc: 56.11% (Time: 30.3s)
[Full] Epoch 22/200 - Loss: 0.3394, Val Acc: 54.45% (Time: 33.1s)
[Full] Epoch 23/200 - Loss: 0.3219, Val Acc: 55.30% (Time: 33.3s)
[Full] Epoch 24/200 - Loss: 0.3131, Val Acc: 53.69% (Time: 30.5s)
[Full] Epoch 25/200 - Loss: 0.3109, Val Acc: 55.54% (Time: 33.2s)
[Full] Epoch 26/200 - Loss: 0.2919, Val Acc: 56.73% (Time: 33.6s)
[Full] Epoch 27/200 - Loss: 0.2864, Val Acc: 58.45% (Time: 30.2s)
[Full] Epoch 28/200 - Loss: 0.2758, Val Acc: 55.40% (Time: 33.1s)
[Full] Epoch 29/200 - Loss: 0.2668, Val Acc: 57.10% (Time: 33.2s)
[Full] Epoch 30/200 - Loss: 0.2556, Val Acc: 58.21% (Time: 33.1s)
[Full] Epoch 31/200 - Loss: 0.2417, Val Acc: 55.79% (Time: 32.6s)
[Full] Epoch 32/200 - Loss: 0.2306, Val Acc: 57.23% (Time: 33.5s)
[Full] Epoch 33/200 - Loss: 0.2298, Val Acc: 56.78% (Time: 33.4s)
[Full] Epoch 34/200 - Loss: 0.2166, Val Acc: 58.10% (Time: 29.9s)
[Full] Epoch 35/200 - Loss: 0.2107, Val Acc: 56.52% (Time: 33.0s)
[Full] Epoch 36/200 - Loss: 0.2078, Val Acc: 57.76% (Time: 33.3s)
[Full] Epoch 37/200 - Loss: 0.2033, Val Acc: 57.78% (Time: 30.8s)
[Full] Epoch 38/200 - Loss: 0.1917, Val Acc: 58.19% (Time: 33.5s)
[Full] Epoch 39/200 - Loss: 0.1999, Val Acc: 57.21% (Time: 33.3s)
[Full] Epoch 40/200 - Loss: 0.1864, Val Acc: 57.99% (Time: 33.7s)
[Full] Epoch 41/200 - Loss: 0.1753, Val Acc: 57.71% (Time: 30.8s)
[Full] Epoch 42/200 - Loss: 0.1641, Val Acc: 58.05% (Time: 32.5s)
[Full] Epoch 43/200 - Loss: 0.1703, Val Acc: 57.93% (Time: 33.2s)
[Full] Epoch 44/200 - Loss: 0.1560, Val Acc: 58.63% (Time: 30.2s)
[Full] Epoch 45/200 - Loss: 0.1574, Val Acc: 57.12% (Time: 33.5s)
[Full] Epoch 46/200 - Loss: 0.1457, Val Acc: 58.60% (Time: 33.1s)
[Full] Epoch 47/200 - Loss: 0.1513, Val Acc: 58.64% (Time: 30.4s)
[Full] Epoch 48/200 - Loss: 0.1505, Val Acc: 59.68% (Time: 33.2s)
[Full] Epoch 49/200 - Loss: 0.1388, Val Acc: 59.03% (Time: 32.9s)
[Full] Epoch 50/200 - Loss: 0.1284, Val Acc: 58.23% (Time: 33.0s)
[Full] Epoch 51/200 - Loss: 0.1266, Val Acc: 59.75% (Time: 30.2s)
[Full] Epoch 52/200 - Loss: 0.1363, Val Acc: 57.28% (Time: 33.4s)
[Full] Epoch 53/200 - Loss: 0.1183, Val Acc: 60.67% (Time: 32.6s)
[Full] Epoch 54/200 - Loss: 0.1165, Val Acc: 57.08% (Time: 30.3s)
[Full] Epoch 55/200 - Loss: 0.1149, Val Acc: 59.81% (Time: 33.5s)
[Full] Epoch 56/200 - Loss: 0.1119, Val Acc: 58.16% (Time: 33.5s)
[Full] Epoch 57/200 - Loss: 0.1202, Val Acc: 58.10% (Time: 30.1s)
[Full] Epoch 58/200 - Loss: 0.1084, Val Acc: 58.35% (Time: 32.6s)
[Full] Epoch 59/200 - Loss: 0.1045, Val Acc: 58.12% (Time: 33.3s)
[Full] Epoch 60/200 - Loss: 0.1056, Val Acc: 59.17% (Time: 33.0s)
[Full] Epoch 61/200 - Loss: 0.0981, Val Acc: 59.18% (Time: 30.5s)
[Full] Epoch 62/200 - Loss: 0.0908, Val Acc: 59.13% (Time: 33.6s)
[Full] Epoch 63/200 - Loss: 0.0964, Val Acc: 55.97% (Time: 33.6s)
[Full] Epoch 64/200 - Loss: 0.0927, Val Acc: 59.69% (Time: 30.3s)
[Full] Epoch 65/200 - Loss: 0.0863, Val Acc: 57.44% (Time: 33.5s)
[Full] Epoch 66/200 - Loss: 0.0899, Val Acc: 58.93% (Time: 33.3s)
[Full] Epoch 67/200 - Loss: 0.0784, Val Acc: 59.06% (Time: 30.7s)
[Full] Epoch 68/200 - Loss: 0.0817, Val Acc: 58.55% (Time: 33.6s)
[Full] Epoch 69/200 - Loss: 0.0789, Val Acc: 58.94% (Time: 33.0s)
[Full] Epoch 70/200 - Loss: 0.0809, Val Acc: 58.54% (Time: 33.2s)
[Full] Epoch 71/200 - Loss: 0.0744, Val Acc: 56.80% (Time: 32.1s)
[Full] Epoch 72/200 - Loss: 0.0732, Val Acc: 59.90% (Time: 33.5s)
[Full] Epoch 73/200 - Loss: 0.0689, Val Acc: 58.25% (Time: 33.5s)
[Full] Epoch 74/200 - Loss: 0.0730, Val Acc: 58.59% (Time: 30.1s)
[Full] Epoch 75/200 - Loss: 0.0676, Val Acc: 59.80% (Time: 32.9s)
[Full] Epoch 76/200 - Loss: 0.0665, Val Acc: 56.77% (Time: 33.0s)
[Full] Epoch 77/200 - Loss: 0.0626, Val Acc: 59.20% (Time: 30.2s)
[Full] Epoch 78/200 - Loss: 0.0645, Val Acc: 57.20% (Time: 32.9s)
[Full] Epoch 79/200 - Loss: 0.0602, Val Acc: 58.89% (Time: 33.2s)
[Full] Epoch 80/200 - Loss: 0.0602, Val Acc: 57.30% (Time: 33.5s)
[Full] Epoch 81/200 - Loss: 0.0609, Val Acc: 60.26% (Time: 30.6s)
[Full] Epoch 82/200 - Loss: 0.0592, Val Acc: 59.43% (Time: 32.7s)
[Full] Epoch 83/200 - Loss: 0.0539, Val Acc: 59.58% (Time: 32.9s)
[Full] Epoch 84/200 - Loss: 0.0557, Val Acc: 58.41% (Time: 30.5s)
[Full] Epoch 85/200 - Loss: 0.0537, Val Acc: 58.27% (Time: 32.8s)
[Full] Epoch 86/200 - Loss: 0.0466, Val Acc: 59.02% (Time: 33.6s)
[Full] Epoch 87/200 - Loss: 0.0475, Val Acc: 58.39% (Time: 30.4s)
[Full] Epoch 88/200 - Loss: 0.0398, Val Acc: 59.48% (Time: 33.3s)
[Full] Epoch 89/200 - Loss: 0.0554, Val Acc: 58.36% (Time: 33.3s)
[Full] Epoch 90/200 - Loss: 0.0457, Val Acc: 58.03% (Time: 33.1s)
[Full] Epoch 91/200 - Loss: 0.0476, Val Acc: 59.59% (Time: 30.5s)
[Full] Epoch 92/200 - Loss: 0.0411, Val Acc: 58.55% (Time: 33.3s)
[Full] Epoch 93/200 - Loss: 0.0432, Val Acc: 58.36% (Time: 33.5s)
[Full] Epoch 94/200 - Loss: 0.0430, Val Acc: 58.59% (Time: 30.5s)
[Full] Epoch 95/200 - Loss: 0.0396, Val Acc: 58.85% (Time: 33.2s)
[Full] Epoch 96/200 - Loss: 0.0381, Val Acc: 59.81% (Time: 33.2s)
[Full] Epoch 97/200 - Loss: 0.0272, Val Acc: 58.46% (Time: 29.7s)
[Full] Epoch 98/200 - Loss: 0.0382, Val Acc: 58.45% (Time: 32.8s)
[Full] Epoch 99/200 - Loss: 0.0339, Val Acc: 61.95% (Time: 33.3s)
[Full] Epoch 100/200 - Loss: 0.0337, Val Acc: 59.80% (Time: 33.6s)
[Full] Epoch 101/200 - Loss: 0.0325, Val Acc: 58.97% (Time: 29.9s)
[Full] Epoch 102/200 - Loss: 0.0283, Val Acc: 59.80% (Time: 32.8s)
[Full] Epoch 103/200 - Loss: 0.0281, Val Acc: 59.19% (Time: 33.2s)
[Full] Epoch 104/200 - Loss: 0.0325, Val Acc: 60.10% (Time: 30.0s)
[Full] Epoch 105/200 - Loss: 0.0246, Val Acc: 58.38% (Time: 33.6s)
[Full] Epoch 106/200 - Loss: 0.0271, Val Acc: 57.92% (Time: 33.3s)
[Full] Epoch 107/200 - Loss: 0.0269, Val Acc: 59.47% (Time: 30.4s)
[Full] Epoch 108/200 - Loss: 0.0332, Val Acc: 58.76% (Time: 33.4s)
[Full] Epoch 109/200 - Loss: 0.0261, Val Acc: 59.42% (Time: 33.4s)
[Full] Epoch 110/200 - Loss: 0.0244, Val Acc: 60.66% (Time: 33.4s)
[Full] Epoch 111/200 - Loss: 0.0250, Val Acc: 59.76% (Time: 30.4s)
[Full] Epoch 112/200 - Loss: 0.0263, Val Acc: 57.32% (Time: 33.3s)
[Full] Epoch 113/200 - Loss: 0.0274, Val Acc: 60.03% (Time: 33.5s)
[Full] Epoch 114/200 - Loss: 0.0263, Val Acc: 59.36% (Time: 30.8s)
[Full] Epoch 115/200 - Loss: 0.0155, Val Acc: 58.26% (Time: 33.5s)
[Full] Epoch 116/200 - Loss: 0.0211, Val Acc: 59.93% (Time: 33.4s)
[Full] Epoch 117/200 - Loss: 0.0221, Val Acc: 59.00% (Time: 29.8s)
[Full] Epoch 118/200 - Loss: 0.0185, Val Acc: 59.31% (Time: 32.6s)
[Full] Epoch 119/200 - Loss: 0.0198, Val Acc: 60.48% (Time: 33.5s)
[Full] Epoch 120/200 - Loss: 0.0190, Val Acc: 59.91% (Time: 33.3s)
[Full] Epoch 121/200 - Loss: 0.0201, Val Acc: 59.04% (Time: 30.5s)
[Full] Epoch 122/200 - Loss: 0.0177, Val Acc: 60.63% (Time: 33.4s)
[Full] Epoch 123/200 - Loss: 0.0134, Val Acc: 59.85% (Time: 33.1s)
[Full] Epoch 124/200 - Loss: 0.0121, Val Acc: 59.65% (Time: 30.3s)
[Full] Epoch 125/200 - Loss: 0.0129, Val Acc: 59.63% (Time: 33.0s)
[Full] Epoch 126/200 - Loss: 0.0108, Val Acc: 60.01% (Time: 34.8s)
[Full] Epoch 127/200 - Loss: 0.0140, Val Acc: 58.70% (Time: 31.2s)
[Full] Epoch 128/200 - Loss: 0.0123, Val Acc: 57.99% (Time: 33.6s)
[Full] Epoch 129/200 - Loss: 0.0157, Val Acc: 60.64% (Time: 33.5s)
[Full] Epoch 130/200 - Loss: 0.0109, Val Acc: 59.63% (Time: 33.5s)
[Full] Epoch 131/200 - Loss: 0.0154, Val Acc: 60.29% (Time: 32.9s)
[Full] Epoch 132/200 - Loss: 0.0128, Val Acc: 59.60% (Time: 33.3s)
[Full] Epoch 133/200 - Loss: 0.0099, Val Acc: 59.02% (Time: 33.5s)
[Full] Epoch 134/200 - Loss: 0.0085, Val Acc: 59.66% (Time: 30.1s)
[Full] Epoch 135/200 - Loss: 0.0092, Val Acc: 59.17% (Time: 33.9s)
[Full] Epoch 136/200 - Loss: 0.0110, Val Acc: 60.78% (Time: 33.2s)
[Full] Epoch 137/200 - Loss: 0.0088, Val Acc: 58.98% (Time: 30.9s)
[Full] Epoch 138/200 - Loss: 0.0089, Val Acc: 58.95% (Time: 33.1s)
[Full] Epoch 139/200 - Loss: 0.0086, Val Acc: 59.10% (Time: 34.0s)
[Full] Epoch 140/200 - Loss: 0.0076, Val Acc: 59.85% (Time: 33.5s)
[Full] Epoch 141/200 - Loss: 0.0101, Val Acc: 59.55% (Time: 30.8s)
[Full] Epoch 142/200 - Loss: 0.0103, Val Acc: 59.97% (Time: 33.3s)
[Full] Epoch 143/200 - Loss: 0.0078, Val Acc: 60.79% (Time: 33.6s)
[Full] Epoch 144/200 - Loss: 0.0065, Val Acc: 60.37% (Time: 30.3s)
[Full] Epoch 145/200 - Loss: 0.0072, Val Acc: 60.10% (Time: 33.6s)
[Full] Epoch 146/200 - Loss: 0.0065, Val Acc: 60.07% (Time: 33.4s)
[Full] Epoch 147/200 - Loss: 0.0094, Val Acc: 60.73% (Time: 30.8s)
[Full] Epoch 148/200 - Loss: 0.0053, Val Acc: 60.89% (Time: 33.8s)
[Full] Epoch 149/200 - Loss: 0.0060, Val Acc: 59.29% (Time: 33.4s)
[Full] Epoch 150/200 - Loss: 0.0057, Val Acc: 60.15% (Time: 32.9s)
[Full] Epoch 151/200 - Loss: 0.0054, Val Acc: 60.16% (Time: 31.0s)
[Full] Epoch 152/200 - Loss: 0.0057, Val Acc: 60.07% (Time: 33.8s)
[Full] Epoch 153/200 - Loss: 0.0060, Val Acc: 59.69% (Time: 34.6s)
[Full] Epoch 154/200 - Loss: 0.0064, Val Acc: 59.67% (Time: 30.9s)
[Full] Epoch 155/200 - Loss: 0.0039, Val Acc: 59.52% (Time: 33.8s)
[Full] Epoch 156/200 - Loss: 0.0034, Val Acc: 60.66% (Time: 33.3s)
[Full] Epoch 157/200 - Loss: 0.0049, Val Acc: 60.68% (Time: 31.6s)
[Full] Epoch 158/200 - Loss: 0.0038, Val Acc: 61.38% (Time: 33.2s)
[Full] Epoch 159/200 - Loss: 0.0026, Val Acc: 59.40% (Time: 33.3s)
[Full] Epoch 160/200 - Loss: 0.0019, Val Acc: 60.92% (Time: 34.0s)
[Full] Epoch 161/200 - Loss: 0.0029, Val Acc: 60.54% (Time: 30.9s)
[Full] Epoch 162/200 - Loss: 0.0040, Val Acc: 61.35% (Time: 35.3s)
[Full] Epoch 163/200 - Loss: 0.0040, Val Acc: 60.22% (Time: 33.8s)
[Full] Epoch 164/200 - Loss: 0.0042, Val Acc: 60.59% (Time: 30.0s)
[Full] Epoch 165/200 - Loss: 0.0039, Val Acc: 60.03% (Time: 33.2s)
[Full] Epoch 166/200 - Loss: 0.0026, Val Acc: 60.16% (Time: 33.3s)
[Full] Epoch 167/200 - Loss: 0.0025, Val Acc: 60.47% (Time: 31.6s)
[Full] Epoch 168/200 - Loss: 0.0021, Val Acc: 60.01% (Time: 32.9s)
[Full] Epoch 169/200 - Loss: 0.0021, Val Acc: 60.61% (Time: 33.5s)
[Full] Epoch 170/200 - Loss: 0.0021, Val Acc: 61.42% (Time: 34.2s)
[Full] Epoch 171/200 - Loss: 0.0025, Val Acc: 60.17% (Time: 30.8s)
[Full] Epoch 172/200 - Loss: 0.0028, Val Acc: 60.07% (Time: 35.7s)
[Full] Epoch 173/200 - Loss: 0.0019, Val Acc: 60.79% (Time: 33.2s)
[Full] Epoch 174/200 - Loss: 0.0017, Val Acc: 60.56% (Time: 30.6s)
[Full] Epoch 175/200 - Loss: 0.0025, Val Acc: 60.44% (Time: 33.9s)
[Full] Epoch 176/200 - Loss: 0.0014, Val Acc: 60.78% (Time: 33.2s)
[Full] Epoch 177/200 - Loss: 0.0018, Val Acc: 60.10% (Time: 30.8s)
[Full] Epoch 178/200 - Loss: 0.0016, Val Acc: 60.84% (Time: 32.9s)
[Full] Epoch 179/200 - Loss: 0.0011, Val Acc: 60.51% (Time: 33.2s)
[Full] Epoch 180/200 - Loss: 0.0027, Val Acc: 60.76% (Time: 32.8s)
[Full] Epoch 181/200 - Loss: 0.0026, Val Acc: 60.69% (Time: 31.3s)
[Full] Epoch 182/200 - Loss: 0.0017, Val Acc: 60.77% (Time: 34.3s)
[Full] Epoch 183/200 - Loss: 0.0013, Val Acc: 60.99% (Time: 35.0s)
[Full] Epoch 184/200 - Loss: 0.0015, Val Acc: 61.03% (Time: 31.9s)
[Full] Epoch 185/200 - Loss: 0.0013, Val Acc: 60.42% (Time: 35.5s)
[Full] Epoch 186/200 - Loss: 0.0013, Val Acc: 60.72% (Time: 36.2s)
[Full] Epoch 187/200 - Loss: 0.0016, Val Acc: 60.85% (Time: 33.6s)
[Full] Epoch 188/200 - Loss: 0.0010, Val Acc: 60.95% (Time: 35.2s)
[Full] Epoch 189/200 - Loss: 0.0016, Val Acc: 60.71% (Time: 35.6s)
[Full] Epoch 190/200 - Loss: 0.0013, Val Acc: 60.58% (Time: 37.6s)
[Full] Epoch 191/200 - Loss: 0.0015, Val Acc: 60.75% (Time: 35.4s)
[Full] Epoch 192/200 - Loss: 0.0009, Val Acc: 60.53% (Time: 39.6s)
[Full] Epoch 193/200 - Loss: 0.0029, Val Acc: 61.08% (Time: 38.0s)
[Full] Epoch 194/200 - Loss: 0.0009, Val Acc: 61.02% (Time: 35.0s)
[Full] Epoch 195/200 - Loss: 0.0010, Val Acc: 60.57% (Time: 36.7s)
[Full] Epoch 196/200 - Loss: 0.0017, Val Acc: 60.72% (Time: 38.1s)
[Full] Epoch 197/200 - Loss: 0.0010, Val Acc: 61.21% (Time: 36.3s)
[Full] Epoch 198/200 - Loss: 0.0011, Val Acc: 61.02% (Time: 37.3s)
[Full] Epoch 199/200 - Loss: 0.0007, Val Acc: 60.54% (Time: 33.6s)
[Full] Epoch 200/200 - Loss: 0.0015, Val Acc: 61.15% (Time: 33.4s)
wandb: updating run metadata
wandb: uploading output.log; uploading wandb-summary.json; uploading config.yaml
wandb: uploading history steps 199-199, summary, console lines 200-200
wandb: 
wandb: Run history:
wandb:        epoch ▁▁▁▁▁▁▁▂▂▂▂▂▂▂▂▂▂▂▃▃▃▃▄▄▄▅▅▅▆▆▆▆▆▆▇▇▇███
wandb: time/epoch_s ▂▅▁▄▄▄▄▄▂▃▄▁▃▄▁▄▄▁▄▄▁▄▄▄▄▄▄▄▁▁▄▄▂▅▄▆▁▅▅█
wandb:    train/acc ▁▄▄▄▅▆▆▆▆▆▇▇▇▇▇▇▇▇██████████████████████
wandb:   train/loss █▇▆▅▅▄▃▃▃▃▂▂▂▂▂▂▂▂▂▂▁▁▁▁▁▁▁▁▁▁▁▁▁▁▁▁▁▁▁▁
wandb:      val/acc ▁▅▅▆▇▆▇▇▇▇▇▇▇▇▇▇█▇█▇▇▇█▇▇███████████████
wandb: val/head_acc ▁▁▄▅▇▆▇▇▇▇▇▇▇▇▇▇▇▇▇▇▇▇██▇▇▇▇▇▇▇█████████
wandb:     val/loss ▄▃▂▃▂▁▂▂▂▂▂▃▃▃▂▄▄▄▅▅▆▆▆▆▆▇▇▆▇▆▇▇▇▇▇▇████
wandb:  val/med_acc ▁▄▃▃▄▆▆▅▆█▆▇▇▆▅▇▆▆▆▆▆▆▆▆▆▆▆▆▇▅▇▇▆▇▆▇▆▇▇▇
wandb: val/tail_acc ▁▁▁▁▁▁▁▁▁▁▁▁▁▁▁▁▁▁▁▁▁▁▁▁▁▁▁▁▁▁▁▁▁▁▁▁▁▁▁▁
wandb: 
wandb: Run summary:
wandb:        epoch 200
wandb: time/epoch_s 33.37566
wandb:    train/acc 99.9597
wandb:   train/loss 0.00148
wandb:      val/acc 61.15
wandb: val/head_acc 70.2
wandb:     val/loss 3.50852
wandb:  val/med_acc 24.95
wandb: val/tail_acc 0
wandb: 
wandb: 🚀 View run Ablation_Full_200ep at: https://wandb.ai/dcll-iiitd/Trinity-Ablation/runs/r572uf3p
wandb: ⭐️ View project at: https://wandb.ai/dcll-iiitd/Trinity-Ablation
wandb: Synced 5 W&B file(s), 0 media file(s), 0 artifact file(s) and 0 other file(s)
wandb: Find logs at: ./wandb/run-20260904_121536-r572uf3p/logs
