[*] Generated Long-Tailed CIFAR-10 (Imbalance: 0.01). Total train samples: 12406
wandb: [wandb.login()] Loaded credentials for https://api.wandb.ai from /home/gauranshi/.netrc.
wandb: Currently logged in as: anant-jain (dcll-iiitd) to https://api.wandb.ai. Use `wandb login --relogin` to force relogin
wandb: setting up run tqkvon29
wandb: Tracking run with wandb version 0.28.2
wandb: Run data is saved locally in /home/gauranshi/Trinity-opt-DSAA2026/wandb/run-20260904_135448-tqkvon29
wandb: Run `wandb offline` to turn off syncing.
wandb: Syncing run Ablation_FO_ZO_100ep
wandb: ⭐️ View project at https://wandb.ai/dcll-iiitd/Trinity-Ablation
wandb: 🚀 View run at https://wandb.ai/dcll-iiitd/Trinity-Ablation/runs/tqkvon29
[FO_ZO] Epoch 1/100 - Loss: 1.2200, Val Acc: 27.55% (Time: 4.0s)
[FO_ZO] Epoch 2/100 - Loss: 1.0112, Val Acc: 30.82% (Time: 3.3s)
[FO_ZO] Epoch 3/100 - Loss: 0.9074, Val Acc: 35.66% (Time: 3.3s)
[FO_ZO] Epoch 4/100 - Loss: 0.8474, Val Acc: 37.16% (Time: 3.4s)
[FO_ZO] Epoch 5/100 - Loss: 0.8035, Val Acc: 35.08% (Time: 3.7s)
[FO_ZO] Epoch 6/100 - Loss: 0.7767, Val Acc: 36.75% (Time: 3.3s)
[FO_ZO] Epoch 7/100 - Loss: 0.7326, Val Acc: 37.13% (Time: 3.4s)
[FO_ZO] Epoch 8/100 - Loss: 0.6964, Val Acc: 43.35% (Time: 3.3s)
[FO_ZO] Epoch 9/100 - Loss: 0.6811, Val Acc: 45.77% (Time: 3.3s)
[FO_ZO] Epoch 10/100 - Loss: 0.6520, Val Acc: 46.44% (Time: 3.2s)
[FO_ZO] Epoch 11/100 - Loss: 0.6377, Val Acc: 43.76% (Time: 3.1s)
[FO_ZO] Epoch 12/100 - Loss: 0.6116, Val Acc: 45.61% (Time: 3.3s)
[FO_ZO] Epoch 13/100 - Loss: 0.6026, Val Acc: 40.49% (Time: 3.2s)
[FO_ZO] Epoch 14/100 - Loss: 0.5751, Val Acc: 42.69% (Time: 3.4s)
[FO_ZO] Epoch 15/100 - Loss: 0.5583, Val Acc: 45.90% (Time: 3.4s)
[FO_ZO] Epoch 16/100 - Loss: 0.5553, Val Acc: 47.90% (Time: 3.1s)
[FO_ZO] Epoch 17/100 - Loss: 0.5318, Val Acc: 49.89% (Time: 3.3s)
[FO_ZO] Epoch 18/100 - Loss: 0.5241, Val Acc: 50.09% (Time: 3.2s)
[FO_ZO] Epoch 19/100 - Loss: 0.5038, Val Acc: 48.32% (Time: 3.0s)
[FO_ZO] Epoch 20/100 - Loss: 0.4947, Val Acc: 52.77% (Time: 3.2s)
[FO_ZO] Epoch 21/100 - Loss: 0.4897, Val Acc: 49.64% (Time: 3.0s)
[FO_ZO] Epoch 22/100 - Loss: 0.4745, Val Acc: 46.67% (Time: 3.4s)
[FO_ZO] Epoch 23/100 - Loss: 0.4624, Val Acc: 52.11% (Time: 3.4s)
[FO_ZO] Epoch 24/100 - Loss: 0.4434, Val Acc: 51.71% (Time: 3.9s)
[FO_ZO] Epoch 25/100 - Loss: 0.4333, Val Acc: 56.07% (Time: 3.3s)
[FO_ZO] Epoch 26/100 - Loss: 0.4271, Val Acc: 53.02% (Time: 3.5s)
[FO_ZO] Epoch 27/100 - Loss: 0.4161, Val Acc: 56.48% (Time: 3.1s)
[FO_ZO] Epoch 28/100 - Loss: 0.4043, Val Acc: 55.21% (Time: 3.5s)
[FO_ZO] Epoch 29/100 - Loss: 0.4011, Val Acc: 50.29% (Time: 3.6s)
[FO_ZO] Epoch 30/100 - Loss: 0.3941, Val Acc: 55.93% (Time: 3.1s)
[FO_ZO] Epoch 31/100 - Loss: 0.3719, Val Acc: 55.94% (Time: 3.6s)
[FO_ZO] Epoch 32/100 - Loss: 0.3567, Val Acc: 55.02% (Time: 3.4s)
[FO_ZO] Epoch 33/100 - Loss: 0.3655, Val Acc: 54.78% (Time: 3.5s)
[FO_ZO] Epoch 34/100 - Loss: 0.3519, Val Acc: 56.00% (Time: 3.3s)
[FO_ZO] Epoch 35/100 - Loss: 0.3421, Val Acc: 57.31% (Time: 3.2s)
[FO_ZO] Epoch 36/100 - Loss: 0.3308, Val Acc: 54.71% (Time: 3.3s)
[FO_ZO] Epoch 37/100 - Loss: 0.3223, Val Acc: 55.92% (Time: 3.2s)
[FO_ZO] Epoch 38/100 - Loss: 0.3003, Val Acc: 55.79% (Time: 3.4s)
[FO_ZO] Epoch 39/100 - Loss: 0.3073, Val Acc: 57.38% (Time: 3.4s)
[FO_ZO] Epoch 40/100 - Loss: 0.2982, Val Acc: 56.78% (Time: 3.4s)
[FO_ZO] Epoch 41/100 - Loss: 0.2849, Val Acc: 56.70% (Time: 3.1s)
[FO_ZO] Epoch 42/100 - Loss: 0.2695, Val Acc: 56.88% (Time: 3.5s)
[FO_ZO] Epoch 43/100 - Loss: 0.2616, Val Acc: 58.13% (Time: 3.4s)
[FO_ZO] Epoch 44/100 - Loss: 0.2653, Val Acc: 58.38% (Time: 3.4s)
[FO_ZO] Epoch 45/100 - Loss: 0.2566, Val Acc: 57.60% (Time: 3.2s)
[FO_ZO] Epoch 46/100 - Loss: 0.2360, Val Acc: 58.92% (Time: 3.2s)
[FO_ZO] Epoch 47/100 - Loss: 0.2370, Val Acc: 59.89% (Time: 3.3s)
[FO_ZO] Epoch 48/100 - Loss: 0.2259, Val Acc: 59.50% (Time: 3.1s)
[FO_ZO] Epoch 49/100 - Loss: 0.2140, Val Acc: 57.44% (Time: 3.1s)
[FO_ZO] Epoch 50/100 - Loss: 0.2069, Val Acc: 58.50% (Time: 3.3s)
[FO_ZO] Epoch 51/100 - Loss: 0.2047, Val Acc: 58.64% (Time: 3.3s)
[FO_ZO] Epoch 52/100 - Loss: 0.1989, Val Acc: 58.49% (Time: 3.3s)
[FO_ZO] Epoch 53/100 - Loss: 0.1827, Val Acc: 60.32% (Time: 3.3s)
[FO_ZO] Epoch 54/100 - Loss: 0.1825, Val Acc: 58.97% (Time: 3.3s)
[FO_ZO] Epoch 55/100 - Loss: 0.1727, Val Acc: 57.45% (Time: 3.2s)
[FO_ZO] Epoch 56/100 - Loss: 0.1657, Val Acc: 58.77% (Time: 3.1s)
[FO_ZO] Epoch 57/100 - Loss: 0.1625, Val Acc: 59.38% (Time: 3.2s)
[FO_ZO] Epoch 58/100 - Loss: 0.1530, Val Acc: 61.18% (Time: 3.1s)
[FO_ZO] Epoch 59/100 - Loss: 0.1391, Val Acc: 58.62% (Time: 3.4s)
[FO_ZO] Epoch 60/100 - Loss: 0.1352, Val Acc: 59.59% (Time: 3.2s)
[FO_ZO] Epoch 61/100 - Loss: 0.1327, Val Acc: 58.23% (Time: 3.4s)
[FO_ZO] Epoch 62/100 - Loss: 0.1233, Val Acc: 58.99% (Time: 3.8s)
[FO_ZO] Epoch 63/100 - Loss: 0.1244, Val Acc: 60.47% (Time: 3.4s)
[FO_ZO] Epoch 64/100 - Loss: 0.1118, Val Acc: 59.29% (Time: 3.4s)
[FO_ZO] Epoch 65/100 - Loss: 0.1044, Val Acc: 59.80% (Time: 3.3s)
[FO_ZO] Epoch 66/100 - Loss: 0.1010, Val Acc: 60.21% (Time: 3.2s)
[FO_ZO] Epoch 67/100 - Loss: 0.0990, Val Acc: 60.73% (Time: 3.1s)
[FO_ZO] Epoch 68/100 - Loss: 0.0886, Val Acc: 60.08% (Time: 3.1s)
[FO_ZO] Epoch 69/100 - Loss: 0.0822, Val Acc: 60.75% (Time: 3.5s)
[FO_ZO] Epoch 70/100 - Loss: 0.0804, Val Acc: 59.76% (Time: 3.4s)
[FO_ZO] Epoch 71/100 - Loss: 0.0768, Val Acc: 58.87% (Time: 3.4s)
[FO_ZO] Epoch 72/100 - Loss: 0.0757, Val Acc: 60.21% (Time: 3.3s)
[FO_ZO] Epoch 73/100 - Loss: 0.0673, Val Acc: 59.77% (Time: 3.4s)
[FO_ZO] Epoch 74/100 - Loss: 0.0580, Val Acc: 60.52% (Time: 3.2s)
[FO_ZO] Epoch 75/100 - Loss: 0.0581, Val Acc: 60.74% (Time: 3.4s)
[FO_ZO] Epoch 76/100 - Loss: 0.0570, Val Acc: 61.92% (Time: 3.2s)
[FO_ZO] Epoch 77/100 - Loss: 0.0530, Val Acc: 59.37% (Time: 3.0s)
[FO_ZO] Epoch 78/100 - Loss: 0.0549, Val Acc: 59.87% (Time: 3.8s)
[FO_ZO] Epoch 79/100 - Loss: 0.0493, Val Acc: 60.17% (Time: 3.2s)
[FO_ZO] Epoch 80/100 - Loss: 0.0459, Val Acc: 61.24% (Time: 3.3s)
[FO_ZO] Epoch 81/100 - Loss: 0.0388, Val Acc: 61.30% (Time: 3.1s)
[FO_ZO] Epoch 82/100 - Loss: 0.0359, Val Acc: 60.23% (Time: 3.2s)
[FO_ZO] Epoch 83/100 - Loss: 0.0340, Val Acc: 61.07% (Time: 3.3s)
[FO_ZO] Epoch 84/100 - Loss: 0.0362, Val Acc: 60.80% (Time: 3.3s)
[FO_ZO] Epoch 85/100 - Loss: 0.0286, Val Acc: 60.63% (Time: 3.2s)
[FO_ZO] Epoch 86/100 - Loss: 0.0310, Val Acc: 60.29% (Time: 3.2s)
[FO_ZO] Epoch 87/100 - Loss: 0.0286, Val Acc: 61.06% (Time: 3.4s)
[FO_ZO] Epoch 88/100 - Loss: 0.0256, Val Acc: 60.31% (Time: 3.2s)
[FO_ZO] Epoch 89/100 - Loss: 0.0228, Val Acc: 60.04% (Time: 3.1s)
[FO_ZO] Epoch 90/100 - Loss: 0.0260, Val Acc: 61.19% (Time: 3.3s)
[FO_ZO] Epoch 91/100 - Loss: 0.0210, Val Acc: 60.66% (Time: 3.4s)
[FO_ZO] Epoch 92/100 - Loss: 0.0207, Val Acc: 59.95% (Time: 3.5s)
[FO_ZO] Epoch 93/100 - Loss: 0.0180, Val Acc: 60.88% (Time: 3.9s)
[FO_ZO] Epoch 94/100 - Loss: 0.0201, Val Acc: 60.47% (Time: 3.3s)
[FO_ZO] Epoch 95/100 - Loss: 0.0224, Val Acc: 61.64% (Time: 3.3s)
[FO_ZO] Epoch 96/100 - Loss: 0.0169, Val Acc: 61.30% (Time: 3.3s)
[FO_ZO] Epoch 97/100 - Loss: 0.0175, Val Acc: 61.14% (Time: 3.2s)
[FO_ZO] Epoch 98/100 - Loss: 0.0187, Val Acc: 60.71% (Time: 3.1s)
[FO_ZO] Epoch 99/100 - Loss: 0.0226, Val Acc: 61.10% (Time: 3.5s)
[FO_ZO] Epoch 100/100 - Loss: 0.0175, Val Acc: 60.58% (Time: 3.4s)
wandb: updating run metadata
wandb: uploading output.log; uploading wandb-summary.json; uploading config.yaml
wandb: uploading output.log; uploading wandb-summary.json
wandb: uploading output.log; uploading wandb-summary.json; uploading history steps 96-99, summary, console lines 96-99
wandb: uploading data
wandb: 
wandb: Run history:
wandb:        epoch ▁▁▁▁▁▂▂▂▂▂▃▃▃▃▃▃▃▄▄▄▅▅▅▅▅▅▅▆▆▆▆▆▆▆▇▇▇███
wandb: time/epoch_s ▃▄▃▄▂▂▃▄▃▂█▅▁▄▃▄▄▂▄▄▂▁▃▃▃▁▁▄▇▄▁▂▅▄▂▃▄▂█▅
wandb:    train/acc ▁▂▂▂▃▄▄▄▄▅▅▅▅▅▆▆▆▆▆▇▇▇▇▇▇███████████████
wandb:   train/loss █▅▅▅▄▄▄▄▃▃▃▃▃▃▃▃▃▃▂▂▂▂▂▂▂▂▁▁▁▁▁▁▁▁▁▁▁▁▁▁
wandb:      val/acc ▁▃▃▅▄▅▅▆▅▇▇▇▇▇▇▇▇█▇▇████▇███████████████
wandb: val/head_acc ▂▁▄▄▃▅▅▅▆▆▇▇▇▇▇▇▇█▇██▇██████▇███████████
wandb:     val/loss ▆▅▄▄▃▃▂▄▃▁▂▁▁▁▂▂▁▂▂▂▃▄▃▃▃▄▅▄▆▅▆▆▆▇▆▇▇▇██
wandb:  val/med_acc ▁▁▁▁▂▃▂▅▄▅▅▄▅▆▅█▄▇█▅▇▇▆▆▆█▆▇▆▆▇▆▇▆▆▇▆▇▆▇
wandb: val/tail_acc ▁▁▁▁▁▁▁▁▁▁▁▁▁▁▁▁▁▁▁▁▁▁▁▁▁▁▁▁▁▁▁▁▁▁▁▁▁▁▁▁
wandb: 
wandb: Run summary:
wandb:        epoch 100
wandb: time/epoch_s 3.40385
wandb:    train/acc 99.47606
wandb:   train/loss 0.01749
wandb:      val/acc 60.58
wandb: val/head_acc 68.8875
wandb:     val/loss 2.84956
wandb:  val/med_acc 27.35
wandb: val/tail_acc 0
wandb: 
wandb: 🚀 View run Ablation_FO_ZO_100ep at: https://wandb.ai/dcll-iiitd/Trinity-Ablation/runs/tqkvon29
wandb: ⭐️ View project at: https://wandb.ai/dcll-iiitd/Trinity-Ablation
wandb: Synced 5 W&B file(s), 0 media file(s), 0 artifact file(s) and 0 other file(s)
wandb: Find logs at: ./wandb/run-20260904_135448-tqkvon29/logs
