[*] Generated Long-Tailed CIFAR-10 (Imbalance: 0.01). Total train samples: 12406
wandb: [wandb.login()] Loaded credentials for https://api.wandb.ai from /home/gauranshi/.netrc.
wandb: Currently logged in as: anant-jain (dcll-iiitd) to https://api.wandb.ai. Use `wandb login --relogin` to force relogin
wandb: setting up run l46hiqlf
wandb: Tracking run with wandb version 0.28.2
wandb: Run data is saved locally in /home/gauranshi/Trinity-opt-DSAA2026/wandb/run-20260904_135449-l46hiqlf
wandb: Run `wandb offline` to turn off syncing.
wandb: Syncing run Ablation_ZO_100ep
wandb: ⭐️ View project at https://wandb.ai/dcll-iiitd/Trinity-Ablation
wandb: 🚀 View run at https://wandb.ai/dcll-iiitd/Trinity-Ablation/runs/l46hiqlf
[ZO] Epoch 1/100 - Loss: 1.2497, Val Acc: 26.41% (Time: 4.5s)
[ZO] Epoch 2/100 - Loss: 1.0263, Val Acc: 28.41% (Time: 3.7s)
[ZO] Epoch 3/100 - Loss: 0.9258, Val Acc: 28.41% (Time: 3.7s)
[ZO] Epoch 4/100 - Loss: 0.8766, Val Acc: 34.05% (Time: 3.9s)
[ZO] Epoch 5/100 - Loss: 0.8229, Val Acc: 38.03% (Time: 3.8s)
[ZO] Epoch 6/100 - Loss: 0.7798, Val Acc: 39.97% (Time: 3.8s)
[ZO] Epoch 7/100 - Loss: 0.7388, Val Acc: 43.52% (Time: 3.8s)
[ZO] Epoch 8/100 - Loss: 0.7143, Val Acc: 44.20% (Time: 3.8s)
[ZO] Epoch 9/100 - Loss: 0.6932, Val Acc: 41.55% (Time: 3.8s)
[ZO] Epoch 10/100 - Loss: 0.6662, Val Acc: 44.30% (Time: 3.7s)
[ZO] Epoch 11/100 - Loss: 0.6466, Val Acc: 42.87% (Time: 3.8s)
[ZO] Epoch 12/100 - Loss: 0.6167, Val Acc: 39.97% (Time: 3.9s)
[ZO] Epoch 13/100 - Loss: 0.6090, Val Acc: 47.53% (Time: 3.8s)
[ZO] Epoch 14/100 - Loss: 0.5829, Val Acc: 46.87% (Time: 3.7s)
[ZO] Epoch 15/100 - Loss: 0.5817, Val Acc: 51.63% (Time: 3.9s)
[ZO] Epoch 16/100 - Loss: 0.5554, Val Acc: 47.03% (Time: 3.7s)
[ZO] Epoch 17/100 - Loss: 0.5363, Val Acc: 44.24% (Time: 3.8s)
[ZO] Epoch 18/100 - Loss: 0.5265, Val Acc: 46.84% (Time: 3.9s)
[ZO] Epoch 19/100 - Loss: 0.5178, Val Acc: 47.03% (Time: 3.8s)
[ZO] Epoch 20/100 - Loss: 0.5074, Val Acc: 51.21% (Time: 3.7s)
[ZO] Epoch 21/100 - Loss: 0.4958, Val Acc: 54.00% (Time: 3.9s)
[ZO] Epoch 22/100 - Loss: 0.4816, Val Acc: 54.17% (Time: 3.8s)
[ZO] Epoch 23/100 - Loss: 0.4671, Val Acc: 49.65% (Time: 3.9s)
[ZO] Epoch 24/100 - Loss: 0.4620, Val Acc: 51.86% (Time: 3.8s)
[ZO] Epoch 25/100 - Loss: 0.4582, Val Acc: 50.10% (Time: 3.8s)
[ZO] Epoch 26/100 - Loss: 0.4339, Val Acc: 52.52% (Time: 3.7s)
[ZO] Epoch 27/100 - Loss: 0.4378, Val Acc: 49.43% (Time: 3.8s)
[ZO] Epoch 28/100 - Loss: 0.4182, Val Acc: 51.36% (Time: 3.8s)
[ZO] Epoch 29/100 - Loss: 0.4031, Val Acc: 55.26% (Time: 3.8s)
[ZO] Epoch 30/100 - Loss: 0.3960, Val Acc: 54.37% (Time: 3.8s)
[ZO] Epoch 31/100 - Loss: 0.3939, Val Acc: 54.47% (Time: 3.9s)
[ZO] Epoch 32/100 - Loss: 0.3772, Val Acc: 54.05% (Time: 4.0s)
[ZO] Epoch 33/100 - Loss: 0.3709, Val Acc: 53.41% (Time: 3.6s)
[ZO] Epoch 34/100 - Loss: 0.3516, Val Acc: 56.66% (Time: 3.8s)
[ZO] Epoch 35/100 - Loss: 0.3560, Val Acc: 54.78% (Time: 3.8s)
[ZO] Epoch 36/100 - Loss: 0.3476, Val Acc: 54.86% (Time: 3.9s)
[ZO] Epoch 37/100 - Loss: 0.3276, Val Acc: 57.98% (Time: 3.9s)
[ZO] Epoch 38/100 - Loss: 0.3298, Val Acc: 56.96% (Time: 3.8s)
[ZO] Epoch 39/100 - Loss: 0.3017, Val Acc: 57.17% (Time: 3.8s)
[ZO] Epoch 40/100 - Loss: 0.3046, Val Acc: 57.49% (Time: 3.8s)
[ZO] Epoch 41/100 - Loss: 0.3024, Val Acc: 57.05% (Time: 3.7s)
[ZO] Epoch 42/100 - Loss: 0.2779, Val Acc: 58.45% (Time: 3.6s)
[ZO] Epoch 43/100 - Loss: 0.2855, Val Acc: 60.34% (Time: 3.8s)
[ZO] Epoch 44/100 - Loss: 0.2758, Val Acc: 57.15% (Time: 3.7s)
[ZO] Epoch 45/100 - Loss: 0.2637, Val Acc: 57.32% (Time: 3.8s)
[ZO] Epoch 46/100 - Loss: 0.2539, Val Acc: 57.22% (Time: 3.7s)
[ZO] Epoch 47/100 - Loss: 0.2435, Val Acc: 58.04% (Time: 3.9s)
[ZO] Epoch 48/100 - Loss: 0.2388, Val Acc: 58.58% (Time: 3.8s)
[ZO] Epoch 49/100 - Loss: 0.2229, Val Acc: 57.59% (Time: 3.7s)
[ZO] Epoch 50/100 - Loss: 0.2237, Val Acc: 61.68% (Time: 3.9s)
[ZO] Epoch 51/100 - Loss: 0.2146, Val Acc: 61.83% (Time: 3.9s)
[ZO] Epoch 52/100 - Loss: 0.2061, Val Acc: 54.79% (Time: 3.9s)
[ZO] Epoch 53/100 - Loss: 0.1976, Val Acc: 61.71% (Time: 3.8s)
[ZO] Epoch 54/100 - Loss: 0.1975, Val Acc: 59.59% (Time: 3.7s)
[ZO] Epoch 55/100 - Loss: 0.1766, Val Acc: 56.21% (Time: 3.8s)
[ZO] Epoch 56/100 - Loss: 0.1822, Val Acc: 60.32% (Time: 3.4s)
[ZO] Epoch 57/100 - Loss: 0.1694, Val Acc: 59.07% (Time: 3.7s)
[ZO] Epoch 58/100 - Loss: 0.1668, Val Acc: 59.07% (Time: 3.7s)
[ZO] Epoch 59/100 - Loss: 0.1498, Val Acc: 56.76% (Time: 3.6s)
[ZO] Epoch 60/100 - Loss: 0.1479, Val Acc: 58.99% (Time: 3.7s)
[ZO] Epoch 61/100 - Loss: 0.1369, Val Acc: 59.57% (Time: 3.8s)
[ZO] Epoch 62/100 - Loss: 0.1319, Val Acc: 59.06% (Time: 3.8s)
[ZO] Epoch 63/100 - Loss: 0.1215, Val Acc: 60.15% (Time: 3.8s)
[ZO] Epoch 64/100 - Loss: 0.1246, Val Acc: 57.55% (Time: 3.6s)
[ZO] Epoch 65/100 - Loss: 0.1114, Val Acc: 61.79% (Time: 3.6s)
[ZO] Epoch 66/100 - Loss: 0.1068, Val Acc: 59.44% (Time: 3.8s)
[ZO] Epoch 67/100 - Loss: 0.1102, Val Acc: 59.77% (Time: 3.6s)
[ZO] Epoch 68/100 - Loss: 0.0930, Val Acc: 60.71% (Time: 3.7s)
[ZO] Epoch 69/100 - Loss: 0.0897, Val Acc: 62.36% (Time: 3.8s)
[ZO] Epoch 70/100 - Loss: 0.0918, Val Acc: 60.57% (Time: 3.6s)
[ZO] Epoch 71/100 - Loss: 0.0876, Val Acc: 59.82% (Time: 3.6s)
[ZO] Epoch 72/100 - Loss: 0.0793, Val Acc: 61.26% (Time: 3.8s)
[ZO] Epoch 73/100 - Loss: 0.0745, Val Acc: 60.38% (Time: 3.7s)
[ZO] Epoch 74/100 - Loss: 0.0668, Val Acc: 61.12% (Time: 3.7s)
[ZO] Epoch 75/100 - Loss: 0.0633, Val Acc: 60.78% (Time: 3.6s)
[ZO] Epoch 76/100 - Loss: 0.0600, Val Acc: 62.06% (Time: 3.7s)
[ZO] Epoch 77/100 - Loss: 0.0550, Val Acc: 61.82% (Time: 3.8s)
[ZO] Epoch 78/100 - Loss: 0.0509, Val Acc: 60.44% (Time: 3.7s)
[ZO] Epoch 79/100 - Loss: 0.0510, Val Acc: 61.92% (Time: 3.8s)
[ZO] Epoch 80/100 - Loss: 0.0447, Val Acc: 61.23% (Time: 3.8s)
[ZO] Epoch 81/100 - Loss: 0.0490, Val Acc: 61.60% (Time: 3.8s)
[ZO] Epoch 82/100 - Loss: 0.0427, Val Acc: 60.24% (Time: 3.7s)
[ZO] Epoch 83/100 - Loss: 0.0375, Val Acc: 60.31% (Time: 3.7s)
[ZO] Epoch 84/100 - Loss: 0.0366, Val Acc: 61.25% (Time: 3.8s)
[ZO] Epoch 85/100 - Loss: 0.0351, Val Acc: 60.58% (Time: 3.7s)
[ZO] Epoch 86/100 - Loss: 0.0359, Val Acc: 60.28% (Time: 3.7s)
[ZO] Epoch 87/100 - Loss: 0.0346, Val Acc: 61.65% (Time: 3.6s)
[ZO] Epoch 88/100 - Loss: 0.0316, Val Acc: 61.76% (Time: 3.7s)
[ZO] Epoch 89/100 - Loss: 0.0285, Val Acc: 61.44% (Time: 3.8s)
[ZO] Epoch 90/100 - Loss: 0.0265, Val Acc: 60.68% (Time: 3.7s)
[ZO] Epoch 91/100 - Loss: 0.0285, Val Acc: 61.72% (Time: 3.9s)
[ZO] Epoch 92/100 - Loss: 0.0263, Val Acc: 60.58% (Time: 3.6s)
[ZO] Epoch 93/100 - Loss: 0.0239, Val Acc: 61.34% (Time: 3.6s)
[ZO] Epoch 94/100 - Loss: 0.0236, Val Acc: 60.54% (Time: 3.6s)
[ZO] Epoch 95/100 - Loss: 0.0207, Val Acc: 61.06% (Time: 3.8s)
[ZO] Epoch 96/100 - Loss: 0.0183, Val Acc: 61.05% (Time: 3.6s)
[ZO] Epoch 97/100 - Loss: 0.0198, Val Acc: 60.95% (Time: 3.6s)
[ZO] Epoch 98/100 - Loss: 0.0208, Val Acc: 60.70% (Time: 3.6s)
[ZO] Epoch 99/100 - Loss: 0.0238, Val Acc: 60.71% (Time: 3.8s)
[ZO] Epoch 100/100 - Loss: 0.0238, Val Acc: 61.34% (Time: 3.7s)
wandb: updating run metadata
wandb: uploading output.log; uploading wandb-summary.json; uploading config.yaml
wandb: uploading history steps 96-99, summary, console lines 96-99
wandb: 
wandb: Run history:
wandb:        epoch ▁▁▁▁▂▂▂▂▂▂▂▃▃▃▃▃▄▄▄▄▅▅▅▅▅▅▆▆▆▆▆▇▇▇▇▇▇▇██
wandb: time/epoch_s █▂▃▃▂▂▃▂▃▃▃▂▃▂▄▂▃▂▂▂▃▃▃▂▁▂▁▂▂▃▃▂▂▁▂▃▁▁▂▂
wandb:    train/acc ▁▂▃▃▄▄▅▅▅▅▆▆▆▆▆▆▆▇▇▇▇▇▇▇▇█▇█████████████
wandb:   train/loss █▆▅▅▄▄▄▄▄▄▃▃▃▃▃▃▃▃▂▂▂▂▂▂▂▂▂▁▁▁▁▁▁▁▁▁▁▁▁▁
wandb:      val/acc ▁▁▃▄▄▄▅▅▆▅▅▆▆▆▆▆▇▇▇▇▇▇▇█▇▇██████████████
wandb: val/head_acc ▁▁▄▄▅▅▄▆▅▆▆▆▇▇▇▇▇▇▇▇▇█▇▇██▇█████████████
wandb:     val/loss ▇▅▄▃▄▃▅▂▃▂▄▂▁▂▄▂▃▂▂▁▃▂▁▂▄▅▄▅▄▅▆▅▇▇█▇████
wandb:  val/med_acc ▁▁▁▁▁▁▃▁▂▄▁▄▅▃▅▅▄▇██▇▇▆▅▅▅▇▅▆▆▆▆▇▅▆▆▆▆▆▆
wandb: val/tail_acc ▁▁▁▁▁▁▁▁▁▁▁▁▁▁▁▁▁▁▁▁▁▁▁▁▁▁▁▁▁▁▁▁▁▁▁▁▁▁▁▁
wandb: 
wandb: Run summary:
wandb:        epoch 100
wandb: time/epoch_s 3.67668
wandb:    train/acc 99.18588
wandb:   train/loss 0.02375
wandb:      val/acc 61.34
wandb: val/head_acc 70.575
wandb:     val/loss 2.64774
wandb:  val/med_acc 24.4
wandb: val/tail_acc 0
wandb: 
wandb: 🚀 View run Ablation_ZO_100ep at: https://wandb.ai/dcll-iiitd/Trinity-Ablation/runs/l46hiqlf
wandb: ⭐️ View project at: https://wandb.ai/dcll-iiitd/Trinity-Ablation
wandb: Synced 5 W&B file(s), 0 media file(s), 0 artifact file(s) and 0 other file(s)
wandb: Find logs at: ./wandb/run-20260904_135449-l46hiqlf/logs
