[*] Generated Long-Tailed CIFAR-10 (Imbalance: 0.01). Total train samples: 12406
wandb: [wandb.login()] Loaded credentials for https://api.wandb.ai from /home/gauranshi/.netrc.
wandb: Currently logged in as: anant-jain (dcll-iiitd) to https://api.wandb.ai. Use `wandb login --relogin` to force relogin
wandb: setting up run fks5fyw5
wandb: Tracking run with wandb version 0.28.2
wandb: Run data is saved locally in /home/gauranshi/Trinity-opt-DSAA2026/wandb/run-20260904_135449-fks5fyw5
wandb: Run `wandb offline` to turn off syncing.
wandb: Syncing run Ablation_FO_100ep
wandb: ⭐️ View project at https://wandb.ai/dcll-iiitd/Trinity-Ablation
wandb: 🚀 View run at https://wandb.ai/dcll-iiitd/Trinity-Ablation/runs/fks5fyw5
[FO] Epoch 1/100 - Loss: 1.2450, Val Acc: 27.65% (Time: 3.8s)
[FO] Epoch 2/100 - Loss: 0.9866, Val Acc: 28.80% (Time: 3.1s)
[FO] Epoch 3/100 - Loss: 0.8943, Val Acc: 34.33% (Time: 3.7s)
[FO] Epoch 4/100 - Loss: 0.8430, Val Acc: 33.94% (Time: 3.2s)
[FO] Epoch 5/100 - Loss: 0.7974, Val Acc: 37.02% (Time: 3.6s)
[FO] Epoch 6/100 - Loss: 0.7648, Val Acc: 38.02% (Time: 3.9s)
[FO] Epoch 7/100 - Loss: 0.7227, Val Acc: 41.74% (Time: 3.2s)
[FO] Epoch 8/100 - Loss: 0.6966, Val Acc: 39.93% (Time: 3.3s)
[FO] Epoch 9/100 - Loss: 0.6796, Val Acc: 38.67% (Time: 3.1s)
[FO] Epoch 10/100 - Loss: 0.6508, Val Acc: 41.05% (Time: 3.6s)
[FO] Epoch 11/100 - Loss: 0.6285, Val Acc: 44.99% (Time: 3.4s)
[FO] Epoch 12/100 - Loss: 0.6063, Val Acc: 43.07% (Time: 3.9s)
[FO] Epoch 13/100 - Loss: 0.5951, Val Acc: 48.20% (Time: 3.5s)
[FO] Epoch 14/100 - Loss: 0.5743, Val Acc: 47.91% (Time: 3.2s)
[FO] Epoch 15/100 - Loss: 0.5604, Val Acc: 45.05% (Time: 3.6s)
[FO] Epoch 16/100 - Loss: 0.5376, Val Acc: 45.11% (Time: 3.6s)
[FO] Epoch 17/100 - Loss: 0.5252, Val Acc: 49.93% (Time: 3.0s)
[FO] Epoch 18/100 - Loss: 0.5095, Val Acc: 43.50% (Time: 3.3s)
[FO] Epoch 19/100 - Loss: 0.4963, Val Acc: 49.07% (Time: 3.2s)
[FO] Epoch 20/100 - Loss: 0.4797, Val Acc: 47.64% (Time: 3.3s)
[FO] Epoch 21/100 - Loss: 0.4697, Val Acc: 47.47% (Time: 3.4s)
[FO] Epoch 22/100 - Loss: 0.4599, Val Acc: 51.04% (Time: 3.0s)
[FO] Epoch 23/100 - Loss: 0.4506, Val Acc: 49.56% (Time: 3.1s)
[FO] Epoch 24/100 - Loss: 0.4304, Val Acc: 55.40% (Time: 3.3s)
[FO] Epoch 25/100 - Loss: 0.4236, Val Acc: 51.82% (Time: 3.6s)
[FO] Epoch 26/100 - Loss: 0.4146, Val Acc: 52.42% (Time: 3.4s)
[FO] Epoch 27/100 - Loss: 0.3925, Val Acc: 52.44% (Time: 3.3s)
[FO] Epoch 28/100 - Loss: 0.3826, Val Acc: 52.47% (Time: 3.2s)
[FO] Epoch 29/100 - Loss: 0.3789, Val Acc: 54.04% (Time: 3.0s)
[FO] Epoch 30/100 - Loss: 0.3635, Val Acc: 53.44% (Time: 3.4s)
[FO] Epoch 31/100 - Loss: 0.3572, Val Acc: 56.66% (Time: 3.2s)
[FO] Epoch 32/100 - Loss: 0.3447, Val Acc: 56.05% (Time: 3.4s)
[FO] Epoch 33/100 - Loss: 0.3326, Val Acc: 55.56% (Time: 3.2s)
[FO] Epoch 34/100 - Loss: 0.3187, Val Acc: 54.72% (Time: 3.7s)
[FO] Epoch 35/100 - Loss: 0.3162, Val Acc: 58.64% (Time: 3.0s)
[FO] Epoch 36/100 - Loss: 0.3034, Val Acc: 54.87% (Time: 3.4s)
[FO] Epoch 37/100 - Loss: 0.2959, Val Acc: 53.39% (Time: 3.1s)
[FO] Epoch 38/100 - Loss: 0.2822, Val Acc: 58.37% (Time: 3.4s)
[FO] Epoch 39/100 - Loss: 0.2800, Val Acc: 55.99% (Time: 3.5s)
[FO] Epoch 40/100 - Loss: 0.2626, Val Acc: 57.84% (Time: 3.2s)
[FO] Epoch 41/100 - Loss: 0.2540, Val Acc: 57.34% (Time: 3.3s)
[FO] Epoch 42/100 - Loss: 0.2470, Val Acc: 58.73% (Time: 3.2s)
[FO] Epoch 43/100 - Loss: 0.2370, Val Acc: 57.24% (Time: 3.1s)
[FO] Epoch 44/100 - Loss: 0.2293, Val Acc: 58.18% (Time: 3.3s)
[FO] Epoch 45/100 - Loss: 0.2259, Val Acc: 56.55% (Time: 3.3s)
[FO] Epoch 46/100 - Loss: 0.2142, Val Acc: 58.44% (Time: 3.8s)
[FO] Epoch 47/100 - Loss: 0.2128, Val Acc: 57.13% (Time: 3.4s)
[FO] Epoch 48/100 - Loss: 0.1956, Val Acc: 58.83% (Time: 3.4s)
[FO] Epoch 49/100 - Loss: 0.2033, Val Acc: 57.49% (Time: 3.2s)
[FO] Epoch 50/100 - Loss: 0.1745, Val Acc: 57.54% (Time: 3.2s)
[FO] Epoch 51/100 - Loss: 0.1728, Val Acc: 59.64% (Time: 3.1s)
[FO] Epoch 52/100 - Loss: 0.1653, Val Acc: 58.97% (Time: 3.2s)
[FO] Epoch 53/100 - Loss: 0.1571, Val Acc: 56.06% (Time: 3.8s)
[FO] Epoch 54/100 - Loss: 0.1547, Val Acc: 59.84% (Time: 3.5s)
[FO] Epoch 55/100 - Loss: 0.1432, Val Acc: 59.89% (Time: 3.3s)
[FO] Epoch 56/100 - Loss: 0.1412, Val Acc: 59.81% (Time: 3.3s)
[FO] Epoch 57/100 - Loss: 0.1388, Val Acc: 59.07% (Time: 3.1s)
[FO] Epoch 58/100 - Loss: 0.1321, Val Acc: 58.00% (Time: 3.2s)
[FO] Epoch 59/100 - Loss: 0.1245, Val Acc: 61.09% (Time: 3.5s)
[FO] Epoch 60/100 - Loss: 0.1080, Val Acc: 59.04% (Time: 3.6s)
[FO] Epoch 61/100 - Loss: 0.1032, Val Acc: 59.61% (Time: 3.3s)
[FO] Epoch 62/100 - Loss: 0.1051, Val Acc: 59.76% (Time: 3.8s)
[FO] Epoch 63/100 - Loss: 0.0916, Val Acc: 58.28% (Time: 3.4s)
[FO] Epoch 64/100 - Loss: 0.0975, Val Acc: 60.88% (Time: 3.4s)
[FO] Epoch 65/100 - Loss: 0.0883, Val Acc: 60.26% (Time: 3.3s)
[FO] Epoch 66/100 - Loss: 0.0859, Val Acc: 59.17% (Time: 3.3s)
[FO] Epoch 67/100 - Loss: 0.0800, Val Acc: 60.66% (Time: 3.1s)
[FO] Epoch 68/100 - Loss: 0.0738, Val Acc: 60.79% (Time: 3.3s)
[FO] Epoch 69/100 - Loss: 0.0777, Val Acc: 60.03% (Time: 3.4s)
[FO] Epoch 70/100 - Loss: 0.0612, Val Acc: 59.57% (Time: 3.6s)
[FO] Epoch 71/100 - Loss: 0.0596, Val Acc: 59.61% (Time: 3.3s)
[FO] Epoch 72/100 - Loss: 0.0579, Val Acc: 60.31% (Time: 3.3s)
[FO] Epoch 73/100 - Loss: 0.0527, Val Acc: 59.79% (Time: 3.9s)
[FO] Epoch 74/100 - Loss: 0.0543, Val Acc: 62.25% (Time: 3.1s)
[FO] Epoch 75/100 - Loss: 0.0474, Val Acc: 60.82% (Time: 3.3s)
[FO] Epoch 76/100 - Loss: 0.0442, Val Acc: 61.16% (Time: 3.1s)
[FO] Epoch 77/100 - Loss: 0.0427, Val Acc: 61.04% (Time: 3.9s)
[FO] Epoch 78/100 - Loss: 0.0406, Val Acc: 61.42% (Time: 3.4s)
[FO] Epoch 79/100 - Loss: 0.0359, Val Acc: 60.74% (Time: 3.4s)
[FO] Epoch 80/100 - Loss: 0.0325, Val Acc: 60.11% (Time: 3.5s)
[FO] Epoch 81/100 - Loss: 0.0339, Val Acc: 59.86% (Time: 3.9s)
[FO] Epoch 82/100 - Loss: 0.0328, Val Acc: 61.46% (Time: 3.8s)
[FO] Epoch 83/100 - Loss: 0.0298, Val Acc: 60.56% (Time: 3.2s)
[FO] Epoch 84/100 - Loss: 0.0289, Val Acc: 60.30% (Time: 3.2s)
[FO] Epoch 85/100 - Loss: 0.0256, Val Acc: 60.74% (Time: 3.3s)
[FO] Epoch 86/100 - Loss: 0.0242, Val Acc: 60.88% (Time: 3.1s)
[FO] Epoch 87/100 - Loss: 0.0236, Val Acc: 61.15% (Time: 3.3s)
[FO] Epoch 88/100 - Loss: 0.0227, Val Acc: 61.13% (Time: 3.2s)
[FO] Epoch 89/100 - Loss: 0.0216, Val Acc: 60.53% (Time: 3.7s)
[FO] Epoch 90/100 - Loss: 0.0176, Val Acc: 60.64% (Time: 3.2s)
[FO] Epoch 91/100 - Loss: 0.0207, Val Acc: 60.94% (Time: 3.7s)
[FO] Epoch 92/100 - Loss: 0.0154, Val Acc: 61.31% (Time: 3.4s)
[FO] Epoch 93/100 - Loss: 0.0165, Val Acc: 60.93% (Time: 3.3s)
[FO] Epoch 94/100 - Loss: 0.0165, Val Acc: 61.01% (Time: 3.3s)
[FO] Epoch 95/100 - Loss: 0.0146, Val Acc: 60.63% (Time: 3.1s)
[FO] Epoch 96/100 - Loss: 0.0147, Val Acc: 60.24% (Time: 3.4s)
[FO] Epoch 97/100 - Loss: 0.0169, Val Acc: 60.88% (Time: 3.6s)
[FO] Epoch 98/100 - Loss: 0.0164, Val Acc: 60.73% (Time: 3.1s)
[FO] Epoch 99/100 - Loss: 0.0163, Val Acc: 60.94% (Time: 3.0s)
[FO] Epoch 100/100 - Loss: 0.0138, Val Acc: 60.43% (Time: 3.5s)
wandb: updating run metadata
wandb: uploading output.log; uploading config.yaml
wandb: uploading history steps 99-99, summary, console lines 99-99
wandb: 
wandb: Run history:
wandb:        epoch ▁▁▁▁▂▂▂▂▂▃▃▃▃▃▄▄▄▄▄▄▄▄▄▅▅▅▅▅▅▆▆▆▇▇▇▇▇▇██
wandb: time/epoch_s ▇▂▆▂▆▅▄▅▂▅▃▅▃▂▄▂▃▄▂▂▃▂▅▃▇▄▃▅▃█▄█▁▆▂▃▃▃▃▁
wandb:    train/acc ▁▂▂▂▃▄▄▄▄▄▅▅▅▅▅▅▆▆▆▆▇▇▇▇▇▇▇▇▇███████████
wandb:   train/loss █▇▆▆▅▅▅▅▅▄▄▄▃▃▃▃▃▂▂▂▂▂▂▂▂▂▁▁▁▁▁▁▁▁▁▁▁▁▁▁
wandb:      val/acc ▁▂▂▄▃▄▅▅▅▆▆▆▇▇▆▇▇▇▇█▇█▇█▇███████████████
wandb: val/head_acc ▁▂▂▄▄▅▆▅▅▆▇▇▇▇▇█▇▇▇▇▇█▇██▇██████████████
wandb:     val/loss ▆▅▅▂▄▄▃▃▃▂▂▂▂▃▁▃▃▃▄▃▅▃▄▄▄▆▅▅▆▆▆▇▇▇▇▇████
wandb:  val/med_acc ▁▁▁▁▁▁▁▁▁▁▂▄▂▂▃▄▅▆▆▆▇▆▅▇▅▆▅▅▇▆▇▆█▇▆▆▆▇▇▆
wandb: val/tail_acc ▁▁▁▁▁▁▁▁▁▁▁▁▁▁▁▁▁▁▁▁▁▁▁▁▁▁▁▁▁▁▁▁▁▁▁▁▁▁▁▁
wandb: 
wandb: Run summary:
wandb:        epoch 100
wandb: time/epoch_s 3.47703
wandb:    train/acc 99.58891
wandb:   train/loss 0.01376
wandb:      val/acc 60.43
wandb: val/head_acc 69.475
wandb:     val/loss 2.5746
wandb:  val/med_acc 24.25
wandb: val/tail_acc 0
wandb: 
wandb: 🚀 View run Ablation_FO_100ep at: https://wandb.ai/dcll-iiitd/Trinity-Ablation/runs/fks5fyw5
wandb: ⭐️ View project at: https://wandb.ai/dcll-iiitd/Trinity-Ablation
wandb: Synced 5 W&B file(s), 0 media file(s), 0 artifact file(s) and 0 other file(s)
wandb: Find logs at: ./wandb/run-20260904_135449-fks5fyw5/logs
