[*] Generated Long-Tailed CIFAR-10 (Imbalance: 0.01). Total train samples: 12406
wandb: [wandb.login()] Loaded credentials for https://api.wandb.ai from /home/gauranshi/.netrc.
wandb: Currently logged in as: anant-jain (dcll-iiitd) to https://api.wandb.ai. Use `wandb login --relogin` to force relogin
wandb: setting up run a5zzmpze
wandb: Tracking run with wandb version 0.28.2
wandb: Run data is saved locally in /home/gauranshi/Trinity-opt-DSAA2026/wandb/run-20260904_135449-a5zzmpze
wandb: Run `wandb offline` to turn off syncing.
wandb: Syncing run Ablation_SO_100ep
wandb: ⭐️ View project at https://wandb.ai/dcll-iiitd/Trinity-Ablation
wandb: 🚀 View run at https://wandb.ai/dcll-iiitd/Trinity-Ablation/runs/a5zzmpze
sys:1: UserWarning: Full backward hook is firing when gradients are computed with respect to module outputs since no inputs require gradients. See https://docs.pytorch.org/docs/main/generated/torch.nn.Module.html#torch.nn.Module.register_full_backward_hook for more details.
[SO] Epoch 1/100 - Loss: 1.1977, Val Acc: 32.31% (Time: 34.0s)
[SO] Epoch 2/100 - Loss: 0.9137, Val Acc: 33.80% (Time: 37.4s)
[SO] Epoch 3/100 - Loss: 0.8127, Val Acc: 36.98% (Time: 37.2s)
[SO] Epoch 4/100 - Loss: 0.7416, Val Acc: 43.08% (Time: 32.0s)
[SO] Epoch 5/100 - Loss: 0.6802, Val Acc: 44.05% (Time: 36.6s)
[SO] Epoch 6/100 - Loss: 0.6438, Val Acc: 45.34% (Time: 37.7s)
[SO] Epoch 7/100 - Loss: 0.6133, Val Acc: 48.84% (Time: 31.8s)
[SO] Epoch 8/100 - Loss: 0.5742, Val Acc: 46.78% (Time: 35.6s)
[SO] Epoch 9/100 - Loss: 0.5439, Val Acc: 48.77% (Time: 35.8s)
[SO] Epoch 10/100 - Loss: 0.5245, Val Acc: 53.36% (Time: 37.6s)
[SO] Epoch 11/100 - Loss: 0.5015, Val Acc: 49.08% (Time: 33.1s)
[SO] Epoch 12/100 - Loss: 0.4855, Val Acc: 54.36% (Time: 35.0s)
[SO] Epoch 13/100 - Loss: 0.4549, Val Acc: 55.00% (Time: 35.3s)
[SO] Epoch 14/100 - Loss: 0.4323, Val Acc: 54.58% (Time: 33.6s)
[SO] Epoch 15/100 - Loss: 0.4304, Val Acc: 55.26% (Time: 36.9s)
[SO] Epoch 16/100 - Loss: 0.4079, Val Acc: 57.64% (Time: 33.3s)
[SO] Epoch 17/100 - Loss: 0.3849, Val Acc: 57.71% (Time: 31.6s)
[SO] Epoch 18/100 - Loss: 0.3751, Val Acc: 58.01% (Time: 34.0s)
[SO] Epoch 19/100 - Loss: 0.3538, Val Acc: 58.78% (Time: 33.8s)
[SO] Epoch 20/100 - Loss: 0.3359, Val Acc: 56.77% (Time: 34.2s)
[SO] Epoch 21/100 - Loss: 0.3301, Val Acc: 54.64% (Time: 30.8s)
[SO] Epoch 22/100 - Loss: 0.3092, Val Acc: 55.81% (Time: 33.6s)
[SO] Epoch 23/100 - Loss: 0.3020, Val Acc: 58.47% (Time: 34.6s)
[SO] Epoch 24/100 - Loss: 0.2816, Val Acc: 58.01% (Time: 32.5s)
[SO] Epoch 25/100 - Loss: 0.2763, Val Acc: 58.47% (Time: 34.1s)
[SO] Epoch 26/100 - Loss: 0.2535, Val Acc: 59.56% (Time: 34.1s)
[SO] Epoch 27/100 - Loss: 0.2529, Val Acc: 60.89% (Time: 31.3s)
[SO] Epoch 28/100 - Loss: 0.2483, Val Acc: 58.61% (Time: 36.2s)
[SO] Epoch 29/100 - Loss: 0.2434, Val Acc: 59.99% (Time: 33.7s)
[SO] Epoch 30/100 - Loss: 0.2090, Val Acc: 58.28% (Time: 33.5s)
[SO] Epoch 31/100 - Loss: 0.2108, Val Acc: 59.64% (Time: 30.6s)
[SO] Epoch 32/100 - Loss: 0.2017, Val Acc: 58.22% (Time: 33.6s)
[SO] Epoch 33/100 - Loss: 0.1971, Val Acc: 59.10% (Time: 33.5s)
[SO] Epoch 34/100 - Loss: 0.1798, Val Acc: 60.37% (Time: 30.6s)
[SO] Epoch 35/100 - Loss: 0.1805, Val Acc: 59.43% (Time: 33.7s)
[SO] Epoch 36/100 - Loss: 0.1710, Val Acc: 59.02% (Time: 35.6s)
[SO] Epoch 37/100 - Loss: 0.1562, Val Acc: 60.64% (Time: 32.2s)
[SO] Epoch 38/100 - Loss: 0.1590, Val Acc: 61.03% (Time: 36.6s)
[SO] Epoch 39/100 - Loss: 0.1505, Val Acc: 58.70% (Time: 34.0s)
[SO] Epoch 40/100 - Loss: 0.1293, Val Acc: 59.52% (Time: 33.8s)
[SO] Epoch 41/100 - Loss: 0.1338, Val Acc: 60.74% (Time: 30.3s)
[SO] Epoch 42/100 - Loss: 0.1287, Val Acc: 60.13% (Time: 33.7s)
[SO] Epoch 43/100 - Loss: 0.1215, Val Acc: 60.35% (Time: 33.3s)
[SO] Epoch 44/100 - Loss: 0.1165, Val Acc: 61.32% (Time: 30.6s)
[SO] Epoch 45/100 - Loss: 0.1116, Val Acc: 57.29% (Time: 36.6s)
[SO] Epoch 46/100 - Loss: 0.1060, Val Acc: 61.01% (Time: 37.5s)
[SO] Epoch 47/100 - Loss: 0.1114, Val Acc: 61.72% (Time: 35.1s)
[SO] Epoch 48/100 - Loss: 0.0994, Val Acc: 60.82% (Time: 37.9s)
[SO] Epoch 49/100 - Loss: 0.0931, Val Acc: 60.89% (Time: 37.3s)
[SO] Epoch 50/100 - Loss: 0.0838, Val Acc: 62.23% (Time: 38.4s)
[SO] Epoch 51/100 - Loss: 0.0831, Val Acc: 60.51% (Time: 33.1s)
[SO] Epoch 52/100 - Loss: 0.0872, Val Acc: 61.03% (Time: 33.8s)
[SO] Epoch 53/100 - Loss: 0.0773, Val Acc: 62.32% (Time: 38.0s)
[SO] Epoch 54/100 - Loss: 0.0694, Val Acc: 61.07% (Time: 32.6s)
[SO] Epoch 55/100 - Loss: 0.0687, Val Acc: 60.65% (Time: 37.5s)
[SO] Epoch 56/100 - Loss: 0.0602, Val Acc: 61.08% (Time: 35.6s)
[SO] Epoch 57/100 - Loss: 0.0592, Val Acc: 60.87% (Time: 34.2s)
[SO] Epoch 58/100 - Loss: 0.0524, Val Acc: 60.00% (Time: 35.8s)
[SO] Epoch 59/100 - Loss: 0.0527, Val Acc: 60.27% (Time: 37.7s)
[SO] Epoch 60/100 - Loss: 0.0493, Val Acc: 60.79% (Time: 35.7s)
[SO] Epoch 61/100 - Loss: 0.0470, Val Acc: 59.66% (Time: 30.7s)
[SO] Epoch 62/100 - Loss: 0.0458, Val Acc: 60.82% (Time: 33.7s)
[SO] Epoch 63/100 - Loss: 0.0439, Val Acc: 60.25% (Time: 33.4s)
[SO] Epoch 64/100 - Loss: 0.0387, Val Acc: 61.97% (Time: 30.3s)
[SO] Epoch 65/100 - Loss: 0.0367, Val Acc: 59.88% (Time: 34.4s)
[SO] Epoch 66/100 - Loss: 0.0342, Val Acc: 60.89% (Time: 33.7s)
[SO] Epoch 67/100 - Loss: 0.0296, Val Acc: 61.59% (Time: 32.6s)
[SO] Epoch 68/100 - Loss: 0.0337, Val Acc: 59.86% (Time: 37.3s)
[SO] Epoch 69/100 - Loss: 0.0295, Val Acc: 60.74% (Time: 36.6s)
[SO] Epoch 70/100 - Loss: 0.0271, Val Acc: 60.40% (Time: 35.1s)
[SO] Epoch 71/100 - Loss: 0.0270, Val Acc: 61.19% (Time: 33.8s)
[SO] Epoch 72/100 - Loss: 0.0269, Val Acc: 60.83% (Time: 36.3s)
[SO] Epoch 73/100 - Loss: 0.0202, Val Acc: 61.21% (Time: 34.4s)
[SO] Epoch 74/100 - Loss: 0.0212, Val Acc: 61.11% (Time: 31.2s)
[SO] Epoch 75/100 - Loss: 0.0205, Val Acc: 60.75% (Time: 33.4s)
[SO] Epoch 76/100 - Loss: 0.0154, Val Acc: 60.65% (Time: 36.6s)
[SO] Epoch 77/100 - Loss: 0.0200, Val Acc: 61.41% (Time: 30.7s)
[SO] Epoch 78/100 - Loss: 0.0156, Val Acc: 60.67% (Time: 34.7s)
[SO] Epoch 79/100 - Loss: 0.0169, Val Acc: 60.66% (Time: 33.9s)
[SO] Epoch 80/100 - Loss: 0.0154, Val Acc: 61.43% (Time: 34.6s)
[SO] Epoch 81/100 - Loss: 0.0115, Val Acc: 61.18% (Time: 30.5s)
[SO] Epoch 82/100 - Loss: 0.0154, Val Acc: 61.05% (Time: 37.6s)
[SO] Epoch 83/100 - Loss: 0.0104, Val Acc: 60.30% (Time: 37.2s)
[SO] Epoch 84/100 - Loss: 0.0092, Val Acc: 61.05% (Time: 33.3s)
[SO] Epoch 85/100 - Loss: 0.0107, Val Acc: 61.39% (Time: 37.7s)
[SO] Epoch 86/100 - Loss: 0.0090, Val Acc: 60.93% (Time: 35.7s)
[SO] Epoch 87/100 - Loss: 0.0104, Val Acc: 61.45% (Time: 30.8s)
[SO] Epoch 88/100 - Loss: 0.0087, Val Acc: 61.25% (Time: 35.0s)
[SO] Epoch 89/100 - Loss: 0.0092, Val Acc: 61.08% (Time: 33.3s)
[SO] Epoch 90/100 - Loss: 0.0080, Val Acc: 60.88% (Time: 33.0s)
[SO] Epoch 91/100 - Loss: 0.0092, Val Acc: 60.83% (Time: 31.3s)
[SO] Epoch 92/100 - Loss: 0.0085, Val Acc: 61.14% (Time: 33.4s)
[SO] Epoch 93/100 - Loss: 0.0081, Val Acc: 61.31% (Time: 33.3s)
[SO] Epoch 94/100 - Loss: 0.0083, Val Acc: 61.44% (Time: 30.4s)
[SO] Epoch 95/100 - Loss: 0.0078, Val Acc: 60.82% (Time: 33.3s)
[SO] Epoch 96/100 - Loss: 0.0073, Val Acc: 61.15% (Time: 33.4s)
[SO] Epoch 97/100 - Loss: 0.0077, Val Acc: 61.23% (Time: 32.6s)
[SO] Epoch 98/100 - Loss: 0.0063, Val Acc: 61.45% (Time: 36.9s)
[SO] Epoch 99/100 - Loss: 0.0078, Val Acc: 61.41% (Time: 35.5s)
[SO] Epoch 100/100 - Loss: 0.0080, Val Acc: 61.22% (Time: 33.7s)
wandb: updating run metadata
wandb: uploading output.log; uploading wandb-summary.json; uploading config.yaml
wandb: uploading output.log; uploading config.yaml
wandb: 
wandb: Run history:
wandb:        epoch ▁▁▁▂▂▂▂▂▂▂▃▃▃▃▃▄▄▄▄▄▅▅▅▅▅▅▆▆▆▆▆▇▇▇▇▇▇▇██
wandb: time/epoch_s ▄▇▆▇▆▃▅▄▃▂▄▄▁▅▃▄▄▁▄▆▄▇▅██▇▆▇▆▄▄▄▄▄▄▁▇▇▃▃
wandb:    train/acc ▁▃▄▄▄▅▅▅▅▆▆▆▆▆▇▇▇▇▇▇▇▇██████████████████
wandb:   train/loss █▇▇▆▆▄▃▃▃▃▃▃▃▂▂▂▂▂▂▂▂▂▁▁▁▁▁▁▁▁▁▁▁▁▁▁▁▁▁▁
wandb:      val/acc ▁▂▃▇▇█▇▇▇█▇▇██▇██████▇██▇███████████████
wandb: val/head_acc ▁▄▃▃▃▆▅▅▅▆▇▇▆▇▆▇▇▇█▇██▇▇▇██▇▇███████████
wandb:     val/loss ▆▃▂▃▃▂▁▃▂▂▃▂▃▃▂▃▄▃▃▃▄▅▅▅▅▆▆▆▇▇█▇█▇▇█▇███
wandb:  val/med_acc ▁▁▂▁▄▄▆▅▆▇█▅▇▆▇▇█▅▇▇▆▆█▇▆█▆▇▇▇▇▆▆▇▆▆▆▆▆▆
wandb: val/tail_acc ▁▁▁▁▁▁▁▁▁▁▁▁▁▁▁▁▁▁▁▁▁▁▁▁▁▁▁▁▁▁▁▁▁▁▁▁▁▁▁▁
wandb: 
wandb: Run summary:
wandb:        epoch 100
wandb: time/epoch_s 33.74367
wandb:    train/acc 99.79848
wandb:   train/loss 0.00798
wandb:      val/acc 61.22
wandb: val/head_acc 70.175
wandb:     val/loss 2.8559
wandb:  val/med_acc 25.4
wandb: val/tail_acc 0
wandb: 
wandb: 🚀 View run Ablation_SO_100ep at: https://wandb.ai/dcll-iiitd/Trinity-Ablation/runs/a5zzmpze
wandb: ⭐️ View project at: https://wandb.ai/dcll-iiitd/Trinity-Ablation
wandb: Synced 5 W&B file(s), 0 media file(s), 0 artifact file(s) and 0 other file(s)
wandb: Find logs at: ./wandb/run-20260904_135449-a5zzmpze/logs
