nohup: ignoring input
wandb: [wandb.login()] Loaded credentials for https://api.wandb.ai from /home/anant/.netrc.
wandb: Currently logged in as: anant-jain (dcll-iiitd) to https://api.wandb.ai. Use `wandb login --relogin` to force relogin
wandb: setting up run do7o152i
wandb: Tracking run with wandb version 0.29.0
wandb: Run data is saved locally in /home/anant/update-trinity/Trinity-opt-DSAA2026/wandb/run-20260909_065752-do7o152i
wandb: Run `wandb offline` to turn off syncing.
wandb: Syncing run adam
wandb: ⭐️ View project at https://wandb.ai/dcll-iiitd/transformer-trinity-optimizer-comparison-200-transformer
wandb: 🚀 View run at https://wandb.ai/dcll-iiitd/transformer-trinity-optimizer-comparison-200-transformer/runs/do7o152i
[*] Generated Long-Tailed CIFAR-10 (Imbalance: 0.01). Total train samples: 12406
[adam] Epoch 1/200 - Loss: 1.3405, Val Acc: 22.41%, Head: 28.01%, Med: 0.00%, Tail: 0.00%
[adam] Epoch 2/200 - Loss: 1.3505, Val Acc: 17.37%, Head: 21.71%, Med: 0.00%, Tail: 0.00%
[adam] Epoch 3/200 - Loss: 1.2333, Val Acc: 24.53%, Head: 30.66%, Med: 0.00%, Tail: 0.00%
[adam] Epoch 4/200 - Loss: 1.2049, Val Acc: 20.31%, Head: 25.39%, Med: 0.00%, Tail: 0.00%
[adam] Epoch 5/200 - Loss: 1.1853, Val Acc: 26.23%, Head: 32.79%, Med: 0.00%, Tail: 0.00%
[adam] Epoch 6/200 - Loss: 1.2192, Val Acc: 23.40%, Head: 29.25%, Med: 0.00%, Tail: 0.00%
[adam] Epoch 7/200 - Loss: 1.1911, Val Acc: 26.44%, Head: 33.05%, Med: 0.00%, Tail: 0.00%
[adam] Epoch 8/200 - Loss: 1.1569, Val Acc: 21.69%, Head: 27.11%, Med: 0.00%, Tail: 0.00%
[adam] Epoch 9/200 - Loss: 1.1442, Val Acc: 26.93%, Head: 33.66%, Med: 0.00%, Tail: 0.00%
[adam] Epoch 10/200 - Loss: 1.1044, Val Acc: 28.39%, Head: 35.49%, Med: 0.00%, Tail: 0.00%
[adam] Epoch 11/200 - Loss: 1.0899, Val Acc: 24.69%, Head: 30.86%, Med: 0.00%, Tail: 0.00%
[adam] Epoch 12/200 - Loss: 1.1024, Val Acc: 23.69%, Head: 29.61%, Med: 0.00%, Tail: 0.00%
[adam] Epoch 13/200 - Loss: 1.0833, Val Acc: 30.28%, Head: 37.85%, Med: 0.00%, Tail: 0.00%
[adam] Epoch 14/200 - Loss: 1.0595, Val Acc: 23.14%, Head: 28.93%, Med: 0.00%, Tail: 0.00%
[adam] Epoch 15/200 - Loss: 1.0536, Val Acc: 25.68%, Head: 32.10%, Med: 0.00%, Tail: 0.00%
[adam] Epoch 16/200 - Loss: 1.0247, Val Acc: 24.10%, Head: 30.12%, Med: 0.00%, Tail: 0.00%
[adam] Epoch 17/200 - Loss: 1.0178, Val Acc: 27.62%, Head: 34.52%, Med: 0.00%, Tail: 0.00%
[adam] Epoch 18/200 - Loss: 1.0133, Val Acc: 25.55%, Head: 31.94%, Med: 0.00%, Tail: 0.00%
[adam] Epoch 19/200 - Loss: 1.0157, Val Acc: 28.32%, Head: 35.40%, Med: 0.00%, Tail: 0.00%
[adam] Epoch 20/200 - Loss: 1.0000, Val Acc: 25.68%, Head: 32.10%, Med: 0.00%, Tail: 0.00%
[adam] Epoch 21/200 - Loss: 0.9982, Val Acc: 26.33%, Head: 32.91%, Med: 0.00%, Tail: 0.00%
[adam] Epoch 22/200 - Loss: 0.9886, Val Acc: 31.40%, Head: 39.25%, Med: 0.00%, Tail: 0.00%
[adam] Epoch 23/200 - Loss: 0.9865, Val Acc: 29.34%, Head: 36.67%, Med: 0.00%, Tail: 0.00%
[adam] Epoch 24/200 - Loss: 0.9581, Val Acc: 26.81%, Head: 33.51%, Med: 0.00%, Tail: 0.00%
[adam] Epoch 25/200 - Loss: 0.9573, Val Acc: 26.56%, Head: 33.20%, Med: 0.00%, Tail: 0.00%
[adam] Epoch 26/200 - Loss: 0.9395, Val Acc: 30.41%, Head: 38.01%, Med: 0.00%, Tail: 0.00%
[adam] Epoch 27/200 - Loss: 0.9321, Val Acc: 30.36%, Head: 37.95%, Med: 0.00%, Tail: 0.00%
[adam] Epoch 28/200 - Loss: 0.9400, Val Acc: 28.56%, Head: 35.70%, Med: 0.00%, Tail: 0.00%
[adam] Epoch 29/200 - Loss: 0.9368, Val Acc: 29.92%, Head: 37.40%, Med: 0.00%, Tail: 0.00%
[adam] Epoch 30/200 - Loss: 0.9210, Val Acc: 32.13%, Head: 40.16%, Med: 0.00%, Tail: 0.00%
[adam] Epoch 31/200 - Loss: 0.9151, Val Acc: 31.14%, Head: 38.92%, Med: 0.00%, Tail: 0.00%
[adam] Epoch 32/200 - Loss: 0.9074, Val Acc: 28.54%, Head: 35.67%, Med: 0.00%, Tail: 0.00%
[adam] Epoch 33/200 - Loss: 0.8991, Val Acc: 30.99%, Head: 38.74%, Med: 0.00%, Tail: 0.00%
[adam] Epoch 34/200 - Loss: 0.8932, Val Acc: 34.12%, Head: 42.65%, Med: 0.00%, Tail: 0.00%
[adam] Epoch 35/200 - Loss: 0.8804, Val Acc: 33.17%, Head: 41.46%, Med: 0.00%, Tail: 0.00%
[adam] Epoch 36/200 - Loss: 0.8875, Val Acc: 31.81%, Head: 39.76%, Med: 0.00%, Tail: 0.00%
[adam] Epoch 37/200 - Loss: 0.8800, Val Acc: 32.24%, Head: 40.30%, Med: 0.00%, Tail: 0.00%
[adam] Epoch 38/200 - Loss: 0.8751, Val Acc: 31.77%, Head: 39.71%, Med: 0.00%, Tail: 0.00%
[adam] Epoch 39/200 - Loss: 0.8639, Val Acc: 34.40%, Head: 43.00%, Med: 0.00%, Tail: 0.00%
[adam] Epoch 40/200 - Loss: 0.8561, Val Acc: 31.31%, Head: 39.14%, Med: 0.00%, Tail: 0.00%
[adam] Epoch 41/200 - Loss: 0.8510, Val Acc: 33.88%, Head: 42.35%, Med: 0.00%, Tail: 0.00%
[adam] Epoch 42/200 - Loss: 0.8456, Val Acc: 32.98%, Head: 41.23%, Med: 0.00%, Tail: 0.00%
[adam] Epoch 43/200 - Loss: 0.8523, Val Acc: 32.44%, Head: 40.55%, Med: 0.00%, Tail: 0.00%
[adam] Epoch 44/200 - Loss: 0.8216, Val Acc: 34.64%, Head: 43.12%, Med: 0.70%, Tail: 0.00%
[adam] Epoch 45/200 - Loss: 0.8267, Val Acc: 32.94%, Head: 41.17%, Med: 0.00%, Tail: 0.00%
[adam] Epoch 46/200 - Loss: 0.8190, Val Acc: 35.11%, Head: 43.89%, Med: 0.00%, Tail: 0.00%
[adam] Epoch 47/200 - Loss: 0.8170, Val Acc: 36.37%, Head: 45.46%, Med: 0.00%, Tail: 0.00%
[adam] Epoch 48/200 - Loss: 0.8128, Val Acc: 30.45%, Head: 38.06%, Med: 0.00%, Tail: 0.00%
[adam] Epoch 49/200 - Loss: 0.7931, Val Acc: 36.47%, Head: 45.56%, Med: 0.10%, Tail: 0.00%
[adam] Epoch 50/200 - Loss: 0.7921, Val Acc: 35.09%, Head: 43.77%, Med: 0.35%, Tail: 0.00%
[adam] Epoch 51/200 - Loss: 0.7892, Val Acc: 36.60%, Head: 45.70%, Med: 0.20%, Tail: 0.00%
[adam] Epoch 52/200 - Loss: 0.7843, Val Acc: 36.96%, Head: 46.19%, Med: 0.05%, Tail: 0.00%
[adam] Epoch 53/200 - Loss: 0.7804, Val Acc: 36.30%, Head: 45.33%, Med: 0.20%, Tail: 0.00%
[adam] Epoch 54/200 - Loss: 0.7714, Val Acc: 39.77%, Head: 49.12%, Med: 2.35%, Tail: 0.00%
[adam] Epoch 55/200 - Loss: 0.7597, Val Acc: 34.76%, Head: 43.39%, Med: 0.25%, Tail: 0.00%
[adam] Epoch 56/200 - Loss: 0.7626, Val Acc: 38.69%, Head: 47.84%, Med: 2.10%, Tail: 0.00%
[adam] Epoch 57/200 - Loss: 0.7631, Val Acc: 37.89%, Head: 47.30%, Med: 0.25%, Tail: 0.00%
[adam] Epoch 58/200 - Loss: 0.7596, Val Acc: 39.02%, Head: 48.50%, Med: 1.10%, Tail: 0.00%
[adam] Epoch 59/200 - Loss: 0.7447, Val Acc: 36.91%, Head: 46.04%, Med: 0.40%, Tail: 0.00%
[adam] Epoch 60/200 - Loss: 0.7446, Val Acc: 41.03%, Head: 50.85%, Med: 1.75%, Tail: 0.00%
[adam] Epoch 61/200 - Loss: 0.7394, Val Acc: 36.68%, Head: 45.42%, Med: 1.70%, Tail: 0.00%
[adam] Epoch 62/200 - Loss: 0.7248, Val Acc: 36.65%, Head: 45.60%, Med: 0.85%, Tail: 0.00%
[adam] Epoch 63/200 - Loss: 0.7254, Val Acc: 38.95%, Head: 47.73%, Med: 3.85%, Tail: 0.00%
[adam] Epoch 64/200 - Loss: 0.7187, Val Acc: 41.68%, Head: 50.64%, Med: 5.85%, Tail: 0.00%
[adam] Epoch 65/200 - Loss: 0.7187, Val Acc: 39.94%, Head: 49.42%, Med: 2.00%, Tail: 0.00%
[adam] Epoch 66/200 - Loss: 0.7057, Val Acc: 42.46%, Head: 52.42%, Med: 2.60%, Tail: 0.00%
[adam] Epoch 67/200 - Loss: 0.7031, Val Acc: 40.44%, Head: 49.80%, Med: 3.00%, Tail: 0.00%
[adam] Epoch 68/200 - Loss: 0.6913, Val Acc: 40.45%, Head: 50.20%, Med: 1.45%, Tail: 0.00%
[adam] Epoch 69/200 - Loss: 0.6993, Val Acc: 42.67%, Head: 52.99%, Med: 1.40%, Tail: 0.00%
[adam] Epoch 70/200 - Loss: 0.6842, Val Acc: 42.79%, Head: 52.75%, Med: 2.95%, Tail: 0.00%
[adam] Epoch 71/200 - Loss: 0.6840, Val Acc: 40.12%, Head: 49.44%, Med: 2.85%, Tail: 0.00%
[adam] Epoch 72/200 - Loss: 0.6763, Val Acc: 43.37%, Head: 53.36%, Med: 3.40%, Tail: 0.00%
[adam] Epoch 73/200 - Loss: 0.6715, Val Acc: 38.94%, Head: 47.88%, Med: 3.20%, Tail: 0.00%
[adam] Epoch 74/200 - Loss: 0.6704, Val Acc: 41.28%, Head: 51.06%, Med: 2.15%, Tail: 0.00%
[adam] Epoch 75/200 - Loss: 0.6682, Val Acc: 43.84%, Head: 53.41%, Med: 5.55%, Tail: 0.00%
[adam] Epoch 76/200 - Loss: 0.6605, Val Acc: 41.89%, Head: 51.76%, Med: 2.40%, Tail: 0.00%
[adam] Epoch 77/200 - Loss: 0.6571, Val Acc: 40.79%, Head: 49.69%, Med: 5.20%, Tail: 0.00%
[adam] Epoch 78/200 - Loss: 0.6411, Val Acc: 43.73%, Head: 53.89%, Med: 3.10%, Tail: 0.00%
[adam] Epoch 79/200 - Loss: 0.6460, Val Acc: 43.33%, Head: 53.76%, Med: 1.60%, Tail: 0.00%
[adam] Epoch 80/200 - Loss: 0.6417, Val Acc: 42.34%, Head: 52.66%, Med: 1.05%, Tail: 0.00%
[adam] Epoch 81/200 - Loss: 0.6434, Val Acc: 42.34%, Head: 52.14%, Med: 3.15%, Tail: 0.00%
[adam] Epoch 82/200 - Loss: 0.6301, Val Acc: 43.67%, Head: 53.60%, Med: 3.95%, Tail: 0.00%
[adam] Epoch 83/200 - Loss: 0.6257, Val Acc: 45.00%, Head: 54.45%, Med: 7.20%, Tail: 0.00%
[adam] Epoch 84/200 - Loss: 0.6288, Val Acc: 44.83%, Head: 55.20%, Med: 3.35%, Tail: 0.00%
[adam] Epoch 85/200 - Loss: 0.6110, Val Acc: 43.65%, Head: 53.17%, Med: 5.55%, Tail: 0.00%
[adam] Epoch 86/200 - Loss: 0.6185, Val Acc: 41.95%, Head: 51.96%, Med: 1.90%, Tail: 0.00%
[adam] Epoch 87/200 - Loss: 0.6061, Val Acc: 46.07%, Head: 55.91%, Med: 6.70%, Tail: 0.00%
[adam] Epoch 88/200 - Loss: 0.6064, Val Acc: 44.65%, Head: 54.77%, Med: 4.15%, Tail: 0.00%
[adam] Epoch 89/200 - Loss: 0.6042, Val Acc: 41.95%, Head: 51.05%, Med: 5.55%, Tail: 0.00%
[adam] Epoch 90/200 - Loss: 0.5992, Val Acc: 42.37%, Head: 52.46%, Med: 2.00%, Tail: 0.00%
[adam] Epoch 91/200 - Loss: 0.5842, Val Acc: 42.40%, Head: 52.40%, Med: 2.40%, Tail: 0.00%
[adam] Epoch 92/200 - Loss: 0.5852, Val Acc: 43.45%, Head: 53.50%, Med: 3.25%, Tail: 0.00%
[adam] Epoch 93/200 - Loss: 0.5836, Val Acc: 45.15%, Head: 55.10%, Med: 5.35%, Tail: 0.00%
[adam] Epoch 94/200 - Loss: 0.5811, Val Acc: 44.05%, Head: 54.74%, Med: 1.30%, Tail: 0.00%
[adam] Epoch 95/200 - Loss: 0.5765, Val Acc: 42.94%, Head: 53.23%, Med: 1.80%, Tail: 0.00%
[adam] Epoch 96/200 - Loss: 0.5651, Val Acc: 46.61%, Head: 55.81%, Med: 9.80%, Tail: 0.00%
[adam] Epoch 97/200 - Loss: 0.5704, Val Acc: 42.99%, Head: 52.75%, Med: 3.95%, Tail: 0.00%
[adam] Epoch 98/200 - Loss: 0.5551, Val Acc: 47.02%, Head: 56.40%, Med: 9.50%, Tail: 0.00%
[adam] Epoch 99/200 - Loss: 0.5560, Val Acc: 45.75%, Head: 55.85%, Med: 5.35%, Tail: 0.00%
[adam] Epoch 100/200 - Loss: 0.5547, Val Acc: 43.79%, Head: 53.45%, Med: 5.15%, Tail: 0.00%
[adam] Epoch 101/200 - Loss: 0.5480, Val Acc: 43.89%, Head: 53.31%, Med: 6.20%, Tail: 0.00%
[adam] Epoch 102/200 - Loss: 0.5358, Val Acc: 47.58%, Head: 57.60%, Med: 7.50%, Tail: 0.00%
[adam] Epoch 103/200 - Loss: 0.5420, Val Acc: 47.19%, Head: 55.40%, Med: 14.35%, Tail: 0.00%
[adam] Epoch 104/200 - Loss: 0.5287, Val Acc: 45.09%, Head: 54.14%, Med: 8.90%, Tail: 0.00%
[adam] Epoch 105/200 - Loss: 0.5270, Val Acc: 48.11%, Head: 58.12%, Med: 8.05%, Tail: 0.00%
[adam] Epoch 106/200 - Loss: 0.5343, Val Acc: 45.17%, Head: 54.19%, Med: 9.10%, Tail: 0.00%
[adam] Epoch 107/200 - Loss: 0.5239, Val Acc: 43.37%, Head: 52.21%, Med: 8.00%, Tail: 0.00%
[adam] Epoch 108/200 - Loss: 0.5194, Val Acc: 47.14%, Head: 57.35%, Med: 6.30%, Tail: 0.00%
[adam] Epoch 109/200 - Loss: 0.5182, Val Acc: 48.93%, Head: 58.27%, Med: 11.55%, Tail: 0.00%
[adam] Epoch 110/200 - Loss: 0.5035, Val Acc: 47.65%, Head: 57.19%, Med: 9.50%, Tail: 0.00%
[adam] Epoch 111/200 - Loss: 0.4981, Val Acc: 47.55%, Head: 56.96%, Med: 9.90%, Tail: 0.00%
[adam] Epoch 112/200 - Loss: 0.4954, Val Acc: 47.34%, Head: 55.08%, Med: 16.40%, Tail: 0.00%
[adam] Epoch 113/200 - Loss: 0.4838, Val Acc: 46.47%, Head: 56.11%, Med: 7.90%, Tail: 0.00%
[adam] Epoch 114/200 - Loss: 0.4920, Val Acc: 47.15%, Head: 56.48%, Med: 9.85%, Tail: 0.00%
[adam] Epoch 115/200 - Loss: 0.4866, Val Acc: 48.33%, Head: 58.15%, Med: 9.05%, Tail: 0.00%
[adam] Epoch 116/200 - Loss: 0.4835, Val Acc: 46.19%, Head: 55.48%, Med: 9.05%, Tail: 0.00%
[adam] Epoch 117/200 - Loss: 0.4670, Val Acc: 46.21%, Head: 55.09%, Med: 10.70%, Tail: 0.00%
[adam] Epoch 118/200 - Loss: 0.4628, Val Acc: 49.49%, Head: 59.36%, Med: 10.00%, Tail: 0.00%
[adam] Epoch 119/200 - Loss: 0.4680, Val Acc: 45.85%, Head: 55.10%, Med: 8.85%, Tail: 0.00%
[adam] Epoch 120/200 - Loss: 0.4532, Val Acc: 50.21%, Head: 58.06%, Med: 18.80%, Tail: 0.00%
[adam] Epoch 121/200 - Loss: 0.4450, Val Acc: 49.48%, Head: 58.35%, Med: 14.00%, Tail: 0.00%
[adam] Epoch 122/200 - Loss: 0.4523, Val Acc: 48.82%, Head: 57.36%, Med: 14.65%, Tail: 0.00%
[adam] Epoch 123/200 - Loss: 0.4432, Val Acc: 49.43%, Head: 57.23%, Med: 18.25%, Tail: 0.00%
[adam] Epoch 124/200 - Loss: 0.4408, Val Acc: 47.86%, Head: 56.40%, Med: 13.70%, Tail: 0.00%
[adam] Epoch 125/200 - Loss: 0.4331, Val Acc: 49.60%, Head: 57.88%, Med: 16.50%, Tail: 0.00%
[adam] Epoch 126/200 - Loss: 0.4356, Val Acc: 48.60%, Head: 57.15%, Med: 14.40%, Tail: 0.00%
[adam] Epoch 127/200 - Loss: 0.4251, Val Acc: 47.28%, Head: 56.29%, Med: 11.25%, Tail: 0.00%
[adam] Epoch 128/200 - Loss: 0.4121, Val Acc: 47.52%, Head: 55.84%, Med: 14.25%, Tail: 0.00%
[adam] Epoch 129/200 - Loss: 0.4085, Val Acc: 48.59%, Head: 57.45%, Med: 13.15%, Tail: 0.00%
[adam] Epoch 130/200 - Loss: 0.4118, Val Acc: 47.73%, Head: 56.05%, Med: 14.45%, Tail: 0.00%
[adam] Epoch 131/200 - Loss: 0.4014, Val Acc: 47.05%, Head: 56.94%, Med: 7.50%, Tail: 0.00%
[adam] Epoch 132/200 - Loss: 0.4039, Val Acc: 48.54%, Head: 57.58%, Med: 12.40%, Tail: 0.00%
[adam] Epoch 133/200 - Loss: 0.3986, Val Acc: 47.04%, Head: 55.99%, Med: 11.25%, Tail: 0.00%
[adam] Epoch 134/200 - Loss: 0.3838, Val Acc: 48.00%, Head: 56.76%, Med: 12.95%, Tail: 0.00%
[adam] Epoch 135/200 - Loss: 0.3915, Val Acc: 48.46%, Head: 57.44%, Med: 12.55%, Tail: 0.00%
[adam] Epoch 136/200 - Loss: 0.3801, Val Acc: 47.28%, Head: 56.90%, Med: 8.80%, Tail: 0.00%
[adam] Epoch 137/200 - Loss: 0.3756, Val Acc: 46.91%, Head: 56.40%, Med: 8.95%, Tail: 0.00%
[adam] Epoch 138/200 - Loss: 0.3722, Val Acc: 49.80%, Head: 58.38%, Med: 15.50%, Tail: 0.00%
[adam] Epoch 139/200 - Loss: 0.3640, Val Acc: 48.78%, Head: 57.60%, Med: 13.50%, Tail: 0.00%
[adam] Epoch 140/200 - Loss: 0.3610, Val Acc: 49.51%, Head: 58.16%, Med: 14.90%, Tail: 0.00%
[adam] Epoch 141/200 - Loss: 0.3523, Val Acc: 48.04%, Head: 57.26%, Med: 11.15%, Tail: 0.00%
[adam] Epoch 142/200 - Loss: 0.3591, Val Acc: 46.98%, Head: 56.35%, Med: 9.50%, Tail: 0.00%
[adam] Epoch 143/200 - Loss: 0.3442, Val Acc: 49.65%, Head: 57.67%, Med: 17.55%, Tail: 0.00%
[adam] Epoch 144/200 - Loss: 0.3437, Val Acc: 49.01%, Head: 57.92%, Med: 13.35%, Tail: 0.00%
[adam] Epoch 145/200 - Loss: 0.3360, Val Acc: 47.45%, Head: 56.08%, Med: 12.95%, Tail: 0.00%
[adam] Epoch 146/200 - Loss: 0.3392, Val Acc: 47.60%, Head: 56.40%, Med: 12.40%, Tail: 0.00%
[adam] Epoch 147/200 - Loss: 0.3288, Val Acc: 48.33%, Head: 57.20%, Med: 12.85%, Tail: 0.00%
[adam] Epoch 148/200 - Loss: 0.3229, Val Acc: 48.45%, Head: 57.81%, Med: 11.00%, Tail: 0.00%
[adam] Epoch 149/200 - Loss: 0.3214, Val Acc: 48.38%, Head: 57.59%, Med: 11.55%, Tail: 0.00%
[adam] Epoch 150/200 - Loss: 0.3114, Val Acc: 47.91%, Head: 56.23%, Med: 14.65%, Tail: 0.00%
[adam] Epoch 151/200 - Loss: 0.3135, Val Acc: 47.94%, Head: 56.76%, Med: 12.65%, Tail: 0.00%
[adam] Epoch 152/200 - Loss: 0.3053, Val Acc: 47.73%, Head: 56.79%, Med: 11.50%, Tail: 0.00%
[adam] Epoch 153/200 - Loss: 0.2931, Val Acc: 48.45%, Head: 56.38%, Med: 16.75%, Tail: 0.00%
[adam] Epoch 154/200 - Loss: 0.2934, Val Acc: 48.27%, Head: 57.95%, Med: 9.55%, Tail: 0.00%
[adam] Epoch 155/200 - Loss: 0.2982, Val Acc: 48.06%, Head: 55.96%, Med: 16.45%, Tail: 0.00%
[adam] Epoch 156/200 - Loss: 0.2962, Val Acc: 48.50%, Head: 57.04%, Med: 14.35%, Tail: 0.00%
[adam] Epoch 157/200 - Loss: 0.2945, Val Acc: 49.06%, Head: 57.40%, Med: 15.70%, Tail: 0.00%
[adam] Epoch 158/200 - Loss: 0.2748, Val Acc: 48.22%, Head: 57.35%, Med: 11.70%, Tail: 0.00%
[adam] Epoch 159/200 - Loss: 0.2736, Val Acc: 48.68%, Head: 57.19%, Med: 14.65%, Tail: 0.00%
[adam] Epoch 160/200 - Loss: 0.2784, Val Acc: 48.21%, Head: 56.99%, Med: 13.10%, Tail: 0.00%
[adam] Epoch 161/200 - Loss: 0.2704, Val Acc: 48.30%, Head: 57.51%, Med: 11.45%, Tail: 0.00%
[adam] Epoch 162/200 - Loss: 0.2696, Val Acc: 48.52%, Head: 56.79%, Med: 15.45%, Tail: 0.00%
[adam] Epoch 163/200 - Loss: 0.2613, Val Acc: 48.75%, Head: 57.45%, Med: 13.95%, Tail: 0.00%
[adam] Epoch 164/200 - Loss: 0.2541, Val Acc: 48.31%, Head: 57.15%, Med: 12.95%, Tail: 0.00%
[adam] Epoch 165/200 - Loss: 0.2498, Val Acc: 47.68%, Head: 56.51%, Med: 12.35%, Tail: 0.00%
[adam] Epoch 166/200 - Loss: 0.2524, Val Acc: 48.97%, Head: 57.69%, Med: 14.10%, Tail: 0.00%
[adam] Epoch 167/200 - Loss: 0.2465, Val Acc: 48.98%, Head: 57.61%, Med: 14.45%, Tail: 0.00%
[adam] Epoch 168/200 - Loss: 0.2453, Val Acc: 48.88%, Head: 57.41%, Med: 14.75%, Tail: 0.00%
[adam] Epoch 169/200 - Loss: 0.2474, Val Acc: 48.96%, Head: 57.29%, Med: 15.65%, Tail: 0.00%
[adam] Epoch 170/200 - Loss: 0.2425, Val Acc: 47.90%, Head: 57.12%, Med: 11.00%, Tail: 0.00%
[adam] Epoch 171/200 - Loss: 0.2437, Val Acc: 48.26%, Head: 57.36%, Med: 11.85%, Tail: 0.00%
[adam] Epoch 172/200 - Loss: 0.2260, Val Acc: 48.35%, Head: 56.98%, Med: 13.85%, Tail: 0.00%
[adam] Epoch 173/200 - Loss: 0.2320, Val Acc: 48.37%, Head: 57.02%, Med: 13.75%, Tail: 0.00%
[adam] Epoch 174/200 - Loss: 0.2333, Val Acc: 48.70%, Head: 57.44%, Med: 13.75%, Tail: 0.00%
[adam] Epoch 175/200 - Loss: 0.2226, Val Acc: 48.06%, Head: 56.98%, Med: 12.40%, Tail: 0.00%
[adam] Epoch 176/200 - Loss: 0.2331, Val Acc: 48.33%, Head: 57.23%, Med: 12.75%, Tail: 0.00%
[adam] Epoch 177/200 - Loss: 0.2250, Val Acc: 48.48%, Head: 57.09%, Med: 14.05%, Tail: 0.00%
[adam] Epoch 178/200 - Loss: 0.2244, Val Acc: 48.27%, Head: 56.76%, Med: 14.30%, Tail: 0.00%
[adam] Epoch 179/200 - Loss: 0.2262, Val Acc: 47.86%, Head: 56.45%, Med: 13.50%, Tail: 0.00%
[adam] Epoch 180/200 - Loss: 0.2126, Val Acc: 48.69%, Head: 56.96%, Med: 15.60%, Tail: 0.00%
[adam] Epoch 181/200 - Loss: 0.2227, Val Acc: 47.93%, Head: 56.45%, Med: 13.85%, Tail: 0.00%
[adam] Epoch 182/200 - Loss: 0.2123, Val Acc: 48.57%, Head: 57.09%, Med: 14.50%, Tail: 0.00%
[adam] Epoch 183/200 - Loss: 0.2131, Val Acc: 48.12%, Head: 56.67%, Med: 13.90%, Tail: 0.00%
[adam] Epoch 184/200 - Loss: 0.2139, Val Acc: 48.49%, Head: 57.19%, Med: 13.70%, Tail: 0.00%
[adam] Epoch 185/200 - Loss: 0.2142, Val Acc: 48.19%, Head: 56.88%, Med: 13.45%, Tail: 0.00%
[adam] Epoch 186/200 - Loss: 0.2087, Val Acc: 48.03%, Head: 56.66%, Med: 13.50%, Tail: 0.00%
[adam] Epoch 187/200 - Loss: 0.2060, Val Acc: 48.62%, Head: 57.30%, Med: 13.90%, Tail: 0.00%
[adam] Epoch 188/200 - Loss: 0.2133, Val Acc: 48.63%, Head: 57.25%, Med: 14.15%, Tail: 0.00%
[adam] Epoch 189/200 - Loss: 0.2029, Val Acc: 48.20%, Head: 56.86%, Med: 13.55%, Tail: 0.00%
[adam] Epoch 190/200 - Loss: 0.2041, Val Acc: 48.59%, Head: 57.17%, Med: 14.25%, Tail: 0.00%
[adam] Epoch 191/200 - Loss: 0.2058, Val Acc: 48.48%, Head: 57.14%, Med: 13.85%, Tail: 0.00%
[adam] Epoch 192/200 - Loss: 0.2110, Val Acc: 48.51%, Head: 57.10%, Med: 14.15%, Tail: 0.00%
[adam] Epoch 193/200 - Loss: 0.2010, Val Acc: 48.51%, Head: 57.19%, Med: 13.80%, Tail: 0.00%
[adam] Epoch 194/200 - Loss: 0.2002, Val Acc: 48.39%, Head: 57.00%, Med: 13.95%, Tail: 0.00%
[adam] Epoch 195/200 - Loss: 0.2063, Val Acc: 48.33%, Head: 56.94%, Med: 13.90%, Tail: 0.00%
[adam] Epoch 196/200 - Loss: 0.2011, Val Acc: 48.37%, Head: 56.95%, Med: 14.05%, Tail: 0.00%
[adam] Epoch 197/200 - Loss: 0.1913, Val Acc: 48.24%, Head: 56.84%, Med: 13.85%, Tail: 0.00%
[adam] Epoch 198/200 - Loss: 0.2013, Val Acc: 48.32%, Head: 56.94%, Med: 13.85%, Tail: 0.00%
[adam] Epoch 199/200 - Loss: 0.2030, Val Acc: 48.32%, Head: 56.95%, Med: 13.80%, Tail: 0.00%
wandb: updating run metadata
wandb: uploading output.log; uploading wandb-summary.json; uploading config.yaml
wandb: uploading history steps 199-199, summary, console lines 199-199
wandb: 
wandb: Run history:
wandb:        epoch ▁▁▁▁▁▁▁▂▂▃▃▃▃▃▄▄▄▄▄▄▄▄▅▅▅▅▅▆▆▆▆▆▇▇▇▇████
wandb:    train/acc ▁▂▁▂▃▃▄▄▄▄▅▅▅▅▅▅▅▆▆▆▆▆▆▇▇▇▇▇▇▇██████████
wandb:   train/loss █▇▇▆▆▆▆▅▅▅▅▅▄▄▄▃▃▃▃▃▃▃▃▃▃▂▂▂▂▂▂▂▁▁▁▁▁▁▁▁
wandb:      val/acc ▁▃▄▃▄▄▄▅▄▄▅▅▅▅▆▇▆▇▇▇▇▇▇███▇█████████████
wandb: val/head_acc ▁▂▁▂▂▄▄▅▅▅▅▆▇▇▇▇▆▇▇▇█▇▇█▇████▇██████████
wandb:     val/loss ▇███▆▇▅▅▄▄▂▄▂▁▂▂▁▂▂▁▂▃▂▃▁▂▃▂▃▄▄▅▅▅▅▅▅▆▆▆
wandb:  val/med_acc ▁▁▁▁▁▁▁▁▁▁▂▁▂▂▃▂▂▃▃▂▇▅▄▆▅▆▄▅▇▇▆█▇█▆▇▇▇▇▇
wandb: val/tail_acc ▁▁▁▁▁▁▁▁▁▁▁▁▁▁▁▁▁▁▁▁▁▁▁▁▁▁▁▁▁▁▁▁▁▁▁▁▁▁▁▁
wandb: 
wandb: Run summary:
wandb:        epoch 200
wandb:    train/acc 92.87442
wandb:   train/loss 0.1996
wandb:      val/acc 48.32
wandb: val/head_acc 56.9375
wandb:     val/loss 2.47026
wandb:  val/med_acc 13.85
wandb: val/tail_acc 0
wandb: 
wandb: 🚀 View run adam at: https://wandb.ai/dcll-iiitd/transformer-trinity-optimizer-comparison-200-transformer/runs/do7o152i
wandb: ⭐️ View project at: https://wandb.ai/dcll-iiitd/transformer-trinity-optimizer-comparison-200-transformer
wandb: Synced 5 W&B file(s), 0 media file(s), 0 artifact file(s) and 0 other file(s)
wandb: Find logs at: ./wandb/run-20260909_065752-do7o152i/logs
[adam] Epoch 200/200 - Loss: 0.1996, Val Acc: 48.32%, Head: 56.94%, Med: 13.85%, Tail: 0.00%
