nohup: ignoring input
wandb: [wandb.login()] Loaded credentials for https://api.wandb.ai from /home/anant/.netrc.
wandb: Currently logged in as: anant-jain (dcll-iiitd) to https://api.wandb.ai. Use `wandb login --relogin` to force relogin
wandb: setting up run s7knrlz7
wandb: Tracking run with wandb version 0.29.0
wandb: Run data is saved locally in /home/anant/update-trinity/Trinity-opt-DSAA2026/wandb/run-20260909_024022-s7knrlz7
wandb: Run `wandb offline` to turn off syncing.
wandb: Syncing run adam
wandb: ⭐️ View project at https://wandb.ai/dcll-iiitd/trinity-optimizer-comparison-200-resnet18
wandb: 🚀 View run at https://wandb.ai/dcll-iiitd/trinity-optimizer-comparison-200-resnet18/runs/s7knrlz7
[*] Generated Long-Tailed CIFAR-10 (Imbalance: 0.01). Total train samples: 12406
[adam] Epoch 1/200 - Loss: 1.2508, Val Acc: 27.90%, Head: 34.88%, Med: 0.00%, Tail: 0.00%
[adam] Epoch 2/200 - Loss: 1.0111, Val Acc: 27.35%, Head: 34.19%, Med: 0.00%, Tail: 0.00%
[adam] Epoch 3/200 - Loss: 0.9413, Val Acc: 32.40%, Head: 40.50%, Med: 0.00%, Tail: 0.00%
[adam] Epoch 4/200 - Loss: 0.8479, Val Acc: 35.99%, Head: 44.99%, Med: 0.00%, Tail: 0.00%
[adam] Epoch 5/200 - Loss: 0.8139, Val Acc: 34.78%, Head: 43.42%, Med: 0.20%, Tail: 0.00%
[adam] Epoch 6/200 - Loss: 0.7683, Val Acc: 39.14%, Head: 48.92%, Med: 0.00%, Tail: 0.00%
[adam] Epoch 7/200 - Loss: 0.7376, Val Acc: 37.32%, Head: 46.64%, Med: 0.05%, Tail: 0.00%
[adam] Epoch 8/200 - Loss: 0.7119, Val Acc: 41.83%, Head: 52.29%, Med: 0.00%, Tail: 0.00%
[adam] Epoch 9/200 - Loss: 0.6870, Val Acc: 39.13%, Head: 48.91%, Med: 0.00%, Tail: 0.00%
[adam] Epoch 10/200 - Loss: 0.6584, Val Acc: 38.20%, Head: 47.75%, Med: 0.00%, Tail: 0.00%
[adam] Epoch 11/200 - Loss: 0.6303, Val Acc: 42.70%, Head: 53.36%, Med: 0.05%, Tail: 0.00%
[adam] Epoch 12/200 - Loss: 0.6188, Val Acc: 47.37%, Head: 59.21%, Med: 0.00%, Tail: 0.00%
[adam] Epoch 13/200 - Loss: 0.5937, Val Acc: 40.88%, Head: 50.89%, Med: 0.85%, Tail: 0.00%
[adam] Epoch 14/200 - Loss: 0.5771, Val Acc: 45.24%, Head: 56.30%, Med: 1.00%, Tail: 0.00%
[adam] Epoch 15/200 - Loss: 0.5521, Val Acc: 45.98%, Head: 56.51%, Med: 3.85%, Tail: 0.00%
[adam] Epoch 16/200 - Loss: 0.5317, Val Acc: 48.74%, Head: 60.33%, Med: 2.40%, Tail: 0.00%
[adam] Epoch 17/200 - Loss: 0.5212, Val Acc: 44.30%, Head: 54.96%, Med: 1.65%, Tail: 0.00%
[adam] Epoch 18/200 - Loss: 0.5151, Val Acc: 48.51%, Head: 60.17%, Med: 1.85%, Tail: 0.00%
[adam] Epoch 19/200 - Loss: 0.4947, Val Acc: 45.68%, Head: 56.61%, Med: 1.95%, Tail: 0.00%
[adam] Epoch 20/200 - Loss: 0.4805, Val Acc: 49.67%, Head: 59.58%, Med: 10.05%, Tail: 0.00%
[adam] Epoch 21/200 - Loss: 0.4747, Val Acc: 53.22%, Head: 64.36%, Med: 8.65%, Tail: 0.00%
[adam] Epoch 22/200 - Loss: 0.4550, Val Acc: 52.42%, Head: 62.12%, Med: 13.60%, Tail: 0.00%
[adam] Epoch 23/200 - Loss: 0.4540, Val Acc: 50.46%, Head: 60.51%, Med: 10.25%, Tail: 0.00%
[adam] Epoch 24/200 - Loss: 0.4250, Val Acc: 51.79%, Head: 63.59%, Med: 4.60%, Tail: 0.00%
[adam] Epoch 25/200 - Loss: 0.4227, Val Acc: 50.70%, Head: 60.01%, Med: 13.45%, Tail: 0.00%
[adam] Epoch 26/200 - Loss: 0.4162, Val Acc: 54.78%, Head: 63.01%, Med: 21.85%, Tail: 0.00%
[adam] Epoch 27/200 - Loss: 0.4033, Val Acc: 52.15%, Head: 63.19%, Med: 8.00%, Tail: 0.00%
[adam] Epoch 28/200 - Loss: 0.4040, Val Acc: 54.19%, Head: 64.19%, Med: 14.20%, Tail: 0.00%
[adam] Epoch 29/200 - Loss: 0.3876, Val Acc: 52.82%, Head: 63.00%, Med: 12.10%, Tail: 0.00%
[adam] Epoch 30/200 - Loss: 0.3743, Val Acc: 53.11%, Head: 62.10%, Med: 17.15%, Tail: 0.00%
[adam] Epoch 31/200 - Loss: 0.3730, Val Acc: 54.29%, Head: 63.74%, Med: 16.50%, Tail: 0.00%
[adam] Epoch 32/200 - Loss: 0.3646, Val Acc: 52.82%, Head: 63.62%, Med: 9.60%, Tail: 0.00%
[adam] Epoch 33/200 - Loss: 0.3535, Val Acc: 52.84%, Head: 62.10%, Med: 15.80%, Tail: 0.00%
[adam] Epoch 34/200 - Loss: 0.3423, Val Acc: 54.63%, Head: 63.50%, Med: 19.15%, Tail: 0.00%
[adam] Epoch 35/200 - Loss: 0.3365, Val Acc: 54.17%, Head: 64.80%, Med: 11.65%, Tail: 0.00%
[adam] Epoch 36/200 - Loss: 0.3251, Val Acc: 55.11%, Head: 63.36%, Med: 22.10%, Tail: 0.00%
[adam] Epoch 37/200 - Loss: 0.3184, Val Acc: 58.24%, Head: 66.45%, Med: 25.40%, Tail: 0.00%
[adam] Epoch 38/200 - Loss: 0.3083, Val Acc: 55.14%, Head: 65.01%, Med: 15.65%, Tail: 0.00%
[adam] Epoch 39/200 - Loss: 0.3050, Val Acc: 57.10%, Head: 65.84%, Med: 22.15%, Tail: 0.00%
[adam] Epoch 40/200 - Loss: 0.2896, Val Acc: 57.82%, Head: 67.62%, Med: 18.60%, Tail: 0.00%
[adam] Epoch 41/200 - Loss: 0.2865, Val Acc: 54.40%, Head: 63.23%, Med: 19.10%, Tail: 0.00%
[adam] Epoch 42/200 - Loss: 0.2786, Val Acc: 56.91%, Head: 67.28%, Med: 15.45%, Tail: 0.00%
[adam] Epoch 43/200 - Loss: 0.2771, Val Acc: 59.89%, Head: 67.92%, Med: 27.75%, Tail: 0.00%
[adam] Epoch 44/200 - Loss: 0.2664, Val Acc: 60.59%, Head: 67.90%, Med: 31.35%, Tail: 0.00%
[adam] Epoch 45/200 - Loss: 0.2683, Val Acc: 55.78%, Head: 65.38%, Med: 17.40%, Tail: 0.00%
[adam] Epoch 46/200 - Loss: 0.2556, Val Acc: 58.52%, Head: 67.61%, Med: 22.15%, Tail: 0.00%
[adam] Epoch 47/200 - Loss: 0.2533, Val Acc: 58.65%, Head: 68.96%, Med: 17.40%, Tail: 0.00%
[adam] Epoch 48/200 - Loss: 0.2546, Val Acc: 56.70%, Head: 65.88%, Med: 20.00%, Tail: 0.00%
[adam] Epoch 49/200 - Loss: 0.2365, Val Acc: 59.01%, Head: 67.84%, Med: 23.70%, Tail: 0.00%
[adam] Epoch 50/200 - Loss: 0.2315, Val Acc: 56.18%, Head: 64.42%, Med: 23.20%, Tail: 0.00%
[adam] Epoch 51/200 - Loss: 0.2374, Val Acc: 55.60%, Head: 63.89%, Med: 22.45%, Tail: 0.00%
[adam] Epoch 52/200 - Loss: 0.2134, Val Acc: 58.29%, Head: 68.25%, Med: 18.45%, Tail: 0.00%
[adam] Epoch 53/200 - Loss: 0.2190, Val Acc: 56.01%, Head: 64.16%, Med: 23.40%, Tail: 0.00%
[adam] Epoch 54/200 - Loss: 0.2151, Val Acc: 56.13%, Head: 66.71%, Med: 13.80%, Tail: 0.00%
[adam] Epoch 55/200 - Loss: 0.2179, Val Acc: 56.71%, Head: 66.88%, Med: 16.05%, Tail: 0.00%
[adam] Epoch 56/200 - Loss: 0.1991, Val Acc: 58.68%, Head: 67.61%, Med: 22.95%, Tail: 0.00%
[adam] Epoch 57/200 - Loss: 0.1990, Val Acc: 60.14%, Head: 66.64%, Med: 34.15%, Tail: 0.00%
[adam] Epoch 58/200 - Loss: 0.1981, Val Acc: 57.44%, Head: 65.55%, Med: 25.00%, Tail: 0.00%
[adam] Epoch 59/200 - Loss: 0.1872, Val Acc: 58.35%, Head: 66.55%, Med: 25.55%, Tail: 0.00%
[adam] Epoch 60/200 - Loss: 0.1842, Val Acc: 58.60%, Head: 67.53%, Med: 22.90%, Tail: 0.00%
[adam] Epoch 61/200 - Loss: 0.1854, Val Acc: 55.80%, Head: 64.81%, Med: 19.75%, Tail: 0.00%
[adam] Epoch 62/200 - Loss: 0.1808, Val Acc: 57.36%, Head: 66.79%, Med: 19.65%, Tail: 0.00%
[adam] Epoch 63/200 - Loss: 0.1702, Val Acc: 58.64%, Head: 68.29%, Med: 20.05%, Tail: 0.00%
[adam] Epoch 64/200 - Loss: 0.1568, Val Acc: 58.91%, Head: 67.58%, Med: 24.25%, Tail: 0.00%
[adam] Epoch 65/200 - Loss: 0.1649, Val Acc: 59.41%, Head: 67.86%, Med: 25.60%, Tail: 0.00%
[adam] Epoch 66/200 - Loss: 0.1613, Val Acc: 57.52%, Head: 65.95%, Med: 23.80%, Tail: 0.00%
[adam] Epoch 67/200 - Loss: 0.1586, Val Acc: 58.69%, Head: 66.54%, Med: 27.30%, Tail: 0.00%
[adam] Epoch 68/200 - Loss: 0.1544, Val Acc: 58.88%, Head: 68.06%, Med: 22.15%, Tail: 0.00%
[adam] Epoch 69/200 - Loss: 0.1585, Val Acc: 58.62%, Head: 68.58%, Med: 18.80%, Tail: 0.00%
[adam] Epoch 70/200 - Loss: 0.1409, Val Acc: 58.45%, Head: 66.76%, Med: 25.20%, Tail: 0.00%
[adam] Epoch 71/200 - Loss: 0.1436, Val Acc: 56.94%, Head: 66.85%, Med: 17.30%, Tail: 0.00%
[adam] Epoch 72/200 - Loss: 0.1402, Val Acc: 58.85%, Head: 68.62%, Med: 19.75%, Tail: 0.00%
[adam] Epoch 73/200 - Loss: 0.1359, Val Acc: 56.75%, Head: 67.01%, Med: 15.70%, Tail: 0.00%
[adam] Epoch 74/200 - Loss: 0.1355, Val Acc: 60.74%, Head: 68.12%, Med: 31.20%, Tail: 0.00%
[adam] Epoch 75/200 - Loss: 0.1291, Val Acc: 57.12%, Head: 64.45%, Med: 27.80%, Tail: 0.00%
[adam] Epoch 76/200 - Loss: 0.1270, Val Acc: 61.97%, Head: 68.61%, Med: 35.40%, Tail: 0.00%
[adam] Epoch 77/200 - Loss: 0.1220, Val Acc: 57.19%, Head: 64.91%, Med: 26.30%, Tail: 0.00%
[adam] Epoch 78/200 - Loss: 0.1277, Val Acc: 60.55%, Head: 67.74%, Med: 31.80%, Tail: 0.00%
[adam] Epoch 79/200 - Loss: 0.1169, Val Acc: 59.39%, Head: 68.22%, Med: 24.05%, Tail: 0.00%
[adam] Epoch 80/200 - Loss: 0.1084, Val Acc: 60.56%, Head: 67.08%, Med: 34.50%, Tail: 0.00%
[adam] Epoch 81/200 - Loss: 0.1134, Val Acc: 58.37%, Head: 67.50%, Med: 21.85%, Tail: 0.00%
[adam] Epoch 82/200 - Loss: 0.1115, Val Acc: 60.60%, Head: 66.94%, Med: 35.25%, Tail: 0.00%
[adam] Epoch 83/200 - Loss: 0.1091, Val Acc: 58.07%, Head: 67.00%, Med: 22.35%, Tail: 0.00%
[adam] Epoch 84/200 - Loss: 0.1024, Val Acc: 58.56%, Head: 67.11%, Med: 24.35%, Tail: 0.00%
[adam] Epoch 85/200 - Loss: 0.1067, Val Acc: 58.78%, Head: 67.58%, Med: 23.60%, Tail: 0.00%
[adam] Epoch 86/200 - Loss: 0.0969, Val Acc: 55.73%, Head: 65.19%, Med: 17.90%, Tail: 0.00%
[adam] Epoch 87/200 - Loss: 0.0937, Val Acc: 58.38%, Head: 67.12%, Med: 23.40%, Tail: 0.00%
[adam] Epoch 88/200 - Loss: 0.0908, Val Acc: 57.76%, Head: 66.39%, Med: 23.25%, Tail: 0.00%
[adam] Epoch 89/200 - Loss: 0.0913, Val Acc: 58.61%, Head: 68.75%, Med: 18.05%, Tail: 0.00%
[adam] Epoch 90/200 - Loss: 0.0891, Val Acc: 56.82%, Head: 66.72%, Med: 17.20%, Tail: 0.00%
[adam] Epoch 91/200 - Loss: 0.0913, Val Acc: 59.47%, Head: 67.76%, Med: 26.30%, Tail: 0.00%
[adam] Epoch 92/200 - Loss: 0.0886, Val Acc: 58.82%, Head: 67.81%, Med: 22.85%, Tail: 0.00%
[adam] Epoch 93/200 - Loss: 0.0870, Val Acc: 60.20%, Head: 67.26%, Med: 31.95%, Tail: 0.00%
[adam] Epoch 94/200 - Loss: 0.0801, Val Acc: 58.91%, Head: 66.56%, Med: 28.30%, Tail: 0.00%
[adam] Epoch 95/200 - Loss: 0.0810, Val Acc: 59.03%, Head: 68.04%, Med: 23.00%, Tail: 0.00%
[adam] Epoch 96/200 - Loss: 0.0839, Val Acc: 61.64%, Head: 69.94%, Med: 28.45%, Tail: 0.00%
[adam] Epoch 97/200 - Loss: 0.0787, Val Acc: 58.82%, Head: 68.06%, Med: 21.85%, Tail: 0.00%
[adam] Epoch 98/200 - Loss: 0.0716, Val Acc: 59.17%, Head: 68.49%, Med: 21.90%, Tail: 0.00%
[adam] Epoch 99/200 - Loss: 0.0692, Val Acc: 61.37%, Head: 69.19%, Med: 30.10%, Tail: 0.00%
[adam] Epoch 100/200 - Loss: 0.0711, Val Acc: 58.19%, Head: 68.19%, Med: 18.20%, Tail: 0.00%
[adam] Epoch 101/200 - Loss: 0.0679, Val Acc: 58.24%, Head: 67.54%, Med: 21.05%, Tail: 0.00%
[adam] Epoch 102/200 - Loss: 0.0639, Val Acc: 61.23%, Head: 68.33%, Med: 32.85%, Tail: 0.00%
[adam] Epoch 103/200 - Loss: 0.0673, Val Acc: 60.33%, Head: 68.99%, Med: 25.70%, Tail: 0.00%
[adam] Epoch 104/200 - Loss: 0.0609, Val Acc: 61.22%, Head: 67.88%, Med: 34.60%, Tail: 0.00%
[adam] Epoch 105/200 - Loss: 0.0674, Val Acc: 55.57%, Head: 64.90%, Med: 18.25%, Tail: 0.00%
[adam] Epoch 106/200 - Loss: 0.0585, Val Acc: 58.31%, Head: 67.61%, Med: 21.10%, Tail: 0.00%
[adam] Epoch 107/200 - Loss: 0.0630, Val Acc: 59.87%, Head: 67.84%, Med: 28.00%, Tail: 0.00%
[adam] Epoch 108/200 - Loss: 0.0528, Val Acc: 62.25%, Head: 68.05%, Med: 39.05%, Tail: 0.00%
[adam] Epoch 109/200 - Loss: 0.0480, Val Acc: 60.03%, Head: 67.39%, Med: 30.60%, Tail: 0.00%
[adam] Epoch 110/200 - Loss: 0.0480, Val Acc: 59.21%, Head: 67.20%, Med: 27.25%, Tail: 0.00%
[adam] Epoch 111/200 - Loss: 0.0594, Val Acc: 61.03%, Head: 69.64%, Med: 26.60%, Tail: 0.00%
[adam] Epoch 112/200 - Loss: 0.0532, Val Acc: 59.08%, Head: 66.84%, Med: 28.05%, Tail: 0.00%
[adam] Epoch 113/200 - Loss: 0.0527, Val Acc: 57.50%, Head: 66.56%, Med: 21.25%, Tail: 0.00%
[adam] Epoch 114/200 - Loss: 0.0527, Val Acc: 58.63%, Head: 66.72%, Med: 26.25%, Tail: 0.00%
[adam] Epoch 115/200 - Loss: 0.0473, Val Acc: 60.83%, Head: 68.66%, Med: 29.50%, Tail: 0.00%
[adam] Epoch 116/200 - Loss: 0.0410, Val Acc: 58.54%, Head: 67.79%, Med: 21.55%, Tail: 0.00%
[adam] Epoch 117/200 - Loss: 0.0428, Val Acc: 59.28%, Head: 68.21%, Med: 23.55%, Tail: 0.00%
[adam] Epoch 118/200 - Loss: 0.0445, Val Acc: 60.41%, Head: 68.64%, Med: 27.50%, Tail: 0.00%
[adam] Epoch 119/200 - Loss: 0.0416, Val Acc: 60.17%, Head: 68.90%, Med: 25.25%, Tail: 0.00%
[adam] Epoch 120/200 - Loss: 0.0358, Val Acc: 59.85%, Head: 68.89%, Med: 23.70%, Tail: 0.00%
[adam] Epoch 121/200 - Loss: 0.0375, Val Acc: 61.84%, Head: 69.67%, Med: 30.50%, Tail: 0.00%
[adam] Epoch 122/200 - Loss: 0.0409, Val Acc: 58.93%, Head: 69.14%, Med: 18.10%, Tail: 0.00%
[adam] Epoch 123/200 - Loss: 0.0310, Val Acc: 59.91%, Head: 68.66%, Med: 24.90%, Tail: 0.00%
[adam] Epoch 124/200 - Loss: 0.0306, Val Acc: 60.66%, Head: 68.70%, Med: 28.50%, Tail: 0.00%
[adam] Epoch 125/200 - Loss: 0.0334, Val Acc: 58.02%, Head: 67.41%, Med: 20.45%, Tail: 0.00%
[adam] Epoch 126/200 - Loss: 0.0356, Val Acc: 60.18%, Head: 68.67%, Med: 26.20%, Tail: 0.00%
[adam] Epoch 127/200 - Loss: 0.0371, Val Acc: 60.39%, Head: 69.74%, Med: 23.00%, Tail: 0.00%
[adam] Epoch 128/200 - Loss: 0.0305, Val Acc: 60.97%, Head: 69.11%, Med: 28.40%, Tail: 0.00%
[adam] Epoch 129/200 - Loss: 0.0271, Val Acc: 59.59%, Head: 68.80%, Med: 22.75%, Tail: 0.00%
[adam] Epoch 130/200 - Loss: 0.0252, Val Acc: 58.58%, Head: 68.90%, Med: 17.30%, Tail: 0.00%
[adam] Epoch 131/200 - Loss: 0.0272, Val Acc: 60.23%, Head: 69.12%, Med: 24.65%, Tail: 0.00%
[adam] Epoch 132/200 - Loss: 0.0286, Val Acc: 58.41%, Head: 67.36%, Med: 22.60%, Tail: 0.00%
[adam] Epoch 133/200 - Loss: 0.0253, Val Acc: 57.63%, Head: 66.94%, Med: 20.40%, Tail: 0.00%
[adam] Epoch 134/200 - Loss: 0.0218, Val Acc: 58.65%, Head: 68.72%, Med: 18.35%, Tail: 0.00%
[adam] Epoch 135/200 - Loss: 0.0206, Val Acc: 58.76%, Head: 68.65%, Med: 19.20%, Tail: 0.00%
[adam] Epoch 136/200 - Loss: 0.0241, Val Acc: 58.93%, Head: 67.39%, Med: 25.10%, Tail: 0.00%
[adam] Epoch 137/200 - Loss: 0.0185, Val Acc: 58.46%, Head: 67.59%, Med: 21.95%, Tail: 0.00%
[adam] Epoch 138/200 - Loss: 0.0208, Val Acc: 59.01%, Head: 68.47%, Med: 21.15%, Tail: 0.00%
[adam] Epoch 139/200 - Loss: 0.0157, Val Acc: 59.21%, Head: 68.42%, Med: 22.35%, Tail: 0.00%
[adam] Epoch 140/200 - Loss: 0.0174, Val Acc: 59.51%, Head: 68.44%, Med: 23.80%, Tail: 0.00%
[adam] Epoch 141/200 - Loss: 0.0179, Val Acc: 60.86%, Head: 69.62%, Med: 25.80%, Tail: 0.00%
[adam] Epoch 142/200 - Loss: 0.0185, Val Acc: 60.87%, Head: 69.78%, Med: 25.25%, Tail: 0.00%
[adam] Epoch 143/200 - Loss: 0.0181, Val Acc: 58.69%, Head: 67.47%, Med: 23.55%, Tail: 0.00%
[adam] Epoch 144/200 - Loss: 0.0165, Val Acc: 59.68%, Head: 68.35%, Med: 25.00%, Tail: 0.00%
[adam] Epoch 145/200 - Loss: 0.0181, Val Acc: 59.97%, Head: 68.45%, Med: 26.05%, Tail: 0.00%
[adam] Epoch 146/200 - Loss: 0.0153, Val Acc: 59.64%, Head: 68.85%, Med: 22.80%, Tail: 0.00%
[adam] Epoch 147/200 - Loss: 0.0132, Val Acc: 58.76%, Head: 68.03%, Med: 21.70%, Tail: 0.00%
[adam] Epoch 148/200 - Loss: 0.0131, Val Acc: 60.67%, Head: 69.76%, Med: 24.30%, Tail: 0.00%
[adam] Epoch 149/200 - Loss: 0.0126, Val Acc: 59.90%, Head: 68.72%, Med: 24.60%, Tail: 0.00%
[adam] Epoch 150/200 - Loss: 0.0130, Val Acc: 59.29%, Head: 69.00%, Med: 20.45%, Tail: 0.00%
[adam] Epoch 151/200 - Loss: 0.0097, Val Acc: 58.98%, Head: 68.74%, Med: 19.95%, Tail: 0.00%
[adam] Epoch 152/200 - Loss: 0.0134, Val Acc: 60.46%, Head: 69.17%, Med: 25.60%, Tail: 0.00%
[adam] Epoch 153/200 - Loss: 0.0120, Val Acc: 59.96%, Head: 68.96%, Med: 23.95%, Tail: 0.00%
[adam] Epoch 154/200 - Loss: 0.0104, Val Acc: 59.17%, Head: 68.67%, Med: 21.15%, Tail: 0.00%
[adam] Epoch 155/200 - Loss: 0.0094, Val Acc: 60.97%, Head: 69.92%, Med: 25.15%, Tail: 0.00%
[adam] Epoch 156/200 - Loss: 0.0095, Val Acc: 59.04%, Head: 68.16%, Med: 22.55%, Tail: 0.00%
[adam] Epoch 157/200 - Loss: 0.0064, Val Acc: 59.12%, Head: 68.86%, Med: 20.15%, Tail: 0.00%
[adam] Epoch 158/200 - Loss: 0.0081, Val Acc: 59.45%, Head: 68.85%, Med: 21.85%, Tail: 0.00%
[adam] Epoch 159/200 - Loss: 0.0078, Val Acc: 59.01%, Head: 68.72%, Med: 20.15%, Tail: 0.00%
[adam] Epoch 160/200 - Loss: 0.0065, Val Acc: 59.72%, Head: 69.00%, Med: 22.60%, Tail: 0.00%
[adam] Epoch 161/200 - Loss: 0.0051, Val Acc: 59.95%, Head: 68.81%, Med: 24.50%, Tail: 0.00%
[adam] Epoch 162/200 - Loss: 0.0051, Val Acc: 60.40%, Head: 69.65%, Med: 23.40%, Tail: 0.00%
[adam] Epoch 163/200 - Loss: 0.0062, Val Acc: 59.91%, Head: 69.16%, Med: 22.90%, Tail: 0.00%
[adam] Epoch 164/200 - Loss: 0.0046, Val Acc: 60.41%, Head: 69.80%, Med: 22.85%, Tail: 0.00%
[adam] Epoch 165/200 - Loss: 0.0047, Val Acc: 60.41%, Head: 69.29%, Med: 24.90%, Tail: 0.00%
[adam] Epoch 166/200 - Loss: 0.0038, Val Acc: 59.63%, Head: 68.51%, Med: 24.10%, Tail: 0.00%
[adam] Epoch 167/200 - Loss: 0.0061, Val Acc: 59.54%, Head: 69.39%, Med: 20.15%, Tail: 0.00%
[adam] Epoch 168/200 - Loss: 0.0047, Val Acc: 58.95%, Head: 68.51%, Med: 20.70%, Tail: 0.00%
[adam] Epoch 169/200 - Loss: 0.0054, Val Acc: 60.23%, Head: 69.28%, Med: 24.05%, Tail: 0.00%
[adam] Epoch 170/200 - Loss: 0.0048, Val Acc: 60.44%, Head: 69.79%, Med: 23.05%, Tail: 0.00%
[adam] Epoch 171/200 - Loss: 0.0048, Val Acc: 60.43%, Head: 69.31%, Med: 24.90%, Tail: 0.00%
[adam] Epoch 172/200 - Loss: 0.0043, Val Acc: 59.62%, Head: 68.55%, Med: 23.90%, Tail: 0.00%
[adam] Epoch 173/200 - Loss: 0.0044, Val Acc: 59.87%, Head: 68.42%, Med: 25.65%, Tail: 0.00%
[adam] Epoch 174/200 - Loss: 0.0038, Val Acc: 60.30%, Head: 69.16%, Med: 24.85%, Tail: 0.00%
[adam] Epoch 175/200 - Loss: 0.0043, Val Acc: 59.48%, Head: 68.59%, Med: 23.05%, Tail: 0.00%
[adam] Epoch 176/200 - Loss: 0.0042, Val Acc: 59.99%, Head: 68.83%, Med: 24.65%, Tail: 0.00%
[adam] Epoch 177/200 - Loss: 0.0035, Val Acc: 60.10%, Head: 69.19%, Med: 23.75%, Tail: 0.00%
[adam] Epoch 178/200 - Loss: 0.0027, Val Acc: 59.35%, Head: 68.78%, Med: 21.65%, Tail: 0.00%
[adam] Epoch 179/200 - Loss: 0.0025, Val Acc: 59.98%, Head: 69.17%, Med: 23.20%, Tail: 0.00%
[adam] Epoch 180/200 - Loss: 0.0036, Val Acc: 59.71%, Head: 68.76%, Med: 23.50%, Tail: 0.00%
[adam] Epoch 181/200 - Loss: 0.0025, Val Acc: 60.51%, Head: 69.38%, Med: 25.05%, Tail: 0.00%
[adam] Epoch 182/200 - Loss: 0.0020, Val Acc: 60.34%, Head: 69.54%, Med: 23.55%, Tail: 0.00%
[adam] Epoch 183/200 - Loss: 0.0039, Val Acc: 60.05%, Head: 69.01%, Med: 24.20%, Tail: 0.00%
[adam] Epoch 184/200 - Loss: 0.0019, Val Acc: 60.03%, Head: 69.04%, Med: 24.00%, Tail: 0.00%
[adam] Epoch 185/200 - Loss: 0.0034, Val Acc: 59.94%, Head: 68.90%, Med: 24.10%, Tail: 0.00%
[adam] Epoch 186/200 - Loss: 0.0027, Val Acc: 59.84%, Head: 68.89%, Med: 23.65%, Tail: 0.00%
[adam] Epoch 187/200 - Loss: 0.0025, Val Acc: 60.21%, Head: 69.38%, Med: 23.55%, Tail: 0.00%
[adam] Epoch 188/200 - Loss: 0.0021, Val Acc: 59.55%, Head: 68.72%, Med: 22.85%, Tail: 0.00%
[adam] Epoch 189/200 - Loss: 0.0025, Val Acc: 59.81%, Head: 68.86%, Med: 23.60%, Tail: 0.00%
[adam] Epoch 190/200 - Loss: 0.0017, Val Acc: 59.93%, Head: 68.83%, Med: 24.35%, Tail: 0.00%
[adam] Epoch 191/200 - Loss: 0.0019, Val Acc: 59.76%, Head: 69.04%, Med: 22.65%, Tail: 0.00%
[adam] Epoch 192/200 - Loss: 0.0014, Val Acc: 60.00%, Head: 69.01%, Med: 23.95%, Tail: 0.00%
[adam] Epoch 193/200 - Loss: 0.0018, Val Acc: 59.55%, Head: 68.90%, Med: 22.15%, Tail: 0.00%
[adam] Epoch 194/200 - Loss: 0.0018, Val Acc: 59.89%, Head: 69.09%, Med: 23.10%, Tail: 0.00%
[adam] Epoch 195/200 - Loss: 0.0024, Val Acc: 59.75%, Head: 68.90%, Med: 23.15%, Tail: 0.00%
[adam] Epoch 196/200 - Loss: 0.0018, Val Acc: 60.02%, Head: 69.03%, Med: 24.00%, Tail: 0.00%
[adam] Epoch 197/200 - Loss: 0.0016, Val Acc: 59.82%, Head: 68.99%, Med: 23.15%, Tail: 0.00%
[adam] Epoch 198/200 - Loss: 0.0021, Val Acc: 60.12%, Head: 69.20%, Med: 23.80%, Tail: 0.00%
[adam] Epoch 199/200 - Loss: 0.0017, Val Acc: 60.04%, Head: 68.85%, Med: 24.80%, Tail: 0.00%
wandb: updating run metadata
wandb: uploading output.log; uploading wandb-summary.json; uploading config.yaml
wandb: uploading output.log; uploading config.yaml
wandb: uploading history steps 198-199, summary, console lines 198-199
wandb: 
wandb: Run history:
wandb:        epoch ▁▁▁▁▁▁▂▂▂▂▂▂▂▂▃▃▃▃▃▃▃▄▄▄▄▅▅▅▅▆▆▆▆▆▆▆▇▇▇█
wandb:    train/acc ▁▅▅▅▆▆▆▆▇▇▇▇▇▇▇▇▇▇▇▇████████████████████
wandb:   train/loss █▆▆▅▅▄▄▃▃▃▃▂▂▂▂▂▁▁▁▁▁▁▁▁▁▁▁▁▁▁▁▁▁▁▁▁▁▁▁▁
wandb:      val/acc ▁▂▃▅▄▆▆▆▇▇▇▇█▇▇▇▇██▇███▇▇█▇█▇█▇█████████
wandb: val/head_acc ▁▃▄▆▆▇▇█▇█▇█▇█▇████▇█▇███▇██████████████
wandb:     val/loss ▂▃▃▁▃▁▂▁▃▂▃▄▄▄▅▆▅▃▄▆▄▅▅▇▇▇▇▆▇▇▆▇████████
wandb:  val/med_acc ▁▁▁▁▁▁▁▄▃▂▆▅▅▅▅▄▅▅▅▄▇▆▅▅█▇▇▆▅▅▆▆▆▆▆▆▆▆▆▆
wandb: val/tail_acc ▁▁▁▁▁▁▁▁▁▁▁▁▁▁▁▁▁▁▁▁▁▁▁▁▁▁▁▁▁▁▁▁▁▁▁▁▁▁▁▁
wandb: 
wandb: Run summary:
wandb:        epoch 200
wandb:    train/acc 99.96776
wandb:   train/loss 0.00173
wandb:      val/acc 59.56
wandb: val/head_acc 68.75
wandb:     val/loss 2.91322
wandb:  val/med_acc 22.8
wandb: val/tail_acc 0
wandb: 
wandb: 🚀 View run adam at: https://wandb.ai/dcll-iiitd/trinity-optimizer-comparison-200-resnet18/runs/s7knrlz7
wandb: ⭐️ View project at: https://wandb.ai/dcll-iiitd/trinity-optimizer-comparison-200-resnet18
wandb: Synced 5 W&B file(s), 0 media file(s), 0 artifact file(s) and 0 other file(s)
wandb: Find logs at: ./wandb/run-20260909_024022-s7knrlz7/logs
[adam] Epoch 200/200 - Loss: 0.0017, Val Acc: 59.56%, Head: 68.75%, Med: 22.80%, Tail: 0.00%
