/scratch/ldls-iiitd/group1_dir/dcll/Slakshna/Bhaskera/.venv/lib/python3.11/site-packages/torchvision/datasets/cifar.py:83: VisibleDeprecationWarning: dtype(): align should be passed as Python or NumPy boolean but got `align=0`. Did you mean to pass a tuple to create a subarray type? (Deprecated NumPy 2.4)
  entry = pickle.load(f, encoding="latin1")
[*] Generated Long-Tailed CIFAR-10 (Imbalance: 0.01). Total train samples: 12406
/scratch/ldls-iiitd/group1_dir/dcll/Slakshna/Bhaskera/.venv/lib/python3.11/site-packages/torch/utils/data/dataloader.py:624: UserWarning: This DataLoader will create 2 worker processes in total. Our suggested max number of worker in current system is 1, which is smaller than what this DataLoader is going to create. Please be aware that excessive worker creation might get DataLoader running slow or even freeze, lower the worker number to avoid potential slowness/freeze if necessary.
  warnings.warn(
/scratch/ldls-iiitd/group1_dir/dcll/Slakshna/Bhaskera/.venv/lib/python3.11/site-packages/torch/nn/modules/transformer.py:385: UserWarning: enable_nested_tensor is True, but self.use_nested_tensor is False because encoder_layer.norm_first was True
  warnings.warn(
wandb: [wandb.login()] Loaded credentials for https://api.wandb.ai from /home/ldls-iiitd/.netrc.
wandb: Currently logged in as: somshekar24157 (somshekar24157-indraprastha-institute-of-information-tec) to https://api.wandb.ai. Use `wandb login --relogin` to force relogin
wandb: setting up run pazih89b
wandb: Tracking run with wandb version 0.28.1
wandb: Run data is saved locally in /scratch/ldls-iiitd/group1_dir/Trinity-opt-DSAA2026/wandb/run-20260907_012410-pazih89b
wandb: Run `wandb offline` to turn off syncing.
wandb: Syncing run ViT_FO_SO_cifar10_imb0.01
wandb: ⭐️ View project at https://wandb.ai/somshekar24157-indraprastha-institute-of-information-tec/Trinity-Benchmark
wandb: 🚀 View run at https://wandb.ai/somshekar24157-indraprastha-institute-of-information-tec/Trinity-Benchmark/runs/pazih89b
/scratch/ldls-iiitd/group1_dir/dcll/Slakshna/Bhaskera/.venv/lib/python3.11/site-packages/torch/utils/data/dataloader.py:624: UserWarning: This DataLoader will create 2 worker processes in total. Our suggested max number of worker in current system is 1, which is smaller than what this DataLoader is going to create. Please be aware that excessive worker creation might get DataLoader running slow or even freeze, lower the worker number to avoid potential slowness/freeze if necessary.
  warnings.warn(
[FO_SO] Epoch 1/100 - Loss: 1.7332, Val Acc: 17.18%, Head: 21.48%, Med: 0.00%, Tail: 0.00%
[FO_SO] Epoch 2/100 - Loss: 1.4272, Val Acc: 21.86%, Head: 27.32%, Med: 0.00%, Tail: 0.00%
[FO_SO] Epoch 3/100 - Loss: 1.3794, Val Acc: 20.43%, Head: 25.49%, Med: 0.20%, Tail: 0.00%
[FO_SO] Epoch 4/100 - Loss: 1.3201, Val Acc: 19.27%, Head: 24.09%, Med: 0.00%, Tail: 0.00%
[FO_SO] Epoch 5/100 - Loss: 1.2700, Val Acc: 25.42%, Head: 31.77%, Med: 0.00%, Tail: 0.00%
[FO_SO] Epoch 6/100 - Loss: 1.2434, Val Acc: 18.11%, Head: 22.64%, Med: 0.00%, Tail: 0.00%
[FO_SO] Epoch 7/100 - Loss: 1.2160, Val Acc: 22.74%, Head: 28.43%, Med: 0.00%, Tail: 0.00%
[FO_SO] Epoch 8/100 - Loss: 1.1985, Val Acc: 23.77%, Head: 29.71%, Med: 0.00%, Tail: 0.00%
[FO_SO] Epoch 9/100 - Loss: 1.1758, Val Acc: 24.13%, Head: 30.16%, Med: 0.00%, Tail: 0.00%
[FO_SO] Epoch 10/100 - Loss: 1.1628, Val Acc: 24.75%, Head: 30.94%, Med: 0.00%, Tail: 0.00%
[FO_SO] Epoch 11/100 - Loss: 1.1405, Val Acc: 24.13%, Head: 30.16%, Med: 0.00%, Tail: 0.00%
[FO_SO] Epoch 12/100 - Loss: 1.1277, Val Acc: 24.46%, Head: 30.57%, Med: 0.00%, Tail: 0.00%
[FO_SO] Epoch 13/100 - Loss: 1.1328, Val Acc: 24.92%, Head: 31.15%, Med: 0.00%, Tail: 0.00%
[FO_SO] Epoch 14/100 - Loss: 1.1046, Val Acc: 22.45%, Head: 28.06%, Med: 0.00%, Tail: 0.00%
[FO_SO] Epoch 15/100 - Loss: 1.0872, Val Acc: 26.73%, Head: 33.41%, Med: 0.00%, Tail: 0.00%
[FO_SO] Epoch 16/100 - Loss: 1.0843, Val Acc: 26.09%, Head: 32.61%, Med: 0.00%, Tail: 0.00%
[FO_SO] Epoch 17/100 - Loss: 1.0722, Val Acc: 26.85%, Head: 33.56%, Med: 0.00%, Tail: 0.00%
[FO_SO] Epoch 18/100 - Loss: 1.0542, Val Acc: 27.37%, Head: 34.21%, Med: 0.00%, Tail: 0.00%
[FO_SO] Epoch 19/100 - Loss: 1.0454, Val Acc: 29.34%, Head: 36.67%, Med: 0.00%, Tail: 0.00%
[FO_SO] Epoch 20/100 - Loss: 1.0372, Val Acc: 25.99%, Head: 32.49%, Med: 0.00%, Tail: 0.00%
[FO_SO] Epoch 21/100 - Loss: 1.0151, Val Acc: 27.72%, Head: 34.65%, Med: 0.00%, Tail: 0.00%
[FO_SO] Epoch 22/100 - Loss: 1.0121, Val Acc: 29.63%, Head: 37.04%, Med: 0.00%, Tail: 0.00%
[FO_SO] Epoch 23/100 - Loss: 1.0091, Val Acc: 27.84%, Head: 34.80%, Med: 0.00%, Tail: 0.00%
[FO_SO] Epoch 24/100 - Loss: 0.9890, Val Acc: 29.30%, Head: 36.62%, Med: 0.00%, Tail: 0.00%
[FO_SO] Epoch 25/100 - Loss: 0.9808, Val Acc: 29.42%, Head: 36.77%, Med: 0.00%, Tail: 0.00%
[FO_SO] Epoch 26/100 - Loss: 0.9707, Val Acc: 27.89%, Head: 34.86%, Med: 0.00%, Tail: 0.00%
[FO_SO] Epoch 27/100 - Loss: 0.9621, Val Acc: 30.97%, Head: 38.71%, Med: 0.00%, Tail: 0.00%
[FO_SO] Epoch 28/100 - Loss: 0.9485, Val Acc: 28.50%, Head: 35.62%, Med: 0.00%, Tail: 0.00%
[FO_SO] Epoch 29/100 - Loss: 0.9508, Val Acc: 30.89%, Head: 38.61%, Med: 0.00%, Tail: 0.00%
[FO_SO] Epoch 30/100 - Loss: 0.9323, Val Acc: 31.71%, Head: 39.64%, Med: 0.00%, Tail: 0.00%
[FO_SO] Epoch 31/100 - Loss: 0.9368, Val Acc: 30.61%, Head: 38.26%, Med: 0.00%, Tail: 0.00%
[FO_SO] Epoch 32/100 - Loss: 0.9291, Val Acc: 31.08%, Head: 38.85%, Med: 0.00%, Tail: 0.00%
[FO_SO] Epoch 33/100 - Loss: 0.9316, Val Acc: 30.57%, Head: 38.21%, Med: 0.00%, Tail: 0.00%
[FO_SO] Epoch 34/100 - Loss: 0.9146, Val Acc: 29.71%, Head: 37.14%, Med: 0.00%, Tail: 0.00%
[FO_SO] Epoch 35/100 - Loss: 0.9003, Val Acc: 33.25%, Head: 41.56%, Med: 0.00%, Tail: 0.00%
[FO_SO] Epoch 36/100 - Loss: 0.9064, Val Acc: 34.11%, Head: 42.64%, Med: 0.00%, Tail: 0.00%
[FO_SO] Epoch 37/100 - Loss: 0.8999, Val Acc: 32.63%, Head: 40.79%, Med: 0.00%, Tail: 0.00%
[FO_SO] Epoch 38/100 - Loss: 0.8905, Val Acc: 30.58%, Head: 38.23%, Med: 0.00%, Tail: 0.00%
[FO_SO] Epoch 39/100 - Loss: 0.8869, Val Acc: 33.67%, Head: 42.09%, Med: 0.00%, Tail: 0.00%
[FO_SO] Epoch 40/100 - Loss: 0.8823, Val Acc: 32.00%, Head: 40.00%, Med: 0.00%, Tail: 0.00%
[FO_SO] Epoch 41/100 - Loss: 0.8734, Val Acc: 32.11%, Head: 40.14%, Med: 0.00%, Tail: 0.00%
[FO_SO] Epoch 42/100 - Loss: 0.8687, Val Acc: 30.81%, Head: 38.51%, Med: 0.00%, Tail: 0.00%
[FO_SO] Epoch 43/100 - Loss: 0.8563, Val Acc: 33.80%, Head: 42.25%, Med: 0.00%, Tail: 0.00%
[FO_SO] Epoch 44/100 - Loss: 0.8564, Val Acc: 32.46%, Head: 40.58%, Med: 0.00%, Tail: 0.00%
[FO_SO] Epoch 45/100 - Loss: 0.8589, Val Acc: 32.47%, Head: 40.58%, Med: 0.05%, Tail: 0.00%
[FO_SO] Epoch 46/100 - Loss: 0.8364, Val Acc: 32.03%, Head: 40.02%, Med: 0.05%, Tail: 0.00%
[FO_SO] Epoch 47/100 - Loss: 0.8398, Val Acc: 35.19%, Head: 43.99%, Med: 0.00%, Tail: 0.00%
[FO_SO] Epoch 48/100 - Loss: 0.8295, Val Acc: 34.84%, Head: 43.55%, Med: 0.00%, Tail: 0.00%
[FO_SO] Epoch 49/100 - Loss: 0.8275, Val Acc: 32.97%, Head: 41.21%, Med: 0.00%, Tail: 0.00%
[FO_SO] Epoch 50/100 - Loss: 0.8255, Val Acc: 34.43%, Head: 43.04%, Med: 0.00%, Tail: 0.00%
[FO_SO] Epoch 51/100 - Loss: 0.8126, Val Acc: 35.37%, Head: 44.21%, Med: 0.00%, Tail: 0.00%
[FO_SO] Epoch 52/100 - Loss: 0.8089, Val Acc: 34.77%, Head: 43.46%, Med: 0.00%, Tail: 0.00%
[FO_SO] Epoch 53/100 - Loss: 0.8140, Val Acc: 34.67%, Head: 43.34%, Med: 0.00%, Tail: 0.00%
[FO_SO] Epoch 54/100 - Loss: 0.8053, Val Acc: 37.34%, Head: 46.67%, Med: 0.00%, Tail: 0.00%
[FO_SO] Epoch 55/100 - Loss: 0.7845, Val Acc: 37.82%, Head: 47.27%, Med: 0.00%, Tail: 0.00%
[FO_SO] Epoch 56/100 - Loss: 0.7904, Val Acc: 38.32%, Head: 47.88%, Med: 0.10%, Tail: 0.00%
[FO_SO] Epoch 57/100 - Loss: 0.7848, Val Acc: 37.24%, Head: 46.51%, Med: 0.15%, Tail: 0.00%
[FO_SO] Epoch 58/100 - Loss: 0.7644, Val Acc: 37.95%, Head: 47.42%, Med: 0.05%, Tail: 0.00%
[FO_SO] Epoch 59/100 - Loss: 0.7744, Val Acc: 34.55%, Head: 43.17%, Med: 0.05%, Tail: 0.00%
[FO_SO] Epoch 60/100 - Loss: 0.7677, Val Acc: 37.39%, Head: 46.71%, Med: 0.10%, Tail: 0.00%
[FO_SO] Epoch 61/100 - Loss: 0.7539, Val Acc: 37.55%, Head: 46.77%, Med: 0.65%, Tail: 0.00%
[FO_SO] Epoch 62/100 - Loss: 0.7604, Val Acc: 39.57%, Head: 49.42%, Med: 0.15%, Tail: 0.00%
[FO_SO] Epoch 63/100 - Loss: 0.7488, Val Acc: 40.74%, Head: 50.76%, Med: 0.65%, Tail: 0.00%
[FO_SO] Epoch 64/100 - Loss: 0.7382, Val Acc: 38.59%, Head: 48.17%, Med: 0.25%, Tail: 0.00%
[FO_SO] Epoch 65/100 - Loss: 0.7396, Val Acc: 37.10%, Head: 46.36%, Med: 0.05%, Tail: 0.00%
[FO_SO] Epoch 66/100 - Loss: 0.7418, Val Acc: 39.52%, Head: 49.26%, Med: 0.55%, Tail: 0.00%
[FO_SO] Epoch 67/100 - Loss: 0.7295, Val Acc: 41.44%, Head: 51.73%, Med: 0.30%, Tail: 0.00%
[FO_SO] Epoch 68/100 - Loss: 0.7246, Val Acc: 41.04%, Head: 51.26%, Med: 0.15%, Tail: 0.00%
[FO_SO] Epoch 69/100 - Loss: 0.7246, Val Acc: 39.46%, Head: 49.24%, Med: 0.35%, Tail: 0.00%
[FO_SO] Epoch 70/100 - Loss: 0.7169, Val Acc: 40.99%, Head: 51.16%, Med: 0.30%, Tail: 0.00%
[FO_SO] Epoch 71/100 - Loss: 0.7179, Val Acc: 41.84%, Head: 52.14%, Med: 0.65%, Tail: 0.00%
[FO_SO] Epoch 72/100 - Loss: 0.6995, Val Acc: 40.03%, Head: 49.84%, Med: 0.80%, Tail: 0.00%
[FO_SO] Epoch 73/100 - Loss: 0.7052, Val Acc: 41.73%, Head: 52.06%, Med: 0.40%, Tail: 0.00%
[FO_SO] Epoch 74/100 - Loss: 0.6983, Val Acc: 41.00%, Head: 51.10%, Med: 0.60%, Tail: 0.00%
[FO_SO] Epoch 75/100 - Loss: 0.7004, Val Acc: 40.62%, Head: 50.50%, Med: 1.10%, Tail: 0.00%
[FO_SO] Epoch 76/100 - Loss: 0.6965, Val Acc: 40.82%, Head: 50.79%, Med: 0.95%, Tail: 0.00%
[FO_SO] Epoch 77/100 - Loss: 0.6893, Val Acc: 41.40%, Head: 51.52%, Med: 0.90%, Tail: 0.00%
[FO_SO] Epoch 78/100 - Loss: 0.6849, Val Acc: 40.59%, Head: 50.51%, Med: 0.90%, Tail: 0.00%
[FO_SO] Epoch 79/100 - Loss: 0.6794, Val Acc: 40.77%, Head: 50.48%, Med: 1.95%, Tail: 0.00%
[FO_SO] Epoch 80/100 - Loss: 0.6730, Val Acc: 41.29%, Head: 51.29%, Med: 1.30%, Tail: 0.00%
[FO_SO] Epoch 81/100 - Loss: 0.6811, Val Acc: 42.32%, Head: 52.39%, Med: 2.05%, Tail: 0.00%
[FO_SO] Epoch 82/100 - Loss: 0.6676, Val Acc: 42.41%, Head: 52.41%, Med: 2.40%, Tail: 0.00%
[FO_SO] Epoch 83/100 - Loss: 0.6701, Val Acc: 41.73%, Head: 51.76%, Med: 1.60%, Tail: 0.00%
[FO_SO] Epoch 84/100 - Loss: 0.6657, Val Acc: 42.46%, Head: 52.56%, Med: 2.05%, Tail: 0.00%
[FO_SO] Epoch 85/100 - Loss: 0.6667, Val Acc: 42.91%, Head: 53.08%, Med: 2.25%, Tail: 0.00%
[FO_SO] Epoch 86/100 - Loss: 0.6571, Val Acc: 43.47%, Head: 53.71%, Med: 2.50%, Tail: 0.00%
[FO_SO] Epoch 87/100 - Loss: 0.6536, Val Acc: 42.52%, Head: 52.67%, Med: 1.90%, Tail: 0.00%
[FO_SO] Epoch 88/100 - Loss: 0.6568, Val Acc: 41.57%, Head: 51.56%, Med: 1.60%, Tail: 0.00%
[FO_SO] Epoch 89/100 - Loss: 0.6463, Val Acc: 42.25%, Head: 52.44%, Med: 1.50%, Tail: 0.00%
[FO_SO] Epoch 90/100 - Loss: 0.6435, Val Acc: 42.53%, Head: 52.65%, Med: 2.05%, Tail: 0.00%
[FO_SO] Epoch 91/100 - Loss: 0.6423, Val Acc: 42.62%, Head: 52.69%, Med: 2.35%, Tail: 0.00%
[FO_SO] Epoch 92/100 - Loss: 0.6387, Val Acc: 43.05%, Head: 53.16%, Med: 2.60%, Tail: 0.00%
[FO_SO] Epoch 93/100 - Loss: 0.6452, Val Acc: 43.08%, Head: 53.24%, Med: 2.45%, Tail: 0.00%
[FO_SO] Epoch 94/100 - Loss: 0.6442, Val Acc: 42.64%, Head: 52.77%, Med: 2.10%, Tail: 0.00%
[FO_SO] Epoch 95/100 - Loss: 0.6438, Val Acc: 42.90%, Head: 53.01%, Med: 2.45%, Tail: 0.00%
[FO_SO] Epoch 96/100 - Loss: 0.6389, Val Acc: 43.05%, Head: 53.19%, Med: 2.50%, Tail: 0.00%
[FO_SO] Epoch 97/100 - Loss: 0.6415, Val Acc: 42.93%, Head: 53.04%, Med: 2.50%, Tail: 0.00%
[FO_SO] Epoch 98/100 - Loss: 0.6448, Val Acc: 42.88%, Head: 52.98%, Med: 2.50%, Tail: 0.00%
[FO_SO] Epoch 99/100 - Loss: 0.6400, Val Acc: 42.87%, Head: 52.98%, Med: 2.45%, Tail: 0.00%
[FO_SO] Epoch 100/100 - Loss: 0.6350, Val Acc: 42.89%, Head: 53.00%, Med: 2.45%, Tail: 0.00%
wandb: updating run metadata
wandb: uploading output.log; uploading wandb-summary.json; uploading config.yaml
wandb: uploading wandb-summary.json; uploading config.yaml
wandb: uploading history steps 99-99, summary, console lines 101-101
wandb: 
wandb: Run history:
wandb:        epoch ▁▁▁▁▁▂▂▃▃▃▄▄▄▄▄▄▄▅▅▅▅▅▅▅▅▆▆▆▇▇▇▇▇▇▇█████
wandb:    train/acc ▁▄▄▄▅▅▆▆▆▆▆▆▆▆▆▇▇▇▇▇▇▇▇▇▇▇▇█████████████
wandb:   train/loss ██▇▆▆▅▅▅▅▅▄▄▄▄▄▄▄▃▃▃▃▃▃▂▂▂▂▂▂▂▁▁▁▁▁▁▁▁▁▁
wandb:      val/acc ▁▃▃▃▃▃▄▄▄▄▄▅▅▅▄▅▆▆▅▆▆▇▆▆▆▇▇▆▇██▇████████
wandb: val/head_acc ▁▃▃▃▃▃▃▄▄▄▅▄▅▅▅▅▅▅▆▆▆▇▆▇▇▆▇█▇█▇█████████
wandb:     val/loss █▆▆▅▅▄▄▅▄▄▃▄▂▃▄▃▃▃▃▃▂▃▂▂▂▁▁▁▂▁▁▂▁▁▁▁▁▁▁▁
wandb:  val/med_acc ▁▂▁▁▁▁▁▁▁▁▁▁▁▁▁▁▁▁▁▁▁▁▁▃▁▁▂▂▃▃▆▅▇▇▅█████
wandb: val/tail_acc ▁▁▁▁▁▁▁▁▁▁▁▁▁▁▁▁▁▁▁▁▁▁▁▁▁▁▁▁▁▁▁▁▁▁▁▁▁▁▁▁
wandb: 
wandb: Run summary:
wandb:        epoch 100
wandb:    train/acc 78.13961
wandb:   train/loss 0.63505
wandb:      val/acc 42.89
wandb: val/head_acc 53
wandb:     val/loss 1.97479
wandb:  val/med_acc 2.45
wandb: val/tail_acc 0
wandb: 
wandb: 🚀 View run ViT_FO_SO_cifar10_imb0.01 at: https://wandb.ai/somshekar24157-indraprastha-institute-of-information-tec/Trinity-Benchmark/runs/pazih89b
wandb: ⭐️ View project at: https://wandb.ai/somshekar24157-indraprastha-institute-of-information-tec/Trinity-Benchmark
wandb: Synced 5 W&B file(s), 0 media file(s), 0 artifact file(s) and 0 other file(s)
wandb: Find logs at: ./wandb/run-20260907_012410-pazih89b/logs
