nohup: ignoring input
wandb: [wandb.login()] Loaded credentials for https://api.wandb.ai from /home/anant/.netrc.
wandb: Currently logged in as: anant-jain (dcll-iiitd) to https://api.wandb.ai. Use `wandb login --relogin` to force relogin
wandb: setting up run ezgkorn5
wandb: Tracking run with wandb version 0.29.0
wandb: Run data is saved locally in /home/anant/update-trinity/Trinity-opt-DSAA2026/wandb/run-20260910_055219-ezgkorn5
wandb: Run `wandb offline` to turn off syncing.
wandb: Syncing run trinity
wandb: ⭐️ View project at https://wandb.ai/dcll-iiitd/new-transformer-trinity-optimizer-comparison-200-transformer-small
wandb: 🚀 View run at https://wandb.ai/dcll-iiitd/new-transformer-trinity-optimizer-comparison-200-transformer-small/runs/ezgkorn5
[*] Generated Long-Tailed CIFAR-10 (Imbalance: 0.01). Total train samples: 12406
<sys>:0: UserWarning: Full backward hook is firing when gradients are computed with respect to module outputs since no inputs require gradients. See https://docs.pytorch.org/docs/main/generated/torch.nn.Module.html#torch.nn.Module.register_full_backward_hook for more details.
[trinity] Epoch 1/200 - Loss: 1.3906, Val Acc: 19.24%, Head: 24.05%, Med: 0.00%, Tail: 0.00% | SO: 0/38, rho: 0.937, nu: 0.020, escape: 0, kfac_inv: 0/0, graft_scale: 1.000
[trinity] Epoch 2/200 - Loss: 1.2817, Val Acc: 21.47%, Head: 26.84%, Med: 0.00%, Tail: 0.00% | SO: 0/38, rho: 0.874, nu: 0.053, escape: 0, kfac_inv: 0/0, graft_scale: 1.000
[trinity] Epoch 3/200 - Loss: 1.1892, Val Acc: 26.40%, Head: 33.00%, Med: 0.00%, Tail: 0.00% | SO: 0/38, rho: 0.811, nu: 0.053, escape: 0, kfac_inv: 0/0, graft_scale: 1.000
[trinity] Epoch 4/200 - Loss: 1.0940, Val Acc: 21.83%, Head: 27.29%, Med: 0.00%, Tail: 0.00% | SO: 0/38, rho: 0.684, nu: 0.053, escape: 0, kfac_inv: 0/0, graft_scale: 1.000
[trinity] Epoch 5/200 - Loss: 1.1069, Val Acc: 23.39%, Head: 29.24%, Med: 0.00%, Tail: 0.00% | SO: 0/38, rho: 0.621, nu: 0.086, escape: 0, kfac_inv: 0/0, graft_scale: 1.000
[trinity] Epoch 6/200 - Loss: 1.1165, Val Acc: 26.33%, Head: 32.91%, Med: 0.00%, Tail: 0.00% | SO: 0/38, rho: 0.558, nu: 0.092, escape: 0, kfac_inv: 0/0, graft_scale: 1.000
[trinity] Epoch 7/200 - Loss: 1.1110, Val Acc: 24.63%, Head: 30.79%, Med: 0.00%, Tail: 0.00% | SO: 0/38, rho: 0.432, nu: 0.145, escape: 0, kfac_inv: 0/0, graft_scale: 1.000
[trinity] Epoch 8/200 - Loss: 1.1140, Val Acc: 22.94%, Head: 28.68%, Med: 0.00%, Tail: 0.00% | SO: 0/38, rho: 0.388, nu: 0.184, escape: 0, kfac_inv: 0/0, graft_scale: 1.000
[trinity] Epoch 9/200 - Loss: 1.0882, Val Acc: 27.04%, Head: 33.80%, Med: 0.00%, Tail: 0.00% | SO: 0/38, rho: 0.362, nu: 0.191, escape: 0, kfac_inv: 0/0, graft_scale: 1.000
[trinity] Epoch 10/200 - Loss: 1.0999, Val Acc: 25.95%, Head: 32.44%, Med: 0.00%, Tail: 0.00% | SO: 0/38, rho: 0.337, nu: 0.257, escape: 0, kfac_inv: 0/0, graft_scale: 1.000
[trinity] Epoch 11/200 - Loss: 1.0972, Val Acc: 28.88%, Head: 36.10%, Med: 0.00%, Tail: 0.00% | SO: 0/38, rho: 0.287, nu: 0.362, escape: 0, kfac_inv: 0/0, graft_scale: 1.000
[trinity] Epoch 12/200 - Loss: 1.0818, Val Acc: 28.67%, Head: 35.84%, Med: 0.00%, Tail: 0.00% | SO: 0/38, rho: 0.261, nu: 0.368, escape: 0, kfac_inv: 0/0, graft_scale: 1.000
[trinity] Epoch 13/200 - Loss: 1.0604, Val Acc: 26.10%, Head: 32.62%, Med: 0.00%, Tail: 0.00% | SO: 0/38, rho: 0.236, nu: 0.441, escape: 0, kfac_inv: 0/0, graft_scale: 1.000
[trinity] Epoch 14/200 - Loss: 1.0639, Val Acc: 25.32%, Head: 31.65%, Med: 0.00%, Tail: 0.00% | SO: 0/38, rho: 0.185, nu: 0.493, escape: 0, kfac_inv: 0/0, graft_scale: 1.000
[trinity] Epoch 15/200 - Loss: 1.0468, Val Acc: 30.42%, Head: 38.02%, Med: 0.00%, Tail: 0.00% | SO: 0/38, rho: 0.160, nu: 0.493, escape: 0, kfac_inv: 0/0, graft_scale: 1.000
[trinity] Epoch 16/200 - Loss: 1.0337, Val Acc: 28.02%, Head: 35.02%, Med: 0.00%, Tail: 0.00% | SO: 4/38, rho: 0.150, nu: 0.474, escape: 0, kfac_inv: 4/4, graft_scale: 0.969
[trinity] Epoch 17/200 - Loss: 1.0202, Val Acc: 28.52%, Head: 35.65%, Med: 0.00%, Tail: 0.00% | SO: 8/38, rho: 0.140, nu: 0.441, escape: 0, kfac_inv: 8/8, graft_scale: 0.922
[trinity] Epoch 18/200 - Loss: 1.0125, Val Acc: 30.52%, Head: 38.15%, Med: 0.00%, Tail: 0.00% | SO: 11/38, rho: 0.120, nu: 0.414, escape: 0, kfac_inv: 11/11, graft_scale: 0.893
[trinity] Epoch 19/200 - Loss: 0.9954, Val Acc: 31.57%, Head: 39.46%, Med: 0.00%, Tail: 0.00% | SO: 11/38, rho: 0.110, nu: 0.395, escape: 0, kfac_inv: 11/11, graft_scale: 0.881
[trinity] Epoch 20/200 - Loss: 1.0001, Val Acc: 27.79%, Head: 34.74%, Med: 0.00%, Tail: 0.00% | SO: 11/38, rho: 0.100, nu: 0.362, escape: 0, kfac_inv: 11/11, graft_scale: 0.865
[trinity] Epoch 21/200 - Loss: 1.0050, Val Acc: 26.68%, Head: 33.35%, Med: 0.00%, Tail: 0.00% | SO: 11/38, rho: 0.079, nu: 0.368, escape: 0, kfac_inv: 11/11, graft_scale: 0.892
[trinity] Epoch 22/200 - Loss: 0.9888, Val Acc: 26.74%, Head: 33.42%, Med: 0.00%, Tail: 0.00% | SO: 11/38, rho: 0.069, nu: 0.316, escape: 0, kfac_inv: 11/11, graft_scale: 0.899
[trinity] Epoch 23/200 - Loss: 0.9782, Val Acc: 29.32%, Head: 36.65%, Med: 0.00%, Tail: 0.00% | SO: 11/38, rho: 0.062, nu: 0.309, escape: 0, kfac_inv: 11/11, graft_scale: 0.891
[trinity] Epoch 24/200 - Loss: 0.9636, Val Acc: 29.61%, Head: 37.01%, Med: 0.00%, Tail: 0.00% | SO: 11/38, rho: 0.054, nu: 0.395, escape: 0, kfac_inv: 11/11, graft_scale: 0.895
[trinity] Epoch 25/200 - Loss: 0.9491, Val Acc: 30.85%, Head: 38.56%, Med: 0.00%, Tail: 0.00% | SO: 11/38, rho: 0.050, nu: 0.395, escape: 0, kfac_inv: 11/11, graft_scale: 0.893
[trinity] Epoch 26/200 - Loss: 0.9569, Val Acc: 31.43%, Head: 39.29%, Med: 0.00%, Tail: 0.00% | SO: 11/38, rho: 0.046, nu: 0.388, escape: 0, kfac_inv: 11/11, graft_scale: 0.897
[trinity] Epoch 27/200 - Loss: 0.9521, Val Acc: 28.15%, Head: 35.19%, Med: 0.00%, Tail: 0.00% | SO: 11/38, rho: 0.042, nu: 0.382, escape: 0, kfac_inv: 11/11, graft_scale: 0.891
[trinity] Epoch 28/200 - Loss: 0.9509, Val Acc: 30.96%, Head: 38.70%, Med: 0.00%, Tail: 0.00% | SO: 11/38, rho: 0.034, nu: 0.395, escape: 0, kfac_inv: 11/11, graft_scale: 0.883
[trinity] Epoch 29/200 - Loss: 0.9515, Val Acc: 30.20%, Head: 37.75%, Med: 0.00%, Tail: 0.00% | SO: 11/38, rho: 0.030, nu: 0.382, escape: 0, kfac_inv: 11/11, graft_scale: 0.888
[trinity] Epoch 30/200 - Loss: 0.9406, Val Acc: 31.34%, Head: 39.17%, Med: 0.00%, Tail: 0.00% | SO: 11/38, rho: 0.026, nu: 0.388, escape: 0, kfac_inv: 11/11, graft_scale: 0.888
[trinity] Epoch 31/200 - Loss: 0.9295, Val Acc: 31.59%, Head: 39.49%, Med: 0.00%, Tail: 0.00% | SO: 11/38, rho: 0.023, nu: 0.421, escape: 0, kfac_inv: 11/11, graft_scale: 0.889
[trinity] Epoch 32/200 - Loss: 0.9407, Val Acc: 31.01%, Head: 38.76%, Med: 0.00%, Tail: 0.00% | SO: 11/38, rho: 0.021, nu: 0.382, escape: 0, kfac_inv: 11/11, graft_scale: 0.897
[trinity] Epoch 33/200 - Loss: 0.9252, Val Acc: 31.67%, Head: 39.59%, Med: 0.00%, Tail: 0.00% | SO: 11/38, rho: 0.019, nu: 0.388, escape: 0, kfac_inv: 11/11, graft_scale: 0.893
[trinity] Epoch 34/200 - Loss: 0.9197, Val Acc: 33.03%, Head: 41.29%, Med: 0.00%, Tail: 0.00% | SO: 11/38, rho: 0.018, nu: 0.382, escape: 0, kfac_inv: 0/0, graft_scale: 0.909
[trinity] Epoch 35/200 - Loss: 0.9117, Val Acc: 30.55%, Head: 38.19%, Med: 0.00%, Tail: 0.00% | SO: 11/38, rho: 0.014, nu: 0.375, escape: 0, kfac_inv: 11/11, graft_scale: 0.907
[trinity] Epoch 36/200 - Loss: 0.9071, Val Acc: 30.63%, Head: 38.29%, Med: 0.00%, Tail: 0.00% | SO: 11/38, rho: 0.013, nu: 0.388, escape: 0, kfac_inv: 11/11, graft_scale: 0.900
[trinity] Epoch 37/200 - Loss: 0.9156, Val Acc: 30.75%, Head: 38.44%, Med: 0.00%, Tail: 0.00% | SO: 11/38, rho: 0.011, nu: 0.408, escape: 0, kfac_inv: 11/11, graft_scale: 0.900
[trinity] Epoch 38/200 - Loss: 0.9086, Val Acc: 32.46%, Head: 40.58%, Med: 0.00%, Tail: 0.00% | SO: 11/38, rho: 0.009, nu: 0.342, escape: 0, kfac_inv: 11/11, graft_scale: 0.895
[trinity] Epoch 39/200 - Loss: 0.9148, Val Acc: 31.20%, Head: 39.00%, Med: 0.00%, Tail: 0.00% | SO: 11/38, rho: 0.009, nu: 0.322, escape: 0, kfac_inv: 11/11, graft_scale: 0.899
[trinity] Epoch 40/200 - Loss: 0.8799, Val Acc: 31.35%, Head: 39.19%, Med: 0.00%, Tail: 0.00% | SO: 11/38, rho: 0.008, nu: 0.316, escape: 0, kfac_inv: 11/11, graft_scale: 0.904
[trinity] Epoch 41/200 - Loss: 0.8855, Val Acc: 33.45%, Head: 41.81%, Med: 0.00%, Tail: 0.00% | SO: 11/38, rho: 0.007, nu: 0.368, escape: 0, kfac_inv: 11/11, graft_scale: 0.903
[trinity] Epoch 42/200 - Loss: 0.8822, Val Acc: 31.00%, Head: 38.75%, Med: 0.00%, Tail: 0.00% | SO: 11/38, rho: 0.006, nu: 0.329, escape: 0, kfac_inv: 11/11, graft_scale: 0.900
[trinity] Epoch 43/200 - Loss: 0.8782, Val Acc: 33.33%, Head: 41.66%, Med: 0.00%, Tail: 0.00% | SO: 11/38, rho: 0.006, nu: 0.303, escape: 0, kfac_inv: 11/11, graft_scale: 0.896
[trinity] Epoch 44/200 - Loss: 0.9003, Val Acc: 32.83%, Head: 41.04%, Med: 0.00%, Tail: 0.00% | SO: 11/38, rho: 0.005, nu: 0.329, escape: 0, kfac_inv: 11/11, graft_scale: 0.903
[trinity] Epoch 45/200 - Loss: 0.8924, Val Acc: 31.14%, Head: 38.92%, Med: 0.00%, Tail: 0.00% | SO: 11/38, rho: 0.004, nu: 0.408, escape: 0, kfac_inv: 11/11, graft_scale: 0.880
[trinity] Epoch 46/200 - Loss: 0.8599, Val Acc: 31.35%, Head: 39.19%, Med: 0.00%, Tail: 0.00% | SO: 11/38, rho: 0.004, nu: 0.467, escape: 0, kfac_inv: 11/11, graft_scale: 0.881
[trinity] Epoch 47/200 - Loss: 0.8731, Val Acc: 31.00%, Head: 38.64%, Med: 0.45%, Tail: 0.00% | SO: 11/38, rho: 0.003, nu: 0.441, escape: 0, kfac_inv: 11/11, graft_scale: 0.889
[trinity] Epoch 48/200 - Loss: 0.8608, Val Acc: 33.19%, Head: 41.49%, Med: 0.00%, Tail: 0.00% | SO: 11/38, rho: 0.003, nu: 0.368, escape: 0, kfac_inv: 11/11, graft_scale: 0.891
[trinity] Epoch 49/200 - Loss: 0.8555, Val Acc: 35.11%, Head: 43.88%, Med: 0.05%, Tail: 0.00% | SO: 11/38, rho: 0.003, nu: 0.349, escape: 0, kfac_inv: 11/11, graft_scale: 0.896
[trinity] Epoch 50/200 - Loss: 0.8651, Val Acc: 34.49%, Head: 43.02%, Med: 0.35%, Tail: 0.00% | SO: 11/38, rho: 0.002, nu: 0.362, escape: 0, kfac_inv: 11/11, graft_scale: 0.902
[trinity] Epoch 51/200 - Loss: 0.8531, Val Acc: 31.36%, Head: 39.19%, Med: 0.05%, Tail: 0.00% | SO: 11/38, rho: 0.002, nu: 0.382, escape: 0, kfac_inv: 11/11, graft_scale: 0.896
[trinity] Epoch 52/200 - Loss: 0.8534, Val Acc: 34.96%, Head: 43.62%, Med: 0.30%, Tail: 0.00% | SO: 11/38, rho: 0.002, nu: 0.296, escape: 0, kfac_inv: 11/11, graft_scale: 0.895
[trinity] Epoch 53/200 - Loss: 0.8623, Val Acc: 31.23%, Head: 39.01%, Med: 0.10%, Tail: 0.00% | SO: 11/38, rho: 0.002, nu: 0.309, escape: 0, kfac_inv: 11/11, graft_scale: 0.900
[trinity] Epoch 54/200 - Loss: 0.8475, Val Acc: 34.07%, Head: 42.40%, Med: 0.75%, Tail: 0.00% | SO: 11/38, rho: 0.002, nu: 0.296, escape: 0, kfac_inv: 11/11, graft_scale: 0.903
[trinity] Epoch 55/200 - Loss: 0.8501, Val Acc: 34.57%, Head: 43.06%, Med: 0.60%, Tail: 0.00% | SO: 11/38, rho: 0.001, nu: 0.368, escape: 0, kfac_inv: 11/11, graft_scale: 0.906
[trinity] Epoch 56/200 - Loss: 0.8433, Val Acc: 32.90%, Head: 40.91%, Med: 0.85%, Tail: 0.00% | SO: 11/38, rho: 0.001, nu: 0.395, escape: 0, kfac_inv: 11/11, graft_scale: 0.908
[trinity] Epoch 57/200 - Loss: 0.8375, Val Acc: 33.21%, Head: 41.46%, Med: 0.20%, Tail: 0.00% | SO: 11/38, rho: 0.001, nu: 0.368, escape: 0, kfac_inv: 11/11, graft_scale: 0.912
[trinity] Epoch 58/200 - Loss: 0.8248, Val Acc: 34.12%, Head: 42.16%, Med: 1.95%, Tail: 0.00% | SO: 11/38, rho: 0.001, nu: 0.322, escape: 0, kfac_inv: 11/11, graft_scale: 0.912
[trinity] Epoch 59/200 - Loss: 0.8306, Val Acc: 35.50%, Head: 44.05%, Med: 1.30%, Tail: 0.00% | SO: 11/38, rho: 0.001, nu: 0.322, escape: 0, kfac_inv: 11/11, graft_scale: 0.929
[trinity] Epoch 60/200 - Loss: 0.8324, Val Acc: 33.47%, Head: 41.20%, Med: 2.55%, Tail: 0.00% | SO: 11/38, rho: 0.001, nu: 0.296, escape: 0, kfac_inv: 11/11, graft_scale: 0.911
[trinity] Epoch 61/200 - Loss: 0.8310, Val Acc: 34.39%, Head: 42.81%, Med: 0.70%, Tail: 0.00% | SO: 11/38, rho: 0.001, nu: 0.243, escape: 0, kfac_inv: 11/11, graft_scale: 0.918
[trinity] Epoch 62/200 - Loss: 0.8382, Val Acc: 33.71%, Head: 42.04%, Med: 0.40%, Tail: 0.00% | SO: 11/38, rho: 0.001, nu: 0.211, escape: 0, kfac_inv: 11/11, graft_scale: 0.907
[trinity] Epoch 63/200 - Loss: 0.8182, Val Acc: 33.64%, Head: 41.55%, Med: 2.00%, Tail: 0.00% | SO: 11/38, rho: 0.001, nu: 0.217, escape: 0, kfac_inv: 11/11, graft_scale: 0.913
[trinity] Epoch 64/200 - Loss: 0.8268, Val Acc: 35.74%, Head: 44.60%, Med: 0.30%, Tail: 0.00% | SO: 11/38, rho: 0.001, nu: 0.211, escape: 0, kfac_inv: 11/11, graft_scale: 0.906
[trinity] Epoch 65/200 - Loss: 0.8127, Val Acc: 35.63%, Head: 44.42%, Med: 0.45%, Tail: 0.00% | SO: 11/38, rho: 0.001, nu: 0.289, escape: 0, kfac_inv: 11/11, graft_scale: 0.915
[trinity] Epoch 66/200 - Loss: 0.7880, Val Acc: 36.79%, Head: 45.75%, Med: 0.95%, Tail: 0.00% | SO: 11/38, rho: 0.000, nu: 0.322, escape: 0, kfac_inv: 11/11, graft_scale: 0.919
[trinity] Epoch 67/200 - Loss: 0.7869, Val Acc: 33.74%, Head: 41.79%, Med: 1.55%, Tail: 0.00% | SO: 11/38, rho: 0.000, nu: 0.342, escape: 0, kfac_inv: 0/0, graft_scale: 0.902
[trinity] Epoch 68/200 - Loss: 0.7985, Val Acc: 34.65%, Head: 43.27%, Med: 0.15%, Tail: 0.00% | SO: 11/38, rho: 0.000, nu: 0.349, escape: 0, kfac_inv: 11/11, graft_scale: 0.898
[trinity] Epoch 69/200 - Loss: 0.7869, Val Acc: 35.29%, Head: 44.10%, Med: 0.05%, Tail: 0.00% | SO: 11/38, rho: 0.000, nu: 0.401, escape: 0, kfac_inv: 11/11, graft_scale: 0.906
[trinity] Epoch 70/200 - Loss: 0.7902, Val Acc: 36.29%, Head: 45.27%, Med: 0.35%, Tail: 0.00% | SO: 11/38, rho: 0.000, nu: 0.388, escape: 0, kfac_inv: 11/11, graft_scale: 0.905
[trinity] Epoch 71/200 - Loss: 0.7759, Val Acc: 36.60%, Head: 45.48%, Med: 1.10%, Tail: 0.00% | SO: 11/38, rho: 0.000, nu: 0.368, escape: 0, kfac_inv: 11/11, graft_scale: 0.908
[trinity] Epoch 72/200 - Loss: 0.7744, Val Acc: 35.43%, Head: 44.08%, Med: 0.85%, Tail: 0.00% | SO: 11/38, rho: 0.000, nu: 0.342, escape: 0, kfac_inv: 11/11, graft_scale: 0.917
[trinity] Epoch 73/200 - Loss: 0.7625, Val Acc: 36.51%, Head: 45.23%, Med: 1.65%, Tail: 0.00% | SO: 11/38, rho: 0.000, nu: 0.355, escape: 0, kfac_inv: 11/11, graft_scale: 0.916
[trinity] Epoch 74/200 - Loss: 0.7656, Val Acc: 35.44%, Head: 43.94%, Med: 1.45%, Tail: 0.00% | SO: 11/38, rho: 0.000, nu: 0.316, escape: 0, kfac_inv: 11/11, graft_scale: 0.919
[trinity] Epoch 75/200 - Loss: 0.7561, Val Acc: 37.42%, Head: 45.69%, Med: 4.35%, Tail: 0.00% | SO: 11/38, rho: 0.000, nu: 0.296, escape: 0, kfac_inv: 11/11, graft_scale: 0.915
[trinity] Epoch 76/200 - Loss: 0.7552, Val Acc: 36.62%, Head: 45.50%, Med: 1.10%, Tail: 0.00% | SO: 11/38, rho: 0.000, nu: 0.250, escape: 0, kfac_inv: 11/11, graft_scale: 0.915
[trinity] Epoch 77/200 - Loss: 0.7586, Val Acc: 36.21%, Head: 44.26%, Med: 4.00%, Tail: 0.00% | SO: 11/38, rho: 0.000, nu: 0.250, escape: 0, kfac_inv: 11/11, graft_scale: 0.919
[trinity] Epoch 78/200 - Loss: 0.7356, Val Acc: 38.43%, Head: 46.60%, Med: 5.75%, Tail: 0.00% | SO: 11/38, rho: 0.000, nu: 0.270, escape: 0, kfac_inv: 11/11, graft_scale: 0.915
[trinity] Epoch 79/200 - Loss: 0.7472, Val Acc: 38.05%, Head: 47.17%, Med: 1.55%, Tail: 0.00% | SO: 11/38, rho: 0.000, nu: 0.296, escape: 0, kfac_inv: 11/11, graft_scale: 0.905
[trinity] Epoch 80/200 - Loss: 0.7487, Val Acc: 37.86%, Head: 46.85%, Med: 1.90%, Tail: 0.00% | SO: 11/38, rho: 0.000, nu: 0.289, escape: 0, kfac_inv: 11/11, graft_scale: 0.918
[trinity] Epoch 81/200 - Loss: 0.7215, Val Acc: 36.20%, Head: 44.45%, Med: 3.20%, Tail: 0.00% | SO: 11/38, rho: 0.000, nu: 0.329, escape: 0, kfac_inv: 11/11, graft_scale: 0.922
[trinity] Epoch 82/200 - Loss: 0.7313, Val Acc: 36.80%, Head: 45.04%, Med: 3.85%, Tail: 0.00% | SO: 11/38, rho: 0.000, nu: 0.322, escape: 0, kfac_inv: 11/11, graft_scale: 0.919
[trinity] Epoch 83/200 - Loss: 0.7209, Val Acc: 38.10%, Head: 46.30%, Med: 5.30%, Tail: 0.00% | SO: 11/38, rho: 0.000, nu: 0.309, escape: 0, kfac_inv: 11/11, graft_scale: 0.919
[trinity] Epoch 84/200 - Loss: 0.7072, Val Acc: 37.32%, Head: 45.64%, Med: 4.05%, Tail: 0.00% | SO: 11/38, rho: 0.000, nu: 0.349, escape: 0, kfac_inv: 11/11, graft_scale: 0.907
[trinity] Epoch 85/200 - Loss: 0.7183, Val Acc: 38.59%, Head: 47.08%, Med: 4.65%, Tail: 0.00% | SO: 11/38, rho: 0.000, nu: 0.329, escape: 0, kfac_inv: 11/11, graft_scale: 0.916
[trinity] Epoch 86/200 - Loss: 0.7208, Val Acc: 36.29%, Head: 44.19%, Med: 4.70%, Tail: 0.00% | SO: 11/38, rho: 0.000, nu: 0.303, escape: 0, kfac_inv: 11/11, graft_scale: 0.917
[trinity] Epoch 87/200 - Loss: 0.6998, Val Acc: 37.89%, Head: 46.27%, Med: 4.35%, Tail: 0.00% | SO: 11/38, rho: 0.000, nu: 0.296, escape: 0, kfac_inv: 11/11, graft_scale: 0.911
[trinity] Epoch 88/200 - Loss: 0.7136, Val Acc: 40.14%, Head: 49.48%, Med: 2.80%, Tail: 0.00% | SO: 11/38, rho: 0.000, nu: 0.296, escape: 0, kfac_inv: 11/11, graft_scale: 0.913
[trinity] Epoch 89/200 - Loss: 0.7058, Val Acc: 38.97%, Head: 47.64%, Med: 4.30%, Tail: 0.00% | SO: 11/38, rho: 0.000, nu: 0.303, escape: 0, kfac_inv: 11/11, graft_scale: 0.923
[trinity] Epoch 90/200 - Loss: 0.6821, Val Acc: 40.06%, Head: 49.39%, Med: 2.75%, Tail: 0.00% | SO: 11/38, rho: 0.000, nu: 0.309, escape: 0, kfac_inv: 11/11, graft_scale: 0.914
[trinity] Epoch 91/200 - Loss: 0.6755, Val Acc: 40.87%, Head: 49.79%, Med: 5.20%, Tail: 0.00% | SO: 11/38, rho: 0.000, nu: 0.289, escape: 0, kfac_inv: 11/11, graft_scale: 0.918
[trinity] Epoch 92/200 - Loss: 0.6809, Val Acc: 39.66%, Head: 48.42%, Med: 4.60%, Tail: 0.00% | SO: 11/38, rho: 0.000, nu: 0.309, escape: 0, kfac_inv: 11/11, graft_scale: 0.918
[trinity] Epoch 93/200 - Loss: 0.6639, Val Acc: 37.77%, Head: 46.41%, Med: 3.20%, Tail: 0.00% | SO: 11/38, rho: 0.000, nu: 0.322, escape: 0, kfac_inv: 11/11, graft_scale: 0.916
[trinity] Epoch 94/200 - Loss: 0.6680, Val Acc: 40.08%, Head: 49.08%, Med: 4.10%, Tail: 0.00% | SO: 11/38, rho: 0.000, nu: 0.329, escape: 0, kfac_inv: 11/11, graft_scale: 0.921
[trinity] Epoch 95/200 - Loss: 0.6517, Val Acc: 37.93%, Head: 46.02%, Med: 5.55%, Tail: 0.00% | SO: 11/38, rho: 0.000, nu: 0.289, escape: 0, kfac_inv: 11/11, graft_scale: 0.926
[trinity] Epoch 96/200 - Loss: 0.6473, Val Acc: 38.26%, Head: 47.05%, Med: 3.10%, Tail: 0.00% | SO: 11/38, rho: 0.000, nu: 0.243, escape: 0, kfac_inv: 11/11, graft_scale: 0.926
[trinity] Epoch 97/200 - Loss: 0.6365, Val Acc: 39.16%, Head: 46.76%, Med: 8.75%, Tail: 0.00% | SO: 11/38, rho: 0.000, nu: 0.237, escape: 0, kfac_inv: 11/11, graft_scale: 0.916
[trinity] Epoch 98/200 - Loss: 0.6298, Val Acc: 40.07%, Head: 48.96%, Med: 4.50%, Tail: 0.00% | SO: 11/38, rho: 0.000, nu: 0.257, escape: 0, kfac_inv: 11/11, graft_scale: 0.918
[trinity] Epoch 99/200 - Loss: 0.6232, Val Acc: 41.37%, Head: 50.91%, Med: 3.20%, Tail: 0.00% | SO: 11/38, rho: 0.000, nu: 0.243, escape: 0, kfac_inv: 11/11, graft_scale: 0.926
[trinity] Epoch 100/200 - Loss: 0.6167, Val Acc: 38.46%, Head: 47.06%, Med: 4.05%, Tail: 0.00% | SO: 11/38, rho: 0.000, nu: 0.211, escape: 0, kfac_inv: 11/11, graft_scale: 0.935
[trinity] Epoch 101/200 - Loss: 0.6158, Val Acc: 40.87%, Head: 50.38%, Med: 2.85%, Tail: 0.00% | SO: 11/38, rho: 0.000, nu: 0.178, escape: 0, kfac_inv: 0/0, graft_scale: 0.930
[trinity] Epoch 102/200 - Loss: 0.6040, Val Acc: 40.61%, Head: 50.08%, Med: 2.75%, Tail: 0.00% | SO: 11/38, rho: 0.000, nu: 0.178, escape: 0, kfac_inv: 11/11, graft_scale: 0.935
[trinity] Epoch 103/200 - Loss: 0.5918, Val Acc: 38.99%, Head: 47.17%, Med: 6.25%, Tail: 0.00% | SO: 11/38, rho: 0.000, nu: 0.204, escape: 0, kfac_inv: 11/11, graft_scale: 0.918
[trinity] Epoch 104/200 - Loss: 0.5777, Val Acc: 41.08%, Head: 49.58%, Med: 7.10%, Tail: 0.00% | SO: 11/38, rho: 0.000, nu: 0.230, escape: 0, kfac_inv: 11/11, graft_scale: 0.924
[trinity] Epoch 105/200 - Loss: 0.5703, Val Acc: 39.72%, Head: 48.23%, Med: 5.70%, Tail: 0.00% | SO: 11/38, rho: 0.000, nu: 0.217, escape: 0, kfac_inv: 11/11, graft_scale: 0.929
[trinity] Epoch 106/200 - Loss: 0.5593, Val Acc: 39.85%, Head: 48.98%, Med: 3.35%, Tail: 0.00% | SO: 11/38, rho: 0.000, nu: 0.197, escape: 0, kfac_inv: 11/11, graft_scale: 0.936
[trinity] Epoch 107/200 - Loss: 0.5499, Val Acc: 40.73%, Head: 49.14%, Med: 7.10%, Tail: 0.00% | SO: 11/38, rho: 0.000, nu: 0.224, escape: 0, kfac_inv: 11/11, graft_scale: 0.940
[trinity] Epoch 108/200 - Loss: 0.5433, Val Acc: 41.49%, Head: 49.23%, Med: 10.55%, Tail: 0.00% | SO: 11/38, rho: 0.000, nu: 0.243, escape: 0, kfac_inv: 11/11, graft_scale: 0.939
[trinity] Epoch 109/200 - Loss: 0.5376, Val Acc: 40.40%, Head: 49.91%, Med: 2.35%, Tail: 0.00% | SO: 11/38, rho: 0.000, nu: 0.257, escape: 0, kfac_inv: 11/11, graft_scale: 0.940
[trinity] Epoch 110/200 - Loss: 0.5310, Val Acc: 39.40%, Head: 46.99%, Med: 9.05%, Tail: 0.00% | SO: 11/38, rho: 0.000, nu: 0.250, escape: 0, kfac_inv: 11/11, graft_scale: 0.941
[trinity] Epoch 111/200 - Loss: 0.5250, Val Acc: 41.37%, Head: 49.79%, Med: 7.70%, Tail: 0.00% | SO: 11/38, rho: 0.000, nu: 0.230, escape: 0, kfac_inv: 11/11, graft_scale: 0.948
[trinity] Epoch 112/200 - Loss: 0.5117, Val Acc: 40.91%, Head: 49.40%, Med: 6.95%, Tail: 0.00% | SO: 11/38, rho: 0.000, nu: 0.191, escape: 0, kfac_inv: 11/11, graft_scale: 0.934
[trinity] Epoch 113/200 - Loss: 0.5144, Val Acc: 40.06%, Head: 48.96%, Med: 4.45%, Tail: 0.00% | SO: 11/38, rho: 0.000, nu: 0.191, escape: 0, kfac_inv: 11/11, graft_scale: 0.907
[trinity] Epoch 114/200 - Loss: 0.4978, Val Acc: 41.19%, Head: 49.24%, Med: 9.00%, Tail: 0.00% | SO: 11/38, rho: 0.000, nu: 0.217, escape: 0, kfac_inv: 11/11, graft_scale: 0.905
[trinity] Epoch 115/200 - Loss: 0.4916, Val Acc: 40.97%, Head: 49.59%, Med: 6.50%, Tail: 0.00% | SO: 11/38, rho: 0.000, nu: 0.191, escape: 0, kfac_inv: 11/11, graft_scale: 0.912
[trinity] Epoch 116/200 - Loss: 0.4760, Val Acc: 42.34%, Head: 50.38%, Med: 10.20%, Tail: 0.00% | SO: 11/38, rho: 0.000, nu: 0.164, escape: 0, kfac_inv: 11/11, graft_scale: 0.907
[trinity] Epoch 117/200 - Loss: 0.4748, Val Acc: 39.34%, Head: 47.31%, Med: 7.45%, Tail: 0.00% | SO: 11/38, rho: 0.000, nu: 0.151, escape: 0, kfac_inv: 11/11, graft_scale: 0.903
[trinity] Epoch 118/200 - Loss: 0.4761, Val Acc: 40.45%, Head: 48.89%, Med: 6.70%, Tail: 0.00% | SO: 11/38, rho: 0.000, nu: 0.158, escape: 0, kfac_inv: 11/11, graft_scale: 0.916
[trinity] Epoch 119/200 - Loss: 0.4630, Val Acc: 40.87%, Head: 49.38%, Med: 6.85%, Tail: 0.00% | SO: 11/38, rho: 0.000, nu: 0.178, escape: 0, kfac_inv: 11/11, graft_scale: 0.925
[trinity] Epoch 120/200 - Loss: 0.4435, Val Acc: 42.11%, Head: 50.88%, Med: 7.05%, Tail: 0.00% | SO: 11/38, rho: 0.000, nu: 0.224, escape: 0, kfac_inv: 11/11, graft_scale: 0.933
[trinity] Epoch 121/200 - Loss: 0.4391, Val Acc: 41.20%, Head: 49.71%, Med: 7.15%, Tail: 0.00% | SO: 11/38, rho: 0.000, nu: 0.211, escape: 0, kfac_inv: 11/11, graft_scale: 0.937
[trinity] Epoch 122/200 - Loss: 0.4222, Val Acc: 41.70%, Head: 50.70%, Med: 5.70%, Tail: 0.00% | SO: 11/38, rho: 0.000, nu: 0.204, escape: 0, kfac_inv: 11/11, graft_scale: 0.940
[trinity] Epoch 123/200 - Loss: 0.4160, Val Acc: 39.68%, Head: 48.16%, Med: 5.75%, Tail: 0.00% | SO: 11/38, rho: 0.000, nu: 0.204, escape: 0, kfac_inv: 11/11, graft_scale: 0.933
[trinity] Epoch 124/200 - Loss: 0.4003, Val Acc: 40.56%, Head: 49.06%, Med: 6.55%, Tail: 0.00% | SO: 11/38, rho: 0.000, nu: 0.211, escape: 0, kfac_inv: 11/11, graft_scale: 0.930
[trinity] Epoch 125/200 - Loss: 0.3949, Val Acc: 40.54%, Head: 48.83%, Med: 7.40%, Tail: 0.00% | SO: 11/38, rho: 0.000, nu: 0.197, escape: 0, kfac_inv: 11/11, graft_scale: 0.933
[trinity] Epoch 126/200 - Loss: 0.3950, Val Acc: 40.36%, Head: 49.19%, Med: 5.05%, Tail: 0.00% | SO: 11/38, rho: 0.000, nu: 0.204, escape: 0, kfac_inv: 11/11, graft_scale: 0.935
[trinity] Epoch 127/200 - Loss: 0.3801, Val Acc: 40.90%, Head: 49.24%, Med: 7.55%, Tail: 0.00% | SO: 11/38, rho: 0.000, nu: 0.197, escape: 0, kfac_inv: 11/11, graft_scale: 0.933
[trinity] Epoch 128/200 - Loss: 0.3687, Val Acc: 40.44%, Head: 48.51%, Med: 8.15%, Tail: 0.00% | SO: 11/38, rho: 0.000, nu: 0.191, escape: 0, kfac_inv: 11/11, graft_scale: 0.938
[trinity] Epoch 129/200 - Loss: 0.3673, Val Acc: 41.55%, Head: 50.60%, Med: 5.35%, Tail: 0.00% | SO: 11/38, rho: 0.000, nu: 0.204, escape: 0, kfac_inv: 11/11, graft_scale: 0.944
[trinity] Epoch 130/200 - Loss: 0.3485, Val Acc: 41.40%, Head: 50.10%, Med: 6.60%, Tail: 0.00% | SO: 11/38, rho: 0.000, nu: 0.243, escape: 0, kfac_inv: 11/11, graft_scale: 0.951
[trinity] Epoch 131/200 - Loss: 0.3359, Val Acc: 40.43%, Head: 49.01%, Med: 6.10%, Tail: 0.00% | SO: 11/38, rho: 0.000, nu: 0.257, escape: 0, kfac_inv: 11/11, graft_scale: 0.957
[trinity] Epoch 132/200 - Loss: 0.3345, Val Acc: 41.20%, Head: 50.08%, Med: 5.70%, Tail: 0.00% | SO: 11/38, rho: 0.000, nu: 0.283, escape: 0, kfac_inv: 11/11, graft_scale: 0.962
[trinity] Epoch 133/200 - Loss: 0.3286, Val Acc: 40.61%, Head: 48.81%, Med: 7.80%, Tail: 0.00% | SO: 11/38, rho: 0.000, nu: 0.270, escape: 0, kfac_inv: 11/11, graft_scale: 0.967
[trinity] Epoch 134/200 - Loss: 0.3154, Val Acc: 40.28%, Head: 49.10%, Med: 5.00%, Tail: 0.00% | SO: 11/38, rho: 0.000, nu: 0.283, escape: 0, kfac_inv: 0/0, graft_scale: 0.957
[trinity] Epoch 135/200 - Loss: 0.2989, Val Acc: 41.37%, Head: 49.83%, Med: 7.55%, Tail: 0.00% | SO: 11/38, rho: 0.000, nu: 0.283, escape: 0, kfac_inv: 11/11, graft_scale: 0.962
[trinity] Epoch 136/200 - Loss: 0.2900, Val Acc: 41.00%, Head: 48.85%, Med: 9.60%, Tail: 0.00% | SO: 11/38, rho: 0.000, nu: 0.316, escape: 0, kfac_inv: 11/11, graft_scale: 0.960
[trinity] Epoch 137/200 - Loss: 0.2849, Val Acc: 40.53%, Head: 48.71%, Med: 7.80%, Tail: 0.00% | SO: 11/38, rho: 0.000, nu: 0.250, escape: 0, kfac_inv: 11/11, graft_scale: 0.948
[trinity] Epoch 138/200 - Loss: 0.2802, Val Acc: 40.65%, Head: 48.44%, Med: 9.50%, Tail: 0.00% | SO: 11/38, rho: 0.000, nu: 0.263, escape: 0, kfac_inv: 11/11, graft_scale: 0.941
[trinity] Epoch 139/200 - Loss: 0.2788, Val Acc: 41.35%, Head: 49.24%, Med: 9.80%, Tail: 0.00% | SO: 11/38, rho: 0.000, nu: 0.224, escape: 0, kfac_inv: 11/11, graft_scale: 0.932
[trinity] Epoch 140/200 - Loss: 0.2676, Val Acc: 40.16%, Head: 48.34%, Med: 7.45%, Tail: 0.00% | SO: 11/38, rho: 0.000, nu: 0.191, escape: 0, kfac_inv: 11/11, graft_scale: 0.930
[trinity] Epoch 141/200 - Loss: 0.2440, Val Acc: 41.50%, Head: 49.98%, Med: 7.60%, Tail: 0.00% | SO: 11/38, rho: 0.000, nu: 0.171, escape: 0, kfac_inv: 11/11, graft_scale: 0.935
[trinity] Epoch 142/200 - Loss: 0.2442, Val Acc: 41.57%, Head: 50.10%, Med: 7.45%, Tail: 0.00% | SO: 11/38, rho: 0.000, nu: 0.138, escape: 0, kfac_inv: 11/11, graft_scale: 0.940
[trinity] Epoch 143/200 - Loss: 0.2385, Val Acc: 41.70%, Head: 50.16%, Med: 7.85%, Tail: 0.00% | SO: 11/38, rho: 0.000, nu: 0.138, escape: 0, kfac_inv: 11/11, graft_scale: 0.926
[trinity] Epoch 144/200 - Loss: 0.2326, Val Acc: 40.70%, Head: 48.75%, Med: 8.50%, Tail: 0.00% | SO: 11/38, rho: 0.000, nu: 0.158, escape: 0, kfac_inv: 11/11, graft_scale: 0.927
[trinity] Epoch 145/200 - Loss: 0.2222, Val Acc: 41.02%, Head: 49.52%, Med: 7.00%, Tail: 0.00% | SO: 11/38, rho: 0.000, nu: 0.158, escape: 0, kfac_inv: 11/11, graft_scale: 0.931
[trinity] Epoch 146/200 - Loss: 0.2172, Val Acc: 40.10%, Head: 48.56%, Med: 6.25%, Tail: 0.00% | SO: 11/38, rho: 0.000, nu: 0.171, escape: 0, kfac_inv: 11/11, graft_scale: 0.930
[trinity] Epoch 147/200 - Loss: 0.2126, Val Acc: 39.81%, Head: 47.75%, Med: 8.05%, Tail: 0.00% | SO: 11/38, rho: 0.000, nu: 0.151, escape: 0, kfac_inv: 11/11, graft_scale: 0.925
[trinity] Epoch 148/200 - Loss: 0.2141, Val Acc: 40.53%, Head: 48.55%, Med: 8.45%, Tail: 0.00% | SO: 11/38, rho: 0.000, nu: 0.191, escape: 0, kfac_inv: 11/11, graft_scale: 0.934
[trinity] Epoch 149/200 - Loss: 0.2062, Val Acc: 40.46%, Head: 48.65%, Med: 7.70%, Tail: 0.00% | SO: 11/38, rho: 0.000, nu: 0.217, escape: 0, kfac_inv: 11/11, graft_scale: 0.942
[trinity] Epoch 150/200 - Loss: 0.1895, Val Acc: 39.39%, Head: 47.81%, Med: 5.70%, Tail: 0.00% | SO: 11/38, rho: 0.000, nu: 0.224, escape: 0, kfac_inv: 11/11, graft_scale: 0.949
[trinity] Epoch 151/200 - Loss: 0.1903, Val Acc: 41.45%, Head: 49.80%, Med: 8.05%, Tail: 0.00% | SO: 11/38, rho: 0.000, nu: 0.204, escape: 0, kfac_inv: 11/11, graft_scale: 0.951
[trinity] Epoch 152/200 - Loss: 0.1874, Val Acc: 41.44%, Head: 49.59%, Med: 8.85%, Tail: 0.00% | SO: 11/38, rho: 0.000, nu: 0.217, escape: 0, kfac_inv: 11/11, graft_scale: 0.945
[trinity] Epoch 153/200 - Loss: 0.1729, Val Acc: 41.08%, Head: 49.29%, Med: 8.25%, Tail: 0.00% | SO: 11/38, rho: 0.000, nu: 0.211, escape: 0, kfac_inv: 11/11, graft_scale: 0.951
[trinity] Epoch 154/200 - Loss: 0.1720, Val Acc: 40.50%, Head: 49.04%, Med: 6.35%, Tail: 0.00% | SO: 11/38, rho: 0.000, nu: 0.230, escape: 0, kfac_inv: 11/11, graft_scale: 0.942
[trinity] Epoch 155/200 - Loss: 0.1642, Val Acc: 41.17%, Head: 49.85%, Med: 6.45%, Tail: 0.00% | SO: 11/38, rho: 0.000, nu: 0.204, escape: 0, kfac_inv: 11/11, graft_scale: 0.948
[trinity] Epoch 156/200 - Loss: 0.1605, Val Acc: 40.60%, Head: 49.31%, Med: 5.75%, Tail: 0.00% | SO: 11/38, rho: 0.000, nu: 0.158, escape: 0, kfac_inv: 11/11, graft_scale: 0.952
[trinity] Epoch 157/200 - Loss: 0.1531, Val Acc: 40.81%, Head: 49.01%, Med: 8.00%, Tail: 0.00% | SO: 11/38, rho: 0.000, nu: 0.158, escape: 0, kfac_inv: 11/11, graft_scale: 0.945
[trinity] Epoch 158/200 - Loss: 0.1487, Val Acc: 40.88%, Head: 49.19%, Med: 7.65%, Tail: 0.00% | SO: 11/38, rho: 0.000, nu: 0.132, escape: 0, kfac_inv: 11/11, graft_scale: 0.932
[trinity] Epoch 159/200 - Loss: 0.1485, Val Acc: 40.64%, Head: 49.06%, Med: 6.95%, Tail: 0.00% | SO: 11/38, rho: 0.000, nu: 0.125, escape: 0, kfac_inv: 11/11, graft_scale: 0.932
[trinity] Epoch 160/200 - Loss: 0.1437, Val Acc: 41.51%, Head: 50.15%, Med: 6.95%, Tail: 0.00% | SO: 11/38, rho: 0.000, nu: 0.125, escape: 0, kfac_inv: 11/11, graft_scale: 0.941
[trinity] Epoch 161/200 - Loss: 0.1389, Val Acc: 41.68%, Head: 50.01%, Med: 8.35%, Tail: 0.00% | SO: 11/38, rho: 0.000, nu: 0.105, escape: 0, kfac_inv: 11/11, graft_scale: 0.947
[trinity] Epoch 162/200 - Loss: 0.1312, Val Acc: 40.52%, Head: 49.01%, Med: 6.55%, Tail: 0.00% | SO: 11/38, rho: 0.000, nu: 0.105, escape: 0, kfac_inv: 11/11, graft_scale: 0.946
[trinity] Epoch 163/200 - Loss: 0.1359, Val Acc: 40.51%, Head: 48.71%, Med: 7.70%, Tail: 0.00% | SO: 11/38, rho: 0.000, nu: 0.158, escape: 0, kfac_inv: 11/11, graft_scale: 0.947
[trinity] Epoch 164/200 - Loss: 0.1207, Val Acc: 40.81%, Head: 49.24%, Med: 7.10%, Tail: 0.00% | SO: 11/38, rho: 0.000, nu: 0.112, escape: 0, kfac_inv: 11/11, graft_scale: 0.950
[trinity] Epoch 165/200 - Loss: 0.1301, Val Acc: 40.03%, Head: 48.48%, Med: 6.25%, Tail: 0.00% | SO: 11/38, rho: 0.000, nu: 0.118, escape: 0, kfac_inv: 11/11, graft_scale: 0.957
[trinity] Epoch 166/200 - Loss: 0.1212, Val Acc: 40.51%, Head: 48.79%, Med: 7.40%, Tail: 0.00% | SO: 11/38, rho: 0.000, nu: 0.138, escape: 0, kfac_inv: 11/11, graft_scale: 0.962
[trinity] Epoch 167/200 - Loss: 0.1229, Val Acc: 40.58%, Head: 48.83%, Med: 7.60%, Tail: 0.00% | SO: 11/38, rho: 0.000, nu: 0.138, escape: 0, kfac_inv: 0/0, graft_scale: 0.955
[trinity] Epoch 168/200 - Loss: 0.1082, Val Acc: 40.30%, Head: 48.62%, Med: 7.00%, Tail: 0.00% | SO: 11/38, rho: 0.000, nu: 0.138, escape: 0, kfac_inv: 11/11, graft_scale: 0.954
[trinity] Epoch 169/200 - Loss: 0.1141, Val Acc: 40.50%, Head: 48.88%, Med: 7.00%, Tail: 0.00% | SO: 11/38, rho: 0.000, nu: 0.138, escape: 0, kfac_inv: 11/11, graft_scale: 0.944
[trinity] Epoch 170/200 - Loss: 0.1060, Val Acc: 40.87%, Head: 49.04%, Med: 8.20%, Tail: 0.00% | SO: 11/38, rho: 0.000, nu: 0.132, escape: 0, kfac_inv: 11/11, graft_scale: 0.937
[trinity] Epoch 171/200 - Loss: 0.1073, Val Acc: 40.16%, Head: 48.44%, Med: 7.05%, Tail: 0.00% | SO: 11/38, rho: 0.000, nu: 0.105, escape: 0, kfac_inv: 11/11, graft_scale: 0.929
[trinity] Epoch 172/200 - Loss: 0.0993, Val Acc: 40.01%, Head: 48.19%, Med: 7.30%, Tail: 0.00% | SO: 11/38, rho: 0.000, nu: 0.145, escape: 0, kfac_inv: 11/11, graft_scale: 0.937
[trinity] Epoch 173/200 - Loss: 0.1051, Val Acc: 40.75%, Head: 48.89%, Med: 8.20%, Tail: 0.00% | SO: 11/38, rho: 0.000, nu: 0.132, escape: 0, kfac_inv: 11/11, graft_scale: 0.935
[trinity] Epoch 174/200 - Loss: 0.1028, Val Acc: 40.53%, Head: 48.67%, Med: 7.95%, Tail: 0.00% | SO: 11/38, rho: 0.000, nu: 0.118, escape: 0, kfac_inv: 11/11, graft_scale: 0.936
[trinity] Epoch 175/200 - Loss: 0.0915, Val Acc: 40.37%, Head: 48.66%, Med: 7.20%, Tail: 0.00% | SO: 11/38, rho: 0.000, nu: 0.099, escape: 0, kfac_inv: 11/11, graft_scale: 0.931
[trinity] Epoch 176/200 - Loss: 0.0921, Val Acc: 40.51%, Head: 48.95%, Med: 6.75%, Tail: 0.00% | SO: 11/38, rho: 0.000, nu: 0.099, escape: 0, kfac_inv: 11/11, graft_scale: 0.936
[trinity] Epoch 177/200 - Loss: 0.0974, Val Acc: 40.27%, Head: 48.64%, Med: 6.80%, Tail: 0.00% | SO: 11/38, rho: 0.000, nu: 0.099, escape: 0, kfac_inv: 11/11, graft_scale: 0.939
[trinity] Epoch 178/200 - Loss: 0.0891, Val Acc: 40.61%, Head: 49.02%, Med: 6.95%, Tail: 0.00% | SO: 11/38, rho: 0.000, nu: 0.105, escape: 0, kfac_inv: 11/11, graft_scale: 0.944
[trinity] Epoch 179/200 - Loss: 0.0875, Val Acc: 40.32%, Head: 48.75%, Med: 6.60%, Tail: 0.00% | SO: 11/38, rho: 0.000, nu: 0.072, escape: 0, kfac_inv: 11/11, graft_scale: 0.931
[trinity] Epoch 180/200 - Loss: 0.0883, Val Acc: 40.44%, Head: 48.80%, Med: 7.00%, Tail: 0.00% | SO: 11/38, rho: 0.000, nu: 0.059, escape: 0, kfac_inv: 11/11, graft_scale: 0.924
[trinity] Epoch 181/200 - Loss: 0.0868, Val Acc: 40.61%, Head: 49.08%, Med: 6.75%, Tail: 0.00% | SO: 11/38, rho: 0.000, nu: 0.053, escape: 0, kfac_inv: 11/11, graft_scale: 0.923
[trinity] Epoch 182/200 - Loss: 0.0897, Val Acc: 40.46%, Head: 48.88%, Med: 6.80%, Tail: 0.00% | SO: 11/38, rho: 0.000, nu: 0.099, escape: 2, kfac_inv: 11/11, graft_scale: 0.926
[trinity] Epoch 183/200 - Loss: 0.0841, Val Acc: 40.85%, Head: 49.23%, Med: 7.35%, Tail: 0.00% | SO: 11/38, rho: 0.000, nu: 0.105, escape: 0, kfac_inv: 11/11, graft_scale: 0.924
[trinity] Epoch 184/200 - Loss: 0.0859, Val Acc: 40.62%, Head: 48.92%, Med: 7.40%, Tail: 0.00% | SO: 11/38, rho: 0.000, nu: 0.105, escape: 0, kfac_inv: 11/11, graft_scale: 0.933
[trinity] Epoch 185/200 - Loss: 0.0867, Val Acc: 40.45%, Head: 48.84%, Med: 6.90%, Tail: 0.00% | SO: 11/38, rho: 0.000, nu: 0.099, escape: 0, kfac_inv: 11/11, graft_scale: 0.938
[trinity] Epoch 186/200 - Loss: 0.0842, Val Acc: 40.25%, Head: 48.58%, Med: 6.95%, Tail: 0.00% | SO: 11/38, rho: 0.000, nu: 0.132, escape: 0, kfac_inv: 11/11, graft_scale: 0.938
[trinity] Epoch 187/200 - Loss: 0.0766, Val Acc: 40.38%, Head: 48.71%, Med: 7.05%, Tail: 0.00% | SO: 11/38, rho: 0.000, nu: 0.132, escape: 0, kfac_inv: 11/11, graft_scale: 0.941
[trinity] Epoch 188/200 - Loss: 0.0767, Val Acc: 40.49%, Head: 48.95%, Med: 6.65%, Tail: 0.00% | SO: 11/38, rho: 0.000, nu: 0.145, escape: 0, kfac_inv: 11/11, graft_scale: 0.934
[trinity] Epoch 189/200 - Loss: 0.0773, Val Acc: 40.69%, Head: 49.08%, Med: 7.15%, Tail: 0.00% | SO: 11/38, rho: 0.000, nu: 0.145, escape: 0, kfac_inv: 11/11, graft_scale: 0.930
[trinity] Epoch 190/200 - Loss: 0.0770, Val Acc: 40.21%, Head: 48.58%, Med: 6.75%, Tail: 0.00% | SO: 11/38, rho: 0.000, nu: 0.125, escape: 0, kfac_inv: 11/11, graft_scale: 0.938
[trinity] Epoch 191/200 - Loss: 0.0764, Val Acc: 40.29%, Head: 48.60%, Med: 7.05%, Tail: 0.00% | SO: 11/38, rho: 0.000, nu: 0.132, escape: 0, kfac_inv: 11/11, graft_scale: 0.935
[trinity] Epoch 192/200 - Loss: 0.0819, Val Acc: 40.45%, Head: 48.88%, Med: 6.75%, Tail: 0.00% | SO: 11/38, rho: 0.000, nu: 0.138, escape: 0, kfac_inv: 11/11, graft_scale: 0.939
[trinity] Epoch 193/200 - Loss: 0.0815, Val Acc: 40.35%, Head: 48.77%, Med: 6.65%, Tail: 0.00% | SO: 11/38, rho: 0.000, nu: 0.138, escape: 0, kfac_inv: 11/11, graft_scale: 0.941
[trinity] Epoch 194/200 - Loss: 0.0786, Val Acc: 40.33%, Head: 48.71%, Med: 6.80%, Tail: 0.00% | SO: 11/38, rho: 0.000, nu: 0.158, escape: 0, kfac_inv: 11/11, graft_scale: 0.941
[trinity] Epoch 195/200 - Loss: 0.0692, Val Acc: 40.41%, Head: 48.81%, Med: 6.80%, Tail: 0.00% | SO: 11/38, rho: 0.000, nu: 0.158, escape: 0, kfac_inv: 11/11, graft_scale: 0.949
[trinity] Epoch 196/200 - Loss: 0.0734, Val Acc: 40.45%, Head: 48.89%, Med: 6.70%, Tail: 0.00% | SO: 11/38, rho: 0.000, nu: 0.151, escape: 0, kfac_inv: 11/11, graft_scale: 0.950
[trinity] Epoch 197/200 - Loss: 0.0753, Val Acc: 40.33%, Head: 48.73%, Med: 6.75%, Tail: 0.00% | SO: 11/38, rho: 0.000, nu: 0.164, escape: 0, kfac_inv: 11/11, graft_scale: 0.946
[trinity] Epoch 198/200 - Loss: 0.0751, Val Acc: 40.33%, Head: 48.71%, Med: 6.80%, Tail: 0.00% | SO: 11/38, rho: 0.000, nu: 0.164, escape: 0, kfac_inv: 11/11, graft_scale: 0.938
[trinity] Epoch 199/200 - Loss: 0.0779, Val Acc: 40.34%, Head: 48.73%, Med: 6.80%, Tail: 0.00% | SO: 11/38, rho: 0.000, nu: 0.224, escape: 0, kfac_inv: 11/11, graft_scale: 0.939
wandb: updating run metadata
wandb: uploading config.yaml; uploading output.log; uploading wandb-summary.json
wandb: uploading output.log; uploading wandb-summary.json
wandb: uploading history steps 199-199, summary, console lines 200-200
wandb: 
wandb: Run history:
wandb:                       epoch ▁▁▁▁▁▂▂▂▃▃▃▃▃▃▃▄▄▄▄▅▅▅▅▅▅▆▆▆▆▆▇▇▇▇▇█████
wandb:                   train/acc ▁▁▁▁▂▂▂▂▂▂▂▂▃▂▃▃▃▃▃▃▃▄▄▅▅▅▅▆▆▇▇▇▇███████
wandb:                  train/loss ██▇▇▇▇▆▆▆▆▆▅▅▅▅▅▅▅▅▅▅▄▄▃▃▂▂▂▂▂▁▁▁▁▁▁▁▁▁▁
wandb:       trinity/blocks_probed ▁▁▁▁▁▁█▁█▁▁█▁█▁▁▁█▁▁▁▁█▁▁▁▁▁▁███▁█▁▁▁▁▁▁
wandb:        trinity/escape_fires ▁▁▁▁▁▁▁▁▁▁▁▁▁▁▁▁▁▁▁▁▁▁▁▁▁▁▁▁▁▁▁▁▁▁▁▁▁▁▁▁
wandb:  trinity/grafting_scale_max ▁▁▁▁▁▁▁▁▃▆▅▁▁▃▃▅▅▇▅▅▆▇▃▄█▁▁▁▂▂▂▂▁▃▆▃▅▂▂▂
wandb: trinity/grafting_scale_mean █████▁▃▂▂▃▃▃▃▃▄▃▄▄▄▃▄▅▅▄▄▅▅▄▅▅▆▅▅▆▆▅▅▅▅▅
wandb:  trinity/grafting_scale_min ██▂▁▂▁▂▂▁▁▁▂▁▁▁▂▁▁▂▁▂▁▂▂▂▁▂▂▂▂▂▁▃▂▃▃▁▁▂▂
wandb:       trinity/kfac_inv_fail ▁▁▁▁▁▁▁▁▁▁▁▁▁▁▁▁▁▁▁▁▁▁▁▁▁▁▁▁▁▁▁▁▁▁▁▁▁▁▁▁
wandb:    trinity/kfac_inv_success ▁▁▁▁▁███▁███████████████████████████████
wandb:                         +13 ...
wandb: 
wandb: Run summary:
wandb:                       epoch 200
wandb:                   train/acc 97.29163
wandb:                  train/loss 0.07597
wandb:       trinity/blocks_probed 4
wandb:        trinity/escape_fires 0
wandb:  trinity/grafting_scale_max 1.07076
wandb: trinity/grafting_scale_mean 0.93771
wandb:  trinity/grafting_scale_min 0.37494
wandb:       trinity/kfac_inv_fail 0
wandb:    trinity/kfac_inv_success 11
wandb:                         +13 ...
wandb: 
wandb: 🚀 View run trinity at: https://wandb.ai/dcll-iiitd/new-transformer-trinity-optimizer-comparison-200-transformer-small/runs/ezgkorn5
wandb: ⭐️ View project at: https://wandb.ai/dcll-iiitd/new-transformer-trinity-optimizer-comparison-200-transformer-small
wandb: Synced 5 W&B file(s), 0 media file(s), 0 artifact file(s) and 0 other file(s)
wandb: Find logs at: ./wandb/run-20260910_055219-ezgkorn5/logs
[trinity] Epoch 200/200 - Loss: 0.0760, Val Acc: 40.39%, Head: 48.79%, Med: 6.80%, Tail: 0.00% | SO: 11/38, rho: 0.000, nu: 0.217, escape: 0, kfac_inv: 11/11, graft_scale: 0.938
