nohup: ignoring input
[*] Generated Long-Tailed CIFAR-10 (Imbalance: 0.01). Total train samples: 12406
wandb: [wandb.login()] Loaded credentials for https://api.wandb.ai from /home/gauranshi/.netrc.
wandb: Currently logged in as: anant-jain (dcll-iiitd) to https://api.wandb.ai. Use `wandb login --relogin` to force relogin
wandb: setting up run somsrgku
wandb: Tracking run with wandb version 0.28.2
wandb: Run data is saved locally in /home/gauranshi/Trinity-opt-DSAA2026/wandb/run-20260904_120624-somsrgku
wandb: Run `wandb offline` to turn off syncing.
wandb: Syncing run WideResNet_cifar10_imb0.01
wandb: ⭐️ View project at https://wandb.ai/dcll-iiitd/Trinity-Benchmark
wandb: 🚀 View run at https://wandb.ai/dcll-iiitd/Trinity-Benchmark/runs/somsrgku
sys:1: UserWarning: Full backward hook is firing when gradients are computed with respect to module outputs since no inputs require gradients. See https://docs.pytorch.org/docs/main/generated/torch.nn.Module.html#torch.nn.Module.register_full_backward_hook for more details.
Epoch 1/200 - Loss: 1.3431, Val Acc: 24.82%, Head: 31.02%, Med: 0.00%, Tail: 0.00%
Epoch 2/200 - Loss: 0.9949, Val Acc: 29.29%, Head: 36.61%, Med: 0.00%, Tail: 0.00%
Epoch 3/200 - Loss: 0.9029, Val Acc: 28.93%, Head: 36.16%, Med: 0.00%, Tail: 0.00%
Epoch 4/200 - Loss: 0.8386, Val Acc: 32.44%, Head: 40.55%, Med: 0.00%, Tail: 0.00%
Epoch 5/200 - Loss: 0.8089, Val Acc: 36.14%, Head: 45.17%, Med: 0.00%, Tail: 0.00%
Epoch 6/200 - Loss: 0.7388, Val Acc: 37.13%, Head: 46.41%, Med: 0.00%, Tail: 0.00%
Epoch 7/200 - Loss: 0.6942, Val Acc: 39.01%, Head: 48.76%, Med: 0.00%, Tail: 0.00%
Epoch 8/200 - Loss: 0.6741, Val Acc: 42.51%, Head: 53.14%, Med: 0.00%, Tail: 0.00%
Epoch 9/200 - Loss: 0.6192, Val Acc: 45.53%, Head: 55.80%, Med: 4.45%, Tail: 0.00%
Epoch 10/200 - Loss: 0.5933, Val Acc: 46.41%, Head: 57.06%, Med: 3.80%, Tail: 0.00%
Epoch 11/200 - Loss: 0.5577, Val Acc: 48.35%, Head: 60.41%, Med: 0.10%, Tail: 0.00%
Epoch 12/200 - Loss: 0.5237, Val Acc: 51.35%, Head: 60.75%, Med: 13.75%, Tail: 0.00%
Epoch 13/200 - Loss: 0.5053, Val Acc: 47.81%, Head: 59.52%, Med: 0.95%, Tail: 0.00%
Epoch 14/200 - Loss: 0.4906, Val Acc: 46.45%, Head: 56.12%, Med: 7.75%, Tail: 0.00%
Epoch 15/200 - Loss: 0.4771, Val Acc: 47.56%, Head: 58.79%, Med: 2.65%, Tail: 0.00%
Epoch 16/200 - Loss: 0.4462, Val Acc: 51.72%, Head: 63.54%, Med: 4.45%, Tail: 0.00%
Epoch 17/200 - Loss: 0.4343, Val Acc: 51.24%, Head: 60.62%, Med: 13.70%, Tail: 0.00%
Epoch 18/200 - Loss: 0.4136, Val Acc: 54.11%, Head: 64.06%, Med: 14.30%, Tail: 0.00%
Epoch 19/200 - Loss: 0.3946, Val Acc: 52.71%, Head: 62.44%, Med: 13.80%, Tail: 0.00%
Epoch 20/200 - Loss: 0.3726, Val Acc: 53.59%, Head: 64.97%, Med: 8.05%, Tail: 0.00%
Epoch 21/200 - Loss: 0.3608, Val Acc: 53.26%, Head: 64.36%, Med: 8.85%, Tail: 0.00%
Epoch 22/200 - Loss: 0.3503, Val Acc: 56.64%, Head: 66.21%, Med: 18.35%, Tail: 0.00%
Epoch 23/200 - Loss: 0.3427, Val Acc: 51.87%, Head: 61.70%, Med: 12.55%, Tail: 0.00%
Epoch 24/200 - Loss: 0.3321, Val Acc: 58.49%, Head: 69.12%, Med: 15.95%, Tail: 0.00%
Epoch 25/200 - Loss: 0.3039, Val Acc: 53.64%, Head: 63.19%, Med: 15.45%, Tail: 0.00%
Epoch 26/200 - Loss: 0.3083, Val Acc: 53.99%, Head: 65.78%, Med: 6.85%, Tail: 0.00%
Epoch 27/200 - Loss: 0.2910, Val Acc: 60.51%, Head: 68.04%, Med: 30.40%, Tail: 0.00%
Epoch 28/200 - Loss: 0.2868, Val Acc: 58.11%, Head: 67.90%, Med: 18.95%, Tail: 0.00%
Epoch 29/200 - Loss: 0.2743, Val Acc: 56.85%, Head: 66.56%, Med: 18.00%, Tail: 0.00%
Epoch 30/200 - Loss: 0.2674, Val Acc: 57.35%, Head: 66.47%, Med: 20.85%, Tail: 0.00%
Epoch 31/200 - Loss: 0.2575, Val Acc: 58.58%, Head: 67.50%, Med: 22.90%, Tail: 0.00%
Epoch 32/200 - Loss: 0.2476, Val Acc: 59.27%, Head: 68.70%, Med: 21.55%, Tail: 0.00%
Epoch 33/200 - Loss: 0.2350, Val Acc: 59.19%, Head: 65.90%, Med: 32.35%, Tail: 0.00%
Epoch 34/200 - Loss: 0.2273, Val Acc: 58.19%, Head: 67.20%, Med: 22.15%, Tail: 0.00%
Epoch 35/200 - Loss: 0.2244, Val Acc: 60.61%, Head: 68.26%, Med: 30.00%, Tail: 0.00%
Epoch 36/200 - Loss: 0.2202, Val Acc: 58.43%, Head: 67.78%, Med: 21.05%, Tail: 0.00%
Epoch 37/200 - Loss: 0.2172, Val Acc: 61.77%, Head: 70.83%, Med: 25.55%, Tail: 0.00%
Epoch 38/200 - Loss: 0.2070, Val Acc: 58.35%, Head: 68.54%, Med: 17.60%, Tail: 0.00%
Epoch 39/200 - Loss: 0.1958, Val Acc: 58.38%, Head: 69.26%, Med: 14.85%, Tail: 0.00%
Epoch 40/200 - Loss: 0.1858, Val Acc: 57.72%, Head: 65.11%, Med: 28.15%, Tail: 0.00%
Epoch 41/200 - Loss: 0.1787, Val Acc: 59.46%, Head: 69.17%, Med: 20.60%, Tail: 0.00%
Epoch 42/200 - Loss: 0.1759, Val Acc: 60.04%, Head: 67.60%, Med: 29.80%, Tail: 0.00%
Epoch 43/200 - Loss: 0.1711, Val Acc: 57.56%, Head: 66.47%, Med: 21.90%, Tail: 0.00%
Epoch 44/200 - Loss: 0.1685, Val Acc: 57.20%, Head: 67.76%, Med: 14.95%, Tail: 0.00%
Epoch 45/200 - Loss: 0.1692, Val Acc: 57.37%, Head: 67.62%, Med: 16.35%, Tail: 0.00%
Epoch 46/200 - Loss: 0.1543, Val Acc: 58.76%, Head: 68.08%, Med: 21.50%, Tail: 0.00%
Epoch 47/200 - Loss: 0.1533, Val Acc: 61.10%, Head: 70.33%, Med: 24.20%, Tail: 0.00%
Epoch 48/200 - Loss: 0.1499, Val Acc: 60.70%, Head: 68.70%, Med: 28.70%, Tail: 0.00%
Epoch 49/200 - Loss: 0.1388, Val Acc: 59.49%, Head: 69.83%, Med: 18.15%, Tail: 0.00%
Epoch 50/200 - Loss: 0.1326, Val Acc: 59.55%, Head: 67.71%, Med: 26.90%, Tail: 0.00%
Epoch 51/200 - Loss: 0.1355, Val Acc: 60.97%, Head: 70.67%, Med: 22.15%, Tail: 0.00%
Epoch 52/200 - Loss: 0.1297, Val Acc: 59.17%, Head: 68.16%, Med: 23.20%, Tail: 0.00%
Epoch 53/200 - Loss: 0.1285, Val Acc: 59.59%, Head: 68.95%, Med: 22.15%, Tail: 0.00%
Epoch 54/200 - Loss: 0.1237, Val Acc: 60.18%, Head: 69.20%, Med: 24.10%, Tail: 0.00%
Epoch 55/200 - Loss: 0.1193, Val Acc: 57.07%, Head: 65.79%, Med: 22.20%, Tail: 0.00%
Epoch 56/200 - Loss: 0.1111, Val Acc: 60.96%, Head: 70.06%, Med: 24.55%, Tail: 0.00%
Epoch 57/200 - Loss: 0.1099, Val Acc: 60.29%, Head: 70.15%, Med: 20.85%, Tail: 0.00%
Epoch 58/200 - Loss: 0.1064, Val Acc: 57.97%, Head: 67.16%, Med: 21.20%, Tail: 0.00%
Epoch 59/200 - Loss: 0.1031, Val Acc: 58.53%, Head: 69.28%, Med: 15.55%, Tail: 0.00%
Epoch 60/200 - Loss: 0.0947, Val Acc: 60.19%, Head: 70.38%, Med: 19.45%, Tail: 0.00%
Epoch 61/200 - Loss: 0.0964, Val Acc: 60.06%, Head: 69.50%, Med: 22.30%, Tail: 0.00%
Epoch 62/200 - Loss: 0.0980, Val Acc: 60.83%, Head: 71.09%, Med: 19.80%, Tail: 0.00%
Epoch 63/200 - Loss: 0.0940, Val Acc: 58.31%, Head: 67.38%, Med: 22.05%, Tail: 0.00%
Epoch 64/200 - Loss: 0.0896, Val Acc: 61.93%, Head: 70.24%, Med: 28.70%, Tail: 0.00%
Epoch 65/200 - Loss: 0.0894, Val Acc: 63.31%, Head: 71.83%, Med: 29.25%, Tail: 0.00%
Epoch 66/200 - Loss: 0.0839, Val Acc: 60.94%, Head: 71.06%, Med: 20.45%, Tail: 0.00%
Epoch 67/200 - Loss: 0.0838, Val Acc: 57.45%, Head: 67.29%, Med: 18.10%, Tail: 0.00%
Epoch 68/200 - Loss: 0.0880, Val Acc: 60.80%, Head: 70.55%, Med: 21.80%, Tail: 0.00%
Epoch 69/200 - Loss: 0.0799, Val Acc: 60.24%, Head: 70.60%, Med: 18.80%, Tail: 0.00%
Epoch 70/200 - Loss: 0.0803, Val Acc: 59.70%, Head: 69.64%, Med: 19.95%, Tail: 0.00%
Epoch 71/200 - Loss: 0.0755, Val Acc: 59.42%, Head: 69.46%, Med: 19.25%, Tail: 0.00%
Epoch 72/200 - Loss: 0.0770, Val Acc: 62.51%, Head: 70.58%, Med: 30.25%, Tail: 0.00%
Epoch 73/200 - Loss: 0.0626, Val Acc: 62.93%, Head: 72.95%, Med: 22.85%, Tail: 0.00%
Epoch 74/200 - Loss: 0.0754, Val Acc: 60.76%, Head: 71.09%, Med: 19.45%, Tail: 0.00%
Epoch 75/200 - Loss: 0.0691, Val Acc: 61.78%, Head: 69.59%, Med: 30.55%, Tail: 0.00%
Epoch 76/200 - Loss: 0.0700, Val Acc: 59.67%, Head: 69.72%, Med: 19.45%, Tail: 0.00%
Epoch 77/200 - Loss: 0.0689, Val Acc: 58.68%, Head: 68.30%, Med: 20.20%, Tail: 0.00%
Epoch 78/200 - Loss: 0.0649, Val Acc: 61.18%, Head: 70.70%, Med: 23.10%, Tail: 0.00%
Epoch 79/200 - Loss: 0.0660, Val Acc: 60.21%, Head: 70.49%, Med: 19.10%, Tail: 0.00%
Epoch 80/200 - Loss: 0.0606, Val Acc: 61.23%, Head: 71.47%, Med: 20.25%, Tail: 0.00%
Epoch 81/200 - Loss: 0.0578, Val Acc: 60.23%, Head: 71.60%, Med: 14.75%, Tail: 0.00%
Epoch 82/200 - Loss: 0.0496, Val Acc: 62.06%, Head: 70.66%, Med: 27.65%, Tail: 0.00%
Epoch 83/200 - Loss: 0.0544, Val Acc: 59.96%, Head: 70.42%, Med: 18.10%, Tail: 0.00%
Epoch 84/200 - Loss: 0.0517, Val Acc: 61.56%, Head: 70.83%, Med: 24.50%, Tail: 0.00%
Epoch 85/200 - Loss: 0.0545, Val Acc: 61.10%, Head: 71.83%, Med: 18.20%, Tail: 0.00%
Epoch 86/200 - Loss: 0.0505, Val Acc: 59.90%, Head: 71.92%, Med: 11.80%, Tail: 0.00%
Epoch 87/200 - Loss: 0.0531, Val Acc: 59.63%, Head: 69.39%, Med: 20.60%, Tail: 0.00%
Epoch 88/200 - Loss: 0.0434, Val Acc: 59.24%, Head: 69.58%, Med: 17.90%, Tail: 0.00%
Epoch 89/200 - Loss: 0.0451, Val Acc: 56.90%, Head: 66.91%, Med: 16.85%, Tail: 0.00%
Epoch 90/200 - Loss: 0.0512, Val Acc: 61.08%, Head: 71.67%, Med: 18.70%, Tail: 0.00%
Epoch 91/200 - Loss: 0.0456, Val Acc: 59.63%, Head: 69.35%, Med: 20.75%, Tail: 0.00%
Epoch 92/200 - Loss: 0.0453, Val Acc: 60.19%, Head: 69.31%, Med: 23.70%, Tail: 0.00%
Epoch 93/200 - Loss: 0.0386, Val Acc: 59.88%, Head: 69.65%, Med: 20.80%, Tail: 0.00%
Epoch 94/200 - Loss: 0.0416, Val Acc: 59.61%, Head: 69.19%, Med: 21.30%, Tail: 0.00%
Epoch 95/200 - Loss: 0.0363, Val Acc: 61.29%, Head: 70.54%, Med: 24.30%, Tail: 0.00%
Epoch 96/200 - Loss: 0.0388, Val Acc: 64.20%, Head: 71.75%, Med: 34.00%, Tail: 0.00%
Epoch 97/200 - Loss: 0.0340, Val Acc: 61.59%, Head: 71.15%, Med: 23.35%, Tail: 0.00%
Epoch 98/200 - Loss: 0.0354, Val Acc: 61.11%, Head: 71.24%, Med: 20.60%, Tail: 0.00%
Epoch 99/200 - Loss: 0.0370, Val Acc: 60.10%, Head: 70.94%, Med: 16.75%, Tail: 0.00%
Epoch 100/200 - Loss: 0.0375, Val Acc: 59.57%, Head: 70.44%, Med: 16.10%, Tail: 0.00%
Epoch 101/200 - Loss: 0.0307, Val Acc: 60.83%, Head: 70.06%, Med: 23.90%, Tail: 0.00%
Epoch 102/200 - Loss: 0.0296, Val Acc: 58.14%, Head: 68.20%, Med: 17.90%, Tail: 0.00%
Epoch 103/200 - Loss: 0.0298, Val Acc: 61.33%, Head: 71.16%, Med: 22.00%, Tail: 0.00%
Epoch 104/200 - Loss: 0.0321, Val Acc: 58.70%, Head: 67.88%, Med: 22.00%, Tail: 0.00%
Epoch 105/200 - Loss: 0.0345, Val Acc: 60.48%, Head: 70.85%, Med: 19.00%, Tail: 0.00%
Epoch 106/200 - Loss: 0.0277, Val Acc: 60.84%, Head: 70.51%, Med: 22.15%, Tail: 0.00%
Epoch 107/200 - Loss: 0.0297, Val Acc: 58.79%, Head: 69.65%, Med: 15.35%, Tail: 0.00%
Epoch 108/200 - Loss: 0.0291, Val Acc: 61.65%, Head: 70.50%, Med: 26.25%, Tail: 0.00%
Epoch 109/200 - Loss: 0.0197, Val Acc: 59.93%, Head: 70.50%, Med: 17.65%, Tail: 0.00%
Epoch 110/200 - Loss: 0.0238, Val Acc: 60.03%, Head: 70.01%, Med: 20.10%, Tail: 0.00%
Epoch 111/200 - Loss: 0.0252, Val Acc: 59.61%, Head: 69.78%, Med: 18.95%, Tail: 0.00%
Epoch 112/200 - Loss: 0.0266, Val Acc: 61.26%, Head: 72.08%, Med: 18.00%, Tail: 0.00%
Epoch 113/200 - Loss: 0.0209, Val Acc: 61.76%, Head: 71.66%, Med: 22.15%, Tail: 0.00%
Epoch 114/200 - Loss: 0.0225, Val Acc: 60.97%, Head: 69.60%, Med: 26.45%, Tail: 0.00%
Epoch 115/200 - Loss: 0.0214, Val Acc: 60.88%, Head: 69.94%, Med: 24.65%, Tail: 0.00%
Epoch 116/200 - Loss: 0.0270, Val Acc: 60.51%, Head: 70.45%, Med: 20.75%, Tail: 0.00%
Epoch 117/200 - Loss: 0.0236, Val Acc: 60.81%, Head: 72.42%, Med: 14.35%, Tail: 0.00%
Epoch 118/200 - Loss: 0.0185, Val Acc: 59.88%, Head: 71.10%, Med: 15.00%, Tail: 0.00%
Epoch 119/200 - Loss: 0.0185, Val Acc: 61.52%, Head: 72.30%, Med: 18.40%, Tail: 0.00%
Epoch 120/200 - Loss: 0.0168, Val Acc: 61.96%, Head: 71.94%, Med: 22.05%, Tail: 0.00%
Epoch 121/200 - Loss: 0.0197, Val Acc: 60.46%, Head: 70.99%, Med: 18.35%, Tail: 0.00%
Epoch 122/200 - Loss: 0.0146, Val Acc: 62.47%, Head: 71.91%, Med: 24.70%, Tail: 0.00%
Epoch 123/200 - Loss: 0.0197, Val Acc: 59.98%, Head: 71.08%, Med: 15.60%, Tail: 0.00%
Epoch 124/200 - Loss: 0.0159, Val Acc: 61.41%, Head: 71.51%, Med: 21.00%, Tail: 0.00%
Epoch 125/200 - Loss: 0.0161, Val Acc: 63.16%, Head: 72.05%, Med: 27.60%, Tail: 0.00%
Epoch 126/200 - Loss: 0.0175, Val Acc: 61.53%, Head: 72.59%, Med: 17.30%, Tail: 0.00%
Epoch 127/200 - Loss: 0.0127, Val Acc: 61.75%, Head: 71.33%, Med: 23.45%, Tail: 0.00%
Epoch 128/200 - Loss: 0.0101, Val Acc: 59.24%, Head: 70.56%, Med: 13.95%, Tail: 0.00%
Epoch 129/200 - Loss: 0.0123, Val Acc: 61.15%, Head: 72.20%, Med: 16.95%, Tail: 0.00%
Epoch 130/200 - Loss: 0.0114, Val Acc: 61.40%, Head: 71.75%, Med: 20.00%, Tail: 0.00%
Epoch 131/200 - Loss: 0.0150, Val Acc: 60.76%, Head: 70.30%, Med: 22.60%, Tail: 0.00%
Epoch 132/200 - Loss: 0.0108, Val Acc: 61.46%, Head: 70.88%, Med: 23.80%, Tail: 0.00%
Epoch 133/200 - Loss: 0.0111, Val Acc: 61.51%, Head: 70.34%, Med: 26.20%, Tail: 0.00%
Epoch 134/200 - Loss: 0.0114, Val Acc: 60.45%, Head: 69.25%, Med: 25.25%, Tail: 0.00%
Epoch 135/200 - Loss: 0.0095, Val Acc: 62.79%, Head: 72.86%, Med: 22.50%, Tail: 0.00%
Epoch 136/200 - Loss: 0.0104, Val Acc: 62.21%, Head: 72.46%, Med: 21.20%, Tail: 0.00%
Epoch 137/200 - Loss: 0.0080, Val Acc: 63.87%, Head: 73.40%, Med: 25.75%, Tail: 0.00%
Epoch 138/200 - Loss: 0.0085, Val Acc: 60.82%, Head: 70.99%, Med: 20.15%, Tail: 0.00%
Epoch 139/200 - Loss: 0.0061, Val Acc: 62.31%, Head: 72.00%, Med: 23.55%, Tail: 0.00%
Epoch 140/200 - Loss: 0.0069, Val Acc: 62.18%, Head: 71.62%, Med: 24.40%, Tail: 0.00%
Epoch 141/200 - Loss: 0.0095, Val Acc: 60.10%, Head: 70.24%, Med: 19.55%, Tail: 0.00%
Epoch 142/200 - Loss: 0.0059, Val Acc: 60.42%, Head: 70.09%, Med: 21.75%, Tail: 0.00%
Epoch 143/200 - Loss: 0.0079, Val Acc: 61.17%, Head: 71.84%, Med: 18.50%, Tail: 0.00%
Epoch 144/200 - Loss: 0.0068, Val Acc: 61.35%, Head: 71.47%, Med: 20.85%, Tail: 0.00%
Epoch 145/200 - Loss: 0.0068, Val Acc: 62.79%, Head: 72.80%, Med: 22.75%, Tail: 0.00%
Epoch 146/200 - Loss: 0.0053, Val Acc: 61.17%, Head: 71.31%, Med: 20.60%, Tail: 0.00%
Epoch 147/200 - Loss: 0.0086, Val Acc: 61.38%, Head: 71.04%, Med: 22.75%, Tail: 0.00%
Epoch 148/200 - Loss: 0.0058, Val Acc: 59.57%, Head: 69.03%, Med: 21.75%, Tail: 0.00%
Epoch 149/200 - Loss: 0.0054, Val Acc: 61.46%, Head: 72.35%, Med: 17.90%, Tail: 0.00%
Epoch 150/200 - Loss: 0.0062, Val Acc: 62.14%, Head: 72.36%, Med: 21.25%, Tail: 0.00%
Epoch 151/200 - Loss: 0.0045, Val Acc: 61.38%, Head: 72.15%, Med: 18.30%, Tail: 0.00%
Epoch 152/200 - Loss: 0.0065, Val Acc: 60.03%, Head: 70.20%, Med: 19.35%, Tail: 0.00%
Epoch 153/200 - Loss: 0.0053, Val Acc: 61.91%, Head: 72.50%, Med: 19.55%, Tail: 0.00%
Epoch 154/200 - Loss: 0.0061, Val Acc: 61.92%, Head: 73.06%, Med: 17.35%, Tail: 0.00%
Epoch 155/200 - Loss: 0.0031, Val Acc: 61.40%, Head: 71.38%, Med: 21.50%, Tail: 0.00%
Epoch 156/200 - Loss: 0.0031, Val Acc: 61.85%, Head: 71.31%, Med: 24.00%, Tail: 0.00%
Epoch 157/200 - Loss: 0.0020, Val Acc: 63.29%, Head: 72.54%, Med: 26.30%, Tail: 0.00%
Epoch 158/200 - Loss: 0.0061, Val Acc: 61.69%, Head: 71.88%, Med: 20.95%, Tail: 0.00%
Epoch 159/200 - Loss: 0.0018, Val Acc: 61.70%, Head: 71.03%, Med: 24.40%, Tail: 0.00%
Epoch 160/200 - Loss: 0.0037, Val Acc: 59.36%, Head: 70.12%, Med: 16.30%, Tail: 0.00%
Epoch 161/200 - Loss: 0.0015, Val Acc: 62.32%, Head: 71.56%, Med: 25.35%, Tail: 0.00%
Epoch 162/200 - Loss: 0.0026, Val Acc: 60.96%, Head: 70.84%, Med: 21.45%, Tail: 0.00%
Epoch 163/200 - Loss: 0.0031, Val Acc: 60.44%, Head: 70.45%, Med: 20.40%, Tail: 0.00%
Epoch 164/200 - Loss: 0.0022, Val Acc: 62.83%, Head: 71.88%, Med: 26.65%, Tail: 0.00%
Epoch 165/200 - Loss: 0.0012, Val Acc: 62.37%, Head: 71.78%, Med: 24.75%, Tail: 0.00%
Epoch 166/200 - Loss: 0.0012, Val Acc: 62.32%, Head: 71.62%, Med: 25.10%, Tail: 0.00%
Epoch 167/200 - Loss: 0.0037, Val Acc: 62.98%, Head: 72.36%, Med: 25.45%, Tail: 0.00%
Epoch 168/200 - Loss: 0.0010, Val Acc: 62.88%, Head: 72.20%, Med: 25.60%, Tail: 0.00%
Epoch 169/200 - Loss: 0.0020, Val Acc: 59.19%, Head: 69.88%, Med: 16.45%, Tail: 0.00%
Epoch 170/200 - Loss: 0.0025, Val Acc: 62.64%, Head: 72.83%, Med: 21.90%, Tail: 0.00%
Epoch 171/200 - Loss: 0.0016, Val Acc: 61.50%, Head: 71.41%, Med: 21.85%, Tail: 0.00%
Epoch 172/200 - Loss: 0.0026, Val Acc: 62.35%, Head: 72.24%, Med: 22.80%, Tail: 0.00%
Epoch 173/200 - Loss: 0.0013, Val Acc: 62.13%, Head: 71.81%, Med: 23.40%, Tail: 0.00%
Epoch 174/200 - Loss: 0.0013, Val Acc: 61.86%, Head: 72.06%, Med: 21.05%, Tail: 0.00%
Epoch 175/200 - Loss: 0.0016, Val Acc: 61.74%, Head: 72.39%, Med: 19.15%, Tail: 0.00%
Epoch 176/200 - Loss: 0.0024, Val Acc: 61.96%, Head: 72.20%, Med: 21.00%, Tail: 0.00%
Epoch 177/200 - Loss: 0.0006, Val Acc: 62.30%, Head: 71.78%, Med: 24.40%, Tail: 0.00%
Epoch 178/200 - Loss: 0.0007, Val Acc: 62.37%, Head: 71.83%, Med: 24.55%, Tail: 0.00%
Epoch 179/200 - Loss: 0.0006, Val Acc: 62.44%, Head: 72.09%, Med: 23.85%, Tail: 0.00%
Epoch 180/200 - Loss: 0.0007, Val Acc: 62.67%, Head: 72.47%, Med: 23.45%, Tail: 0.00%
Epoch 181/200 - Loss: 0.0013, Val Acc: 62.39%, Head: 71.97%, Med: 24.05%, Tail: 0.00%
Epoch 182/200 - Loss: 0.0020, Val Acc: 61.97%, Head: 71.91%, Med: 22.20%, Tail: 0.00%
Epoch 183/200 - Loss: 0.0002, Val Acc: 62.15%, Head: 72.16%, Med: 22.10%, Tail: 0.00%
Epoch 184/200 - Loss: 0.0011, Val Acc: 61.82%, Head: 71.84%, Med: 21.75%, Tail: 0.00%
Epoch 185/200 - Loss: 0.0002, Val Acc: 62.35%, Head: 72.47%, Med: 21.85%, Tail: 0.00%
Epoch 186/200 - Loss: 0.0007, Val Acc: 62.44%, Head: 72.47%, Med: 22.30%, Tail: 0.00%
Epoch 187/200 - Loss: 0.0016, Val Acc: 62.58%, Head: 72.39%, Med: 23.35%, Tail: 0.00%
Epoch 188/200 - Loss: 0.0001, Val Acc: 62.87%, Head: 72.85%, Med: 22.95%, Tail: 0.00%
Epoch 189/200 - Loss: 0.0020, Val Acc: 62.78%, Head: 72.75%, Med: 22.90%, Tail: 0.00%
Epoch 190/200 - Loss: 0.0007, Val Acc: 62.85%, Head: 72.60%, Med: 23.85%, Tail: 0.00%
Epoch 191/200 - Loss: 0.0003, Val Acc: 63.02%, Head: 72.66%, Med: 24.45%, Tail: 0.00%
Epoch 192/200 - Loss: 0.0013, Val Acc: 63.08%, Head: 72.83%, Med: 24.10%, Tail: 0.00%
Epoch 193/200 - Loss: 0.0006, Val Acc: 62.47%, Head: 72.44%, Med: 22.60%, Tail: 0.00%
Epoch 194/200 - Loss: 0.0003, Val Acc: 62.96%, Head: 72.47%, Med: 24.90%, Tail: 0.00%
Epoch 195/200 - Loss: 0.0011, Val Acc: 62.59%, Head: 72.53%, Med: 22.85%, Tail: 0.00%
Epoch 196/200 - Loss: 0.0002, Val Acc: 62.70%, Head: 72.46%, Med: 23.65%, Tail: 0.00%
Epoch 197/200 - Loss: 0.0001, Val Acc: 62.91%, Head: 72.60%, Med: 24.15%, Tail: 0.00%
Epoch 198/200 - Loss: 0.0004, Val Acc: 62.66%, Head: 72.28%, Med: 24.20%, Tail: 0.00%
Epoch 199/200 - Loss: 0.0003, Val Acc: 62.53%, Head: 72.34%, Med: 23.30%, Tail: 0.00%
Epoch 200/200 - Loss: 0.0004, Val Acc: 62.62%, Head: 72.31%, Med: 23.85%, Tail: 0.00%
wandb: updating run metadata
wandb: uploading output.log; uploading wandb-summary.json; uploading config.yaml
wandb: uploading output.log; uploading config.yaml
wandb: uploading output.log
wandb: 
wandb: Run history:
wandb:        epoch ▁▁▂▂▂▂▂▃▃▃▃▃▄▄▄▄▄▄▄▄▅▅▅▅▅▆▆▆▆▆▇▇▇▇▇▇▇███
wandb:    train/acc ▁▂▃▄▄▅▆▆▆▆▇▇▇▇▇▇▇▇██████████████████████
wandb:   train/loss █▅▅▄▄▂▂▂▂▂▁▁▁▁▁▁▁▁▁▁▁▁▁▁▁▁▁▁▁▁▁▁▁▁▁▁▁▁▁▁
wandb:      val/acc ▁▁▃▃▆▅▆▅▇▆▅▇▇▇▆▆▆▇█▇▅▇▆▆▆▇▇▇▇▇▇▇▇▇▇▇▇▇█▇
wandb: val/head_acc ▁▆▆▆▆▇▇▇▇▇▇▇▇▇▇█▇█▇██████████▇██████████
wandb:     val/loss ▄▄▂▁▁▂▂▁▁▁▃▂▂▄▃▃▄▄▄▄▄▅▅▄▅▅▅▆▅▅▇▆▅▇▆█████
wandb:  val/med_acc ▂▁▁▄██▆▅▄▆▆▇█▆▅▅▄▆▅▅▅▆▇▆▄▇▆▆▆▆▆▆▆▆▆▇▇▅▆▇
wandb: val/tail_acc ▁▁▁▁▁▁▁▁▁▁▁▁▁▁▁▁▁▁▁▁▁▁▁▁▁▁▁▁▁▁▁▁▁▁▁▁▁▁▁▁
wandb: 
wandb: Run summary:
wandb:        epoch 200
wandb:    train/acc 99.99194
wandb:   train/loss 0.00044
wandb:      val/acc 62.62
wandb: val/head_acc 72.3125
wandb:     val/loss 3.49742
wandb:  val/med_acc 23.85
wandb: val/tail_acc 0
wandb: 
wandb: 🚀 View run WideResNet_cifar10_imb0.01 at: https://wandb.ai/dcll-iiitd/Trinity-Benchmark/runs/somsrgku
wandb: ⭐️ View project at: https://wandb.ai/dcll-iiitd/Trinity-Benchmark
wandb: Synced 5 W&B file(s), 0 media file(s), 0 artifact file(s) and 0 other file(s)
wandb: Find logs at: ./wandb/run-20260904_120624-somsrgku/logs
