nohup: ignoring input
Using device: cuda
/home/anant/miniconda3/envs/nemo_env/lib/python3.12/site-packages/torchvision/datasets/cifar.py:83: VisibleDeprecationWarning: dtype(): align should be passed as Python or NumPy boolean but got `align=0`. Did you mean to pass a tuple to create a subarray type? (Deprecated NumPy 2.4)
  entry = pickle.load(f, encoding="latin1")
[*] Generated Long-Tailed CIFAR-10. Total train samples: 12406
============================================================
  Hyperparameter Tuning
============================================================

  Tuning hybrid …
[I 2026-06-04 03:09:13,294] A new study created in memory with name: no-name-7b4f49bc-fa85-4215-ae65-eabcc1d58d5d
sys:1: UserWarning: Full backward hook is firing when gradients are computed with respect to module outputs since no inputs require gradients. See https://docs.pytorch.org/docs/main/generated/torch.nn.Module.html#torch.nn.Module.register_full_backward_hook for more details.
[I 2026-06-04 03:09:55,789] Trial 0 finished with value: 18.72 and parameters: {'lr': 0.006690039667045539, 'weight_decay': 0.0001859297633702217, 'damping': 0.007689168836838811, 'kfac_interval': 10, 'zo_scale': 0.1329352200682423}. Best is trial 0 with value: 18.72.
[I 2026-06-04 03:10:43,781] Trial 1 finished with value: 21.29 and parameters: {'lr': 0.0023476010843086702, 'weight_decay': 7.280440205457804e-05, 'damping': 0.0040455627732354235, 'kfac_interval': 10, 'zo_scale': 0.3496877800639905}. Best is trial 1 with value: 21.29.
[I 2026-06-04 03:11:31,162] Trial 2 finished with value: 10.51 and parameters: {'lr': 0.00015359071874872145, 'weight_decay': 0.00046874071746535453, 'damping': 0.002810668783633992, 'kfac_interval': 10, 'zo_scale': 0.3389437131684604}. Best is trial 1 with value: 21.29.
[I 2026-06-04 03:12:12,301] Trial 3 finished with value: 25.13 and parameters: {'lr': 0.004371083977585318, 'weight_decay': 0.0002663396289221483, 'damping': 0.025073865738257272, 'kfac_interval': 20, 'zo_scale': 0.1328188279144383}. Best is trial 3 with value: 25.13.
[I 2026-06-04 03:12:26,469] Trial 4 pruned. 
[I 2026-06-04 03:13:17,943] Trial 5 finished with value: 27.64 and parameters: {'lr': 0.004442862624864208, 'weight_decay': 0.0034170255943598567, 'damping': 0.001969156430186684, 'kfac_interval': 5, 'zo_scale': 0.10725197127231728}. Best is trial 5 with value: 27.64.
[I 2026-06-04 03:13:54,839] Trial 6 finished with value: 28.37 and parameters: {'lr': 0.0012167519875593065, 'weight_decay': 0.0006690752303825024, 'damping': 0.0029445418875869694, 'kfac_interval': 20, 'zo_scale': 0.12955487412815975}. Best is trial 6 with value: 28.37.
[I 2026-06-04 03:14:07,609] Trial 7 pruned. 
[I 2026-06-04 03:14:59,880] Trial 8 finished with value: 32.81 and parameters: {'lr': 0.0011612007488575242, 'weight_decay': 1.971427233626703e-05, 'damping': 0.001166238601903072, 'kfac_interval': 5, 'zo_scale': 0.1356521898135316}. Best is trial 8 with value: 32.81.
[I 2026-06-04 03:15:36,745] Trial 9 finished with value: 27.46 and parameters: {'lr': 0.001110828722741693, 'weight_decay': 0.009852759906770595, 'damping': 0.0036174634714195904, 'kfac_interval': 20, 'zo_scale': 0.18312037588668711}. Best is trial 8 with value: 32.81.
  Best hybrid: {'lr': 0.0011612007488575242, 'weight_decay': 1.971427233626703e-05, 'damping': 0.001166238601903072, 'kfac_interval': 5, 'zo_scale': 0.1356521898135316}

  Tuning sgd …
[I 2026-06-04 03:15:36,746] A new study created in memory with name: no-name-3ff1a218-6ca4-4c22-821b-da2d67c8878c
[I 2026-06-04 03:15:59,361] Trial 0 finished with value: 9.79 and parameters: {'lr': 0.0018462087965571898, 'weight_decay': 9.365933906618597e-05}. Best is trial 0 with value: 9.79.
[I 2026-06-04 03:16:22,279] Trial 1 finished with value: 9.97 and parameters: {'lr': 0.0020929198988409435, 'weight_decay': 1.5068440898263555e-05}. Best is trial 1 with value: 9.97.
[I 2026-06-04 03:16:45,631] Trial 2 finished with value: 9.79 and parameters: {'lr': 0.00028307982148314474, 'weight_decay': 2.2388725779264267e-05}. Best is trial 1 with value: 9.97.
[I 2026-06-04 03:17:09,573] Trial 3 finished with value: 9.75 and parameters: {'lr': 0.0008888877962585744, 'weight_decay': 0.0012245863873180558}. Best is trial 1 with value: 9.97.
[I 2026-06-04 03:17:18,337] Trial 4 pruned. 
[I 2026-06-04 03:17:27,055] Trial 5 pruned. 
[I 2026-06-04 03:17:50,745] Trial 6 finished with value: 9.5 and parameters: {'lr': 0.0013318138298258721, 'weight_decay': 0.0020999275026447003}. Best is trial 1 with value: 9.97.
[I 2026-06-04 03:17:59,576] Trial 7 pruned. 
[I 2026-06-04 03:18:23,075] Trial 8 finished with value: 9.98 and parameters: {'lr': 0.0030804234099134735, 'weight_decay': 0.002779945986392281}. Best is trial 8 with value: 9.98.
[I 2026-06-04 03:18:31,953] Trial 9 pruned. 
  Best sgd: {'lr': 0.0030804234099134735, 'weight_decay': 0.002779945986392281}

  Tuning adam …
[I 2026-06-04 03:18:31,955] A new study created in memory with name: no-name-38c080d0-3a73-4268-9447-8a42e0b85f97
[I 2026-06-04 03:18:56,614] Trial 0 finished with value: 22.23 and parameters: {'lr': 0.002663429718831117, 'weight_decay': 3.120924937942795e-05}. Best is trial 0 with value: 22.23.
[I 2026-06-04 03:19:21,780] Trial 1 finished with value: 28.23 and parameters: {'lr': 0.0005509812989057292, 'weight_decay': 0.00013195059295753096}. Best is trial 1 with value: 28.23.
[I 2026-06-04 03:19:46,895] Trial 2 finished with value: 22.41 and parameters: {'lr': 0.0019007586943464952, 'weight_decay': 0.00015057436679139394}. Best is trial 1 with value: 28.23.
[I 2026-06-04 03:19:55,972] Trial 3 pruned. 
[I 2026-06-04 03:20:05,481] Trial 4 pruned. 
[I 2026-06-04 03:20:14,664] Trial 5 pruned. 
[I 2026-06-04 03:20:23,899] Trial 6 pruned. 
[I 2026-06-04 03:20:33,031] Trial 7 pruned. 
[I 2026-06-04 03:20:42,377] Trial 8 pruned. 
[I 2026-06-04 03:20:51,216] Trial 9 pruned. 
  Best adam: {'lr': 0.0005509812989057292, 'weight_decay': 0.00013195059295753096}

  Tuning rmsprop …
[I 2026-06-04 03:20:51,217] A new study created in memory with name: no-name-872fda49-4956-47f1-b339-5e74d7ceb6ac
[I 2026-06-04 03:21:13,318] Trial 0 finished with value: 18.89 and parameters: {'lr': 0.00201571390532348, 'weight_decay': 1.072325354883937e-05}. Best is trial 0 with value: 18.89.
[I 2026-06-04 03:21:36,888] Trial 1 finished with value: 10.0 and parameters: {'lr': 0.007081516889148275, 'weight_decay': 0.0006533877913085472}. Best is trial 0 with value: 18.89.
[I 2026-06-04 03:22:00,946] Trial 2 finished with value: 22.51 and parameters: {'lr': 0.00023527556526839208, 'weight_decay': 0.0022331394607398116}. Best is trial 2 with value: 22.51.
[I 2026-06-04 03:22:25,108] Trial 3 finished with value: 24.17 and parameters: {'lr': 0.00013042043626001443, 'weight_decay': 0.004401376396136146}. Best is trial 3 with value: 24.17.
[I 2026-06-04 03:22:34,089] Trial 4 pruned. 
[I 2026-06-04 03:22:43,067] Trial 5 pruned. 
[I 2026-06-04 03:22:52,451] Trial 6 pruned. 
[I 2026-06-04 03:23:01,474] Trial 7 pruned. 
[I 2026-06-04 03:23:10,743] Trial 8 pruned. 
[I 2026-06-04 03:23:19,714] Trial 9 pruned. 
  Best rmsprop: {'lr': 0.00013042043626001443, 'weight_decay': 0.004401376396136146}

============================================================
  Final Training
============================================================

── HYBRID ──
wandb: [wandb.login()] Loaded credentials for https://api.wandb.ai from /home/anant/.netrc.
wandb: Currently logged in as: anant-jain (dcll-iiitd) to https://api.wandb.ai. Use `wandb login --relogin` to force relogin
wandb: setting up run w7fawbgj
wandb: Tracking run with wandb version 0.26.0
wandb: Run data is saved locally in /home/anant/aomml/wandb/run-20260604_032320-w7fawbgj
wandb: Run `wandb offline` to turn off syncing.
wandb: Syncing run hybrid
wandb: ⭐️ View project at https://wandb.ai/dcll-iiitd/Hybrid-ZFS
wandb: 🚀 View run at https://wandb.ai/dcll-iiitd/Hybrid-ZFS/runs/w7fawbgj
sys:1: UserWarning: Full backward hook is firing when gradients are computed with respect to module outputs since no inputs require gradients. See https://docs.pytorch.org/docs/main/generated/torch.nn.Module.html#torch.nn.Module.register_full_backward_hook for more details.
sys:1: UserWarning: Full backward hook is firing when gradients are computed with respect to module outputs since no inputs require gradients. See https://docs.pytorch.org/docs/main/generated/torch.nn.Module.html#torch.nn.Module.register_full_backward_hook for more details.
  [hybrid  ] epoch   1  loss=1.4215  val_acc=27.25%  time=21.5s
  [hybrid  ] epoch   2  loss=1.0263  val_acc=28.77%  time=24.5s
  [hybrid  ] epoch   3  loss=0.9012  val_acc=33.96%  time=25.7s
  [hybrid  ] epoch   4  loss=0.8413  val_acc=36.19%  time=25.1s
  [hybrid  ] epoch   5  loss=0.7677  val_acc=37.24%  time=25.6s
  [hybrid  ] epoch   6  loss=0.7028  val_acc=36.49%  time=22.2s
  [hybrid  ] epoch   7  loss=0.6705  val_acc=42.50%  time=20.3s
  [hybrid  ] epoch   8  loss=0.6199  val_acc=46.65%  time=24.6s
  [hybrid  ] epoch   9  loss=0.5921  val_acc=46.27%  time=24.2s
  [hybrid  ] epoch  10  loss=0.5793  val_acc=47.68%  time=21.6s
  [hybrid  ] epoch  11  loss=0.5385  val_acc=48.24%  time=19.8s
  [hybrid  ] epoch  12  loss=0.5247  val_acc=49.80%  time=19.1s
  [hybrid  ] epoch  13  loss=0.4927  val_acc=49.24%  time=20.6s
  [hybrid  ] epoch  14  loss=0.4718  val_acc=53.47%  time=20.1s
  [hybrid  ] epoch  15  loss=0.4487  val_acc=50.56%  time=20.7s
  [hybrid  ] epoch  16  loss=0.4282  val_acc=52.62%  time=24.3s
  [hybrid  ] epoch  17  loss=0.4242  val_acc=51.79%  time=24.2s
  [hybrid  ] epoch  18  loss=0.4114  val_acc=53.28%  time=25.0s
  [hybrid  ] epoch  19  loss=0.3910  val_acc=54.92%  time=23.8s
  [hybrid  ] epoch  20  loss=0.3649  val_acc=55.15%  time=20.8s
  [hybrid  ] epoch  21  loss=0.3640  val_acc=54.27%  time=17.8s
  [hybrid  ] epoch  22  loss=0.3491  val_acc=53.34%  time=19.3s
  [hybrid  ] epoch  23  loss=0.3454  val_acc=58.01%  time=22.2s
  [hybrid  ] epoch  24  loss=0.3204  val_acc=56.80%  time=23.7s
  [hybrid  ] epoch  25  loss=0.3046  val_acc=53.83%  time=21.5s
  [hybrid  ] epoch  26  loss=0.3084  val_acc=56.83%  time=21.3s
  [hybrid  ] epoch  27  loss=0.2920  val_acc=57.46%  time=24.2s
  [hybrid  ] epoch  28  loss=0.2748  val_acc=55.62%  time=22.3s
  [hybrid  ] epoch  29  loss=0.2702  val_acc=53.86%  time=24.4s
  [hybrid  ] epoch  30  loss=0.2774  val_acc=58.13%  time=24.6s
  [hybrid  ] epoch  31  loss=0.2503  val_acc=56.76%  time=24.8s
  [hybrid  ] epoch  32  loss=0.2544  val_acc=59.37%  time=24.3s
  [hybrid  ] epoch  33  loss=0.2377  val_acc=58.25%  time=24.7s
  [hybrid  ] epoch  34  loss=0.2380  val_acc=57.00%  time=24.1s
  [hybrid  ] epoch  35  loss=0.2340  val_acc=60.52%  time=22.4s
  [hybrid  ] epoch  36  loss=0.2241  val_acc=58.91%  time=20.9s
  [hybrid  ] epoch  37  loss=0.2136  val_acc=58.44%  time=23.5s
  [hybrid  ] epoch  38  loss=0.2156  val_acc=57.09%  time=21.2s
  [hybrid  ] epoch  39  loss=0.2002  val_acc=59.17%  time=19.7s
  [hybrid  ] epoch  40  loss=0.1922  val_acc=59.11%  time=20.2s
  [hybrid  ] epoch  41  loss=0.1892  val_acc=62.16%  time=19.7s
  [hybrid  ] epoch  42  loss=0.1890  val_acc=60.24%  time=18.4s
  [hybrid  ] epoch  43  loss=0.1846  val_acc=56.37%  time=20.1s
  [hybrid  ] epoch  44  loss=0.1773  val_acc=59.11%  time=23.0s
  [hybrid  ] epoch  45  loss=0.1779  val_acc=60.13%  time=20.1s
  [hybrid  ] epoch  46  loss=0.1621  val_acc=59.03%  time=20.3s
  [hybrid  ] epoch  47  loss=0.1581  val_acc=56.45%  time=20.6s
  [hybrid  ] epoch  48  loss=0.1590  val_acc=57.81%  time=20.2s
  [hybrid  ] epoch  49  loss=0.1589  val_acc=58.29%  time=21.8s
  [hybrid  ] epoch  50  loss=0.1464  val_acc=58.77%  time=23.8s
  [hybrid  ] epoch  51  loss=0.1399  val_acc=60.39%  time=24.2s
  [hybrid  ] epoch  52  loss=0.1408  val_acc=59.17%  time=22.0s
  [hybrid  ] epoch  53  loss=0.1371  val_acc=59.06%  time=24.5s
  [hybrid  ] epoch  54  loss=0.1301  val_acc=60.12%  time=23.8s
  [hybrid  ] epoch  55  loss=0.1305  val_acc=62.20%  time=24.6s
  [hybrid  ] epoch  56  loss=0.1209  val_acc=57.56%  time=21.8s
  [hybrid  ] epoch  57  loss=0.1183  val_acc=58.87%  time=23.5s
  [hybrid  ] epoch  58  loss=0.1174  val_acc=59.39%  time=24.7s
  [hybrid  ] epoch  59  loss=0.1214  val_acc=59.07%  time=22.0s
  [hybrid  ] epoch  60  loss=0.1145  val_acc=62.23%  time=23.5s
  [hybrid  ] epoch  61  loss=0.1207  val_acc=59.62%  time=24.7s
  [hybrid  ] epoch  62  loss=0.1019  val_acc=61.38%  time=24.0s
  [hybrid  ] epoch  63  loss=0.0991  val_acc=56.91%  time=19.6s
  [hybrid  ] epoch  64  loss=0.0917  val_acc=59.76%  time=22.5s
  [hybrid  ] epoch  65  loss=0.1044  val_acc=58.18%  time=21.4s
  [hybrid  ] epoch  66  loss=0.0868  val_acc=60.29%  time=21.9s
  [hybrid  ] epoch  67  loss=0.0940  val_acc=60.08%  time=23.0s
  [hybrid  ] epoch  68  loss=0.1006  val_acc=58.76%  time=24.0s
  [hybrid  ] epoch  69  loss=0.0763  val_acc=58.22%  time=21.2s
  [hybrid  ] epoch  70  loss=0.0937  val_acc=58.76%  time=22.8s
  [hybrid  ] epoch  71  loss=0.0836  val_acc=59.31%  time=25.2s
  [hybrid  ] epoch  72  loss=0.0807  val_acc=60.24%  time=25.5s
  [hybrid  ] epoch  73  loss=0.0803  val_acc=61.07%  time=25.3s
  [hybrid  ] epoch  74  loss=0.0757  val_acc=59.64%  time=20.3s
  [hybrid  ] epoch  75  loss=0.0713  val_acc=57.56%  time=20.7s
  [hybrid  ] epoch  76  loss=0.0795  val_acc=59.09%  time=19.8s
  [hybrid  ] epoch  77  loss=0.0722  val_acc=59.62%  time=17.9s
  [hybrid  ] epoch  78  loss=0.0725  val_acc=59.10%  time=22.3s
  [hybrid  ] epoch  79  loss=0.0717  val_acc=61.43%  time=24.4s
  [hybrid  ] epoch  80  loss=0.0678  val_acc=59.23%  time=25.7s
  [hybrid  ] epoch  81  loss=0.0666  val_acc=59.93%  time=27.1s
  [hybrid  ] epoch  82  loss=0.0745  val_acc=57.18%  time=23.9s
  [hybrid  ] epoch  83  loss=0.0640  val_acc=60.20%  time=19.5s
  [hybrid  ] epoch  84  loss=0.0619  val_acc=58.10%  time=18.1s
  [hybrid  ] epoch  85  loss=0.0578  val_acc=58.44%  time=24.8s
  [hybrid  ] epoch  86  loss=0.0607  val_acc=59.03%  time=19.7s
  [hybrid  ] epoch  87  loss=0.0569  val_acc=62.16%  time=21.9s
  [hybrid  ] epoch  88  loss=0.0535  val_acc=62.13%  time=20.6s
  [hybrid  ] epoch  89  loss=0.0531  val_acc=59.48%  time=20.2s
  [hybrid  ] epoch  90  loss=0.0606  val_acc=61.26%  time=24.2s
  [hybrid  ] epoch  91  loss=0.0503  val_acc=61.83%  time=19.0s
  [hybrid  ] epoch  92  loss=0.0542  val_acc=60.66%  time=24.8s
  [hybrid  ] epoch  93  loss=0.0489  val_acc=59.08%  time=24.4s
  [hybrid  ] epoch  94  loss=0.0521  val_acc=60.84%  time=22.8s
  [hybrid  ] epoch  95  loss=0.0419  val_acc=59.89%  time=21.1s
  [hybrid  ] epoch  96  loss=0.0402  val_acc=59.95%  time=20.3s
  [hybrid  ] epoch  97  loss=0.0372  val_acc=60.65%  time=23.2s
  [hybrid  ] epoch  98  loss=0.0441  val_acc=62.14%  time=19.1s
  [hybrid  ] epoch  99  loss=0.0378  val_acc=61.03%  time=19.7s
  [hybrid  ] epoch 100  loss=0.0432  val_acc=62.24%  time=19.9s
  [hybrid  ] epoch 101  loss=0.0379  val_acc=62.12%  time=23.1s
  [hybrid  ] epoch 102  loss=0.0335  val_acc=60.75%  time=22.8s
  [hybrid  ] epoch 103  loss=0.0363  val_acc=60.48%  time=23.5s
  [hybrid  ] epoch 104  loss=0.0392  val_acc=60.69%  time=19.9s
  [hybrid  ] epoch 105  loss=0.0369  val_acc=62.15%  time=18.0s
  [hybrid  ] epoch 106  loss=0.0350  val_acc=62.81%  time=22.7s
  [hybrid  ] epoch 107  loss=0.0362  val_acc=60.66%  time=24.6s
  [hybrid  ] epoch 108  loss=0.0362  val_acc=61.07%  time=24.3s
  [hybrid  ] epoch 109  loss=0.0338  val_acc=62.39%  time=24.9s
  [hybrid  ] epoch 110  loss=0.0275  val_acc=62.38%  time=25.4s
  [hybrid  ] epoch 111  loss=0.0246  val_acc=59.41%  time=24.5s
  [hybrid  ] epoch 112  loss=0.0283  val_acc=62.38%  time=22.4s
  [hybrid  ] epoch 113  loss=0.0264  val_acc=61.97%  time=25.4s
  [hybrid  ] epoch 114  loss=0.0261  val_acc=59.70%  time=24.8s
  [hybrid  ] epoch 115  loss=0.0239  val_acc=61.43%  time=25.0s
  [hybrid  ] epoch 116  loss=0.0215  val_acc=60.48%  time=25.0s
  [hybrid  ] epoch 117  loss=0.0220  val_acc=60.13%  time=20.0s
  [hybrid  ] epoch 118  loss=0.0230  val_acc=61.60%  time=20.8s
  [hybrid  ] epoch 119  loss=0.0148  val_acc=61.85%  time=19.1s
  [hybrid  ] epoch 120  loss=0.0195  val_acc=62.07%  time=24.6s
  [hybrid  ] epoch 121  loss=0.0204  val_acc=61.36%  time=20.4s
  [hybrid  ] epoch 122  loss=0.0168  val_acc=59.18%  time=20.5s
  [hybrid  ] epoch 123  loss=0.0187  val_acc=62.13%  time=22.8s
  [hybrid  ] epoch 124  loss=0.0174  val_acc=60.69%  time=21.2s
  [hybrid  ] epoch 125  loss=0.0172  val_acc=62.17%  time=19.8s
  [hybrid  ] epoch 126  loss=0.0155  val_acc=60.18%  time=18.0s
  [hybrid  ] epoch 127  loss=0.0164  val_acc=61.67%  time=24.1s
  [hybrid  ] epoch 128  loss=0.0148  val_acc=60.71%  time=24.7s
  [hybrid  ] epoch 129  loss=0.0133  val_acc=61.97%  time=20.5s
  [hybrid  ] epoch 130  loss=0.0169  val_acc=60.74%  time=25.4s
  [hybrid  ] epoch 131  loss=0.0149  val_acc=60.52%  time=23.0s
  [hybrid  ] epoch 132  loss=0.0126  val_acc=60.19%  time=21.7s
  [hybrid  ] epoch 133  loss=0.0131  val_acc=60.29%  time=19.6s
  [hybrid  ] epoch 134  loss=0.0112  val_acc=61.34%  time=24.2s
  [hybrid  ] epoch 135  loss=0.0119  val_acc=60.48%  time=23.7s
  [hybrid  ] epoch 136  loss=0.0073  val_acc=60.41%  time=24.9s
  [hybrid  ] epoch 137  loss=0.0102  val_acc=61.30%  time=21.8s
  [hybrid  ] epoch 138  loss=0.0110  val_acc=60.69%  time=22.0s
  [hybrid  ] epoch 139  loss=0.0072  val_acc=61.59%  time=25.1s
  [hybrid  ] epoch 140  loss=0.0087  val_acc=61.67%  time=22.9s
  [hybrid  ] epoch 141  loss=0.0085  val_acc=61.13%  time=25.0s
  [hybrid  ] epoch 142  loss=0.0066  val_acc=61.21%  time=25.1s
  [hybrid  ] epoch 143  loss=0.0076  val_acc=60.71%  time=25.8s
  [hybrid  ] epoch 144  loss=0.0034  val_acc=61.26%  time=25.2s
  [hybrid  ] epoch 145  loss=0.0082  val_acc=61.34%  time=25.6s
  [hybrid  ] epoch 146  loss=0.0073  val_acc=61.09%  time=25.0s
  [hybrid  ] epoch 147  loss=0.0063  val_acc=60.77%  time=22.5s
  [hybrid  ] epoch 148  loss=0.0054  val_acc=59.99%  time=25.2s
  [hybrid  ] epoch 149  loss=0.0056  val_acc=61.33%  time=24.9s
  [hybrid  ] epoch 150  loss=0.0074  val_acc=59.84%  time=25.6s
  [hybrid  ] epoch 151  loss=0.0052  val_acc=62.22%  time=23.3s
  [hybrid  ] epoch 152  loss=0.0043  val_acc=62.42%  time=22.1s
  [hybrid  ] epoch 153  loss=0.0047  val_acc=62.05%  time=25.2s
  [hybrid  ] epoch 154  loss=0.0068  val_acc=61.32%  time=22.2s
  [hybrid  ] epoch 155  loss=0.0036  val_acc=61.65%  time=25.7s
  [hybrid  ] epoch 156  loss=0.0043  val_acc=60.80%  time=24.7s
  [hybrid  ] epoch 157  loss=0.0045  val_acc=60.28%  time=25.0s
  [hybrid  ] epoch 158  loss=0.0037  val_acc=62.77%  time=25.4s
  [hybrid  ] epoch 159  loss=0.0044  val_acc=62.06%  time=25.0s
  [hybrid  ] epoch 160  loss=0.0023  val_acc=63.20%  time=25.2s
  [hybrid  ] epoch 161  loss=0.0022  val_acc=62.43%  time=22.9s
  [hybrid  ] epoch 162  loss=0.0041  val_acc=62.02%  time=25.1s
  [hybrid  ] epoch 163  loss=0.0029  val_acc=61.66%  time=25.8s
  [hybrid  ] epoch 164  loss=0.0032  val_acc=63.39%  time=25.5s
  [hybrid  ] epoch 165  loss=0.0023  val_acc=62.44%  time=25.9s
  [hybrid  ] epoch 166  loss=0.0030  val_acc=62.47%  time=25.3s
  [hybrid  ] epoch 167  loss=0.0008  val_acc=62.40%  time=24.7s
  [hybrid  ] epoch 168  loss=0.0021  val_acc=61.56%  time=23.4s
  [hybrid  ] epoch 169  loss=0.0022  val_acc=62.30%  time=25.2s
  [hybrid  ] epoch 170  loss=0.0021  val_acc=61.61%  time=25.4s
  [hybrid  ] epoch 171  loss=0.0019  val_acc=62.14%  time=25.0s
  [hybrid  ] epoch 172  loss=0.0017  val_acc=62.92%  time=25.0s
  [hybrid  ] epoch 173  loss=0.0009  val_acc=62.67%  time=25.3s
  [hybrid  ] epoch 174  loss=0.0007  val_acc=62.67%  time=24.6s
  [hybrid  ] epoch 175  loss=0.0010  val_acc=62.62%  time=22.8s
  [hybrid  ] epoch 176  loss=0.0007  val_acc=61.64%  time=24.3s
  [hybrid  ] epoch 177  loss=0.0011  val_acc=61.91%  time=24.2s
  [hybrid  ] epoch 178  loss=0.0014  val_acc=61.47%  time=25.6s
  [hybrid  ] epoch 179  loss=0.0005  val_acc=61.57%  time=22.5s
  [hybrid  ] epoch 180  loss=0.0012  val_acc=61.47%  time=22.0s
  [hybrid  ] epoch 181  loss=0.0005  val_acc=61.66%  time=23.9s
  [hybrid  ] epoch 182  loss=0.0009  val_acc=61.98%  time=17.5s
  [hybrid  ] epoch 183  loss=0.0016  val_acc=62.68%  time=20.3s
  [hybrid  ] epoch 184  loss=0.0012  val_acc=62.20%  time=20.2s
  [hybrid  ] epoch 185  loss=0.0004  val_acc=62.37%  time=22.1s
  [hybrid  ] epoch 186  loss=0.0019  val_acc=62.65%  time=22.6s
  [hybrid  ] epoch 187  loss=0.0005  val_acc=62.76%  time=21.4s
  [hybrid  ] epoch 188  loss=0.0003  val_acc=62.56%  time=25.2s
  [hybrid  ] epoch 189  loss=0.0006  val_acc=62.60%  time=22.9s
  [hybrid  ] epoch 190  loss=0.0007  val_acc=62.35%  time=25.5s
  [hybrid  ] epoch 191  loss=0.0004  val_acc=62.64%  time=25.7s
  [hybrid  ] epoch 192  loss=0.0003  val_acc=62.71%  time=25.6s
  [hybrid  ] epoch 193  loss=0.0002  val_acc=62.01%  time=25.8s
  [hybrid  ] epoch 194  loss=0.0003  val_acc=63.26%  time=25.3s
  [hybrid  ] epoch 195  loss=0.0011  val_acc=62.63%  time=24.5s
  [hybrid  ] epoch 196  loss=0.0004  val_acc=62.21%  time=21.4s
  [hybrid  ] epoch 197  loss=0.0002  val_acc=62.54%  time=25.4s
  [hybrid  ] epoch 198  loss=0.0002  val_acc=62.81%  time=25.3s
  [hybrid  ] epoch 199  loss=0.0011  val_acc=62.83%  time=24.2s
  [hybrid  ] epoch 200  loss=0.0002  val_acc=61.98%  time=25.5s
wandb: uploading artifact run-w7fawbgj-hybridtraining_curve_table-K6rAHw; updating run metadata
wandb: uploading artifact run-w7fawbgj-hybridtraining_curve_table-K6rAHw
wandb: uploading config.yaml; uploading media/table/hybrid/training_curve_table_600_a483afc2905da058633d.table.json; uploading output.log; uploading wandb-summary.json
wandb: uploading media/table/hybrid/training_curve_table_600_a483afc2905da058633d.table.json; uploading output.log; uploading wandb-summary.json
wandb: uploading wandb-summary.json
wandb: uploading history steps 599-600, summary, console lines 201-201
wandb: 
wandb: Run history:
wandb:                      epoch ▁▁▁▁▂▂▂▂▂▃▃▃▄▄▄▄▄▄▅▅▅▅▅▅▆▆▆▆▆▆▆▆▇▇▇▇████
wandb:                global_step ▁▁▂▂▂▂▂▃▃▃▄▄▄▄▄▅▅▅▅▅▅▅▅▆▆▆▆▆▆▆▆▇▇▇▇▇▇███
wandb: hybrid/batch/grad_norm_raw █▆▆▅▅▇▄▆▅▄▃▄▃▄▂▃▃▂▄▂▃▃▂▁▄▃▂▁▂▁▁▁▁▅▁▂▁▁▁▁
wandb:     hybrid/batch/kfac_step ▁█▁▁█▁▁▁▁▁▁▁▁█▁▁▁▁▁▁▁▁▁▁▁██▁▁▁▁▁▁▁█▁▁█▁▁
wandb:          hybrid/batch/loss █▆▄▄▄▂▂▂▂▁▂▃▂▂▁▁▂▂▁▂▁▁▁▁▁▁▁▁▁▁▁▁▁▁▁▁▁▁▁▁
wandb:            hybrid/batch/lr ██████▇▇▇▇▇▇▇▇▇▇▇▆▆▆▅▄▄▄▃▃▃▃▂▂▂▂▂▁▁▁▁▁▁▁
wandb:      hybrid/batch/opt_step ▁▁▁▂▂▂▂▂▂▂▃▃▃▃▃▄▄▄▄▄▄▅▅▅▅▆▆▇▇▇▇▇▇▇▇█████
wandb:        hybrid/batch/time_s ▂▇▁▁█▁▁▂▂▁▁▁▇▁▁▁▁▁▂▂▂▁▂▂▂▁▂▂▂█▂▂▁▂▁▂▁▁▁▁
wandb:       hybrid/batch/zo_step ▁▁▁▁▁▁▁▁▁▁▁▁█▁▁▁▁▁▁▁▁▁▁▁▁▁▁▁▁▁▁▁▁▁▁▁▁▁▁▁
wandb:                  hybrid/lr ███████████▇▇▇▇▆▆▆▅▅▄▄▄▄▄▃▃▃▃▃▂▂▂▂▁▁▁▁▁▁
wandb:                        +13 ...
wandb: 
wandb: Run summary:
wandb:               best_val_acc 63.39
wandb:                      epoch 200
wandb:           final_train_loss 0.00023
wandb:              final_val_acc 61.98
wandb:                global_step 19353
wandb: hybrid/batch/grad_norm_raw 0.00948
wandb:     hybrid/batch/kfac_step 0
wandb:          hybrid/batch/loss 5e-05
wandb:            hybrid/batch/lr 0.0
wandb:      hybrid/batch/opt_step 19354
wandb:                        +19 ...
wandb: 
wandb: 🚀 View run hybrid at: https://wandb.ai/dcll-iiitd/Hybrid-ZFS/runs/w7fawbgj
wandb: ⭐️ View project at: https://wandb.ai/dcll-iiitd/Hybrid-ZFS
wandb: Synced 5 W&B file(s), 1 media file(s), 2 artifact file(s) and 0 other file(s)
wandb: Find logs at: ./wandb/run-20260604_032320-w7fawbgj/logs

── SGD ──
wandb: setting up run wmmtbtbb
wandb: Tracking run with wandb version 0.26.0
wandb: Run data is saved locally in /home/anant/aomml/wandb/run-20260604_044007-wmmtbtbb
wandb: Run `wandb offline` to turn off syncing.
wandb: Syncing run sgd
wandb: ⭐️ View project at https://wandb.ai/dcll-iiitd/Hybrid-ZFS
wandb: 🚀 View run at https://wandb.ai/dcll-iiitd/Hybrid-ZFS/runs/wmmtbtbb
  [sgd     ] epoch   1  loss=2.4127  val_acc=10.26%  time=10.3s
  [sgd     ] epoch   2  loss=1.9815  val_acc=10.09%  time=12.7s
  [sgd     ] epoch   3  loss=1.8474  val_acc=10.23%  time=15.4s
  [sgd     ] epoch   4  loss=1.8099  val_acc=10.13%  time=12.5s
  [sgd     ] epoch   5  loss=1.7756  val_acc=10.01%  time=14.5s
  [sgd     ] epoch   6  loss=1.7627  val_acc=10.06%  time=13.6s
  [sgd     ] epoch   7  loss=1.7519  val_acc=10.07%  time=14.0s
  [sgd     ] epoch   8  loss=1.7452  val_acc=10.10%  time=12.6s
  [sgd     ] epoch   9  loss=1.7346  val_acc=10.00%  time=14.8s
  [sgd     ] epoch  10  loss=1.7343  val_acc=10.24%  time=15.2s
  [sgd     ] epoch  11  loss=1.7216  val_acc=10.40%  time=14.9s
  [sgd     ] epoch  12  loss=1.7201  val_acc=10.26%  time=12.6s
  [sgd     ] epoch  13  loss=1.7159  val_acc=10.04%  time=15.0s
  [sgd     ] epoch  14  loss=1.7090  val_acc=10.24%  time=14.8s
  [sgd     ] epoch  15  loss=1.7100  val_acc=9.96%  time=13.1s
  [sgd     ] epoch  16  loss=1.7041  val_acc=10.18%  time=13.6s
  [sgd     ] epoch  17  loss=1.6970  val_acc=10.36%  time=10.6s
  [sgd     ] epoch  18  loss=1.6975  val_acc=10.17%  time=14.9s
  [sgd     ] epoch  19  loss=1.6919  val_acc=10.05%  time=11.2s
  [sgd     ] epoch  20  loss=1.6852  val_acc=10.22%  time=15.1s
  [sgd     ] epoch  21  loss=1.6801  val_acc=10.26%  time=15.0s
  [sgd     ] epoch  22  loss=1.6765  val_acc=10.36%  time=14.9s
  [sgd     ] epoch  23  loss=1.6720  val_acc=10.55%  time=12.2s
  [sgd     ] epoch  24  loss=1.6732  val_acc=10.33%  time=15.0s
  [sgd     ] epoch  25  loss=1.6724  val_acc=10.12%  time=15.0s
  [sgd     ] epoch  26  loss=1.6650  val_acc=10.55%  time=12.2s
  [sgd     ] epoch  27  loss=1.6585  val_acc=10.13%  time=15.0s
  [sgd     ] epoch  28  loss=1.6618  val_acc=10.20%  time=14.7s
  [sgd     ] epoch  29  loss=1.6632  val_acc=10.11%  time=15.0s
  [sgd     ] epoch  30  loss=1.6594  val_acc=10.31%  time=12.6s
  [sgd     ] epoch  31  loss=1.6623  val_acc=10.21%  time=14.7s
  [sgd     ] epoch  32  loss=1.6620  val_acc=10.39%  time=15.3s
  [sgd     ] epoch  33  loss=1.6639  val_acc=10.41%  time=13.9s
  [sgd     ] epoch  34  loss=1.6631  val_acc=10.45%  time=11.5s
  [sgd     ] epoch  35  loss=1.6593  val_acc=10.28%  time=15.0s
  [sgd     ] epoch  36  loss=1.6579  val_acc=10.35%  time=14.9s
  [sgd     ] epoch  37  loss=1.6548  val_acc=10.18%  time=11.3s
  [sgd     ] epoch  38  loss=1.6537  val_acc=10.31%  time=10.2s
  [sgd     ] epoch  39  loss=1.6511  val_acc=10.07%  time=12.2s
  [sgd     ] epoch  40  loss=1.6550  val_acc=10.36%  time=14.7s
  [sgd     ] epoch  41  loss=1.6556  val_acc=10.11%  time=11.9s
  [sgd     ] epoch  42  loss=1.6524  val_acc=10.26%  time=14.9s
  [sgd     ] epoch  43  loss=1.6467  val_acc=9.92%  time=15.5s
  [sgd     ] epoch  44  loss=1.6459  val_acc=10.43%  time=15.4s
  [sgd     ] epoch  45  loss=1.6451  val_acc=10.41%  time=12.8s
  [sgd     ] epoch  46  loss=1.6402  val_acc=10.11%  time=15.5s
  [sgd     ] epoch  47  loss=1.6421  val_acc=10.13%  time=15.2s
  [sgd     ] epoch  48  loss=1.6387  val_acc=10.06%  time=15.1s
  [sgd     ] epoch  49  loss=1.6331  val_acc=10.10%  time=12.7s
  [sgd     ] epoch  50  loss=1.6339  val_acc=10.29%  time=14.7s
  [sgd     ] epoch  51  loss=1.6334  val_acc=10.25%  time=15.0s
  [sgd     ] epoch  52  loss=1.6343  val_acc=10.39%  time=13.0s
  [sgd     ] epoch  53  loss=1.6308  val_acc=10.26%  time=11.7s
  [sgd     ] epoch  54  loss=1.6256  val_acc=10.36%  time=13.9s
  [sgd     ] epoch  55  loss=1.6263  val_acc=10.34%  time=15.2s
  [sgd     ] epoch  56  loss=1.6226  val_acc=10.57%  time=13.1s
  [sgd     ] epoch  57  loss=1.6208  val_acc=10.53%  time=14.7s
  [sgd     ] epoch  58  loss=1.6239  val_acc=10.23%  time=15.3s
  [sgd     ] epoch  59  loss=1.6191  val_acc=10.41%  time=15.3s
  [sgd     ] epoch  60  loss=1.6194  val_acc=10.35%  time=12.9s
  [sgd     ] epoch  61  loss=1.6170  val_acc=10.43%  time=15.2s
  [sgd     ] epoch  62  loss=1.6171  val_acc=10.40%  time=15.0s
  [sgd     ] epoch  63  loss=1.6204  val_acc=10.59%  time=12.6s
  [sgd     ] epoch  64  loss=1.6172  val_acc=10.40%  time=15.0s
  [sgd     ] epoch  65  loss=1.6178  val_acc=10.33%  time=15.4s
  [sgd     ] epoch  66  loss=1.6154  val_acc=10.47%  time=15.4s
  [sgd     ] epoch  67  loss=1.6168  val_acc=10.36%  time=8.8s
  [sgd     ] epoch  68  loss=1.6168  val_acc=10.48%  time=13.7s
  [sgd     ] epoch  69  loss=1.6131  val_acc=10.38%  time=10.7s
  [sgd     ] epoch  70  loss=1.6105  val_acc=10.50%  time=11.7s
  [sgd     ] epoch  71  loss=1.6083  val_acc=10.45%  time=12.1s
  [sgd     ] epoch  72  loss=1.6071  val_acc=10.40%  time=15.0s
  [sgd     ] epoch  73  loss=1.6091  val_acc=10.45%  time=12.1s
  [sgd     ] epoch  74  loss=1.6101  val_acc=10.40%  time=13.0s
  [sgd     ] epoch  75  loss=1.6081  val_acc=10.37%  time=12.6s
  [sgd     ] epoch  76  loss=1.6058  val_acc=10.57%  time=11.7s
  [sgd     ] epoch  77  loss=1.6053  val_acc=10.52%  time=11.9s
  [sgd     ] epoch  78  loss=1.5993  val_acc=10.66%  time=11.3s
  [sgd     ] epoch  79  loss=1.5970  val_acc=10.42%  time=13.2s
  [sgd     ] epoch  80  loss=1.5965  val_acc=10.44%  time=15.1s
  [sgd     ] epoch  81  loss=1.5910  val_acc=10.66%  time=14.9s
  [sgd     ] epoch  82  loss=1.5887  val_acc=10.94%  time=13.7s
  [sgd     ] epoch  83  loss=1.5882  val_acc=10.82%  time=15.0s
  [sgd     ] epoch  84  loss=1.5894  val_acc=11.03%  time=13.5s
  [sgd     ] epoch  85  loss=1.5877  val_acc=11.06%  time=13.4s
  [sgd     ] epoch  86  loss=1.5881  val_acc=11.29%  time=12.0s
  [sgd     ] epoch  87  loss=1.5797  val_acc=11.26%  time=15.0s
  [sgd     ] epoch  88  loss=1.5784  val_acc=11.07%  time=14.8s
  [sgd     ] epoch  89  loss=1.5811  val_acc=11.00%  time=12.3s
  [sgd     ] epoch  90  loss=1.5766  val_acc=11.26%  time=14.8s
  [sgd     ] epoch  91  loss=1.5739  val_acc=11.54%  time=14.8s
  [sgd     ] epoch  92  loss=1.5679  val_acc=11.43%  time=15.1s
  [sgd     ] epoch  93  loss=1.5671  val_acc=11.49%  time=12.2s
  [sgd     ] epoch  94  loss=1.5608  val_acc=11.77%  time=14.9s
  [sgd     ] epoch  95  loss=1.5597  val_acc=12.23%  time=14.8s
  [sgd     ] epoch  96  loss=1.5553  val_acc=12.43%  time=14.6s
  [sgd     ] epoch  97  loss=1.5529  val_acc=12.72%  time=12.5s
  [sgd     ] epoch  98  loss=1.5523  val_acc=12.55%  time=14.8s
  [sgd     ] epoch  99  loss=1.5460  val_acc=12.85%  time=14.8s
  [sgd     ] epoch 100  loss=1.5426  val_acc=12.90%  time=15.0s
  [sgd     ] epoch 101  loss=1.5393  val_acc=13.08%  time=11.7s
  [sgd     ] epoch 102  loss=1.5396  val_acc=13.20%  time=14.9s
  [sgd     ] epoch 103  loss=1.5341  val_acc=13.43%  time=14.6s
  [sgd     ] epoch 104  loss=1.5310  val_acc=13.59%  time=12.3s
  [sgd     ] epoch 105  loss=1.5253  val_acc=13.85%  time=15.2s
  [sgd     ] epoch 106  loss=1.5214  val_acc=13.95%  time=14.7s
  [sgd     ] epoch 107  loss=1.5211  val_acc=13.59%  time=14.9s
  [sgd     ] epoch 108  loss=1.5179  val_acc=14.14%  time=12.0s
  [sgd     ] epoch 109  loss=1.5127  val_acc=13.85%  time=14.2s
  [sgd     ] epoch 110  loss=1.5112  val_acc=14.32%  time=14.6s
  [sgd     ] epoch 111  loss=1.5124  val_acc=14.62%  time=14.7s
  [sgd     ] epoch 112  loss=1.5100  val_acc=14.24%  time=12.6s
  [sgd     ] epoch 113  loss=1.5067  val_acc=14.44%  time=15.1s
  [sgd     ] epoch 114  loss=1.5054  val_acc=14.49%  time=14.6s
  [sgd     ] epoch 115  loss=1.5018  val_acc=14.50%  time=12.6s
  [sgd     ] epoch 116  loss=1.5021  val_acc=14.74%  time=11.0s
  [sgd     ] epoch 117  loss=1.4945  val_acc=15.38%  time=11.0s
  [sgd     ] epoch 118  loss=1.5001  val_acc=15.15%  time=12.5s
  [sgd     ] epoch 119  loss=1.4927  val_acc=15.02%  time=9.6s
  [sgd     ] epoch 120  loss=1.4939  val_acc=15.06%  time=13.0s
  [sgd     ] epoch 121  loss=1.4896  val_acc=15.16%  time=9.9s
  [sgd     ] epoch 122  loss=1.4902  val_acc=15.29%  time=10.5s
  [sgd     ] epoch 123  loss=1.4888  val_acc=15.69%  time=10.0s
  [sgd     ] epoch 124  loss=1.4840  val_acc=15.22%  time=11.9s
  [sgd     ] epoch 125  loss=1.4887  val_acc=15.50%  time=10.7s
  [sgd     ] epoch 126  loss=1.4838  val_acc=15.68%  time=9.5s
  [sgd     ] epoch 127  loss=1.4833  val_acc=15.35%  time=11.3s
  [sgd     ] epoch 128  loss=1.4811  val_acc=15.43%  time=15.1s
  [sgd     ] epoch 129  loss=1.4786  val_acc=15.82%  time=15.4s
  [sgd     ] epoch 130  loss=1.4801  val_acc=15.36%  time=12.9s
  [sgd     ] epoch 131  loss=1.4790  val_acc=15.69%  time=11.8s
  [sgd     ] epoch 132  loss=1.4771  val_acc=15.62%  time=14.6s
  [sgd     ] epoch 133  loss=1.4770  val_acc=15.56%  time=15.0s
  [sgd     ] epoch 134  loss=1.4751  val_acc=15.47%  time=12.0s
  [sgd     ] epoch 135  loss=1.4746  val_acc=15.77%  time=15.1s
  [sgd     ] epoch 136  loss=1.4760  val_acc=15.33%  time=14.9s
  [sgd     ] epoch 137  loss=1.4719  val_acc=15.96%  time=15.3s
  [sgd     ] epoch 138  loss=1.4711  val_acc=15.58%  time=12.9s
  [sgd     ] epoch 139  loss=1.4701  val_acc=15.82%  time=15.1s
  [sgd     ] epoch 140  loss=1.4706  val_acc=16.11%  time=15.4s
  [sgd     ] epoch 141  loss=1.4676  val_acc=15.98%  time=12.7s
  [sgd     ] epoch 142  loss=1.4692  val_acc=15.93%  time=15.1s
  [sgd     ] epoch 143  loss=1.4665  val_acc=16.07%  time=13.9s
  [sgd     ] epoch 144  loss=1.4651  val_acc=16.18%  time=16.6s
  [sgd     ] epoch 145  loss=1.4656  val_acc=16.20%  time=11.8s
  [sgd     ] epoch 146  loss=1.4676  val_acc=16.21%  time=11.1s
  [sgd     ] epoch 147  loss=1.4651  val_acc=16.39%  time=13.7s
  [sgd     ] epoch 148  loss=1.4631  val_acc=16.22%  time=16.0s
  [sgd     ] epoch 149  loss=1.4621  val_acc=16.22%  time=12.7s
  [sgd     ] epoch 150  loss=1.4648  val_acc=16.15%  time=12.9s
  [sgd     ] epoch 151  loss=1.4635  val_acc=16.33%  time=14.8s
  [sgd     ] epoch 152  loss=1.4606  val_acc=16.29%  time=9.3s
  [sgd     ] epoch 153  loss=1.4602  val_acc=16.46%  time=10.5s
  [sgd     ] epoch 154  loss=1.4613  val_acc=16.61%  time=14.9s
  [sgd     ] epoch 155  loss=1.4609  val_acc=16.49%  time=13.9s
  [sgd     ] epoch 156  loss=1.4601  val_acc=16.44%  time=11.2s
  [sgd     ] epoch 157  loss=1.4577  val_acc=16.18%  time=13.2s
  [sgd     ] epoch 158  loss=1.4608  val_acc=16.55%  time=15.2s
  [sgd     ] epoch 159  loss=1.4567  val_acc=16.40%  time=15.5s
  [sgd     ] epoch 160  loss=1.4533  val_acc=16.39%  time=12.5s
  [sgd     ] epoch 161  loss=1.4557  val_acc=16.21%  time=13.5s
  [sgd     ] epoch 162  loss=1.4579  val_acc=16.50%  time=14.6s
  [sgd     ] epoch 163  loss=1.4551  val_acc=16.53%  time=12.5s
  [sgd     ] epoch 164  loss=1.4549  val_acc=16.35%  time=14.6s
  [sgd     ] epoch 165  loss=1.4538  val_acc=16.57%  time=11.5s
  [sgd     ] epoch 166  loss=1.4515  val_acc=16.46%  time=10.8s
  [sgd     ] epoch 167  loss=1.4556  val_acc=16.54%  time=11.3s
  [sgd     ] epoch 168  loss=1.4533  val_acc=16.67%  time=12.5s
  [sgd     ] epoch 169  loss=1.4506  val_acc=16.54%  time=14.1s
  [sgd     ] epoch 170  loss=1.4548  val_acc=16.23%  time=11.7s
  [sgd     ] epoch 171  loss=1.4539  val_acc=16.10%  time=13.0s
  [sgd     ] epoch 172  loss=1.4546  val_acc=16.79%  time=15.3s
  [sgd     ] epoch 173  loss=1.4555  val_acc=16.76%  time=10.6s
  [sgd     ] epoch 174  loss=1.4556  val_acc=16.69%  time=10.6s
  [sgd     ] epoch 175  loss=1.4515  val_acc=16.76%  time=9.3s
  [sgd     ] epoch 176  loss=1.4495  val_acc=16.89%  time=10.8s
  [sgd     ] epoch 177  loss=1.4523  val_acc=16.53%  time=12.0s
  [sgd     ] epoch 178  loss=1.4504  val_acc=16.53%  time=9.3s
  [sgd     ] epoch 179  loss=1.4506  val_acc=16.75%  time=14.7s
  [sgd     ] epoch 180  loss=1.4503  val_acc=16.59%  time=15.5s
  [sgd     ] epoch 181  loss=1.4516  val_acc=16.55%  time=11.6s
  [sgd     ] epoch 182  loss=1.4528  val_acc=16.43%  time=12.3s
  [sgd     ] epoch 183  loss=1.4503  val_acc=16.69%  time=15.2s
  [sgd     ] epoch 184  loss=1.4514  val_acc=16.50%  time=15.2s
  [sgd     ] epoch 185  loss=1.4497  val_acc=16.74%  time=15.4s
  [sgd     ] epoch 186  loss=1.4511  val_acc=16.84%  time=12.9s
  [sgd     ] epoch 187  loss=1.4524  val_acc=16.71%  time=14.4s
  [sgd     ] epoch 188  loss=1.4531  val_acc=16.93%  time=15.0s
  [sgd     ] epoch 189  loss=1.4521  val_acc=16.72%  time=12.9s
  [sgd     ] epoch 190  loss=1.4511  val_acc=16.37%  time=15.1s
  [sgd     ] epoch 191  loss=1.4516  val_acc=16.52%  time=15.7s
  [sgd     ] epoch 192  loss=1.4501  val_acc=16.71%  time=16.7s
  [sgd     ] epoch 193  loss=1.4506  val_acc=16.42%  time=13.1s
  [sgd     ] epoch 194  loss=1.4516  val_acc=16.63%  time=15.6s
  [sgd     ] epoch 195  loss=1.4530  val_acc=16.63%  time=15.7s
  [sgd     ] epoch 196  loss=1.4508  val_acc=16.70%  time=16.3s
  [sgd     ] epoch 197  loss=1.4542  val_acc=16.40%  time=13.5s
  [sgd     ] epoch 198  loss=1.4492  val_acc=16.68%  time=15.5s
  [sgd     ] epoch 199  loss=1.4495  val_acc=16.96%  time=15.8s
  [sgd     ] epoch 200  loss=1.4500  val_acc=16.28%  time=16.0s
wandb: uploading artifact run-wmmtbtbb-sgdtraining_curve_table-YYzAUw; updating run metadata
wandb: uploading artifact run-wmmtbtbb-sgdtraining_curve_table-YYzAUw
wandb: uploading artifact run-wmmtbtbb-sgdtraining_curve_table-YYzAUw; uploading history steps 598-600, summary, console lines 199-199
wandb: uploading history steps 598-600, summary, console lines 199-199; uploading media/table/sgd/training_curve_table_600_9271bba0dfeafb1f4eae.table.json; uploading output.log; uploading wandb-summary.json; uploading config.yaml
wandb: uploading history steps 598-600, summary, console lines 199-199; uploading output.log; uploading wandb-summary.json; uploading config.yaml
wandb: uploading output.log; uploading wandb-summary.json; uploading config.yaml
wandb: uploading wandb-summary.json
wandb: 
wandb: Run history:
wandb:                        epoch ▁▁▁▁▁▂▂▂▂▂▃▃▃▃▃▃▃▃▃▄▄▄▄▅▅▅▆▆▆▆▆▆▆▆▇▇▇███
wandb:                  global_step ▁▁▁▁▂▂▂▂▂▂▂▂▂▂▃▃▃▃▃▃▄▄▄▄▄▅▅▅▅▅▆▇▇▇▇▇▇▇██
wandb:      sgd/batch/grad_norm_raw █▆▆▄▄▄▃▃▃▂▂▂▂▂▂▂▂▁▁▁▁▁▁▁▁▁▁▁▁▂▁▁▁▁▁▁▁▁▁▁
wandb:               sgd/batch/loss █▆▃▅▆▃▄▄▅▃▅▄▄▃▄▃▃▅▄▃▄▃▁▃▂▂▂▄▃▂▁▁▂▂▁▃▃▂▅▁
wandb:                 sgd/batch/lr ██████████▇▇▇▇▇▇▇▆▆▆▆▅▅▅▄▃▃▃▂▂▂▂▂▁▁▁▁▁▁▁
wandb:             sgd/batch/time_s ▃▄▃▃▃█▅▅▄█▃▁▅▆▁█▃▆▅▄▅▅▁▁▃▇▃▁▃▆▇▅▃▄▃▆▂▇▃▃
wandb:                       sgd/lr ██████████▇▇▇▇▇▆▆▆▆▆▆▅▅▅▅▄▃▃▃▂▂▂▂▂▁▁▁▁▁▁
wandb: sgd/throughput/samples_per_s ▆▄▂▃▃▂▂▄▂▂▂▄▄▂▃▅▄▃▃▂▂▂▂▆█▇▇▆▂▄▁▅▄▄█▄▅▅▂▂
wandb:         sgd/time/avg_batch_s ▇▆▆▆▃▆▆▆▆▇▅▆▃▆▆▇▆▆▇▆▄▆▆▄▆▃▂▃▄▃▄▄▅█▂▁▃▇▄▇
wandb:        sgd/time/cumulative_s ▁▁▂▂▂▂▂▃▃▃▃▃▄▄▄▄▅▅▅▅▅▅▆▆▆▆▆▆▆▆▇▇▇▇▇▇▇▇▇█
wandb:                          +10 ...
wandb: 
wandb: Run summary:
wandb:            best_val_acc 16.96
wandb:                   epoch 200
wandb:        final_train_loss 1.45005
wandb:           final_val_acc 16.28
wandb:             global_step 19353
wandb: sgd/batch/grad_norm_raw 148.09919
wandb:          sgd/batch/loss 1.33472
wandb:            sgd/batch/lr 0.0
wandb:        sgd/batch/time_s 0.06
wandb:                  sgd/lr 0
wandb:                     +16 ...
wandb: 
wandb: 🚀 View run sgd at: https://wandb.ai/dcll-iiitd/Hybrid-ZFS/runs/wmmtbtbb
wandb: ⭐️ View project at: https://wandb.ai/dcll-iiitd/Hybrid-ZFS
wandb: Synced 5 W&B file(s), 1 media file(s), 2 artifact file(s) and 0 other file(s)
wandb: Find logs at: ./wandb/run-20260604_044007-wmmtbtbb/logs

── ADAM ──
wandb: setting up run 96hbcee4
wandb: Tracking run with wandb version 0.26.0
wandb: Run data is saved locally in /home/anant/aomml/wandb/run-20260604_052529-96hbcee4
wandb: Run `wandb offline` to turn off syncing.
wandb: Syncing run adam
wandb: ⭐️ View project at https://wandb.ai/dcll-iiitd/Hybrid-ZFS
wandb: 🚀 View run at https://wandb.ai/dcll-iiitd/Hybrid-ZFS/runs/96hbcee4
  [adam    ] epoch   1  loss=1.4287  val_acc=22.22%  time=12.6s
  [adam    ] epoch   2  loss=1.2705  val_acc=26.80%  time=15.8s
  [adam    ] epoch   3  loss=1.0972  val_acc=27.41%  time=15.3s
  [adam    ] epoch   4  loss=1.0746  val_acc=28.29%  time=10.1s
  [adam    ] epoch   5  loss=0.9850  val_acc=26.13%  time=10.6s
  [adam    ] epoch   6  loss=0.9458  val_acc=28.20%  time=13.7s
  [adam    ] epoch   7  loss=0.9555  val_acc=26.85%  time=10.9s
  [adam    ] epoch   8  loss=0.9191  val_acc=29.22%  time=12.7s
  [adam    ] epoch   9  loss=0.8730  val_acc=30.21%  time=12.2s
  [adam    ] epoch  10  loss=0.8248  val_acc=32.20%  time=12.1s
  [adam    ] epoch  11  loss=0.7865  val_acc=31.90%  time=15.1s
  [adam    ] epoch  12  loss=0.7713  val_acc=31.44%  time=12.6s
  [adam    ] epoch  13  loss=0.7444  val_acc=32.68%  time=15.5s
  [adam    ] epoch  14  loss=0.7156  val_acc=32.57%  time=15.7s
  [adam    ] epoch  15  loss=0.6956  val_acc=35.83%  time=12.8s
  [adam    ] epoch  16  loss=0.6641  val_acc=38.66%  time=12.5s
  [adam    ] epoch  17  loss=0.6504  val_acc=36.00%  time=12.6s
  [adam    ] epoch  18  loss=0.6229  val_acc=36.37%  time=12.6s
  [adam    ] epoch  19  loss=0.6052  val_acc=40.88%  time=13.2s
  [adam    ] epoch  20  loss=0.5824  val_acc=37.01%  time=15.6s
  [adam    ] epoch  21  loss=0.5655  val_acc=40.92%  time=14.3s
  [adam    ] epoch  22  loss=0.5426  val_acc=41.46%  time=15.5s
  [adam    ] epoch  23  loss=0.5162  val_acc=46.80%  time=12.9s
  [adam    ] epoch  24  loss=0.5179  val_acc=44.82%  time=15.5s
  [adam    ] epoch  25  loss=0.5044  val_acc=42.72%  time=15.3s
  [adam    ] epoch  26  loss=0.4861  val_acc=49.63%  time=13.0s
  [adam    ] epoch  27  loss=0.4753  val_acc=47.39%  time=15.1s
  [adam    ] epoch  28  loss=0.4591  val_acc=44.50%  time=15.6s
  [adam    ] epoch  29  loss=0.4408  val_acc=47.83%  time=15.6s
  [adam    ] epoch  30  loss=0.4335  val_acc=45.92%  time=12.9s
  [adam    ] epoch  31  loss=0.4269  val_acc=50.08%  time=15.6s
  [adam    ] epoch  32  loss=0.4059  val_acc=48.40%  time=15.2s
  [adam    ] epoch  33  loss=0.3891  val_acc=48.76%  time=15.7s
  [adam    ] epoch  34  loss=0.3816  val_acc=48.91%  time=12.3s
  [adam    ] epoch  35  loss=0.3708  val_acc=50.90%  time=15.5s
  [adam    ] epoch  36  loss=0.3631  val_acc=50.72%  time=15.5s
  [adam    ] epoch  37  loss=0.3561  val_acc=52.78%  time=15.7s
  [adam    ] epoch  38  loss=0.3357  val_acc=48.26%  time=13.2s
  [adam    ] epoch  39  loss=0.3281  val_acc=52.52%  time=15.3s
  [adam    ] epoch  40  loss=0.3192  val_acc=51.94%  time=15.6s
  [adam    ] epoch  41  loss=0.3218  val_acc=52.38%  time=12.9s
  [adam    ] epoch  42  loss=0.3051  val_acc=51.90%  time=15.5s
  [adam    ] epoch  43  loss=0.2969  val_acc=52.32%  time=15.2s
  [adam    ] epoch  44  loss=0.2861  val_acc=54.49%  time=15.3s
  [adam    ] epoch  45  loss=0.2754  val_acc=55.05%  time=12.9s
  [adam    ] epoch  46  loss=0.2649  val_acc=54.68%  time=15.5s
  [adam    ] epoch  47  loss=0.2612  val_acc=54.86%  time=15.0s
  [adam    ] epoch  48  loss=0.2547  val_acc=54.15%  time=15.0s
  [adam    ] epoch  49  loss=0.2436  val_acc=55.57%  time=12.8s
  [adam    ] epoch  50  loss=0.2344  val_acc=58.21%  time=14.6s
  [adam    ] epoch  51  loss=0.2225  val_acc=54.23%  time=14.8s
  [adam    ] epoch  52  loss=0.2230  val_acc=52.38%  time=12.1s
  [adam    ] epoch  53  loss=0.2132  val_acc=52.68%  time=15.1s
  [adam    ] epoch  54  loss=0.2046  val_acc=52.64%  time=15.3s
  [adam    ] epoch  55  loss=0.1993  val_acc=54.32%  time=15.7s
  [adam    ] epoch  56  loss=0.2019  val_acc=55.25%  time=13.1s
  [adam    ] epoch  57  loss=0.1817  val_acc=57.27%  time=15.7s
  [adam    ] epoch  58  loss=0.1871  val_acc=57.64%  time=15.5s
  [adam    ] epoch  59  loss=0.1791  val_acc=58.83%  time=15.6s
  [adam    ] epoch  60  loss=0.1720  val_acc=55.30%  time=13.1s
  [adam    ] epoch  61  loss=0.1606  val_acc=54.07%  time=15.3s
  [adam    ] epoch  62  loss=0.1617  val_acc=54.32%  time=12.9s
  [adam    ] epoch  63  loss=0.1657  val_acc=54.84%  time=9.7s
  [adam    ] epoch  64  loss=0.1520  val_acc=55.03%  time=15.1s
  [adam    ] epoch  65  loss=0.1399  val_acc=55.65%  time=11.3s
  [adam    ] epoch  66  loss=0.1415  val_acc=55.48%  time=11.2s
  [adam    ] epoch  67  loss=0.1391  val_acc=55.69%  time=9.3s
  [adam    ] epoch  68  loss=0.1364  val_acc=54.43%  time=11.3s
  [adam    ] epoch  69  loss=0.1341  val_acc=55.77%  time=11.3s
  [adam    ] epoch  70  loss=0.1299  val_acc=57.93%  time=11.6s
  [adam    ] epoch  71  loss=0.1271  val_acc=56.94%  time=11.5s
  [adam    ] epoch  72  loss=0.1186  val_acc=54.26%  time=14.4s
  [adam    ] epoch  73  loss=0.1247  val_acc=54.62%  time=11.9s
  [adam    ] epoch  74  loss=0.1239  val_acc=56.82%  time=12.3s
  [adam    ] epoch  75  loss=0.1100  val_acc=58.01%  time=13.0s
  [adam    ] epoch  76  loss=0.1053  val_acc=54.07%  time=15.6s
  [adam    ] epoch  77  loss=0.0987  val_acc=56.76%  time=15.5s
  [adam    ] epoch  78  loss=0.0936  val_acc=56.74%  time=12.9s
  [adam    ] epoch  79  loss=0.0961  val_acc=55.60%  time=15.3s
  [adam    ] epoch  80  loss=0.1065  val_acc=59.52%  time=15.5s
  [adam    ] epoch  81  loss=0.0933  val_acc=56.68%  time=15.2s
  [adam    ] epoch  82  loss=0.0894  val_acc=57.13%  time=13.2s
  [adam    ] epoch  83  loss=0.0933  val_acc=57.91%  time=15.5s
  [adam    ] epoch  84  loss=0.0782  val_acc=55.75%  time=15.6s
  [adam    ] epoch  85  loss=0.0969  val_acc=55.56%  time=16.9s
  [adam    ] epoch  86  loss=0.0815  val_acc=55.63%  time=14.2s
  [adam    ] epoch  87  loss=0.0860  val_acc=55.67%  time=16.9s
  [adam    ] epoch  88  loss=0.0828  val_acc=57.90%  time=17.8s
  [adam    ] epoch  89  loss=0.0818  val_acc=56.77%  time=16.7s
  [adam    ] epoch  90  loss=0.0739  val_acc=56.24%  time=21.2s
  [adam    ] epoch  91  loss=0.0683  val_acc=57.45%  time=21.6s
  [adam    ] epoch  92  loss=0.0731  val_acc=56.13%  time=16.7s
  [adam    ] epoch  93  loss=0.0670  val_acc=56.47%  time=17.5s
  [adam    ] epoch  94  loss=0.0705  val_acc=57.41%  time=23.3s
  [adam    ] epoch  95  loss=0.0661  val_acc=56.17%  time=21.4s
  [adam    ] epoch  96  loss=0.0634  val_acc=55.67%  time=18.9s
  [adam    ] epoch  97  loss=0.0654  val_acc=59.08%  time=15.7s
  [adam    ] epoch  98  loss=0.0624  val_acc=55.22%  time=22.8s
  [adam    ] epoch  99  loss=0.0619  val_acc=56.75%  time=25.2s
  [adam    ] epoch 100  loss=0.0550  val_acc=58.24%  time=18.4s
  [adam    ] epoch 101  loss=0.0537  val_acc=58.95%  time=14.4s
  [adam    ] epoch 102  loss=0.0549  val_acc=55.08%  time=18.7s
  [adam    ] epoch 103  loss=0.0474  val_acc=55.62%  time=18.7s
  [adam    ] epoch 104  loss=0.0480  val_acc=55.84%  time=21.8s
  [adam    ] epoch 105  loss=0.0453  val_acc=55.76%  time=19.0s
  [adam    ] epoch 106  loss=0.0427  val_acc=55.28%  time=22.0s
  [adam    ] epoch 107  loss=0.0501  val_acc=57.41%  time=23.2s
  [adam    ] epoch 108  loss=0.0373  val_acc=54.84%  time=18.9s
  [adam    ] epoch 109  loss=0.0425  val_acc=54.90%  time=21.0s
  [adam    ] epoch 110  loss=0.0388  val_acc=58.24%  time=24.6s
  [adam    ] epoch 111  loss=0.0409  val_acc=57.90%  time=20.2s
  [adam    ] epoch 112  loss=0.0394  val_acc=58.49%  time=20.7s
  [adam    ] epoch 113  loss=0.0350  val_acc=57.52%  time=28.8s
  [adam    ] epoch 114  loss=0.0305  val_acc=56.55%  time=20.5s
  [adam    ] epoch 115  loss=0.0343  val_acc=56.86%  time=15.8s
  [adam    ] epoch 116  loss=0.0383  val_acc=58.62%  time=20.7s
  [adam    ] epoch 117  loss=0.0296  val_acc=56.98%  time=20.4s
  [adam    ] epoch 118  loss=0.0299  val_acc=57.80%  time=20.7s
  [adam    ] epoch 119  loss=0.0285  val_acc=57.48%  time=18.7s
  [adam    ] epoch 120  loss=0.0298  val_acc=58.11%  time=20.7s
  [adam    ] epoch 121  loss=0.0292  val_acc=58.53%  time=24.0s
  [adam    ] epoch 122  loss=0.0257  val_acc=56.71%  time=23.0s
  [adam    ] epoch 123  loss=0.0330  val_acc=57.97%  time=16.7s
  [adam    ] epoch 124  loss=0.0348  val_acc=57.78%  time=29.9s
  [adam    ] epoch 125  loss=0.0256  val_acc=57.67%  time=21.8s
  [adam    ] epoch 126  loss=0.0241  val_acc=58.91%  time=16.6s
  [adam    ] epoch 127  loss=0.0227  val_acc=57.35%  time=25.6s
  [adam    ] epoch 128  loss=0.0185  val_acc=56.50%  time=25.9s
  [adam    ] epoch 129  loss=0.0229  val_acc=59.37%  time=24.8s
  [adam    ] epoch 130  loss=0.0188  val_acc=59.56%  time=16.9s
  [adam    ] epoch 131  loss=0.0175  val_acc=57.40%  time=22.2s
  [adam    ] epoch 132  loss=0.0183  val_acc=57.25%  time=32.0s
  [adam    ] epoch 133  loss=0.0203  val_acc=58.61%  time=34.2s
  [adam    ] epoch 134  loss=0.0153  val_acc=56.20%  time=22.9s
  [adam    ] epoch 135  loss=0.0132  val_acc=57.69%  time=23.2s
  [adam    ] epoch 136  loss=0.0159  val_acc=57.39%  time=28.4s
  [adam    ] epoch 137  loss=0.0136  val_acc=56.79%  time=23.7s
  [adam    ] epoch 138  loss=0.0131  val_acc=56.97%  time=18.1s
  [adam    ] epoch 139  loss=0.0147  val_acc=57.85%  time=24.6s
  [adam    ] epoch 140  loss=0.0141  val_acc=57.40%  time=29.8s
  [adam    ] epoch 141  loss=0.0141  val_acc=57.32%  time=21.6s
  [adam    ] epoch 142  loss=0.0121  val_acc=58.69%  time=25.0s
  [adam    ] epoch 143  loss=0.0096  val_acc=58.44%  time=24.9s
  [adam    ] epoch 144  loss=0.0112  val_acc=58.08%  time=24.7s
  [adam    ] epoch 145  loss=0.0086  val_acc=58.16%  time=18.5s
  [adam    ] epoch 146  loss=0.0077  val_acc=58.48%  time=28.0s
  [adam    ] epoch 147  loss=0.0083  val_acc=57.04%  time=27.2s
  [adam    ] epoch 148  loss=0.0060  val_acc=59.05%  time=29.3s
  [adam    ] epoch 149  loss=0.0059  val_acc=59.33%  time=25.0s
  [adam    ] epoch 150  loss=0.0075  val_acc=58.36%  time=31.2s
  [adam    ] epoch 151  loss=0.0066  val_acc=58.22%  time=24.9s
  [adam    ] epoch 152  loss=0.0061  val_acc=59.26%  time=19.7s
  [adam    ] epoch 153  loss=0.0066  val_acc=57.66%  time=27.6s
  [adam    ] epoch 154  loss=0.0039  val_acc=58.60%  time=33.4s
  [adam    ] epoch 155  loss=0.0065  val_acc=58.78%  time=27.9s
  [adam    ] epoch 156  loss=0.0028  val_acc=59.45%  time=20.6s
  [adam    ] epoch 157  loss=0.0038  val_acc=59.73%  time=28.3s
  [adam    ] epoch 158  loss=0.0044  val_acc=58.68%  time=36.3s
  [adam    ] epoch 159  loss=0.0075  val_acc=57.63%  time=29.5s
  [adam    ] epoch 160  loss=0.0027  val_acc=57.77%  time=22.7s
  [adam    ] epoch 161  loss=0.0033  val_acc=58.82%  time=32.7s
  [adam    ] epoch 162  loss=0.0055  val_acc=59.29%  time=32.2s
  [adam    ] epoch 163  loss=0.0035  val_acc=60.38%  time=26.4s
  [adam    ] epoch 164  loss=0.0033  val_acc=58.11%  time=36.0s
  [adam    ] epoch 165  loss=0.0033  val_acc=58.72%  time=31.1s
  [adam    ] epoch 166  loss=0.0030  val_acc=59.25%  time=36.6s
  [adam    ] epoch 167  loss=0.0026  val_acc=58.07%  time=21.6s
  [adam    ] epoch 168  loss=0.0032  val_acc=58.76%  time=29.6s
  [adam    ] epoch 169  loss=0.0023  val_acc=57.79%  time=32.9s
  [adam    ] epoch 170  loss=0.0025  val_acc=59.17%  time=29.3s
  [adam    ] epoch 171  loss=0.0025  val_acc=58.73%  time=22.0s
  [adam    ] epoch 172  loss=0.0019  val_acc=58.71%  time=29.4s
  [adam    ] epoch 173  loss=0.0024  val_acc=58.19%  time=29.4s
  [adam    ] epoch 174  loss=0.0011  val_acc=57.34%  time=39.1s
  [adam    ] epoch 175  loss=0.0010  val_acc=58.18%  time=25.3s
  [adam    ] epoch 176  loss=0.0012  val_acc=57.58%  time=29.7s
  [adam    ] epoch 177  loss=0.0019  val_acc=58.07%  time=29.6s
  [adam    ] epoch 178  loss=0.0011  val_acc=58.26%  time=21.9s
  [adam    ] epoch 179  loss=0.0022  val_acc=58.55%  time=29.9s
  [adam    ] epoch 180  loss=0.0020  val_acc=58.93%  time=31.1s
  [adam    ] epoch 181  loss=0.0022  val_acc=58.77%  time=29.5s
  [adam    ] epoch 182  loss=0.0017  val_acc=58.64%  time=21.8s
  [adam    ] epoch 183  loss=0.0012  val_acc=58.58%  time=29.5s
  [adam    ] epoch 184  loss=0.0011  val_acc=58.26%  time=42.3s
  [adam    ] epoch 185  loss=0.0019  val_acc=57.64%  time=29.6s
  [adam    ] epoch 186  loss=0.0008  val_acc=58.49%  time=21.8s
  [adam    ] epoch 187  loss=0.0015  val_acc=58.71%  time=29.7s
  [adam    ] epoch 188  loss=0.0006  val_acc=59.17%  time=29.4s
  [adam    ] epoch 189  loss=0.0011  val_acc=58.96%  time=22.2s
  [adam    ] epoch 190  loss=0.0010  val_acc=59.40%  time=32.1s
  [adam    ] epoch 191  loss=0.0009  val_acc=59.24%  time=33.1s
  [adam    ] epoch 192  loss=0.0013  val_acc=58.93%  time=31.4s
  [adam    ] epoch 193  loss=0.0017  val_acc=58.83%  time=27.9s
  [adam    ] epoch 194  loss=0.0011  val_acc=59.31%  time=33.0s
  [adam    ] epoch 195  loss=0.0006  val_acc=58.41%  time=35.6s
  [adam    ] epoch 196  loss=0.0007  val_acc=59.33%  time=29.9s
  [adam    ] epoch 197  loss=0.0011  val_acc=58.64%  time=22.0s
  [adam    ] epoch 198  loss=0.0009  val_acc=58.76%  time=34.7s
  [adam    ] epoch 199  loss=0.0009  val_acc=58.85%  time=29.6s
  [adam    ] epoch 200  loss=0.0015  val_acc=59.08%  time=29.6s
wandb: uploading artifact run-96hbcee4-adamtraining_curve_table-x6wPaw; updating run metadata
wandb: uploading artifact run-96hbcee4-adamtraining_curve_table-x6wPaw
wandb: uploading output.log; uploading wandb-summary.json; uploading config.yaml
wandb: uploading wandb-summary.json
wandb: uploading history steps 599-600, summary, console lines 199-199
wandb: 
wandb: Run history:
wandb:      adam/batch/grad_norm_raw █▇▅▄▇▅▅▄▅▄▄▄▆▃▃▆▅▄▃▄▃▂▁▃▂▂▄▇▁▂▄▁▁▁▁▁▁▁▁▁
wandb:               adam/batch/loss █▆▅▄▅▃▄▂▂▂▁▂▁▂▂▂▂▁▁▂▁▁▁▁▁▁▁▁▁▂▁▁▁▁▁▁▁▁▁▁
wandb:                 adam/batch/lr ████████▇▇▇▇▇▇▆▆▆▆▆▆▄▄▄▃▃▃▃▃▃▂▂▂▂▁▁▁▁▁▁▁
wandb:             adam/batch/time_s ▁▁▁▁█▁▁▁▁▁▁▁▁▁▁▁▁▁▁▁▁▁▁▁▁▁▁▁▁▁▁▁▁▁▁▁▁▁▁▁
wandb:                       adam/lr ███████▇▇▇▇▇▇▇▆▆▆▆▅▅▅▅▅▅▅▃▃▃▃▃▃▂▂▂▂▁▁▁▁▁
wandb: adam/throughput/samples_per_s ▅█▅▅▅▆▅▆▅▅▅▇▇▅▅▄▃▃▂▃▅▃▃▁▂▂▄▃▂▂▂▂▃▁▁▃▂▃▂▁
wandb:         adam/time/avg_batch_s ▁▂▂▁▂▂▂▂▂▂▂▁▁▂▁▂▃▃▄▃▃▄▃▃▄▅▅█▆▆▆▆▆▆▆▆▆▆█▆
wandb:        adam/time/cumulative_s ▁▁▂▂▂▂▂▂▂▂▃▃▃▃▃▃▄▄▄▄▄▅▅▅▅▅▆▆▆▆▇▇▇▇▇█████
wandb:             adam/time/epoch_s ▂▂▂▂▂▂▂▃▂▂▁▂▂▃▂▂▃▄▄▃▃▃▃▃▆▇▃▄▃▆██▆▇▆▇▆▄▇▆
wandb:           adam/train/accuracy ▁▁▂▃▃▄▄▄▅▅▅▆▆▆▆▇▇▇▇▇▇▇▇█████████████████
wandb:                           +10 ...
wandb: 
wandb: Run summary:
wandb:      adam/batch/grad_norm_raw 0.07767
wandb:               adam/batch/loss 0.00036
wandb:                 adam/batch/lr 0.0
wandb:             adam/batch/time_s 0.04154
wandb:                       adam/lr 0
wandb: adam/throughput/samples_per_s 418.51234
wandb:         adam/time/avg_batch_s 0.21058
wandb:        adam/time/cumulative_s 4082.59982
wandb:             adam/time/epoch_s 29.64309
wandb:           adam/train/accuracy 99.98388
wandb:                           +16 ...
wandb: 
wandb: 🚀 View run adam at: https://wandb.ai/dcll-iiitd/Hybrid-ZFS/runs/96hbcee4
wandb: ⭐️ View project at: https://wandb.ai/dcll-iiitd/Hybrid-ZFS
wandb: Synced 5 W&B file(s), 1 media file(s), 2 artifact file(s) and 0 other file(s)
wandb: Find logs at: ./wandb/run-20260604_052529-96hbcee4/logs

── RMSPROP ──
wandb: setting up run y6sezgyq
wandb: Tracking run with wandb version 0.26.0
wandb: Run data is saved locally in /home/anant/aomml/wandb/run-20260604_063345-y6sezgyq
wandb: Run `wandb offline` to turn off syncing.
wandb: Syncing run rmsprop
wandb: ⭐️ View project at https://wandb.ai/dcll-iiitd/Hybrid-ZFS
wandb: 🚀 View run at https://wandb.ai/dcll-iiitd/Hybrid-ZFS/runs/y6sezgyq
  [rmsprop ] epoch   1  loss=1.7877  val_acc=19.06%  time=12.1s
  [rmsprop ] epoch   2  loss=1.3212  val_acc=22.35%  time=14.6s
  [rmsprop ] epoch   3  loss=1.2060  val_acc=25.45%  time=14.9s
  [rmsprop ] epoch   4  loss=1.1489  val_acc=26.64%  time=12.3s
  [rmsprop ] epoch   5  loss=1.1048  val_acc=25.21%  time=14.6s
  [rmsprop ] epoch   6  loss=1.0748  val_acc=27.57%  time=15.2s
  [rmsprop ] epoch   7  loss=1.0407  val_acc=28.26%  time=13.8s
  [rmsprop ] epoch   8  loss=1.0309  val_acc=27.50%  time=11.8s
  [rmsprop ] epoch   9  loss=1.0461  val_acc=28.83%  time=14.6s
  [rmsprop ] epoch  10  loss=1.0155  val_acc=20.64%  time=13.9s
  [rmsprop ] epoch  11  loss=0.9494  val_acc=29.44%  time=11.8s
  [rmsprop ] epoch  12  loss=0.9366  val_acc=30.64%  time=12.0s
  [rmsprop ] epoch  13  loss=0.9044  val_acc=26.43%  time=14.6s
  [rmsprop ] epoch  14  loss=0.8832  val_acc=33.00%  time=11.0s
  [rmsprop ] epoch  15  loss=0.8937  val_acc=31.50%  time=9.8s
  [rmsprop ] epoch  16  loss=0.8785  val_acc=28.92%  time=14.9s
  [rmsprop ] epoch  17  loss=0.8837  val_acc=32.31%  time=14.9s
  [rmsprop ] epoch  18  loss=0.8522  val_acc=31.40%  time=14.8s
  [rmsprop ] epoch  19  loss=0.8194  val_acc=32.66%  time=12.6s
  [rmsprop ] epoch  20  loss=0.8373  val_acc=32.65%  time=14.8s
  [rmsprop ] epoch  21  loss=0.8466  val_acc=35.20%  time=10.9s
  [rmsprop ] epoch  22  loss=0.8396  val_acc=36.09%  time=10.8s
  [rmsprop ] epoch  23  loss=0.7739  val_acc=20.83%  time=9.3s
  [rmsprop ] epoch  24  loss=0.8160  val_acc=10.00%  time=15.0s
  [rmsprop ] epoch  25  loss=0.7810  val_acc=36.17%  time=14.7s
  [rmsprop ] epoch  26  loss=0.7973  val_acc=32.17%  time=12.7s
  [rmsprop ] epoch  27  loss=0.8293  val_acc=33.42%  time=14.9s
  [rmsprop ] epoch  28  loss=0.8026  val_acc=34.97%  time=15.3s
  [rmsprop ] epoch  29  loss=0.7539  val_acc=37.84%  time=14.9s
  [rmsprop ] epoch  30  loss=0.7509  val_acc=35.42%  time=12.8s
  [rmsprop ] epoch  31  loss=0.7905  val_acc=30.94%  time=15.5s
  [rmsprop ] epoch  32  loss=0.7619  val_acc=35.24%  time=15.5s
  [rmsprop ] epoch  33  loss=0.7371  val_acc=31.01%  time=15.2s
  [rmsprop ] epoch  34  loss=0.7067  val_acc=35.77%  time=12.4s
  [rmsprop ] epoch  35  loss=0.7202  val_acc=29.86%  time=15.7s
  [rmsprop ] epoch  36  loss=0.7376  val_acc=36.69%  time=15.4s
  [rmsprop ] epoch  37  loss=0.6947  val_acc=37.36%  time=15.7s
  [rmsprop ] epoch  38  loss=0.7054  val_acc=21.77%  time=13.0s
  [rmsprop ] epoch  39  loss=0.6879  val_acc=34.61%  time=15.4s
  [rmsprop ] epoch  40  loss=0.6510  val_acc=34.26%  time=15.5s
  [rmsprop ] epoch  41  loss=0.6837  val_acc=38.64%  time=13.1s
  [rmsprop ] epoch  42  loss=0.6632  val_acc=35.63%  time=15.5s
  [rmsprop ] epoch  43  loss=0.7535  val_acc=36.42%  time=15.7s
  [rmsprop ] epoch  44  loss=0.6491  val_acc=37.83%  time=15.3s
  [rmsprop ] epoch  45  loss=0.7638  val_acc=37.24%  time=13.2s
  [rmsprop ] epoch  46  loss=0.7266  val_acc=35.68%  time=15.3s
  [rmsprop ] epoch  47  loss=0.7397  val_acc=35.29%  time=15.6s
  [rmsprop ] epoch  48  loss=0.6444  val_acc=38.67%  time=15.4s
  [rmsprop ] epoch  49  loss=0.6322  val_acc=31.30%  time=12.8s
  [rmsprop ] epoch  50  loss=0.6754  val_acc=39.19%  time=14.2s
  [rmsprop ] epoch  51  loss=0.6560  val_acc=33.82%  time=11.3s
  [rmsprop ] epoch  52  loss=0.6590  val_acc=39.48%  time=12.6s
  [rmsprop ] epoch  53  loss=0.6118  val_acc=36.59%  time=14.9s
  [rmsprop ] epoch  54  loss=0.6796  val_acc=38.10%  time=15.5s
  [rmsprop ] epoch  55  loss=0.6111  val_acc=37.60%  time=15.3s
  [rmsprop ] epoch  56  loss=0.6575  val_acc=38.01%  time=12.8s
  [rmsprop ] epoch  57  loss=0.6157  val_acc=39.08%  time=16.8s
  [rmsprop ] epoch  58  loss=0.6777  val_acc=14.72%  time=17.5s
  [rmsprop ] epoch  59  loss=0.6330  val_acc=37.85%  time=15.6s
  [rmsprop ] epoch  60  loss=0.6361  val_acc=38.88%  time=12.8s
  [rmsprop ] epoch  61  loss=0.6464  val_acc=39.11%  time=15.7s
  [rmsprop ] epoch  62  loss=0.5789  val_acc=37.55%  time=15.4s
  [rmsprop ] epoch  63  loss=0.6154  val_acc=37.71%  time=13.2s
  [rmsprop ] epoch  64  loss=0.6402  val_acc=37.34%  time=16.1s
  [rmsprop ] epoch  65  loss=0.6641  val_acc=30.37%  time=15.2s
  [rmsprop ] epoch  66  loss=0.5942  val_acc=31.71%  time=15.4s
  [rmsprop ] epoch  67  loss=0.6094  val_acc=26.62%  time=12.3s
  [rmsprop ] epoch  68  loss=0.6177  val_acc=38.68%  time=13.9s
  [rmsprop ] epoch  69  loss=0.6159  val_acc=38.65%  time=12.8s
  [rmsprop ] epoch  70  loss=0.6995  val_acc=39.28%  time=14.1s
  [rmsprop ] epoch  71  loss=0.7665  val_acc=35.45%  time=12.0s
  [rmsprop ] epoch  72  loss=0.6017  val_acc=37.71%  time=13.7s
  [rmsprop ] epoch  73  loss=0.6607  val_acc=37.39%  time=14.1s
  [rmsprop ] epoch  74  loss=0.6950  val_acc=37.37%  time=12.0s
  [rmsprop ] epoch  75  loss=0.6789  val_acc=38.59%  time=11.8s
  [rmsprop ] epoch  76  loss=0.6022  val_acc=38.94%  time=13.0s
  [rmsprop ] epoch  77  loss=0.6371  val_acc=11.13%  time=15.5s
  [rmsprop ] epoch  78  loss=0.7415  val_acc=34.39%  time=9.7s
  [rmsprop ] epoch  79  loss=0.8017  val_acc=32.66%  time=12.1s
  [rmsprop ] epoch  80  loss=0.6445  val_acc=10.00%  time=11.2s
  [rmsprop ] epoch  81  loss=0.6273  val_acc=36.06%  time=12.6s
  [rmsprop ] epoch  82  loss=0.6685  val_acc=37.96%  time=11.1s
  [rmsprop ] epoch  83  loss=0.6279  val_acc=36.60%  time=14.1s
  [rmsprop ] epoch  84  loss=0.7952  val_acc=21.75%  time=15.2s
  [rmsprop ] epoch  85  loss=0.6582  val_acc=38.06%  time=14.9s
  [rmsprop ] epoch  86  loss=0.6691  val_acc=39.15%  time=12.7s
  [rmsprop ] epoch  87  loss=0.6578  val_acc=34.37%  time=15.0s
  [rmsprop ] epoch  88  loss=0.6109  val_acc=40.37%  time=15.1s
  [rmsprop ] epoch  89  loss=0.5900  val_acc=40.60%  time=12.6s
  [rmsprop ] epoch  90  loss=0.6048  val_acc=39.76%  time=14.8s
  [rmsprop ] epoch  91  loss=0.5961  val_acc=40.11%  time=12.5s
  [rmsprop ] epoch  92  loss=0.5982  val_acc=39.64%  time=13.5s
  [rmsprop ] epoch  93  loss=0.5726  val_acc=39.88%  time=11.5s
  [rmsprop ] epoch  94  loss=0.5655  val_acc=40.06%  time=13.8s
  [rmsprop ] epoch  95  loss=0.5478  val_acc=39.43%  time=14.0s
  [rmsprop ] epoch  96  loss=0.5336  val_acc=39.76%  time=15.5s
  [rmsprop ] epoch  97  loss=0.5309  val_acc=39.73%  time=12.9s
  [rmsprop ] epoch  98  loss=0.5146  val_acc=40.80%  time=15.1s
  [rmsprop ] epoch  99  loss=0.5043  val_acc=40.35%  time=14.9s
  [rmsprop ] epoch 100  loss=0.4996  val_acc=40.87%  time=14.9s
  [rmsprop ] epoch 101  loss=0.4937  val_acc=40.07%  time=12.2s
  [rmsprop ] epoch 102  loss=0.4931  val_acc=40.25%  time=15.1s
  [rmsprop ] epoch 103  loss=0.4877  val_acc=37.62%  time=14.9s
  [rmsprop ] epoch 104  loss=0.4712  val_acc=39.67%  time=13.5s
  [rmsprop ] epoch 105  loss=0.4744  val_acc=40.61%  time=15.2s
  [rmsprop ] epoch 106  loss=0.4707  val_acc=40.65%  time=14.4s
  [rmsprop ] epoch 107  loss=0.4684  val_acc=40.44%  time=13.2s
  [rmsprop ] epoch 108  loss=0.4617  val_acc=41.45%  time=12.5s
  [rmsprop ] epoch 109  loss=0.4586  val_acc=40.76%  time=14.4s
  [rmsprop ] epoch 110  loss=0.4595  val_acc=40.38%  time=14.9s
  [rmsprop ] epoch 111  loss=0.4542  val_acc=40.47%  time=15.6s
  [rmsprop ] epoch 112  loss=0.4487  val_acc=40.18%  time=12.3s
  [rmsprop ] epoch 113  loss=0.4475  val_acc=40.74%  time=15.0s
  [rmsprop ] epoch 114  loss=0.4454  val_acc=40.95%  time=13.3s
  [rmsprop ] epoch 115  loss=0.4355  val_acc=40.81%  time=9.2s
  [rmsprop ] epoch 116  loss=0.4378  val_acc=40.43%  time=11.3s
  [rmsprop ] epoch 117  loss=0.4341  val_acc=40.32%  time=14.7s
  [rmsprop ] epoch 118  loss=0.4334  val_acc=39.95%  time=14.5s
  [rmsprop ] epoch 119  loss=0.4319  val_acc=40.57%  time=12.3s
  [rmsprop ] epoch 120  loss=0.4211  val_acc=41.58%  time=14.9s
  [rmsprop ] epoch 121  loss=0.4179  val_acc=41.26%  time=14.8s
  [rmsprop ] epoch 122  loss=0.4210  val_acc=40.84%  time=14.8s
  [rmsprop ] epoch 123  loss=0.4226  val_acc=40.81%  time=12.4s
  [rmsprop ] epoch 124  loss=0.4148  val_acc=40.82%  time=15.1s
  [rmsprop ] epoch 125  loss=0.4157  val_acc=41.02%  time=15.5s
  [rmsprop ] epoch 126  loss=0.4090  val_acc=40.90%  time=13.4s
  [rmsprop ] epoch 127  loss=0.4095  val_acc=40.90%  time=15.1s
  [rmsprop ] epoch 128  loss=0.3996  val_acc=40.63%  time=15.5s
  [rmsprop ] epoch 129  loss=0.4006  val_acc=40.72%  time=15.2s
  [rmsprop ] epoch 130  loss=0.4057  val_acc=41.05%  time=13.3s
  [rmsprop ] epoch 131  loss=0.3929  val_acc=39.67%  time=15.5s
  [rmsprop ] epoch 132  loss=0.3923  val_acc=41.35%  time=15.4s
  [rmsprop ] epoch 133  loss=0.3755  val_acc=40.92%  time=15.6s
  [rmsprop ] epoch 134  loss=0.3877  val_acc=40.65%  time=12.6s
  [rmsprop ] epoch 135  loss=0.3817  val_acc=41.33%  time=11.3s
  [rmsprop ] epoch 136  loss=0.3799  val_acc=41.68%  time=15.1s
  [rmsprop ] epoch 137  loss=0.3781  val_acc=41.21%  time=11.2s
  [rmsprop ] epoch 138  loss=0.3783  val_acc=41.53%  time=12.8s
  [rmsprop ] epoch 139  loss=0.3746  val_acc=41.57%  time=13.1s
  [rmsprop ] epoch 140  loss=0.3730  val_acc=41.81%  time=15.5s
  [rmsprop ] epoch 141  loss=0.3627  val_acc=41.59%  time=10.9s
  [rmsprop ] epoch 142  loss=0.3648  val_acc=41.39%  time=13.5s
  [rmsprop ] epoch 143  loss=0.3601  val_acc=41.03%  time=15.4s
  [rmsprop ] epoch 144  loss=0.3626  val_acc=41.57%  time=15.4s
  [rmsprop ] epoch 145  loss=0.3544  val_acc=40.83%  time=12.8s
  [rmsprop ] epoch 146  loss=0.3572  val_acc=41.31%  time=15.4s
  [rmsprop ] epoch 147  loss=0.3526  val_acc=41.02%  time=15.3s
  [rmsprop ] epoch 148  loss=0.3472  val_acc=41.87%  time=14.4s
  [rmsprop ] epoch 149  loss=0.3442  val_acc=40.95%  time=11.6s
  [rmsprop ] epoch 150  loss=0.3433  val_acc=41.21%  time=15.4s
  [rmsprop ] epoch 151  loss=0.3330  val_acc=41.56%  time=15.1s
  [rmsprop ] epoch 152  loss=0.3382  val_acc=41.24%  time=12.8s
  [rmsprop ] epoch 153  loss=0.3296  val_acc=41.71%  time=15.1s
  [rmsprop ] epoch 154  loss=0.3312  val_acc=41.16%  time=11.4s
  [rmsprop ] epoch 155  loss=0.3286  val_acc=41.51%  time=15.0s
  [rmsprop ] epoch 156  loss=0.3256  val_acc=41.46%  time=10.7s
  [rmsprop ] epoch 157  loss=0.3277  val_acc=41.54%  time=11.8s
  [rmsprop ] epoch 158  loss=0.3172  val_acc=41.65%  time=12.0s
  [rmsprop ] epoch 159  loss=0.3144  val_acc=41.34%  time=15.4s
  [rmsprop ] epoch 160  loss=0.3075  val_acc=41.86%  time=13.0s
  [rmsprop ] epoch 161  loss=0.3097  val_acc=41.54%  time=15.1s
  [rmsprop ] epoch 162  loss=0.3068  val_acc=41.32%  time=14.8s
  [rmsprop ] epoch 163  loss=0.2973  val_acc=41.91%  time=13.0s
  [rmsprop ] epoch 164  loss=0.2994  val_acc=41.80%  time=15.6s
  [rmsprop ] epoch 165  loss=0.2968  val_acc=41.70%  time=15.5s
  [rmsprop ] epoch 166  loss=0.2901  val_acc=41.55%  time=15.3s
  [rmsprop ] epoch 167  loss=0.2902  val_acc=41.60%  time=12.4s
  [rmsprop ] epoch 168  loss=0.2877  val_acc=41.35%  time=15.3s
  [rmsprop ] epoch 169  loss=0.2894  val_acc=41.49%  time=15.3s
  [rmsprop ] epoch 170  loss=0.2852  val_acc=41.96%  time=15.3s
  [rmsprop ] epoch 171  loss=0.2824  val_acc=41.74%  time=12.7s
  [rmsprop ] epoch 172  loss=0.2823  val_acc=41.46%  time=15.5s
  [rmsprop ] epoch 173  loss=0.2791  val_acc=41.80%  time=15.0s
  [rmsprop ] epoch 174  loss=0.2742  val_acc=41.89%  time=15.2s
  [rmsprop ] epoch 175  loss=0.2714  val_acc=41.65%  time=13.0s
  [rmsprop ] epoch 176  loss=0.2704  val_acc=41.94%  time=15.3s
  [rmsprop ] epoch 177  loss=0.2695  val_acc=42.01%  time=14.8s
  [rmsprop ] epoch 178  loss=0.2694  val_acc=41.98%  time=12.7s
  [rmsprop ] epoch 179  loss=0.2676  val_acc=41.91%  time=21.0s
  [rmsprop ] epoch 180  loss=0.2681  val_acc=41.66%  time=29.6s
  [rmsprop ] epoch 181  loss=0.2694  val_acc=41.87%  time=25.1s
  [rmsprop ] epoch 182  loss=0.2655  val_acc=41.90%  time=18.8s
  [rmsprop ] epoch 183  loss=0.2653  val_acc=41.88%  time=29.6s
  [rmsprop ] epoch 184  loss=0.2626  val_acc=41.86%  time=41.8s
  [rmsprop ] epoch 185  loss=0.2602  val_acc=41.74%  time=42.2s
  [rmsprop ] epoch 186  loss=0.2623  val_acc=41.79%  time=23.8s
  [rmsprop ] epoch 187  loss=0.2614  val_acc=41.88%  time=42.2s
  [rmsprop ] epoch 188  loss=0.2583  val_acc=42.05%  time=30.7s
  [rmsprop ] epoch 189  loss=0.2590  val_acc=41.68%  time=19.1s
  [rmsprop ] epoch 190  loss=0.2627  val_acc=41.56%  time=42.0s
  [rmsprop ] epoch 191  loss=0.2595  val_acc=41.89%  time=29.0s
  [rmsprop ] epoch 192  loss=0.2584  val_acc=41.80%  time=25.4s
  [rmsprop ] epoch 193  loss=0.2575  val_acc=41.75%  time=19.1s
  [rmsprop ] epoch 194  loss=0.2580  val_acc=42.07%  time=41.0s
  [rmsprop ] epoch 195  loss=0.2561  val_acc=41.80%  time=25.4s
  [rmsprop ] epoch 196  loss=0.2574  val_acc=42.03%  time=32.1s
  [rmsprop ] epoch 197  loss=0.2562  val_acc=41.77%  time=19.2s
  [rmsprop ] epoch 198  loss=0.2559  val_acc=41.82%  time=25.2s
  [rmsprop ] epoch 199  loss=0.2586  val_acc=41.80%  time=42.2s
  [rmsprop ] epoch 200  loss=0.2578  val_acc=41.77%  time=29.4s
wandb: uploading artifact run-y6sezgyq-rmsproptraining_curve_table-EQFjug; updating run metadata
wandb: uploading artifact run-y6sezgyq-rmsproptraining_curve_table-EQFjug; uploading history steps 599-600, summary, console lines 199-199
wandb: uploading artifact run-y6sezgyq-rmsproptraining_curve_table-EQFjug
wandb: uploading artifact run-y6sezgyq-rmsproptraining_curve_table-EQFjug; uploading media/table/rmsprop/training_curve_table_600_401ac660f00cc21560c8.table.json; uploading output.log; uploading wandb-summary.json; uploading config.yaml
wandb: uploading artifact run-y6sezgyq-rmsproptraining_curve_table-EQFjug; uploading output.log; uploading wandb-summary.json; uploading config.yaml
wandb: uploading artifact run-y6sezgyq-rmsproptraining_curve_table-EQFjug; uploading wandb-summary.json
wandb: uploading wandb-summary.json
wandb: uploading data
wandb: 
wandb: Run history:
wandb:                            epoch ▁▁▁▁▂▂▂▂▃▃▃▃▃▃▃▄▄▄▄▄▄▄▄▅▅▅▅▅▅▅▆▆▆▆▆▇▇▇▇█
wandb:                      global_step ▁▁▁▁▂▂▂▂▃▃▃▃▃▃▃▃▃▄▄▄▄▄▅▅▅▅▅▅▅▅▆▆▆▇▇▇▇███
wandb:      rmsprop/batch/grad_norm_raw ▃▂▁▁▁▂▃▃▂▁▅▂▄▅▅▁▄▂▃▃▂▂▃▅▅▆▆▄▂▂▆▅██▅▃▁▃▃▂
wandb:               rmsprop/batch/loss █▅▄▄▄▃▅▃▅▄▃▂▃▃▃▃▃▂▂▂▂▂▂▂▂▂▂▂▂▁▂▁▂▁▁▁▁▁▁▁
wandb:                 rmsprop/batch/lr ███████▇▇▇▇▆▆▆▆▆▅▄▄▄▃▃▃▃▃▂▂▂▂▂▂▂▁▁▁▁▁▁▁▁
wandb:             rmsprop/batch/time_s ▁▁▁▁▁▁▁▁▁▁▁▁▁▁▁▁▁▁▁▁▁▁▁▁▁▁██▁▁▁▁▁▁▁▁▁▁▁▁
wandb:                       rmsprop/lr ███████▇▇▇▇▇▇▇▆▆▆▅▅▅▄▃▃▃▃▃▂▂▂▂▁▁▁▁▁▁▁▁▁▁
wandb: rmsprop/throughput/samples_per_s ▅▅█▅▆▅▅▅▅▅▆▄▆▅▆▅▅▆▆▆▅▅▅▅▅▆▅▆▅▆▇▆▅▅▅▂▄▂▁▂
wandb:         rmsprop/time/avg_batch_s ▂▂▁▂▂▂▂▂▁▂▂▂▂▂▂▁▂▁▂▂▂▂▁▂▂▂▂▂▂▁▁▂▂▂▂▂▁▄█▅
wandb:        rmsprop/time/cumulative_s ▁▁▁▁▂▂▂▂▂▂▂▂▃▃▃▃▄▄▄▄▄▄▄▄▄▅▅▅▅▅▆▆▆▆▆▇████
wandb:                              +10 ...
wandb: 
wandb: Run summary:
wandb:                best_val_acc 42.07
wandb:                       epoch 200
wandb:            final_train_loss 0.25776
wandb:               final_val_acc 41.77
wandb:                 global_step 19353
wandb: rmsprop/batch/grad_norm_raw 9.4388
wandb:          rmsprop/batch/loss 0.22267
wandb:            rmsprop/batch/lr 0.0
wandb:        rmsprop/batch/time_s 0.04735
wandb:                  rmsprop/lr 0
wandb:                         +16 ...
wandb: 
wandb: 🚀 View run rmsprop at: https://wandb.ai/dcll-iiitd/Hybrid-ZFS/runs/y6sezgyq
wandb: ⭐️ View project at: https://wandb.ai/dcll-iiitd/Hybrid-ZFS
wandb: Synced 5 W&B file(s), 1 media file(s), 2 artifact file(s) and 0 other file(s)
wandb: Find logs at: ./wandb/run-20260604_063345-y6sezgyq/logs
wandb: WARNING Using a boolean value for 'reinit' is deprecated. Use 'return_previous' or 'finish_previous' instead.
wandb: setting up run a1cnghfq
wandb: Tracking run with wandb version 0.26.0
wandb: Run data is saved locally in /home/anant/aomml/wandb/run-20260604_072611-a1cnghfq
wandb: Run `wandb offline` to turn off syncing.
wandb: Syncing run optimizer_comparison_summary
wandb: ⭐️ View project at https://wandb.ai/dcll-iiitd/Hybrid-ZFS
wandb: 🚀 View run at https://wandb.ai/dcll-iiitd/Hybrid-ZFS/runs/a1cnghfq
wandb: updating run metadata; uploading artifact run-a1cnghfq-comparisonoptimizer_table-mFaFRQ; uploading artifact run-a1cnghfq-comparisontrain_loss_curves-gBTIqQ; uploading artifact run-a1cnghfq-comparisonval_acc_curves-vTQCow; uploading summary (+ 2 more)
wandb: uploading artifact run-a1cnghfq-comparisonoptimizer_table-mFaFRQ; uploading artifact run-a1cnghfq-comparisontrain_loss_curves-gBTIqQ; uploading artifact run-a1cnghfq-comparisonval_acc_curves-vTQCow; uploading artifact run-a1cnghfq-comparisonfinal_val_acc_bar_table-5ZHkiw; uploading artifact run-a1cnghfq-comparisontotal_time_bar_table-Po_35A
wandb: uploading artifact run-a1cnghfq-comparisonoptimizer_table-mFaFRQ; uploading artifact run-a1cnghfq-comparisontrain_loss_curves-gBTIqQ; uploading artifact run-a1cnghfq-comparisonval_acc_curves-vTQCow; uploading artifact run-a1cnghfq-comparisonfinal_val_acc_bar_table-5ZHkiw; uploading artifact run-a1cnghfq-comparisontotal_time_bar_table-Po_35A (+ 9 more)
wandb: uploading artifact run-a1cnghfq-comparisonoptimizer_table-mFaFRQ; uploading artifact run-a1cnghfq-comparisontrain_loss_curves-gBTIqQ; uploading artifact run-a1cnghfq-comparisonval_acc_curves-vTQCow; uploading artifact run-a1cnghfq-comparisonfinal_val_acc_bar_table-5ZHkiw; uploading artifact run-a1cnghfq-comparisontotal_time_bar_table-Po_35A (+ 8 more)
wandb: uploading artifact run-a1cnghfq-comparisonoptimizer_table-mFaFRQ; uploading artifact run-a1cnghfq-comparisontrain_loss_curves-gBTIqQ; uploading artifact run-a1cnghfq-comparisonval_acc_curves-vTQCow; uploading artifact run-a1cnghfq-comparisonfinal_val_acc_bar_table-5ZHkiw; uploading artifact run-a1cnghfq-comparisontotal_time_bar_table-Po_35A
wandb: uploading artifact run-a1cnghfq-comparisonoptimizer_table-mFaFRQ; uploading artifact run-a1cnghfq-comparisontrain_loss_curves-gBTIqQ; uploading artifact run-a1cnghfq-comparisonval_acc_curves-vTQCow; uploading artifact run-a1cnghfq-comparisontotal_time_bar_table-Po_35A
wandb: uploading history steps 0-1, summary
wandb: 🚀 View run optimizer_comparison_summary at: https://wandb.ai/dcll-iiitd/Hybrid-ZFS/runs/a1cnghfq
wandb: ⭐️ View project at: https://wandb.ai/dcll-iiitd/Hybrid-ZFS
wandb: Synced 4 W&B file(s), 5 media file(s), 10 artifact file(s) and 0 other file(s)
wandb: Find logs at: ./wandb/run-20260604_072611-a1cnghfq/logs
Saved: comparison.png

============================================================
  hybrid    : val_acc=61.98%  time=4592s
  sgd       : val_acc=16.28%  time=2710s
  adam      : val_acc=59.08%  time=4083s
  rmsprop   : val_acc=41.77%  time=3132s

============================================================
  Ablation Studies
============================================================

── Ablation: Hybrid (full) ──
wandb: setting up run xastu65s
wandb: Tracking run with wandb version 0.26.0
wandb: Run data is saved locally in /home/anant/aomml/wandb/run-20260604_072623-xastu65s
wandb: Run `wandb offline` to turn off syncing.
wandb: Syncing run ablation_Hybrid_(full)
wandb: ⭐️ View project at https://wandb.ai/dcll-iiitd/Hybrid-ZFS
wandb: 🚀 View run at https://wandb.ai/dcll-iiitd/Hybrid-ZFS/runs/xastu65s
sys:1: UserWarning: Full backward hook is firing when gradients are computed with respect to module outputs since no inputs require gradients. See https://docs.pytorch.org/docs/main/generated/torch.nn.Module.html#torch.nn.Module.register_full_backward_hook for more details.
  Epoch   1: val_acc=23.99%
  Epoch   2: val_acc=29.08%
  Epoch   3: val_acc=28.90%
  Epoch   4: val_acc=35.83%
  Epoch   5: val_acc=30.87%
  Epoch   6: val_acc=37.61%
  Epoch   7: val_acc=40.69%
  Epoch   8: val_acc=40.40%
  Epoch   9: val_acc=45.52%
  Epoch  10: val_acc=47.80%
  Epoch  11: val_acc=49.12%
  Epoch  12: val_acc=48.78%
  Epoch  13: val_acc=52.10%
  Epoch  14: val_acc=51.94%
  Epoch  15: val_acc=54.25%
  Epoch  16: val_acc=54.53%
  Epoch  17: val_acc=54.55%
  Epoch  18: val_acc=54.71%
  Epoch  19: val_acc=56.75%
  Epoch  20: val_acc=56.72%
wandb: updating run metadata
wandb: uploading output.log; uploading wandb-summary.json; uploading config.yaml
wandb: uploading wandb-summary.json; uploading config.yaml
wandb: uploading history steps 58-59, summary, console lines 20-20
wandb: 
wandb: Run history:
wandb:   Hybrid (full)/batch/grad_norm_raw █▁▁▁▁▁▁▁▁▁▁▁▁▁▁▁▁▁▁▁▁▁▁▁▁▁▁▁▁▁▁▁▁▁▁▁▁▁▁▁
wandb:       Hybrid (full)/batch/kfac_step ▁▁▁▁▁▁▁▁▁▁▁▁▁▁██▁▁▁▁▁▁▁▁▁▁▁▁▁▁▁▁▁▁██▁▁▁▁
wandb:            Hybrid (full)/batch/loss █▄▄▃▃▃▂▂▃▃▃▂▂▂▂▂▂▂▂▂▂▂▂▂▂▁▁▂▁▁▁▁▁▁▁▁▁▁▁▁
wandb:              Hybrid (full)/batch/lr ████████▇▇▇▇▇▇▆▆▆▆▅▅▄▄▄▄▃▃▃▃▂▂▂▂▂▂▁▁▁▁▁▁
wandb:        Hybrid (full)/batch/opt_step ▁▁▁▂▂▂▂▂▂▃▃▃▃▃▄▄▄▄▄▄▅▅▅▅▅▅▆▆▆▆▆▇▇▇▇▇▇███
wandb:          Hybrid (full)/batch/time_s ▁▁▁▁▁▁▁▁▂▁▁▁▁▁█▆▁▁▁▁▁▁▁▁▁▁▁▁▁▁▁▁▁▁▆▇▁▁▁▁
wandb:         Hybrid (full)/batch/zo_step ▁▁▁▁▁▁▁▁▁▁▁▁▁▁█▁▁▁▁▁▁▁▁▁▁▁▁▁▁▁▁▁▁▁▁█▁▁▁▁
wandb: ablation/Hybrid (full)/epoch_time_s ▂▄▄▁▄▄▂▃▅█▁▆▅▂▆▄▂▄▅▄
wandb:   ablation/Hybrid (full)/train_loss █▆▅▅▄▄▄▃▃▃▃▂▂▂▂▁▁▁▁▁
wandb: ablation/Hybrid (full)/val_accuracy ▁▂▂▄▂▄▅▅▆▆▆▆▇▇▇█████
wandb:                                  +3 ...
wandb: 
wandb: Run summary:
wandb:   Hybrid (full)/batch/grad_norm_raw 3.62486
wandb:       Hybrid (full)/batch/kfac_step 0
wandb:            Hybrid (full)/batch/loss 0.25961
wandb:              Hybrid (full)/batch/lr 1e-05
wandb:        Hybrid (full)/batch/opt_step 1894
wandb:          Hybrid (full)/batch/time_s 0.0787
wandb:         Hybrid (full)/batch/zo_step 0
wandb: ablation/Hybrid (full)/epoch_time_s 14.84863
wandb:   ablation/Hybrid (full)/train_loss 0.23752
wandb: ablation/Hybrid (full)/val_accuracy 56.72
wandb:                                  +5 ...
wandb: 
wandb: 🚀 View run ablation_Hybrid_(full) at: https://wandb.ai/dcll-iiitd/Hybrid-ZFS/runs/xastu65s
wandb: ⭐️ View project at: https://wandb.ai/dcll-iiitd/Hybrid-ZFS
wandb: Synced 5 W&B file(s), 0 media file(s), 0 artifact file(s) and 0 other file(s)
wandb: Find logs at: ./wandb/run-20260604_072623-xastu65s/logs

── Ablation: Hybrid – no K-FAC ──
wandb: setting up run bbqnc7zz
wandb: Tracking run with wandb version 0.26.0
wandb: Run data is saved locally in /home/anant/aomml/wandb/run-20260604_073124-bbqnc7zz
wandb: Run `wandb offline` to turn off syncing.
wandb: Syncing run ablation_Hybrid_no_no_K-FAC
wandb: ⭐️ View project at https://wandb.ai/dcll-iiitd/Hybrid-ZFS
wandb: 🚀 View run at https://wandb.ai/dcll-iiitd/Hybrid-ZFS/runs/bbqnc7zz
sys:1: UserWarning: Full backward hook is firing when gradients are computed with respect to module outputs since no inputs require gradients. See https://docs.pytorch.org/docs/main/generated/torch.nn.Module.html#torch.nn.Module.register_full_backward_hook for more details.
  Epoch   1: val_acc=20.56%
  Epoch   2: val_acc=22.72%
  Epoch   3: val_acc=25.54%
  Epoch   4: val_acc=23.25%
  Epoch   5: val_acc=28.64%
  Epoch   6: val_acc=27.85%
  Epoch   7: val_acc=29.71%
  Epoch   8: val_acc=28.11%
  Epoch   9: val_acc=33.27%
  Epoch  10: val_acc=34.40%
  Epoch  11: val_acc=32.94%
  Epoch  12: val_acc=36.92%
  Epoch  13: val_acc=36.45%
  Epoch  14: val_acc=36.70%
  Epoch  15: val_acc=41.00%
  Epoch  16: val_acc=44.81%
  Epoch  17: val_acc=43.12%
  Epoch  18: val_acc=44.84%
  Epoch  19: val_acc=44.97%
  Epoch  20: val_acc=45.67%
wandb: updating run metadata
wandb: uploading output.log; uploading wandb-summary.json; uploading config.yaml
wandb: uploading history steps 59-59, summary, console lines 20-20
wandb: 
wandb: Run history:
wandb:   Hybrid – no K-FAC/batch/grad_norm_raw █▁▁▁▁▁▁▁▁▁▁▁▁▁▁▁▁▁▁▁▁▁▁▁▁▁▁▁▁▁▁▁▁▁▁▁▁▁▁▁
wandb:       Hybrid – no K-FAC/batch/kfac_step ▁▁▁▁▁▁▁▁▁▁▁▁▁▁██▁▁▁▁▁▁▁▁▁▁▁▁▁▁▁▁▁▁██▁▁▁▁
wandb:            Hybrid – no K-FAC/batch/loss █▄▄▄▄▃▃▃▄▃▃▃▄▃▃▃▂▂▃▃▂▃▃▂▂▂▂▂▂▂▂▂▂▂▂▁▂▂▁▂
wandb:              Hybrid – no K-FAC/batch/lr ████████▇▇▇▇▇▇▆▆▆▆▅▅▄▄▄▄▃▃▃▃▂▂▂▂▂▂▁▁▁▁▁▁
wandb:        Hybrid – no K-FAC/batch/opt_step ▁▁▁▂▂▂▂▂▂▃▃▃▃▃▄▄▄▄▄▄▅▅▅▅▅▅▆▆▆▆▆▇▇▇▇▇▇███
wandb:          Hybrid – no K-FAC/batch/time_s ▂▂▂▁▂▁▂▂▂▂▂▁▂▁██▂▂▂▂▂▁▂▁▂▁▁▁▂▁▁▁▂▁▇█▂▁▂▁
wandb:         Hybrid – no K-FAC/batch/zo_step ▁▁▁▁▁▁▁▁▁▁▁▁▁▁█▁▁▁▁▁▁▁▁▁▁▁▁▁▁▁▁▁▁▁▁█▁▁▁▁
wandb: ablation/Hybrid – no K-FAC/epoch_time_s ▅▆▆▅▆▆▅█▇█▇▃▄▂▂▁▆▆▄█
wandb:   ablation/Hybrid – no K-FAC/train_loss █▆▆▅▄▄▄▄▃▃▃▃▂▂▂▂▁▁▁▁
wandb: ablation/Hybrid – no K-FAC/val_accuracy ▁▂▂▂▃▃▄▃▅▅▄▆▅▅▇█▇███
wandb:                                      +3 ...
wandb: 
wandb: Run summary:
wandb:   Hybrid – no K-FAC/batch/grad_norm_raw 2.12646
wandb:       Hybrid – no K-FAC/batch/kfac_step 0
wandb:            Hybrid – no K-FAC/batch/loss 0.45475
wandb:              Hybrid – no K-FAC/batch/lr 1e-05
wandb:        Hybrid – no K-FAC/batch/opt_step 1894
wandb:          Hybrid – no K-FAC/batch/time_s 0.08805
wandb:         Hybrid – no K-FAC/batch/zo_step 0
wandb: ablation/Hybrid – no K-FAC/epoch_time_s 15.48163
wandb:   ablation/Hybrid – no K-FAC/train_loss 0.43874
wandb: ablation/Hybrid – no K-FAC/val_accuracy 45.67
wandb:                                      +5 ...
wandb: 
wandb: 🚀 View run ablation_Hybrid_no_no_K-FAC at: https://wandb.ai/dcll-iiitd/Hybrid-ZFS/runs/bbqnc7zz
wandb: ⭐️ View project at: https://wandb.ai/dcll-iiitd/Hybrid-ZFS
wandb: Synced 5 W&B file(s), 0 media file(s), 0 artifact file(s) and 0 other file(s)
wandb: Find logs at: ./wandb/run-20260604_073124-bbqnc7zz/logs

── Ablation: Hybrid – no ZO ──
wandb: setting up run ntcuhl3g
wandb: Tracking run with wandb version 0.26.0
wandb: Run data is saved locally in /home/anant/aomml/wandb/run-20260604_073617-ntcuhl3g
wandb: Run `wandb offline` to turn off syncing.
wandb: Syncing run ablation_Hybrid_no_no_ZO
wandb: ⭐️ View project at https://wandb.ai/dcll-iiitd/Hybrid-ZFS
wandb: 🚀 View run at https://wandb.ai/dcll-iiitd/Hybrid-ZFS/runs/ntcuhl3g
sys:1: UserWarning: Full backward hook is firing when gradients are computed with respect to module outputs since no inputs require gradients. See https://docs.pytorch.org/docs/main/generated/torch.nn.Module.html#torch.nn.Module.register_full_backward_hook for more details.
  Epoch   1: val_acc=23.45%
  Epoch   2: val_acc=26.70%
  Epoch   3: val_acc=28.35%
  Epoch   4: val_acc=29.86%
  Epoch   5: val_acc=34.52%
  Epoch   6: val_acc=31.91%
  Epoch   7: val_acc=34.63%
  Epoch   8: val_acc=37.95%
  Epoch   9: val_acc=42.70%
  Epoch  10: val_acc=42.60%
  Epoch  11: val_acc=46.67%
  Epoch  12: val_acc=44.76%
  Epoch  13: val_acc=48.92%
  Epoch  14: val_acc=51.16%
  Epoch  15: val_acc=51.05%
  Epoch  16: val_acc=53.68%
  Epoch  17: val_acc=54.64%
  Epoch  18: val_acc=54.55%
  Epoch  19: val_acc=55.40%
  Epoch  20: val_acc=55.60%
wandb: updating run metadata
wandb: uploading output.log; uploading wandb-summary.json; uploading config.yaml
wandb: uploading history steps 58-59, summary, console lines 20-20
wandb: 
wandb: Run history:
wandb:   Hybrid – no ZO/batch/grad_norm_raw █▁▁▁▁▁▁▁▁▁▁▁▁▁▁▁▁▁▁▁▁▁▁▁▁▁▁▁▁▁▁▁▁▁▁▁▁▁▁▁
wandb:       Hybrid – no ZO/batch/kfac_step ▁▁▁▁▁▁▁▁▁▁▁▁▁▁██▁▁▁▁▁▁▁▁▁▁▁▁▁▁▁▁▁▁██▁▁▁▁
wandb:            Hybrid – no ZO/batch/loss █▅▄▃▄▃▃▃▃▃▃▃▃▂▃▂▂▃▃▂▂▂▂▂▂▂▁▂▁▂▂▂▂▁▁▂▁▁▁▁
wandb:              Hybrid – no ZO/batch/lr ████████▇▇▇▇▇▇▆▆▆▆▅▅▄▄▄▄▃▃▃▃▂▂▂▂▂▂▁▁▁▁▁▁
wandb:        Hybrid – no ZO/batch/opt_step ▁▁▁▂▂▂▂▂▂▃▃▃▃▃▄▄▄▄▄▄▅▅▅▅▅▅▆▆▆▆▆▇▇▇▇▇▇███
wandb:          Hybrid – no ZO/batch/time_s ▁▁▂▁▂▁▂▁▂▁▁▁▁▁█▇▁▁▁▁▂▁▁▁▁▁▄▁▁▁▁▁▁▁▇▇▁▁▁▁
wandb:         Hybrid – no ZO/batch/zo_step ▁▁▁▁▁▁▁▁▁▁▁▁▁▁█▁▁▁▁▁▁▁▁▁▁▁▁▁▁▁▁▁▁▁▁█▁▁▁▁
wandb: ablation/Hybrid – no ZO/epoch_time_s ▇▆█▇█▅▄▆▆▂▂▄▃▁▄▂▂▄▄▄
wandb:   ablation/Hybrid – no ZO/train_loss █▆▅▅▄▄▄▃▃▃▃▂▂▂▂▁▁▁▁▁
wandb: ablation/Hybrid – no ZO/val_accuracy ▁▂▂▂▃▃▃▄▅▅▆▆▇▇▇█████
wandb:                                   +3 ...
wandb: 
wandb: Run summary:
wandb:   Hybrid – no ZO/batch/grad_norm_raw 2.50206
wandb:       Hybrid – no ZO/batch/kfac_step 0
wandb:            Hybrid – no ZO/batch/loss 0.26436
wandb:              Hybrid – no ZO/batch/lr 1e-05
wandb:        Hybrid – no ZO/batch/opt_step 1894
wandb:          Hybrid – no ZO/batch/time_s 0.07974
wandb:         Hybrid – no ZO/batch/zo_step 0
wandb: ablation/Hybrid – no ZO/epoch_time_s 14.50554
wandb:   ablation/Hybrid – no ZO/train_loss 0.27068
wandb: ablation/Hybrid – no ZO/val_accuracy 55.6
wandb:                                   +5 ...
wandb: 
wandb: 🚀 View run ablation_Hybrid_no_no_ZO at: https://wandb.ai/dcll-iiitd/Hybrid-ZFS/runs/ntcuhl3g
wandb: ⭐️ View project at: https://wandb.ai/dcll-iiitd/Hybrid-ZFS
wandb: Synced 5 W&B file(s), 0 media file(s), 0 artifact file(s) and 0 other file(s)
wandb: Find logs at: ./wandb/run-20260604_073617-ntcuhl3g/logs
Saved: ablation.png
