nohup: ignoring input
Using device: cuda
/home/anant/miniconda3/envs/nemo_env/lib/python3.12/site-packages/torchvision/datasets/cifar.py:83: VisibleDeprecationWarning: dtype(): align should be passed as Python or NumPy boolean but got `align=0`. Did you mean to pass a tuple to create a subarray type? (Deprecated NumPy 2.4)
  entry = pickle.load(f, encoding="latin1")
[*] Generated Long-Tailed CIFAR-10. Total train samples: 12406
============================================================
  Hyperparameter Tuning
============================================================

  Tuning hybrid …
[I 2026-06-04 16:45:48,831] A new study created in memory with name: no-name-733a8dc9-da3a-4856-b25d-3c27eda856b2
/home/anant/aomml/test2_llm2.py:93: UserWarning: enable_nested_tensor is True, but self.use_nested_tensor is False because encoder_layer.norm_first was True
  self.transformer = nn.TransformerEncoder(encoder_layer, num_layers=12)
sys:1: UserWarning: Full backward hook is firing when gradients are computed with respect to module outputs since no inputs require gradients. See https://docs.pytorch.org/docs/main/generated/torch.nn.Module.html#torch.nn.Module.register_full_backward_hook for more details.
[I 2026-06-04 16:46:53,745] Trial 0 finished with value: 22.06 and parameters: {'lr': 0.0002540048033011598, 'weight_decay': 0.0006880941203836499, 'damping': 0.002495840981038358, 'kfac_interval': 5, 'zo_scale': 0.4600638890238219}. Best is trial 0 with value: 22.06.
[I 2026-06-04 16:47:57,183] Trial 1 finished with value: 17.13 and parameters: {'lr': 0.005725105244834796, 'weight_decay': 4.823749861201545e-05, 'damping': 0.0036846218372933244, 'kfac_interval': 5, 'zo_scale': 0.4417976538748422}. Best is trial 0 with value: 22.06.
[I 2026-06-04 16:48:54,893] Trial 2 finished with value: 22.78 and parameters: {'lr': 0.0031522217866819567, 'weight_decay': 0.0014907821324036375, 'damping': 0.003252356651696955, 'kfac_interval': 10, 'zo_scale': 0.47351882876001616}. Best is trial 2 with value: 22.78.
[I 2026-06-04 16:49:32,849] Trial 3 pruned. 
[I 2026-06-04 16:49:51,380] Trial 4 pruned. 
[I 2026-06-04 16:50:11,029] Trial 5 pruned. 
[I 2026-06-04 16:51:12,607] Trial 6 finished with value: 22.89 and parameters: {'lr': 0.0003302235612026998, 'weight_decay': 4.98488620760391e-05, 'damping': 0.0049092091074778655, 'kfac_interval': 5, 'zo_scale': 0.4198854506666708}. Best is trial 6 with value: 22.89.
[I 2026-06-04 16:51:32,633] Trial 7 pruned. 
[I 2026-06-04 16:51:53,717] Trial 8 pruned. 
[I 2026-06-04 16:52:13,046] Trial 9 pruned. 
  Best hybrid: {'lr': 0.0003302235612026998, 'weight_decay': 4.98488620760391e-05, 'damping': 0.0049092091074778655, 'kfac_interval': 5, 'zo_scale': 0.4198854506666708}

  Tuning sgd …
[I 2026-06-04 16:52:13,048] A new study created in memory with name: no-name-6d3cb86a-d339-4e2a-b29b-db295f821dc0
[I 2026-06-04 16:53:19,880] Trial 0 finished with value: 21.34 and parameters: {'lr': 0.005859907145676335, 'weight_decay': 3.4427050121698696e-05}. Best is trial 0 with value: 21.34.
[I 2026-06-04 16:54:25,595] Trial 1 finished with value: 22.5 and parameters: {'lr': 0.004270631264106934, 'weight_decay': 0.001313258174244607}. Best is trial 1 with value: 22.5.
[I 2026-06-04 16:55:30,391] Trial 2 finished with value: 22.42 and parameters: {'lr': 0.007743051557377649, 'weight_decay': 0.0010517031229588091}. Best is trial 1 with value: 22.5.
[I 2026-06-04 16:55:51,877] Trial 3 pruned. 
[I 2026-06-04 16:56:13,915] Trial 4 pruned. 
[I 2026-06-04 16:56:36,388] Trial 5 pruned. 
[I 2026-06-04 16:56:57,982] Trial 6 pruned. 
[I 2026-06-04 16:57:21,018] Trial 7 pruned. 
[I 2026-06-04 16:57:44,052] Trial 8 pruned. 
[I 2026-06-04 16:58:06,899] Trial 9 pruned. 
  Best sgd: {'lr': 0.004270631264106934, 'weight_decay': 0.001313258174244607}

  Tuning adam …
[I 2026-06-04 16:58:06,901] A new study created in memory with name: no-name-10906a21-db5f-487c-93a8-68c051fac214
[I 2026-06-04 16:59:14,402] Trial 0 finished with value: 26.62 and parameters: {'lr': 0.00034579620026310676, 'weight_decay': 1.243544527733605e-05}. Best is trial 0 with value: 26.62.
[I 2026-06-04 17:00:21,643] Trial 1 finished with value: 26.19 and parameters: {'lr': 0.00010668204770335393, 'weight_decay': 0.00046459936306177325}. Best is trial 0 with value: 26.62.
[I 2026-06-04 17:01:28,857] Trial 2 finished with value: 17.68 and parameters: {'lr': 0.0019767939556421905, 'weight_decay': 0.00018129094561238944}. Best is trial 0 with value: 26.62.
[I 2026-06-04 17:01:51,720] Trial 3 pruned. 
[I 2026-06-04 17:02:13,326] Trial 4 pruned. 
[I 2026-06-04 17:02:35,094] Trial 5 pruned. 
[I 2026-06-04 17:02:57,873] Trial 6 pruned. 
[I 2026-06-04 17:03:19,232] Trial 7 pruned. 
[I 2026-06-04 17:04:03,690] Trial 8 pruned. 
[I 2026-06-04 17:04:25,365] Trial 9 pruned. 
  Best adam: {'lr': 0.00034579620026310676, 'weight_decay': 1.243544527733605e-05}

  Tuning rmsprop …
[I 2026-06-04 17:04:25,367] A new study created in memory with name: no-name-cc419d7b-5a1a-4fbc-ad4c-9b630a386d9b
[I 2026-06-04 17:05:30,421] Trial 0 finished with value: 18.21 and parameters: {'lr': 0.0055017355597360654, 'weight_decay': 0.005750252337971681}. Best is trial 0 with value: 18.21.
[I 2026-06-04 17:07:06,425] Trial 1 finished with value: 14.68 and parameters: {'lr': 0.00620937250687534, 'weight_decay': 1.4194795615569254e-05}. Best is trial 0 with value: 18.21.
[I 2026-06-04 17:09:12,678] Trial 2 finished with value: 24.22 and parameters: {'lr': 0.00013815933023366838, 'weight_decay': 0.005269621427326622}. Best is trial 2 with value: 24.22.
[I 2026-06-04 17:10:37,399] Trial 3 pruned. 
[I 2026-06-04 17:12:38,765] Trial 4 finished with value: 16.5 and parameters: {'lr': 0.0006497535654688048, 'weight_decay': 0.00024366524048694652}. Best is trial 2 with value: 24.22.
[I 2026-06-04 17:14:39,638] Trial 5 finished with value: 22.82 and parameters: {'lr': 0.0005376902315484646, 'weight_decay': 0.0001557892219910679}. Best is trial 2 with value: 24.22.
[I 2026-06-04 17:16:00,639] Trial 6 pruned. 
[I 2026-06-04 17:17:22,229] Trial 7 pruned. 
[I 2026-06-04 17:18:03,045] Trial 8 pruned. 
[I 2026-06-04 17:18:45,833] Trial 9 pruned. 
  Best rmsprop: {'lr': 0.00013815933023366838, 'weight_decay': 0.005269621427326622}

============================================================
  Final Training
============================================================

── HYBRID ──
wandb: [wandb.login()] Loaded credentials for https://api.wandb.ai from /home/anant/.netrc.
wandb: Currently logged in as: anant-jain (dcll-iiitd) to https://api.wandb.ai. Use `wandb login --relogin` to force relogin
wandb: setting up run 52eire15
wandb: Tracking run with wandb version 0.26.0
wandb: Run data is saved locally in /home/anant/aomml/wandb/run-20260604_171846-52eire15
wandb: Run `wandb offline` to turn off syncing.
wandb: Syncing run hybrid
wandb: ⭐️ View project at https://wandb.ai/dcll-iiitd/Hybrid-ZFS
wandb: 🚀 View run at https://wandb.ai/dcll-iiitd/Hybrid-ZFS/runs/52eire15
/home/anant/aomml/test2_llm2.py:93: UserWarning: enable_nested_tensor is True, but self.use_nested_tensor is False because encoder_layer.norm_first was True
  self.transformer = nn.TransformerEncoder(encoder_layer, num_layers=12)
sys:1: UserWarning: Full backward hook is firing when gradients are computed with respect to module outputs since no inputs require gradients. See https://docs.pytorch.org/docs/main/generated/torch.nn.Module.html#torch.nn.Module.register_full_backward_hook for more details.
sys:1: UserWarning: Full backward hook is firing when gradients are computed with respect to module outputs since no inputs require gradients. See https://docs.pytorch.org/docs/main/generated/torch.nn.Module.html#torch.nn.Module.register_full_backward_hook for more details.
  [hybrid  ] epoch   1  loss=1.5085  val_acc=18.58%  time=41.8s
  [hybrid  ] epoch   2  loss=1.2803  val_acc=22.64%  time=43.6s
  [hybrid  ] epoch   3  loss=1.1896  val_acc=25.04%  time=42.9s
  [hybrid  ] epoch   4  loss=1.1352  val_acc=23.73%  time=42.5s
  [hybrid  ] epoch   5  loss=1.1056  val_acc=22.76%  time=40.9s
  [hybrid  ] epoch   6  loss=1.0748  val_acc=26.01%  time=41.7s
  [hybrid  ] epoch   7  loss=1.0533  val_acc=24.33%  time=41.5s
  [hybrid  ] epoch   8  loss=1.0351  val_acc=26.82%  time=42.8s
  [hybrid  ] epoch   9  loss=1.0197  val_acc=27.52%  time=44.2s
  [hybrid  ] epoch  10  loss=0.9995  val_acc=28.68%  time=42.4s
  [hybrid  ] epoch  11  loss=0.9983  val_acc=26.98%  time=43.1s
  [hybrid  ] epoch  12  loss=0.9809  val_acc=28.29%  time=43.0s
  [hybrid  ] epoch  13  loss=0.9603  val_acc=30.06%  time=42.2s
  [hybrid  ] epoch  14  loss=0.9499  val_acc=29.33%  time=42.3s
  [hybrid  ] epoch  15  loss=0.9471  val_acc=27.66%  time=43.1s
  [hybrid  ] epoch  16  loss=0.9290  val_acc=30.14%  time=42.6s
  [hybrid  ] epoch  17  loss=0.9210  val_acc=30.57%  time=43.6s
  [hybrid  ] epoch  18  loss=0.9202  val_acc=31.40%  time=41.8s
  [hybrid  ] epoch  19  loss=0.9049  val_acc=32.36%  time=42.2s
  [hybrid  ] epoch  20  loss=0.9062  val_acc=30.85%  time=43.8s
  [hybrid  ] epoch  21  loss=0.8878  val_acc=33.43%  time=41.7s
  [hybrid  ] epoch  22  loss=0.8803  val_acc=32.09%  time=42.1s
  [hybrid  ] epoch  23  loss=0.8839  val_acc=33.20%  time=42.8s
  [hybrid  ] epoch  24  loss=0.8745  val_acc=35.47%  time=43.1s
  [hybrid  ] epoch  25  loss=0.8665  val_acc=31.79%  time=42.2s
  [hybrid  ] epoch  26  loss=0.8566  val_acc=34.37%  time=42.9s
  [hybrid  ] epoch  27  loss=0.8595  val_acc=33.98%  time=42.7s
  [hybrid  ] epoch  28  loss=0.8536  val_acc=33.40%  time=42.3s
  [hybrid  ] epoch  29  loss=0.8439  val_acc=34.13%  time=42.8s
  [hybrid  ] epoch  30  loss=0.8312  val_acc=35.90%  time=42.3s
  [hybrid  ] epoch  31  loss=0.8190  val_acc=34.11%  time=43.0s
  [hybrid  ] epoch  32  loss=0.8244  val_acc=34.84%  time=40.7s
  [hybrid  ] epoch  33  loss=0.8151  val_acc=34.67%  time=42.6s
  [hybrid  ] epoch  34  loss=0.8105  val_acc=36.61%  time=42.4s
  [hybrid  ] epoch  35  loss=0.8054  val_acc=37.29%  time=40.0s
  [hybrid  ] epoch  36  loss=0.7980  val_acc=37.04%  time=42.7s
  [hybrid  ] epoch  37  loss=0.7835  val_acc=37.48%  time=42.0s
  [hybrid  ] epoch  38  loss=0.7827  val_acc=38.40%  time=43.1s
  [hybrid  ] epoch  39  loss=0.7792  val_acc=39.86%  time=43.0s
  [hybrid  ] epoch  40  loss=0.7639  val_acc=38.55%  time=39.5s
  [hybrid  ] epoch  41  loss=0.7587  val_acc=36.19%  time=40.8s
  [hybrid  ] epoch  42  loss=0.7547  val_acc=37.44%  time=40.2s
  [hybrid  ] epoch  43  loss=0.7391  val_acc=38.56%  time=39.1s
  [hybrid  ] epoch  44  loss=0.7455  val_acc=39.46%  time=40.3s
  [hybrid  ] epoch  45  loss=0.7340  val_acc=36.55%  time=40.7s
  [hybrid  ] epoch  46  loss=0.7123  val_acc=38.44%  time=40.8s
  [hybrid  ] epoch  47  loss=0.7162  val_acc=40.71%  time=38.7s
  [hybrid  ] epoch  48  loss=0.7091  val_acc=39.25%  time=27.7s
  [hybrid  ] epoch  49  loss=0.6998  val_acc=35.98%  time=22.6s
  [hybrid  ] epoch  50  loss=0.6941  val_acc=39.16%  time=22.2s
  [hybrid  ] epoch  51  loss=0.6819  val_acc=36.79%  time=22.5s
  [hybrid  ] epoch  52  loss=0.6855  val_acc=39.78%  time=22.7s
  [hybrid  ] epoch  53  loss=0.6814  val_acc=40.02%  time=22.8s
  [hybrid  ] epoch  54  loss=0.6604  val_acc=40.48%  time=22.3s
  [hybrid  ] epoch  55  loss=0.6656  val_acc=38.55%  time=21.7s
  [hybrid  ] epoch  56  loss=0.6715  val_acc=40.86%  time=22.0s
  [hybrid  ] epoch  57  loss=0.6514  val_acc=40.80%  time=21.7s
  [hybrid  ] epoch  58  loss=0.6424  val_acc=38.19%  time=22.4s
  [hybrid  ] epoch  59  loss=0.6426  val_acc=40.12%  time=22.5s
  [hybrid  ] epoch  60  loss=0.6467  val_acc=41.67%  time=22.1s
  [hybrid  ] epoch  61  loss=0.6300  val_acc=42.48%  time=22.2s
  [hybrid  ] epoch  62  loss=0.6265  val_acc=38.82%  time=22.9s
  [hybrid  ] epoch  63  loss=0.6164  val_acc=41.33%  time=21.8s
  [hybrid  ] epoch  64  loss=0.6021  val_acc=41.53%  time=22.9s
  [hybrid  ] epoch  65  loss=0.6099  val_acc=38.67%  time=23.1s
  [hybrid  ] epoch  66  loss=0.6046  val_acc=42.15%  time=21.9s
  [hybrid  ] epoch  67  loss=0.5986  val_acc=40.86%  time=22.4s
  [hybrid  ] epoch  68  loss=0.5841  val_acc=41.16%  time=23.5s
  [hybrid  ] epoch  69  loss=0.5889  val_acc=42.02%  time=22.7s
  [hybrid  ] epoch  70  loss=0.5766  val_acc=41.01%  time=22.7s
  [hybrid  ] epoch  71  loss=0.5631  val_acc=41.00%  time=22.7s
  [hybrid  ] epoch  72  loss=0.5650  val_acc=41.20%  time=22.7s
  [hybrid  ] epoch  73  loss=0.5528  val_acc=41.93%  time=23.2s
  [hybrid  ] epoch  74  loss=0.5430  val_acc=42.22%  time=23.2s
  [hybrid  ] epoch  75  loss=0.5442  val_acc=40.65%  time=23.1s
  [hybrid  ] epoch  76  loss=0.5346  val_acc=39.43%  time=22.6s
  [hybrid  ] epoch  77  loss=0.5296  val_acc=42.09%  time=22.9s
  [hybrid  ] epoch  78  loss=0.5179  val_acc=42.04%  time=22.9s
  [hybrid  ] epoch  79  loss=0.5262  val_acc=41.68%  time=22.7s
  [hybrid  ] epoch  80  loss=0.5098  val_acc=41.41%  time=23.0s
  [hybrid  ] epoch  81  loss=0.4918  val_acc=42.91%  time=22.6s
  [hybrid  ] epoch  82  loss=0.4864  val_acc=43.69%  time=23.0s
  [hybrid  ] epoch  83  loss=0.4844  val_acc=41.99%  time=22.7s
  [hybrid  ] epoch  84  loss=0.4771  val_acc=42.92%  time=22.2s
  [hybrid  ] epoch  85  loss=0.4664  val_acc=41.46%  time=23.1s
  [hybrid  ] epoch  86  loss=0.4734  val_acc=41.48%  time=22.8s
  [hybrid  ] epoch  87  loss=0.4695  val_acc=42.09%  time=22.6s
  [hybrid  ] epoch  88  loss=0.4584  val_acc=40.62%  time=22.9s
  [hybrid  ] epoch  89  loss=0.4475  val_acc=42.56%  time=22.7s
  [hybrid  ] epoch  90  loss=0.4463  val_acc=41.50%  time=22.6s
  [hybrid  ] epoch  91  loss=0.4344  val_acc=41.14%  time=22.2s
  [hybrid  ] epoch  92  loss=0.4254  val_acc=40.70%  time=23.1s
  [hybrid  ] epoch  93  loss=0.4093  val_acc=40.38%  time=23.0s
  [hybrid  ] epoch  94  loss=0.4156  val_acc=42.99%  time=23.2s
  [hybrid  ] epoch  95  loss=0.4184  val_acc=44.76%  time=23.4s
  [hybrid  ] epoch  96  loss=0.4121  val_acc=42.45%  time=22.2s
  [hybrid  ] epoch  97  loss=0.3974  val_acc=41.69%  time=23.7s
  [hybrid  ] epoch  98  loss=0.3977  val_acc=42.07%  time=22.0s
  [hybrid  ] epoch  99  loss=0.3860  val_acc=41.41%  time=22.7s
  [hybrid  ] epoch 100  loss=0.3828  val_acc=41.45%  time=22.8s
  [hybrid  ] epoch 101  loss=0.3830  val_acc=42.51%  time=22.1s
  [hybrid  ] epoch 102  loss=0.3885  val_acc=41.72%  time=22.7s
  [hybrid  ] epoch 103  loss=0.3670  val_acc=43.55%  time=23.2s
  [hybrid  ] epoch 104  loss=0.3670  val_acc=41.19%  time=22.5s
  [hybrid  ] epoch 105  loss=0.3612  val_acc=42.74%  time=21.9s
  [hybrid  ] epoch 106  loss=0.3588  val_acc=43.91%  time=22.4s
  [hybrid  ] epoch 107  loss=0.3535  val_acc=42.15%  time=22.3s
  [hybrid  ] epoch 108  loss=0.3529  val_acc=42.05%  time=24.0s
  [hybrid  ] epoch 109  loss=0.3401  val_acc=41.07%  time=23.4s
  [hybrid  ] epoch 110  loss=0.3376  val_acc=42.43%  time=22.3s
  [hybrid  ] epoch 111  loss=0.3356  val_acc=41.96%  time=21.9s
  [hybrid  ] epoch 112  loss=0.3212  val_acc=42.18%  time=22.5s
  [hybrid  ] epoch 113  loss=0.3191  val_acc=41.46%  time=22.9s
  [hybrid  ] epoch 114  loss=0.3061  val_acc=41.73%  time=22.8s
  [hybrid  ] epoch 115  loss=0.3007  val_acc=42.26%  time=22.9s
  [hybrid  ] epoch 116  loss=0.3017  val_acc=42.81%  time=22.1s
  [hybrid  ] epoch 117  loss=0.3012  val_acc=41.74%  time=22.7s
  [hybrid  ] epoch 118  loss=0.2894  val_acc=40.89%  time=23.0s
  [hybrid  ] epoch 119  loss=0.2862  val_acc=41.38%  time=22.7s
  [hybrid  ] epoch 120  loss=0.2740  val_acc=42.22%  time=23.3s
  [hybrid  ] epoch 121  loss=0.2749  val_acc=42.69%  time=21.3s
  [hybrid  ] epoch 122  loss=0.2637  val_acc=42.04%  time=22.4s
  [hybrid  ] epoch 123  loss=0.2663  val_acc=41.31%  time=22.6s
  [hybrid  ] epoch 124  loss=0.2488  val_acc=41.69%  time=22.6s
  [hybrid  ] epoch 125  loss=0.2497  val_acc=41.77%  time=23.4s
  [hybrid  ] epoch 126  loss=0.2509  val_acc=41.89%  time=22.6s
  [hybrid  ] epoch 127  loss=0.2489  val_acc=41.46%  time=22.0s
  [hybrid  ] epoch 128  loss=0.2425  val_acc=42.22%  time=22.9s
  [hybrid  ] epoch 129  loss=0.2428  val_acc=41.48%  time=22.3s
  [hybrid  ] epoch 130  loss=0.2330  val_acc=41.89%  time=22.7s
  [hybrid  ] epoch 131  loss=0.2409  val_acc=41.11%  time=22.6s
  [hybrid  ] epoch 132  loss=0.2321  val_acc=42.12%  time=21.9s
  [hybrid  ] epoch 133  loss=0.2249  val_acc=40.63%  time=21.7s
  [hybrid  ] epoch 134  loss=0.2228  val_acc=41.59%  time=22.2s
  [hybrid  ] epoch 135  loss=0.2141  val_acc=41.65%  time=22.1s
  [hybrid  ] epoch 136  loss=0.2162  val_acc=41.25%  time=22.6s
  [hybrid  ] epoch 137  loss=0.2133  val_acc=41.16%  time=23.2s
  [hybrid  ] epoch 138  loss=0.2081  val_acc=42.59%  time=22.9s
  [hybrid  ] epoch 139  loss=0.2119  val_acc=41.75%  time=23.7s
  [hybrid  ] epoch 140  loss=0.2023  val_acc=40.71%  time=22.9s
  [hybrid  ] epoch 141  loss=0.1980  val_acc=42.28%  time=23.2s
  [hybrid  ] epoch 142  loss=0.2016  val_acc=42.18%  time=23.3s
  [hybrid  ] epoch 143  loss=0.1968  val_acc=41.24%  time=23.4s
  [hybrid  ] epoch 144  loss=0.1823  val_acc=41.13%  time=23.4s
  [hybrid  ] epoch 145  loss=0.1930  val_acc=41.47%  time=23.0s
  [hybrid  ] epoch 146  loss=0.1860  val_acc=41.73%  time=23.0s
  [hybrid  ] epoch 147  loss=0.1857  val_acc=41.46%  time=22.7s
  [hybrid  ] epoch 148  loss=0.1775  val_acc=41.86%  time=23.0s
  [hybrid  ] epoch 149  loss=0.1786  val_acc=41.88%  time=23.2s
  [hybrid  ] epoch 150  loss=0.1820  val_acc=41.18%  time=23.4s
  [hybrid  ] epoch 151  loss=0.1716  val_acc=41.37%  time=23.2s
  [hybrid  ] epoch 152  loss=0.1751  val_acc=42.21%  time=22.4s
  [hybrid  ] epoch 153  loss=0.1767  val_acc=41.35%  time=22.9s
  [hybrid  ] epoch 154  loss=0.1745  val_acc=41.67%  time=22.2s
  [hybrid  ] epoch 155  loss=0.1628  val_acc=41.59%  time=22.8s
  [hybrid  ] epoch 156  loss=0.1664  val_acc=41.86%  time=22.9s
  [hybrid  ] epoch 157  loss=0.1675  val_acc=41.64%  time=22.4s
  [hybrid  ] epoch 158  loss=0.1585  val_acc=42.24%  time=23.1s
  [hybrid  ] epoch 159  loss=0.1542  val_acc=41.81%  time=22.5s
  [hybrid  ] epoch 160  loss=0.1502  val_acc=41.75%  time=22.2s
  [hybrid  ] epoch 161  loss=0.1548  val_acc=42.10%  time=22.0s
  [hybrid  ] epoch 162  loss=0.1570  val_acc=42.02%  time=21.9s
  [hybrid  ] epoch 163  loss=0.1499  val_acc=41.62%  time=22.2s
  [hybrid  ] epoch 164  loss=0.1452  val_acc=41.53%  time=23.3s
  [hybrid  ] epoch 165  loss=0.1435  val_acc=41.41%  time=22.8s
  [hybrid  ] epoch 166  loss=0.1421  val_acc=41.65%  time=22.3s
  [hybrid  ] epoch 167  loss=0.1410  val_acc=41.63%  time=23.1s
  [hybrid  ] epoch 168  loss=0.1502  val_acc=41.81%  time=22.5s
  [hybrid  ] epoch 169  loss=0.1427  val_acc=41.45%  time=22.1s
  [hybrid  ] epoch 170  loss=0.1384  val_acc=41.46%  time=22.8s
  [hybrid  ] epoch 171  loss=0.1406  val_acc=41.62%  time=22.8s
  [hybrid  ] epoch 172  loss=0.1363  val_acc=41.87%  time=22.5s
  [hybrid  ] epoch 173  loss=0.1367  val_acc=41.51%  time=22.1s
  [hybrid  ] epoch 174  loss=0.1312  val_acc=41.35%  time=23.2s
  [hybrid  ] epoch 175  loss=0.1315  val_acc=41.56%  time=23.2s
  [hybrid  ] epoch 176  loss=0.1316  val_acc=41.27%  time=21.9s
  [hybrid  ] epoch 177  loss=0.1278  val_acc=41.71%  time=23.1s
  [hybrid  ] epoch 178  loss=0.1292  val_acc=41.44%  time=23.2s
  [hybrid  ] epoch 179  loss=0.1266  val_acc=41.41%  time=22.1s
  [hybrid  ] epoch 180  loss=0.1254  val_acc=41.35%  time=23.3s
  [hybrid  ] epoch 181  loss=0.1276  val_acc=41.71%  time=22.7s
  [hybrid  ] epoch 182  loss=0.1292  val_acc=41.51%  time=21.4s
  [hybrid  ] epoch 183  loss=0.1351  val_acc=41.43%  time=22.4s
  [hybrid  ] epoch 184  loss=0.1266  val_acc=41.38%  time=22.7s
  [hybrid  ] epoch 185  loss=0.1246  val_acc=41.39%  time=23.8s
  [hybrid  ] epoch 186  loss=0.1255  val_acc=41.35%  time=22.7s
  [hybrid  ] epoch 187  loss=0.1234  val_acc=41.27%  time=23.3s
  [hybrid  ] epoch 188  loss=0.1274  val_acc=41.39%  time=23.5s
  [hybrid  ] epoch 189  loss=0.1262  val_acc=41.47%  time=23.1s
  [hybrid  ] epoch 190  loss=0.1286  val_acc=41.57%  time=23.0s
  [hybrid  ] epoch 191  loss=0.1233  val_acc=41.71%  time=22.9s
  [hybrid  ] epoch 192  loss=0.1213  val_acc=41.60%  time=22.8s
  [hybrid  ] epoch 193  loss=0.1234  val_acc=41.52%  time=23.1s
  [hybrid  ] epoch 194  loss=0.1190  val_acc=41.73%  time=22.0s
  [hybrid  ] epoch 195  loss=0.1207  val_acc=41.84%  time=22.1s
  [hybrid  ] epoch 196  loss=0.1171  val_acc=41.77%  time=22.4s
  [hybrid  ] epoch 197  loss=0.1191  val_acc=41.74%  time=21.9s
  [hybrid  ] epoch 198  loss=0.1197  val_acc=41.73%  time=22.5s
  [hybrid  ] epoch 199  loss=0.1189  val_acc=41.75%  time=22.8s
  [hybrid  ] epoch 200  loss=0.1191  val_acc=41.75%  time=22.6s
wandb: uploading artifact run-52eire15-hybridtraining_curve_table-SvGmbg; updating run metadata
wandb: uploading artifact run-52eire15-hybridtraining_curve_table-SvGmbg
wandb: uploading output.log; uploading wandb-summary.json; uploading config.yaml
wandb: uploading output.log; uploading wandb-summary.json; uploading config.yaml; uploading history steps 599-600, summary, console lines 203-203
wandb: uploading wandb-summary.json
wandb: uploading data
wandb: 
wandb: Run history:
wandb:                      epoch ▁▁▁▁▁▂▂▂▂▂▄▄▄▄▄▄▄▅▅▅▅▅▅▆▆▆▆▆▆▆▆▇▇▇▇▇████
wandb:                global_step ▁▁▁▁▁▂▂▂▃▃▃▃▃▃▃▄▄▄▄▅▅▅▅▅▆▆▆▆▆▆▇▇▇▇▇█████
wandb: hybrid/batch/grad_norm_raw ▁▁▂▂▁▁▃▃▂▃▃▄▂▃▅▅▇▄▅▆▄▄▅▇▇▅▆▅▇▇▄▄▇▇▆▆▆█▆▆
wandb:     hybrid/batch/kfac_step ▁▁▁▁█▁▁▁▁▁▁█▁▁▁▁▁▁█▁▁▁▁▁▁▁▁▁▁▁▁▁▁▁▁▁█▁▁▁
wandb:          hybrid/batch/loss █▇▆▅▅▅▆▄▅▄▄▄▄▄▄▃▄▃▂▃▂▂▂▁▂▂▁▂▁▂▁▂▁▁▁▁▁▁▂▁
wandb:            hybrid/batch/lr ██████▇▇▇▇▇▇▆▆▅▅▅▄▄▄▄▄▃▃▃▃▃▂▂▂▂▁▁▁▁▁▁▁▁▁
wandb:      hybrid/batch/opt_step ▁▁▁▁▁▂▂▂▃▃▃▃▃▃▃▄▄▄▄▄▄▅▅▅▅▅▅▆▆▆▆▆▇▇▇▇▇▇▇█
wandb:        hybrid/batch/time_s █▄▆▃▅▄█▄▃▅▁▂▁▃▃▃▁▁▄▂▁▂▂▁▁▃▂▁▂▁▁▁▂▂▁▁▃▁▅▁
wandb:       hybrid/batch/zo_step ▁▁▁▁▁▁▁▁▁▁▁▁▁▁▁▁▁▁▁▁▁▁▁▁▁▁▁▁▁▁▁▁▁▁▁▁▁▁▁▁
wandb:                  hybrid/lr ███████▇▇▇▇▇▆▆▆▆▆▆▅▅▅▅▄▄▄▃▃▃▂▂▂▂▂▂▁▁▁▁▁▁
wandb:                        +13 ...
wandb: 
wandb: Run summary:
wandb:               best_val_acc 44.76
wandb:                      epoch 200
wandb:           final_train_loss 0.11912
wandb:              final_val_acc 41.75
wandb:                global_step 19353
wandb: hybrid/batch/grad_norm_raw 4.58532
wandb:     hybrid/batch/kfac_step 0
wandb:          hybrid/batch/loss 0.09298
wandb:            hybrid/batch/lr 0.0
wandb:      hybrid/batch/opt_step 19354
wandb:                        +19 ...
wandb: 
wandb: 🚀 View run hybrid at: https://wandb.ai/dcll-iiitd/Hybrid-ZFS/runs/52eire15
wandb: ⭐️ View project at: https://wandb.ai/dcll-iiitd/Hybrid-ZFS
wandb: Synced 5 W&B file(s), 1 media file(s), 2 artifact file(s) and 0 other file(s)
wandb: Find logs at: ./wandb/run-20260604_171846-52eire15/logs

── SGD ──
wandb: setting up run vc4j9hbf
wandb: Tracking run with wandb version 0.26.0
wandb: Run data is saved locally in /home/anant/aomml/wandb/run-20260604_184951-vc4j9hbf
wandb: Run `wandb offline` to turn off syncing.
wandb: Syncing run sgd
wandb: ⭐️ View project at https://wandb.ai/dcll-iiitd/Hybrid-ZFS
wandb: 🚀 View run at https://wandb.ai/dcll-iiitd/Hybrid-ZFS/runs/vc4j9hbf
/home/anant/aomml/test2_llm2.py:93: UserWarning: enable_nested_tensor is True, but self.use_nested_tensor is False because encoder_layer.norm_first was True
  self.transformer = nn.TransformerEncoder(encoder_layer, num_layers=12)
  [sgd     ] epoch   1  loss=1.4608  val_acc=18.89%  time=23.4s
  [sgd     ] epoch   2  loss=1.2683  val_acc=20.33%  time=23.3s
  [sgd     ] epoch   3  loss=1.2103  val_acc=22.29%  time=23.7s
  [sgd     ] epoch   4  loss=1.1751  val_acc=24.43%  time=23.1s
  [sgd     ] epoch   5  loss=1.1579  val_acc=23.24%  time=23.5s
  [sgd     ] epoch   6  loss=1.1378  val_acc=23.96%  time=23.1s
  [sgd     ] epoch   7  loss=1.1221  val_acc=23.86%  time=23.9s
  [sgd     ] epoch   8  loss=1.1119  val_acc=24.62%  time=23.4s
  [sgd     ] epoch   9  loss=1.0918  val_acc=23.76%  time=23.4s
  [sgd     ] epoch  10  loss=1.0795  val_acc=26.13%  time=23.8s
  [sgd     ] epoch  11  loss=1.0692  val_acc=24.60%  time=23.9s
  [sgd     ] epoch  12  loss=1.0624  val_acc=27.56%  time=24.2s
  [sgd     ] epoch  13  loss=1.0448  val_acc=26.16%  time=23.9s
  [sgd     ] epoch  14  loss=1.0430  val_acc=27.72%  time=24.3s
  [sgd     ] epoch  15  loss=1.0309  val_acc=27.22%  time=23.5s
  [sgd     ] epoch  16  loss=1.0207  val_acc=27.61%  time=24.5s
  [sgd     ] epoch  17  loss=1.0202  val_acc=27.53%  time=23.8s
  [sgd     ] epoch  18  loss=1.0014  val_acc=26.67%  time=24.6s
  [sgd     ] epoch  19  loss=1.0013  val_acc=28.28%  time=23.7s
  [sgd     ] epoch  20  loss=0.9864  val_acc=28.82%  time=24.2s
  [sgd     ] epoch  21  loss=0.9888  val_acc=27.30%  time=24.4s
  [sgd     ] epoch  22  loss=0.9818  val_acc=29.70%  time=22.8s
  [sgd     ] epoch  23  loss=0.9734  val_acc=29.01%  time=23.8s
  [sgd     ] epoch  24  loss=0.9749  val_acc=27.59%  time=24.0s
  [sgd     ] epoch  25  loss=0.9604  val_acc=28.20%  time=23.1s
  [sgd     ] epoch  26  loss=0.9601  val_acc=29.66%  time=22.8s
  [sgd     ] epoch  27  loss=0.9488  val_acc=29.04%  time=24.2s
  [sgd     ] epoch  28  loss=0.9361  val_acc=29.70%  time=23.7s
  [sgd     ] epoch  29  loss=0.9545  val_acc=29.57%  time=22.6s
  [sgd     ] epoch  30  loss=0.9367  val_acc=29.78%  time=23.3s
  [sgd     ] epoch  31  loss=0.9352  val_acc=31.93%  time=23.8s
  [sgd     ] epoch  32  loss=0.9308  val_acc=30.36%  time=23.8s
  [sgd     ] epoch  33  loss=0.9296  val_acc=29.27%  time=23.1s
  [sgd     ] epoch  34  loss=0.9221  val_acc=30.49%  time=23.4s
  [sgd     ] epoch  35  loss=0.9160  val_acc=29.08%  time=24.0s
  [sgd     ] epoch  36  loss=0.9117  val_acc=32.29%  time=24.0s
  [sgd     ] epoch  37  loss=0.9178  val_acc=33.07%  time=23.7s
  [sgd     ] epoch  38  loss=0.9056  val_acc=31.78%  time=22.9s
  [sgd     ] epoch  39  loss=0.9032  val_acc=31.90%  time=23.4s
  [sgd     ] epoch  40  loss=0.8916  val_acc=28.94%  time=24.1s
  [sgd     ] epoch  41  loss=0.8954  val_acc=32.04%  time=23.5s
  [sgd     ] epoch  42  loss=0.8944  val_acc=32.22%  time=23.0s
  [sgd     ] epoch  43  loss=0.8901  val_acc=32.44%  time=23.7s
  [sgd     ] epoch  44  loss=0.8894  val_acc=32.26%  time=24.1s
  [sgd     ] epoch  45  loss=0.8764  val_acc=31.67%  time=24.0s
  [sgd     ] epoch  46  loss=0.8762  val_acc=30.65%  time=23.5s
  [sgd     ] epoch  47  loss=0.8724  val_acc=32.96%  time=24.0s
  [sgd     ] epoch  48  loss=0.8742  val_acc=33.45%  time=23.3s
  [sgd     ] epoch  49  loss=0.8732  val_acc=33.00%  time=23.2s
  [sgd     ] epoch  50  loss=0.8645  val_acc=34.92%  time=24.1s
  [sgd     ] epoch  51  loss=0.8534  val_acc=33.38%  time=24.0s
  [sgd     ] epoch  52  loss=0.8605  val_acc=33.94%  time=22.6s
  [sgd     ] epoch  53  loss=0.8776  val_acc=33.82%  time=23.4s
  [sgd     ] epoch  54  loss=0.8654  val_acc=35.73%  time=23.9s
  [sgd     ] epoch  55  loss=0.8555  val_acc=33.32%  time=23.8s
  [sgd     ] epoch  56  loss=0.8520  val_acc=34.03%  time=23.5s
  [sgd     ] epoch  57  loss=0.8573  val_acc=35.13%  time=24.5s
  [sgd     ] epoch  58  loss=0.8534  val_acc=32.86%  time=23.6s
  [sgd     ] epoch  59  loss=0.8392  val_acc=32.15%  time=23.3s
  [sgd     ] epoch  60  loss=0.8482  val_acc=32.88%  time=23.4s
  [sgd     ] epoch  61  loss=0.8390  val_acc=33.22%  time=23.8s
  [sgd     ] epoch  62  loss=0.8458  val_acc=34.21%  time=23.6s
  [sgd     ] epoch  63  loss=0.8404  val_acc=34.43%  time=23.9s
  [sgd     ] epoch  64  loss=0.8356  val_acc=35.38%  time=24.8s
  [sgd     ] epoch  65  loss=0.8376  val_acc=35.34%  time=23.5s
  [sgd     ] epoch  66  loss=0.8384  val_acc=35.02%  time=22.6s
  [sgd     ] epoch  67  loss=0.8316  val_acc=35.47%  time=22.8s
  [sgd     ] epoch  68  loss=0.8404  val_acc=35.30%  time=24.1s
  [sgd     ] epoch  69  loss=0.8358  val_acc=33.50%  time=23.9s
  [sgd     ] epoch  70  loss=0.8352  val_acc=32.26%  time=24.3s
  [sgd     ] epoch  71  loss=0.8229  val_acc=33.34%  time=23.9s
  [sgd     ] epoch  72  loss=0.8310  val_acc=35.27%  time=24.4s
  [sgd     ] epoch  73  loss=0.8216  val_acc=34.92%  time=24.7s
  [sgd     ] epoch  74  loss=0.8250  val_acc=35.17%  time=23.6s
  [sgd     ] epoch  75  loss=0.8223  val_acc=35.22%  time=24.4s
  [sgd     ] epoch  76  loss=0.8203  val_acc=34.77%  time=24.2s
  [sgd     ] epoch  77  loss=0.8206  val_acc=35.63%  time=25.2s
  [sgd     ] epoch  78  loss=0.8144  val_acc=35.14%  time=24.1s
  [sgd     ] epoch  79  loss=0.8171  val_acc=35.20%  time=24.6s
  [sgd     ] epoch  80  loss=0.8108  val_acc=34.01%  time=24.9s
  [sgd     ] epoch  81  loss=0.8095  val_acc=36.56%  time=24.6s
  [sgd     ] epoch  82  loss=0.8009  val_acc=35.92%  time=22.8s
  [sgd     ] epoch  83  loss=0.8079  val_acc=33.98%  time=23.8s
  [sgd     ] epoch  84  loss=0.8117  val_acc=34.50%  time=23.9s
  [sgd     ] epoch  85  loss=0.8156  val_acc=34.98%  time=23.9s
  [sgd     ] epoch  86  loss=0.8042  val_acc=34.19%  time=23.5s
  [sgd     ] epoch  87  loss=0.8117  val_acc=36.82%  time=23.8s
  [sgd     ] epoch  88  loss=0.8022  val_acc=34.88%  time=23.2s
  [sgd     ] epoch  89  loss=0.8064  val_acc=34.92%  time=22.6s
  [sgd     ] epoch  90  loss=0.7990  val_acc=35.99%  time=23.6s
  [sgd     ] epoch  91  loss=0.7968  val_acc=34.81%  time=24.6s
  [sgd     ] epoch  92  loss=0.8061  val_acc=35.72%  time=23.3s
  [sgd     ] epoch  93  loss=0.8022  val_acc=36.00%  time=22.7s
  [sgd     ] epoch  94  loss=0.7966  val_acc=35.66%  time=23.7s
  [sgd     ] epoch  95  loss=0.7981  val_acc=36.34%  time=23.6s
  [sgd     ] epoch  96  loss=0.7922  val_acc=36.79%  time=23.6s
  [sgd     ] epoch  97  loss=0.7908  val_acc=36.33%  time=22.1s
  [sgd     ] epoch  98  loss=0.7913  val_acc=36.11%  time=23.7s
  [sgd     ] epoch  99  loss=0.7957  val_acc=37.59%  time=23.6s
  [sgd     ] epoch 100  loss=0.7898  val_acc=35.79%  time=24.5s
  [sgd     ] epoch 101  loss=0.7917  val_acc=36.40%  time=23.5s
  [sgd     ] epoch 102  loss=0.7933  val_acc=37.85%  time=24.1s
  [sgd     ] epoch 103  loss=0.7909  val_acc=36.28%  time=24.7s
  [sgd     ] epoch 104  loss=0.7862  val_acc=37.29%  time=24.0s
  [sgd     ] epoch 105  loss=0.7837  val_acc=36.80%  time=23.9s
  [sgd     ] epoch 106  loss=0.7809  val_acc=36.93%  time=24.4s
  [sgd     ] epoch 107  loss=0.7842  val_acc=36.96%  time=24.7s
  [sgd     ] epoch 108  loss=0.7802  val_acc=37.00%  time=23.4s
  [sgd     ] epoch 109  loss=0.7784  val_acc=37.31%  time=23.9s
  [sgd     ] epoch 110  loss=0.7893  val_acc=37.32%  time=24.0s
  [sgd     ] epoch 111  loss=0.7779  val_acc=37.32%  time=23.8s
  [sgd     ] epoch 112  loss=0.7756  val_acc=37.08%  time=23.5s
  [sgd     ] epoch 113  loss=0.7795  val_acc=37.10%  time=24.0s
  [sgd     ] epoch 114  loss=0.7848  val_acc=37.09%  time=23.6s
  [sgd     ] epoch 115  loss=0.7758  val_acc=36.66%  time=23.4s
  [sgd     ] epoch 116  loss=0.7775  val_acc=36.68%  time=24.4s
  [sgd     ] epoch 117  loss=0.7686  val_acc=36.57%  time=23.4s
  [sgd     ] epoch 118  loss=0.7787  val_acc=36.99%  time=23.8s
  [sgd     ] epoch 119  loss=0.7657  val_acc=35.93%  time=23.9s
  [sgd     ] epoch 120  loss=0.7736  val_acc=36.52%  time=23.8s
  [sgd     ] epoch 121  loss=0.7713  val_acc=37.33%  time=24.0s
  [sgd     ] epoch 122  loss=0.7711  val_acc=37.58%  time=24.0s
  [sgd     ] epoch 123  loss=0.7714  val_acc=36.21%  time=24.0s
  [sgd     ] epoch 124  loss=0.7737  val_acc=36.94%  time=24.1s
  [sgd     ] epoch 125  loss=0.7695  val_acc=38.18%  time=23.9s
  [sgd     ] epoch 126  loss=0.7613  val_acc=36.36%  time=23.4s
  [sgd     ] epoch 127  loss=0.7765  val_acc=37.89%  time=24.0s
  [sgd     ] epoch 128  loss=0.7683  val_acc=36.27%  time=23.6s
  [sgd     ] epoch 129  loss=0.7669  val_acc=38.57%  time=23.2s
  [sgd     ] epoch 130  loss=0.7600  val_acc=37.71%  time=23.6s
  [sgd     ] epoch 131  loss=0.7658  val_acc=37.66%  time=23.7s
  [sgd     ] epoch 132  loss=0.7574  val_acc=37.28%  time=23.5s
  [sgd     ] epoch 133  loss=0.7624  val_acc=38.78%  time=23.9s
  [sgd     ] epoch 134  loss=0.7657  val_acc=38.24%  time=23.7s
  [sgd     ] epoch 135  loss=0.7586  val_acc=35.99%  time=23.5s
  [sgd     ] epoch 136  loss=0.7613  val_acc=37.84%  time=23.3s
  [sgd     ] epoch 137  loss=0.7564  val_acc=37.30%  time=23.4s
  [sgd     ] epoch 138  loss=0.7591  val_acc=38.13%  time=23.5s
  [sgd     ] epoch 139  loss=0.7544  val_acc=35.80%  time=23.5s
  [sgd     ] epoch 140  loss=0.7549  val_acc=37.84%  time=23.7s
  [sgd     ] epoch 141  loss=0.7521  val_acc=37.05%  time=23.7s
  [sgd     ] epoch 142  loss=0.7553  val_acc=38.10%  time=23.7s
  [sgd     ] epoch 143  loss=0.7546  val_acc=38.96%  time=23.6s
  [sgd     ] epoch 144  loss=0.7490  val_acc=37.75%  time=23.4s
  [sgd     ] epoch 145  loss=0.7493  val_acc=37.62%  time=22.6s
  [sgd     ] epoch 146  loss=0.7520  val_acc=37.27%  time=23.0s
  [sgd     ] epoch 147  loss=0.7528  val_acc=38.14%  time=23.8s
  [sgd     ] epoch 148  loss=0.7501  val_acc=38.29%  time=23.5s
  [sgd     ] epoch 149  loss=0.7465  val_acc=38.22%  time=23.3s
  [sgd     ] epoch 150  loss=0.7459  val_acc=37.31%  time=23.5s
  [sgd     ] epoch 151  loss=0.7504  val_acc=38.47%  time=23.7s
  [sgd     ] epoch 152  loss=0.7450  val_acc=38.45%  time=23.9s
  [sgd     ] epoch 153  loss=0.7406  val_acc=38.18%  time=23.7s
  [sgd     ] epoch 154  loss=0.7415  val_acc=38.95%  time=24.4s
  [sgd     ] epoch 155  loss=0.7406  val_acc=38.09%  time=23.9s
  [sgd     ] epoch 156  loss=0.7468  val_acc=37.70%  time=23.4s
  [sgd     ] epoch 157  loss=0.7468  val_acc=37.46%  time=23.6s
  [sgd     ] epoch 158  loss=0.7469  val_acc=37.39%  time=23.5s
  [sgd     ] epoch 159  loss=0.7428  val_acc=38.09%  time=23.3s
  [sgd     ] epoch 160  loss=0.7416  val_acc=38.38%  time=23.0s
  [sgd     ] epoch 161  loss=0.7404  val_acc=38.32%  time=24.2s
  [sgd     ] epoch 162  loss=0.7379  val_acc=38.14%  time=23.8s
  [sgd     ] epoch 163  loss=0.7419  val_acc=38.07%  time=23.7s
  [sgd     ] epoch 164  loss=0.7430  val_acc=37.87%  time=23.5s
  [sgd     ] epoch 165  loss=0.7391  val_acc=37.59%  time=23.7s
  [sgd     ] epoch 166  loss=0.7369  val_acc=37.71%  time=24.4s
  [sgd     ] epoch 167  loss=0.7387  val_acc=38.52%  time=24.1s
  [sgd     ] epoch 168  loss=0.7397  val_acc=37.67%  time=23.8s
  [sgd     ] epoch 169  loss=0.7378  val_acc=38.77%  time=23.9s
  [sgd     ] epoch 170  loss=0.7404  val_acc=38.30%  time=24.6s
  [sgd     ] epoch 171  loss=0.7272  val_acc=38.36%  time=24.2s
  [sgd     ] epoch 172  loss=0.7390  val_acc=38.35%  time=24.1s
  [sgd     ] epoch 173  loss=0.7377  val_acc=37.42%  time=24.1s
  [sgd     ] epoch 174  loss=0.7291  val_acc=38.26%  time=24.0s
  [sgd     ] epoch 175  loss=0.7367  val_acc=38.41%  time=23.9s
  [sgd     ] epoch 176  loss=0.7354  val_acc=37.85%  time=24.1s
  [sgd     ] epoch 177  loss=0.7313  val_acc=38.56%  time=23.4s
  [sgd     ] epoch 178  loss=0.7287  val_acc=38.63%  time=23.2s
  [sgd     ] epoch 179  loss=0.7304  val_acc=38.43%  time=23.3s
  [sgd     ] epoch 180  loss=0.7375  val_acc=38.12%  time=23.7s
  [sgd     ] epoch 181  loss=0.7301  val_acc=38.30%  time=23.9s
  [sgd     ] epoch 182  loss=0.7283  val_acc=38.28%  time=23.2s
  [sgd     ] epoch 183  loss=0.7336  val_acc=38.42%  time=24.1s
  [sgd     ] epoch 184  loss=0.7293  val_acc=38.37%  time=24.3s
  [sgd     ] epoch 185  loss=0.7272  val_acc=38.27%  time=22.7s
  [sgd     ] epoch 186  loss=0.7326  val_acc=38.68%  time=23.2s
  [sgd     ] epoch 187  loss=0.7283  val_acc=38.46%  time=23.5s
  [sgd     ] epoch 188  loss=0.7257  val_acc=38.48%  time=23.7s
  [sgd     ] epoch 189  loss=0.7317  val_acc=38.37%  time=22.7s
  [sgd     ] epoch 190  loss=0.7347  val_acc=38.43%  time=24.2s
  [sgd     ] epoch 191  loss=0.7291  val_acc=38.48%  time=23.7s
  [sgd     ] epoch 192  loss=0.7270  val_acc=38.34%  time=23.6s
  [sgd     ] epoch 193  loss=0.7251  val_acc=38.30%  time=23.3s
  [sgd     ] epoch 194  loss=0.7265  val_acc=38.42%  time=24.0s
  [sgd     ] epoch 195  loss=0.7290  val_acc=38.42%  time=23.1s
  [sgd     ] epoch 196  loss=0.7313  val_acc=38.40%  time=22.8s
  [sgd     ] epoch 197  loss=0.7237  val_acc=38.37%  time=23.0s
  [sgd     ] epoch 198  loss=0.7292  val_acc=38.35%  time=23.4s
  [sgd     ] epoch 199  loss=0.7268  val_acc=38.36%  time=22.4s
  [sgd     ] epoch 200  loss=0.7296  val_acc=38.35%  time=23.6s
wandb: uploading artifact run-vc4j9hbf-sgdtraining_curve_table-ZV1G_Q; updating run metadata
wandb: uploading artifact run-vc4j9hbf-sgdtraining_curve_table-ZV1G_Q
wandb: uploading config.yaml; uploading media/table/sgd/training_curve_table_600_9b025229f36da3de546c.table.json; uploading output.log; uploading wandb-summary.json
wandb: uploading wandb-summary.json
wandb: uploading history steps 599-600, summary, console lines 201-201
wandb: 
wandb: Run history:
wandb:                        epoch ▁▁▁▂▂▂▂▂▂▃▃▃▃▃▃▃▃▃▃▄▄▄▄▄▄▅▅▅▅▅▅▅▆▆▆▇▇▇▇█
wandb:                  global_step ▁▁▁▁▁▁▁▁▂▂▂▂▂▂▃▃▃▃▃▄▄▄▄▄▄▅▅▅▆▆▆▆▇▇▇▇████
wandb:      sgd/batch/grad_norm_raw ▁▁▂▂▃▃▃▁▂▃▃▅▄▄▃▄▅█▅▅▄▄▄▅▅▄▄▄█▇▇▅▆▅▅▅▇▅▅▆
wandb:               sgd/batch/loss █▃▃▃▂▂▂▁▂▂▂▂▃▂▂▃▃▂▂▂▂▂▂▂▂▁▁▂▂▂▂▂▁▂▁▂▂▁▂▂
wandb:                 sgd/batch/lr ██████▇▇▇▇▆▆▆▆▆▆▅▅▅▅▄▄▄▃▃▃▃▃▃▂▂▂▂▂▂▂▁▁▁▁
wandb:             sgd/batch/time_s ▁▁▁▂▂▁▁▁▁▁▁▁▂▁▁▂▂▁▂▁▁▂▁▁▁▁▁█▁▂▁▁▁▁▂▆▁▁▁▂
wandb:                       sgd/lr ███▇▇▇▇▇▆▆▅▄▄▄▄▄▄▃▃▃▃▃▃▃▃▂▂▂▂▂▂▂▂▂▂▁▁▁▁▁
wandb: sgd/throughput/samples_per_s ▄▆▄▄▂▆▇▃▆▄▅▄▆▁▃▅▄▅▄█▅▄▄▃▅▄▅▄▅▄▅▅▆▄▅▇▅█▆▅
wandb:         sgd/time/avg_batch_s ▁▅▄▅█▇▂▃▁▆▅▄▆▂▇▆▃▄▇▄▃█▇▅▆▁▄▃▆▄▅▆▇▂▇▄▂▄▇▆
wandb:        sgd/time/cumulative_s ▁▁▁▁▁▁▁▂▂▂▃▃▃▃▃▃▄▄▄▄▄▄▄▄▅▅▅▅▅▅▆▆▆▆▇▇▇▇▇█
wandb:                          +10 ...
wandb: 
wandb: Run summary:
wandb:            best_val_acc 38.96
wandb:                   epoch 200
wandb:        final_train_loss 0.7296
wandb:           final_val_acc 38.35
wandb:             global_step 19353
wandb: sgd/batch/grad_norm_raw 9.28336
wandb:          sgd/batch/loss 0.69362
wandb:            sgd/batch/lr 0.0
wandb:        sgd/batch/time_s 0.17854
wandb:                  sgd/lr 0
wandb:                     +16 ...
wandb: 
wandb: 🚀 View run sgd at: https://wandb.ai/dcll-iiitd/Hybrid-ZFS/runs/vc4j9hbf
wandb: ⭐️ View project at: https://wandb.ai/dcll-iiitd/Hybrid-ZFS
wandb: Synced 5 W&B file(s), 1 media file(s), 2 artifact file(s) and 0 other file(s)
wandb: Find logs at: ./wandb/run-20260604_184951-vc4j9hbf/logs

── ADAM ──
wandb: setting up run chzuthml
wandb: Tracking run with wandb version 0.26.0
wandb: Run data is saved locally in /home/anant/aomml/wandb/run-20260604_200904-chzuthml
wandb: Run `wandb offline` to turn off syncing.
wandb: Syncing run adam
wandb: ⭐️ View project at https://wandb.ai/dcll-iiitd/Hybrid-ZFS
wandb: 🚀 View run at https://wandb.ai/dcll-iiitd/Hybrid-ZFS/runs/chzuthml
/home/anant/aomml/test2_llm2.py:93: UserWarning: enable_nested_tensor is True, but self.use_nested_tensor is False because encoder_layer.norm_first was True
  self.transformer = nn.TransformerEncoder(encoder_layer, num_layers=12)
  [adam    ] epoch   1  loss=1.4657  val_acc=21.25%  time=23.3s
  [adam    ] epoch   2  loss=1.2765  val_acc=23.37%  time=23.8s
  [adam    ] epoch   3  loss=1.1823  val_acc=22.86%  time=23.1s
  [adam    ] epoch   4  loss=1.1557  val_acc=25.58%  time=23.1s
  [adam    ] epoch   5  loss=1.1159  val_acc=26.19%  time=24.2s
  [adam    ] epoch   6  loss=1.0825  val_acc=26.28%  time=24.0s
  [adam    ] epoch   7  loss=1.0556  val_acc=26.02%  time=24.1s
  [adam    ] epoch   8  loss=1.0527  val_acc=27.47%  time=23.8s
  [adam    ] epoch   9  loss=1.0229  val_acc=27.93%  time=25.0s
  [adam    ] epoch  10  loss=1.0203  val_acc=30.80%  time=24.1s
  [adam    ] epoch  11  loss=1.0033  val_acc=27.68%  time=24.3s
  [adam    ] epoch  12  loss=0.9867  val_acc=30.02%  time=23.2s
  [adam    ] epoch  13  loss=0.9803  val_acc=30.05%  time=24.0s
  [adam    ] epoch  14  loss=0.9647  val_acc=29.41%  time=24.1s
  [adam    ] epoch  15  loss=0.9564  val_acc=28.25%  time=23.8s
  [adam    ] epoch  16  loss=0.9574  val_acc=28.35%  time=23.4s
  [adam    ] epoch  17  loss=0.9634  val_acc=29.40%  time=23.4s
  [adam    ] epoch  18  loss=0.9425  val_acc=29.10%  time=23.9s
  [adam    ] epoch  19  loss=0.9381  val_acc=30.61%  time=23.3s
  [adam    ] epoch  20  loss=0.9341  val_acc=31.41%  time=23.1s
  [adam    ] epoch  21  loss=0.9275  val_acc=32.43%  time=23.6s
  [adam    ] epoch  22  loss=0.9176  val_acc=32.81%  time=23.7s
  [adam    ] epoch  23  loss=0.9133  val_acc=29.12%  time=23.5s
  [adam    ] epoch  24  loss=0.9214  val_acc=31.91%  time=23.0s
  [adam    ] epoch  25  loss=0.9014  val_acc=34.06%  time=24.0s
  [adam    ] epoch  26  loss=0.9031  val_acc=32.32%  time=23.6s
  [adam    ] epoch  27  loss=0.8931  val_acc=34.36%  time=24.0s
  [adam    ] epoch  28  loss=0.8831  val_acc=32.47%  time=23.2s
  [adam    ] epoch  29  loss=0.8956  val_acc=31.02%  time=23.2s
  [adam    ] epoch  30  loss=0.8932  val_acc=33.90%  time=23.3s
  [adam    ] epoch  31  loss=0.8669  val_acc=31.82%  time=24.1s
  [adam    ] epoch  32  loss=0.8817  val_acc=34.83%  time=23.2s
  [adam    ] epoch  33  loss=0.8688  val_acc=37.29%  time=23.0s
  [adam    ] epoch  34  loss=0.8678  val_acc=33.12%  time=23.5s
  [adam    ] epoch  35  loss=0.8532  val_acc=34.04%  time=24.1s
  [adam    ] epoch  36  loss=0.8614  val_acc=35.87%  time=24.3s
  [adam    ] epoch  37  loss=0.8490  val_acc=33.78%  time=24.2s
  [adam    ] epoch  38  loss=0.8462  val_acc=36.17%  time=23.9s
  [adam    ] epoch  39  loss=0.8410  val_acc=33.53%  time=23.7s
  [adam    ] epoch  40  loss=0.8448  val_acc=35.33%  time=24.0s
  [adam    ] epoch  41  loss=0.8357  val_acc=35.83%  time=24.0s
  [adam    ] epoch  42  loss=0.8270  val_acc=36.55%  time=24.2s
  [adam    ] epoch  43  loss=0.8151  val_acc=35.00%  time=23.8s
  [adam    ] epoch  44  loss=0.8137  val_acc=34.55%  time=24.1s
  [adam    ] epoch  45  loss=0.8134  val_acc=33.34%  time=23.5s
  [adam    ] epoch  46  loss=0.8170  val_acc=36.61%  time=23.5s
  [adam    ] epoch  47  loss=0.8097  val_acc=35.79%  time=24.3s
  [adam    ] epoch  48  loss=0.8003  val_acc=33.48%  time=23.2s
  [adam    ] epoch  49  loss=0.8015  val_acc=36.31%  time=23.6s
  [adam    ] epoch  50  loss=0.8065  val_acc=35.83%  time=24.0s
  [adam    ] epoch  51  loss=0.8026  val_acc=37.70%  time=23.7s
  [adam    ] epoch  52  loss=0.7880  val_acc=37.65%  time=23.2s
  [adam    ] epoch  53  loss=0.7883  val_acc=35.55%  time=24.4s
  [adam    ] epoch  54  loss=0.7936  val_acc=34.39%  time=24.1s
  [adam    ] epoch  55  loss=0.7850  val_acc=39.61%  time=23.8s
  [adam    ] epoch  56  loss=0.7768  val_acc=38.52%  time=23.3s
  [adam    ] epoch  57  loss=0.7780  val_acc=35.71%  time=23.3s
  [adam    ] epoch  58  loss=0.7657  val_acc=37.95%  time=24.3s
  [adam    ] epoch  59  loss=0.7635  val_acc=38.28%  time=23.5s
  [adam    ] epoch  60  loss=0.7576  val_acc=38.51%  time=22.9s
  [adam    ] epoch  61  loss=0.7670  val_acc=40.88%  time=23.2s
  [adam    ] epoch  62  loss=0.7579  val_acc=38.06%  time=23.6s
  [adam    ] epoch  63  loss=0.7590  val_acc=35.80%  time=23.4s
  [adam    ] epoch  64  loss=0.7504  val_acc=40.30%  time=23.4s
  [adam    ] epoch  65  loss=0.7488  val_acc=37.89%  time=22.6s
  [adam    ] epoch  66  loss=0.7370  val_acc=37.75%  time=23.7s
  [adam    ] epoch  67  loss=0.7316  val_acc=38.96%  time=23.6s
  [adam    ] epoch  68  loss=0.7418  val_acc=40.50%  time=23.7s
  [adam    ] epoch  69  loss=0.7292  val_acc=40.36%  time=22.9s
  [adam    ] epoch  70  loss=0.7360  val_acc=39.17%  time=23.8s
  [adam    ] epoch  71  loss=0.7203  val_acc=40.97%  time=23.7s
  [adam    ] epoch  72  loss=0.7197  val_acc=43.37%  time=24.1s
  [adam    ] epoch  73  loss=0.7152  val_acc=39.22%  time=24.1s
  [adam    ] epoch  74  loss=0.7023  val_acc=41.88%  time=24.4s
  [adam    ] epoch  75  loss=0.6978  val_acc=38.46%  time=22.8s
  [adam    ] epoch  76  loss=0.7026  val_acc=40.78%  time=23.9s
  [adam    ] epoch  77  loss=0.6950  val_acc=41.10%  time=23.9s
  [adam    ] epoch  78  loss=0.6895  val_acc=40.11%  time=23.5s
  [adam    ] epoch  79  loss=0.6935  val_acc=41.52%  time=23.4s
  [adam    ] epoch  80  loss=0.6800  val_acc=39.50%  time=23.8s
  [adam    ] epoch  81  loss=0.6772  val_acc=41.99%  time=23.8s
  [adam    ] epoch  82  loss=0.6727  val_acc=43.88%  time=23.4s
  [adam    ] epoch  83  loss=0.6776  val_acc=39.44%  time=24.1s
  [adam    ] epoch  84  loss=0.6584  val_acc=43.28%  time=23.8s
  [adam    ] epoch  85  loss=0.6682  val_acc=41.93%  time=23.8s
  [adam    ] epoch  86  loss=0.6572  val_acc=43.47%  time=23.4s
  [adam    ] epoch  87  loss=0.6564  val_acc=42.59%  time=24.0s
  [adam    ] epoch  88  loss=0.6523  val_acc=41.23%  time=23.8s
  [adam    ] epoch  89  loss=0.6414  val_acc=44.03%  time=22.8s
  [adam    ] epoch  90  loss=0.6426  val_acc=44.18%  time=24.3s
  [adam    ] epoch  91  loss=0.6333  val_acc=42.18%  time=23.7s
  [adam    ] epoch  92  loss=0.6271  val_acc=42.48%  time=23.2s
  [adam    ] epoch  93  loss=0.6274  val_acc=43.02%  time=23.5s
  [adam    ] epoch  94  loss=0.6173  val_acc=43.53%  time=24.5s
  [adam    ] epoch  95  loss=0.6176  val_acc=44.00%  time=23.7s
  [adam    ] epoch  96  loss=0.6044  val_acc=41.66%  time=23.8s
  [adam    ] epoch  97  loss=0.6048  val_acc=43.75%  time=23.3s
  [adam    ] epoch  98  loss=0.6021  val_acc=43.81%  time=24.8s
  [adam    ] epoch  99  loss=0.5988  val_acc=44.46%  time=24.2s
  [adam    ] epoch 100  loss=0.5952  val_acc=43.57%  time=24.7s
  [adam    ] epoch 101  loss=0.5932  val_acc=43.78%  time=23.6s
  [adam    ] epoch 102  loss=0.5826  val_acc=44.52%  time=24.6s
  [adam    ] epoch 103  loss=0.5847  val_acc=45.06%  time=24.4s
  [adam    ] epoch 104  loss=0.5870  val_acc=44.14%  time=23.4s
  [adam    ] epoch 105  loss=0.5787  val_acc=43.58%  time=23.8s
  [adam    ] epoch 106  loss=0.5747  val_acc=45.79%  time=23.8s
  [adam    ] epoch 107  loss=0.5694  val_acc=45.90%  time=23.9s
  [adam    ] epoch 108  loss=0.5604  val_acc=45.57%  time=23.9s
  [adam    ] epoch 109  loss=0.5553  val_acc=45.94%  time=23.4s
  [adam    ] epoch 110  loss=0.5391  val_acc=45.49%  time=23.4s
  [adam    ] epoch 111  loss=0.5381  val_acc=45.41%  time=24.2s
  [adam    ] epoch 112  loss=0.5390  val_acc=46.01%  time=23.6s
  [adam    ] epoch 113  loss=0.5373  val_acc=45.27%  time=23.4s
  [adam    ] epoch 114  loss=0.5231  val_acc=44.69%  time=23.7s
  [adam    ] epoch 115  loss=0.5221  val_acc=46.86%  time=23.5s
  [adam    ] epoch 116  loss=0.5226  val_acc=44.38%  time=23.7s
  [adam    ] epoch 117  loss=0.5167  val_acc=45.21%  time=23.0s
  [adam    ] epoch 118  loss=0.5063  val_acc=44.69%  time=23.4s
  [adam    ] epoch 119  loss=0.4993  val_acc=44.73%  time=23.1s
  [adam    ] epoch 120  loss=0.4999  val_acc=47.02%  time=23.5s
  [adam    ] epoch 121  loss=0.4782  val_acc=45.06%  time=23.0s
  [adam    ] epoch 122  loss=0.4770  val_acc=44.66%  time=24.4s
  [adam    ] epoch 123  loss=0.4876  val_acc=46.35%  time=23.4s
  [adam    ] epoch 124  loss=0.4840  val_acc=46.51%  time=24.1s
  [adam    ] epoch 125  loss=0.4788  val_acc=45.78%  time=23.7s
  [adam    ] epoch 126  loss=0.4658  val_acc=46.39%  time=23.8s
  [adam    ] epoch 127  loss=0.4665  val_acc=47.04%  time=24.7s
  [adam    ] epoch 128  loss=0.4622  val_acc=45.40%  time=23.8s
  [adam    ] epoch 129  loss=0.4445  val_acc=47.55%  time=24.0s
  [adam    ] epoch 130  loss=0.4516  val_acc=45.77%  time=24.1s
  [adam    ] epoch 131  loss=0.4427  val_acc=46.07%  time=23.6s
  [adam    ] epoch 132  loss=0.4451  val_acc=46.73%  time=24.3s
  [adam    ] epoch 133  loss=0.4323  val_acc=46.51%  time=23.4s
  [adam    ] epoch 134  loss=0.4396  val_acc=46.73%  time=23.5s
  [adam    ] epoch 135  loss=0.4260  val_acc=44.83%  time=24.0s
  [adam    ] epoch 136  loss=0.4252  val_acc=47.03%  time=23.8s
  [adam    ] epoch 137  loss=0.4206  val_acc=47.19%  time=23.9s
  [adam    ] epoch 138  loss=0.4058  val_acc=46.75%  time=23.6s
  [adam    ] epoch 139  loss=0.4144  val_acc=47.31%  time=24.3s
  [adam    ] epoch 140  loss=0.4012  val_acc=47.26%  time=22.7s
  [adam    ] epoch 141  loss=0.4030  val_acc=46.59%  time=23.7s
  [adam    ] epoch 142  loss=0.3888  val_acc=47.96%  time=24.4s
  [adam    ] epoch 143  loss=0.3938  val_acc=48.42%  time=23.2s
  [adam    ] epoch 144  loss=0.3843  val_acc=46.44%  time=24.3s
  [adam    ] epoch 145  loss=0.3815  val_acc=45.94%  time=23.5s
  [adam    ] epoch 146  loss=0.3746  val_acc=47.48%  time=23.7s
  [adam    ] epoch 147  loss=0.3786  val_acc=46.67%  time=24.2s
  [adam    ] epoch 148  loss=0.3649  val_acc=46.65%  time=23.6s
  [adam    ] epoch 149  loss=0.3622  val_acc=47.46%  time=23.3s
  [adam    ] epoch 150  loss=0.3644  val_acc=47.07%  time=23.4s
  [adam    ] epoch 151  loss=0.3522  val_acc=48.03%  time=23.7s
  [adam    ] epoch 152  loss=0.3523  val_acc=47.55%  time=22.6s
  [adam    ] epoch 153  loss=0.3547  val_acc=48.18%  time=23.9s
  [adam    ] epoch 154  loss=0.3371  val_acc=47.74%  time=24.3s
  [adam    ] epoch 155  loss=0.3486  val_acc=48.13%  time=23.8s
  [adam    ] epoch 156  loss=0.3401  val_acc=48.01%  time=23.1s
  [adam    ] epoch 157  loss=0.3419  val_acc=47.60%  time=24.3s
  [adam    ] epoch 158  loss=0.3333  val_acc=47.22%  time=23.6s
  [adam    ] epoch 159  loss=0.3337  val_acc=47.11%  time=23.8s
  [adam    ] epoch 160  loss=0.3278  val_acc=47.62%  time=23.1s
  [adam    ] epoch 161  loss=0.3224  val_acc=46.87%  time=22.7s
  [adam    ] epoch 162  loss=0.3271  val_acc=47.49%  time=23.6s
  [adam    ] epoch 163  loss=0.3130  val_acc=47.34%  time=22.9s
  [adam    ] epoch 164  loss=0.2999  val_acc=48.30%  time=23.9s
  [adam    ] epoch 165  loss=0.3144  val_acc=47.62%  time=23.9s
  [adam    ] epoch 166  loss=0.3114  val_acc=47.92%  time=23.0s
  [adam    ] epoch 167  loss=0.3067  val_acc=47.95%  time=23.0s
  [adam    ] epoch 168  loss=0.3041  val_acc=46.98%  time=22.9s
  [adam    ] epoch 169  loss=0.3013  val_acc=47.44%  time=23.9s
  [adam    ] epoch 170  loss=0.2900  val_acc=47.68%  time=23.4s
  [adam    ] epoch 171  loss=0.3040  val_acc=48.04%  time=23.3s
  [adam    ] epoch 172  loss=0.2887  val_acc=47.74%  time=24.2s
  [adam    ] epoch 173  loss=0.2967  val_acc=47.47%  time=23.6s
  [adam    ] epoch 174  loss=0.2853  val_acc=46.83%  time=24.2s
  [adam    ] epoch 175  loss=0.2920  val_acc=47.16%  time=22.9s
  [adam    ] epoch 176  loss=0.2894  val_acc=47.00%  time=24.1s
  [adam    ] epoch 177  loss=0.2841  val_acc=47.46%  time=23.1s
  [adam    ] epoch 178  loss=0.2848  val_acc=47.37%  time=23.4s
  [adam    ] epoch 179  loss=0.2832  val_acc=47.11%  time=23.4s
  [adam    ] epoch 180  loss=0.2768  val_acc=46.91%  time=23.3s
  [adam    ] epoch 181  loss=0.2793  val_acc=47.63%  time=24.0s
  [adam    ] epoch 182  loss=0.2698  val_acc=47.17%  time=22.4s
  [adam    ] epoch 183  loss=0.2778  val_acc=47.47%  time=23.9s
  [adam    ] epoch 184  loss=0.2742  val_acc=47.23%  time=23.7s
  [adam    ] epoch 185  loss=0.2791  val_acc=47.67%  time=22.9s
  [adam    ] epoch 186  loss=0.2806  val_acc=47.71%  time=23.3s
  [adam    ] epoch 187  loss=0.2760  val_acc=47.48%  time=23.5s
  [adam    ] epoch 188  loss=0.2790  val_acc=47.54%  time=23.3s
  [adam    ] epoch 189  loss=0.2775  val_acc=47.49%  time=23.8s
  [adam    ] epoch 190  loss=0.2740  val_acc=47.63%  time=23.2s
  [adam    ] epoch 191  loss=0.2644  val_acc=47.45%  time=23.7s
  [adam    ] epoch 192  loss=0.2700  val_acc=47.72%  time=23.6s
  [adam    ] epoch 193  loss=0.2693  val_acc=47.57%  time=22.7s
  [adam    ] epoch 194  loss=0.2729  val_acc=47.50%  time=23.6s
  [adam    ] epoch 195  loss=0.2674  val_acc=47.54%  time=23.8s
  [adam    ] epoch 196  loss=0.2665  val_acc=47.58%  time=23.3s
  [adam    ] epoch 197  loss=0.2596  val_acc=47.59%  time=22.7s
  [adam    ] epoch 198  loss=0.2622  val_acc=47.57%  time=23.8s
  [adam    ] epoch 199  loss=0.2677  val_acc=47.58%  time=23.7s
  [adam    ] epoch 200  loss=0.2752  val_acc=47.59%  time=23.2s
wandb: uploading artifact run-chzuthml-adamtraining_curve_table-n74eRg; updating run metadata
wandb: uploading artifact run-chzuthml-adamtraining_curve_table-n74eRg
wandb: uploading output.log; uploading wandb-summary.json; uploading config.yaml; uploading media/table/adam/training_curve_table_600_bd4fdf3fa6d32170d407.table.json
wandb: uploading wandb-summary.json; uploading config.yaml; uploading media/table/adam/training_curve_table_600_bd4fdf3fa6d32170d407.table.json
wandb: uploading wandb-summary.json
wandb: uploading history steps 599-600, summary, console lines 201-201
wandb: 
wandb: Run history:
wandb:      adam/batch/grad_norm_raw ▆▅▅▇▂▆▃▃▆▂▄▅▂█▅▄▃▄▄▃▁▄▃▃▃▄▃▃▆▃▇▂▄▃▆▅▄▄▃▃
wandb:               adam/batch/loss ██▇▇▆▆▆▆▅▇▆▆▅▇▆▄▄▄▄▄▃▄▄▄▃▂▂▂▂▂▂▂▂▁▂▁▁▁▂▂
wandb:                 adam/batch/lr ██████████▇▇▇▇▇▇▇▇▇▆▆▆▅▅▅▄▄▄▄▄▃▃▂▂▂▂▂▁▁▁
wandb:             adam/batch/time_s ▁▁▁▁▁▁▁▁▁▁▁▁▅▄▁▁▁▁▁▁▁▁▁▁▁▁▁▁▁▁█▁▁▁▁▁▁▁▂▁
wandb:                       adam/lr ████████▇▇▇▇▆▆▆▅▅▅▅▅▄▄▄▃▃▃▂▂▂▂▂▁▁▁▁▁▁▁▁▁
wandb: adam/throughput/samples_per_s ▃▆▃▂▃▃▇▆▅▆▅▄▁▄▆▆▃▁▅▂▂▄▂▆▅█▁▄▅▂▂▆▅▅▇▅▄▇▇▅
wandb:         adam/time/avg_batch_s ▅▄▆▂▆▅▆▇▆█▆▃▅▂▇▅▆▇▄▆▇▅▃▇▃▅▆▇▆▅▅▆▂▃▆▇▃▁▃▆
wandb:        adam/time/cumulative_s ▁▁▂▂▂▂▂▃▃▃▃▃▃▃▄▄▄▄▄▄▅▅▅▅▅▆▆▆▆▇▇▇▇▇▇█████
wandb:             adam/time/epoch_s ▆█▆█▃▄▅▆▅▃█▇▆▇▅▆▄▆▅▅▆▆▄▆▄▅▂▃▄▆██▆▁▆█▂▆▃▃
wandb:           adam/train/accuracy ▁▁▁▂▂▃▃▃▃▃▄▄▄▄▄▄▅▅▅▅▆▆▆▆▇▇▇▇▇▇▇▇▇▇██████
wandb:                           +10 ...
wandb: 
wandb: Run summary:
wandb:      adam/batch/grad_norm_raw 2.47586
wandb:               adam/batch/loss 0.25481
wandb:                 adam/batch/lr 0.0
wandb:             adam/batch/time_s 0.15078
wandb:                       adam/lr 0
wandb: adam/throughput/samples_per_s 535.28305
wandb:         adam/time/avg_batch_s 0.15534
wandb:        adam/time/cumulative_s 4730.61684
wandb:             adam/time/epoch_s 23.17652
wandb:           adam/train/accuracy 90.60938
wandb:                           +16 ...
wandb: 
wandb: 🚀 View run adam at: https://wandb.ai/dcll-iiitd/Hybrid-ZFS/runs/chzuthml
wandb: ⭐️ View project at: https://wandb.ai/dcll-iiitd/Hybrid-ZFS
wandb: Synced 5 W&B file(s), 1 media file(s), 2 artifact file(s) and 0 other file(s)
wandb: Find logs at: ./wandb/run-20260604_200904-chzuthml/logs

── RMSPROP ──
wandb: setting up run exo1szkg
wandb: Tracking run with wandb version 0.26.0
wandb: Run data is saved locally in /home/anant/aomml/wandb/run-20260604_212806-exo1szkg
wandb: Run `wandb offline` to turn off syncing.
wandb: Syncing run rmsprop
wandb: ⭐️ View project at https://wandb.ai/dcll-iiitd/Hybrid-ZFS
wandb: 🚀 View run at https://wandb.ai/dcll-iiitd/Hybrid-ZFS/runs/exo1szkg
/home/anant/aomml/test2_llm2.py:93: UserWarning: enable_nested_tensor is True, but self.use_nested_tensor is False because encoder_layer.norm_first was True
  self.transformer = nn.TransformerEncoder(encoder_layer, num_layers=12)
  [rmsprop ] epoch   1  loss=1.8762  val_acc=15.19%  time=23.0s
  [rmsprop ] epoch   2  loss=1.5150  val_acc=17.12%  time=22.9s
  [rmsprop ] epoch   3  loss=1.4063  val_acc=19.33%  time=23.5s
  [rmsprop ] epoch   4  loss=1.3701  val_acc=21.52%  time=23.0s
  [rmsprop ] epoch   5  loss=1.3117  val_acc=21.98%  time=23.4s
  [rmsprop ] epoch   6  loss=1.2930  val_acc=20.98%  time=22.5s
  [rmsprop ] epoch   7  loss=1.2810  val_acc=20.36%  time=23.9s
  [rmsprop ] epoch   8  loss=1.2474  val_acc=23.22%  time=23.5s
  [rmsprop ] epoch   9  loss=1.2392  val_acc=22.20%  time=23.9s
  [rmsprop ] epoch  10  loss=1.2450  val_acc=25.32%  time=23.2s
  [rmsprop ] epoch  11  loss=1.2284  val_acc=25.32%  time=24.0s
  [rmsprop ] epoch  12  loss=1.2054  val_acc=25.31%  time=23.4s
  [rmsprop ] epoch  13  loss=1.1797  val_acc=23.88%  time=24.0s
  [rmsprop ] epoch  14  loss=1.2010  val_acc=20.90%  time=23.0s
  [rmsprop ] epoch  15  loss=1.1702  val_acc=24.73%  time=23.5s
  [rmsprop ] epoch  16  loss=1.1952  val_acc=19.96%  time=23.9s
  [rmsprop ] epoch  17  loss=1.1486  val_acc=24.34%  time=23.1s
  [rmsprop ] epoch  18  loss=1.1689  val_acc=23.36%  time=23.7s
  [rmsprop ] epoch  19  loss=1.1344  val_acc=26.01%  time=23.6s
  [rmsprop ] epoch  20  loss=1.1479  val_acc=25.75%  time=23.1s
  [rmsprop ] epoch  21  loss=1.2005  val_acc=23.73%  time=23.8s
  [rmsprop ] epoch  22  loss=1.1221  val_acc=22.08%  time=22.9s
  [rmsprop ] epoch  23  loss=1.1232  val_acc=26.38%  time=23.2s
  [rmsprop ] epoch  24  loss=1.2339  val_acc=23.55%  time=23.3s
  [rmsprop ] epoch  25  loss=1.1015  val_acc=23.88%  time=23.1s
  [rmsprop ] epoch  26  loss=1.1149  val_acc=24.10%  time=23.2s
  [rmsprop ] epoch  27  loss=1.1051  val_acc=25.86%  time=23.2s
  [rmsprop ] epoch  28  loss=1.1508  val_acc=25.31%  time=23.4s
  [rmsprop ] epoch  29  loss=1.0941  val_acc=21.88%  time=22.9s
  [rmsprop ] epoch  30  loss=1.0906  val_acc=22.96%  time=23.2s
  [rmsprop ] epoch  31  loss=1.1347  val_acc=25.06%  time=23.0s
  [rmsprop ] epoch  32  loss=1.0893  val_acc=23.98%  time=23.4s
  [rmsprop ] epoch  33  loss=1.0945  val_acc=25.00%  time=23.2s
  [rmsprop ] epoch  34  loss=1.3099  val_acc=24.56%  time=23.2s
  [rmsprop ] epoch  35  loss=1.0899  val_acc=24.29%  time=22.9s
  [rmsprop ] epoch  36  loss=1.0782  val_acc=24.78%  time=23.9s
  [rmsprop ] epoch  37  loss=1.1139  val_acc=25.63%  time=22.9s
  [rmsprop ] epoch  38  loss=1.0865  val_acc=25.08%  time=23.1s
  [rmsprop ] epoch  39  loss=1.2106  val_acc=24.72%  time=22.8s
  [rmsprop ] epoch  40  loss=1.0937  val_acc=25.22%  time=23.3s
  [rmsprop ] epoch  41  loss=1.0836  val_acc=25.08%  time=22.6s
  [rmsprop ] epoch  42  loss=1.2076  val_acc=25.55%  time=23.2s
  [rmsprop ] epoch  43  loss=1.0791  val_acc=27.15%  time=23.5s
  [rmsprop ] epoch  44  loss=1.0904  val_acc=22.19%  time=23.3s
  [rmsprop ] epoch  45  loss=1.0852  val_acc=25.00%  time=23.1s
  [rmsprop ] epoch  46  loss=1.2182  val_acc=19.94%  time=23.4s
  [rmsprop ] epoch  47  loss=1.0868  val_acc=25.22%  time=23.6s
  [rmsprop ] epoch  48  loss=1.0807  val_acc=22.23%  time=23.4s
  [rmsprop ] epoch  49  loss=1.0817  val_acc=25.63%  time=22.7s
  [rmsprop ] epoch  50  loss=1.0901  val_acc=24.76%  time=23.6s
  [rmsprop ] epoch  51  loss=1.2197  val_acc=23.84%  time=23.0s
  [rmsprop ] epoch  52  loss=1.0900  val_acc=25.05%  time=23.3s
  [rmsprop ] epoch  53  loss=1.0798  val_acc=23.03%  time=22.8s
  [rmsprop ] epoch  54  loss=1.0833  val_acc=24.10%  time=23.7s
  [rmsprop ] epoch  55  loss=1.0898  val_acc=25.99%  time=22.8s
  [rmsprop ] epoch  56  loss=1.2197  val_acc=26.01%  time=23.4s
  [rmsprop ] epoch  57  loss=1.0746  val_acc=27.13%  time=23.1s
  [rmsprop ] epoch  58  loss=1.0769  val_acc=25.72%  time=23.2s
  [rmsprop ] epoch  59  loss=1.0856  val_acc=23.63%  time=23.2s
  [rmsprop ] epoch  60  loss=1.1012  val_acc=24.12%  time=22.9s
  [rmsprop ] epoch  61  loss=1.0957  val_acc=24.31%  time=23.2s
  [rmsprop ] epoch  62  loss=1.0931  val_acc=26.27%  time=23.4s
  [rmsprop ] epoch  63  loss=1.2955  val_acc=24.55%  time=22.8s
  [rmsprop ] epoch  64  loss=1.0942  val_acc=26.51%  time=23.5s
  [rmsprop ] epoch  65  loss=1.0877  val_acc=24.34%  time=23.5s
  [rmsprop ] epoch  66  loss=1.0967  val_acc=25.68%  time=23.7s
  [rmsprop ] epoch  67  loss=1.1295  val_acc=26.02%  time=22.8s
  [rmsprop ] epoch  68  loss=1.0970  val_acc=24.62%  time=23.7s
  [rmsprop ] epoch  69  loss=1.1002  val_acc=25.42%  time=24.3s
  [rmsprop ] epoch  70  loss=1.1045  val_acc=25.92%  time=24.1s
  [rmsprop ] epoch  71  loss=1.2227  val_acc=24.83%  time=22.9s
  [rmsprop ] epoch  72  loss=1.1008  val_acc=23.61%  time=23.4s
  [rmsprop ] epoch  73  loss=1.0966  val_acc=25.25%  time=23.5s
  [rmsprop ] epoch  74  loss=1.1019  val_acc=26.33%  time=23.3s
  [rmsprop ] epoch  75  loss=1.1120  val_acc=25.90%  time=22.5s
  [rmsprop ] epoch  76  loss=1.1090  val_acc=24.93%  time=23.5s
  [rmsprop ] epoch  77  loss=1.1396  val_acc=24.90%  time=23.6s
  [rmsprop ] epoch  78  loss=1.1044  val_acc=24.22%  time=22.5s
  [rmsprop ] epoch  79  loss=1.1124  val_acc=25.87%  time=23.7s
  [rmsprop ] epoch  80  loss=1.1138  val_acc=25.10%  time=23.5s
  [rmsprop ] epoch  81  loss=1.1342  val_acc=26.20%  time=22.9s
  [rmsprop ] epoch  82  loss=1.1168  val_acc=25.88%  time=23.7s
  [rmsprop ] epoch  83  loss=1.1154  val_acc=23.79%  time=23.2s
  [rmsprop ] epoch  84  loss=1.1186  val_acc=24.06%  time=24.0s
  [rmsprop ] epoch  85  loss=1.1302  val_acc=25.86%  time=23.0s
  [rmsprop ] epoch  86  loss=1.1171  val_acc=24.90%  time=23.6s
  [rmsprop ] epoch  87  loss=1.1244  val_acc=23.82%  time=22.8s
  [rmsprop ] epoch  88  loss=1.1236  val_acc=24.30%  time=23.8s
  [rmsprop ] epoch  89  loss=1.1152  val_acc=24.56%  time=22.6s
  [rmsprop ] epoch  90  loss=1.1244  val_acc=23.31%  time=23.6s
  [rmsprop ] epoch  91  loss=1.1175  val_acc=25.43%  time=23.2s
  [rmsprop ] epoch  92  loss=1.1223  val_acc=25.07%  time=24.0s
  [rmsprop ] epoch  93  loss=1.1189  val_acc=23.45%  time=22.5s
  [rmsprop ] epoch  94  loss=1.1177  val_acc=24.79%  time=23.7s
  [rmsprop ] epoch  95  loss=1.1239  val_acc=24.64%  time=22.6s
  [rmsprop ] epoch  96  loss=1.1218  val_acc=24.79%  time=23.6s
  [rmsprop ] epoch  97  loss=1.1290  val_acc=25.11%  time=22.6s
  [rmsprop ] epoch  98  loss=1.1193  val_acc=24.93%  time=23.5s
  [rmsprop ] epoch  99  loss=1.1200  val_acc=25.96%  time=23.7s
  [rmsprop ] epoch 100  loss=1.1228  val_acc=24.77%  time=23.6s
  [rmsprop ] epoch 101  loss=1.1224  val_acc=24.95%  time=22.8s
  [rmsprop ] epoch 102  loss=1.1279  val_acc=24.58%  time=24.1s
  [rmsprop ] epoch 103  loss=1.1206  val_acc=23.61%  time=23.7s
  [rmsprop ] epoch 104  loss=1.1192  val_acc=24.05%  time=22.7s
  [rmsprop ] epoch 105  loss=1.1232  val_acc=24.55%  time=23.1s
  [rmsprop ] epoch 106  loss=1.1204  val_acc=23.81%  time=23.4s
  [rmsprop ] epoch 107  loss=1.1238  val_acc=25.14%  time=23.4s
  [rmsprop ] epoch 108  loss=1.1269  val_acc=24.68%  time=23.1s
  [rmsprop ] epoch 109  loss=1.1246  val_acc=23.70%  time=23.8s
  [rmsprop ] epoch 110  loss=1.1289  val_acc=24.80%  time=23.9s
  [rmsprop ] epoch 111  loss=1.1249  val_acc=24.66%  time=23.0s
  [rmsprop ] epoch 112  loss=1.1328  val_acc=24.45%  time=23.2s
  [rmsprop ] epoch 113  loss=1.1231  val_acc=24.73%  time=23.6s
  [rmsprop ] epoch 114  loss=1.1331  val_acc=24.79%  time=22.6s
  [rmsprop ] epoch 115  loss=1.1183  val_acc=24.55%  time=23.2s
  [rmsprop ] epoch 116  loss=1.1251  val_acc=25.38%  time=23.1s
  [rmsprop ] epoch 117  loss=1.1223  val_acc=24.35%  time=22.8s
  [rmsprop ] epoch 118  loss=1.1225  val_acc=24.63%  time=23.1s
  [rmsprop ] epoch 119  loss=1.1193  val_acc=24.55%  time=23.4s
  [rmsprop ] epoch 120  loss=1.1226  val_acc=24.47%  time=23.7s
  [rmsprop ] epoch 121  loss=1.1216  val_acc=24.84%  time=23.6s
  [rmsprop ] epoch 122  loss=1.1197  val_acc=24.33%  time=23.2s
  [rmsprop ] epoch 123  loss=1.1189  val_acc=24.65%  time=23.0s
  [rmsprop ] epoch 124  loss=1.1157  val_acc=24.41%  time=23.7s
  [rmsprop ] epoch 125  loss=1.1262  val_acc=24.74%  time=22.8s
  [rmsprop ] epoch 126  loss=1.1259  val_acc=24.23%  time=23.1s
  [rmsprop ] epoch 127  loss=1.1222  val_acc=24.40%  time=23.0s
  [rmsprop ] epoch 128  loss=1.1204  val_acc=24.20%  time=23.3s
  [rmsprop ] epoch 129  loss=1.1206  val_acc=23.43%  time=23.5s
  [rmsprop ] epoch 130  loss=1.1122  val_acc=25.42%  time=23.1s
  [rmsprop ] epoch 131  loss=1.1130  val_acc=25.19%  time=23.5s
  [rmsprop ] epoch 132  loss=1.1214  val_acc=24.00%  time=22.9s
  [rmsprop ] epoch 133  loss=1.1155  val_acc=23.89%  time=23.8s
  [rmsprop ] epoch 134  loss=1.1199  val_acc=24.48%  time=22.2s
  [rmsprop ] epoch 135  loss=1.1161  val_acc=24.79%  time=24.0s
  [rmsprop ] epoch 136  loss=1.1217  val_acc=24.27%  time=23.1s
  [rmsprop ] epoch 137  loss=1.1174  val_acc=24.90%  time=23.4s
  [rmsprop ] epoch 138  loss=1.1175  val_acc=23.93%  time=23.0s
  [rmsprop ] epoch 139  loss=1.1161  val_acc=24.78%  time=23.6s
  [rmsprop ] epoch 140  loss=1.1187  val_acc=24.59%  time=23.0s
  [rmsprop ] epoch 141  loss=1.1197  val_acc=22.51%  time=23.7s
  [rmsprop ] epoch 142  loss=1.1150  val_acc=25.04%  time=23.0s
  [rmsprop ] epoch 143  loss=1.1158  val_acc=24.87%  time=23.8s
  [rmsprop ] epoch 144  loss=1.1133  val_acc=24.40%  time=22.9s
  [rmsprop ] epoch 145  loss=1.1156  val_acc=24.30%  time=23.1s
  [rmsprop ] epoch 146  loss=1.1200  val_acc=24.93%  time=23.3s
  [rmsprop ] epoch 147  loss=1.1155  val_acc=24.39%  time=23.8s
  [rmsprop ] epoch 148  loss=1.1117  val_acc=25.24%  time=23.5s
  [rmsprop ] epoch 149  loss=1.1091  val_acc=24.06%  time=23.3s
  [rmsprop ] epoch 150  loss=1.1127  val_acc=24.26%  time=23.5s
  [rmsprop ] epoch 151  loss=1.1086  val_acc=24.92%  time=23.0s
  [rmsprop ] epoch 152  loss=1.1160  val_acc=24.51%  time=23.4s
  [rmsprop ] epoch 153  loss=1.1163  val_acc=24.63%  time=23.3s
  [rmsprop ] epoch 154  loss=1.1182  val_acc=24.62%  time=23.4s
  [rmsprop ] epoch 155  loss=1.1102  val_acc=24.57%  time=22.8s
  [rmsprop ] epoch 156  loss=1.1124  val_acc=24.81%  time=23.4s
  [rmsprop ] epoch 157  loss=1.1077  val_acc=24.70%  time=23.2s
  [rmsprop ] epoch 158  loss=1.1142  val_acc=24.34%  time=24.0s
  [rmsprop ] epoch 159  loss=1.1113  val_acc=24.53%  time=23.2s
  [rmsprop ] epoch 160  loss=1.1118  val_acc=25.00%  time=24.1s
  [rmsprop ] epoch 161  loss=1.1109  val_acc=24.33%  time=22.7s
  [rmsprop ] epoch 162  loss=1.1057  val_acc=24.35%  time=23.8s
  [rmsprop ] epoch 163  loss=1.1067  val_acc=24.50%  time=22.3s
  [rmsprop ] epoch 164  loss=1.1078  val_acc=24.53%  time=23.5s
  [rmsprop ] epoch 165  loss=1.1094  val_acc=24.89%  time=23.3s
  [rmsprop ] epoch 166  loss=1.1076  val_acc=24.88%  time=24.4s
  [rmsprop ] epoch 167  loss=1.1048  val_acc=24.81%  time=22.6s
  [rmsprop ] epoch 168  loss=1.1080  val_acc=25.11%  time=23.8s
  [rmsprop ] epoch 169  loss=1.1055  val_acc=24.75%  time=23.6s
  [rmsprop ] epoch 170  loss=1.1094  val_acc=24.78%  time=23.7s
  [rmsprop ] epoch 171  loss=1.1030  val_acc=24.89%  time=23.6s
  [rmsprop ] epoch 172  loss=1.1067  val_acc=24.96%  time=23.0s
  [rmsprop ] epoch 173  loss=1.1076  val_acc=24.54%  time=23.7s
  [rmsprop ] epoch 174  loss=1.1083  val_acc=24.55%  time=23.2s
  [rmsprop ] epoch 175  loss=1.1060  val_acc=24.48%  time=23.2s
  [rmsprop ] epoch 176  loss=1.1050  val_acc=24.66%  time=22.8s
  [rmsprop ] epoch 177  loss=1.1046  val_acc=24.80%  time=23.5s
  [rmsprop ] epoch 178  loss=1.1040  val_acc=24.79%  time=23.1s
  [rmsprop ] epoch 179  loss=1.1069  val_acc=24.72%  time=23.1s
  [rmsprop ] epoch 180  loss=1.1077  val_acc=24.76%  time=23.6s
  [rmsprop ] epoch 181  loss=1.1021  val_acc=24.67%  time=23.2s
  [rmsprop ] epoch 182  loss=1.1037  val_acc=24.70%  time=23.6s
  [rmsprop ] epoch 183  loss=1.1072  val_acc=24.69%  time=23.7s
  [rmsprop ] epoch 184  loss=1.1046  val_acc=24.53%  time=24.4s
  [rmsprop ] epoch 185  loss=1.1063  val_acc=24.58%  time=24.2s
  [rmsprop ] epoch 186  loss=1.1022  val_acc=24.63%  time=23.1s
  [rmsprop ] epoch 187  loss=1.1069  val_acc=24.73%  time=24.4s
  [rmsprop ] epoch 188  loss=1.1042  val_acc=24.70%  time=24.2s
  [rmsprop ] epoch 189  loss=1.1059  val_acc=24.61%  time=22.7s
  [rmsprop ] epoch 190  loss=1.1052  val_acc=24.68%  time=24.2s
  [rmsprop ] epoch 191  loss=1.1034  val_acc=24.71%  time=23.4s
  [rmsprop ] epoch 192  loss=1.1056  val_acc=24.70%  time=24.4s
  [rmsprop ] epoch 193  loss=1.1028  val_acc=24.64%  time=24.0s
  [rmsprop ] epoch 194  loss=1.1066  val_acc=24.69%  time=22.9s
  [rmsprop ] epoch 195  loss=1.1071  val_acc=24.66%  time=24.3s
  [rmsprop ] epoch 196  loss=1.1061  val_acc=24.68%  time=23.6s
  [rmsprop ] epoch 197  loss=1.1043  val_acc=24.71%  time=24.0s
  [rmsprop ] epoch 198  loss=1.1032  val_acc=24.69%  time=24.0s
  [rmsprop ] epoch 199  loss=1.1030  val_acc=24.70%  time=24.4s
  [rmsprop ] epoch 200  loss=1.1022  val_acc=24.69%  time=23.8s
wandb: uploading artifact run-exo1szkg-rmsproptraining_curve_table-SRj0ag; updating run metadata
wandb: uploading artifact run-exo1szkg-rmsproptraining_curve_table-SRj0ag
wandb: uploading output.log; uploading wandb-summary.json; uploading config.yaml
wandb: uploading wandb-summary.json
wandb: uploading wandb-summary.json; uploading history steps 599-600, summary, console lines 201-201
wandb: uploading data
wandb: 
wandb: Run history:
wandb:                            epoch ▁▁▁▁▁▂▂▂▂▂▃▃▃▃▄▄▄▄▅▅▅▅▅▅▅▅▆▆▆▆▆▇▇▇▇▇▇███
wandb:                      global_step ▁▁▂▂▂▂▂▃▃▃▃▃▄▄▄▄▄▄▄▅▅▅▅▅▅▅▅▆▆▆▆▆▇▇▇▇▇▇██
wandb:      rmsprop/batch/grad_norm_raw ▂▁▁▁▂▁▁▁▂▂▁▂▃▂▂▃▃▃▂▃▅▅▄▂▄▄▃▄▅█▃▆▆▃▆▄▄▄█▄
wandb:               rmsprop/batch/loss █▄▃▃▁▂▂▂▅▂▃▄▂▂▂▂▃▂▃▃▂▂▂▂▂▂▂▂▂▃▂▂▂▃▂▂▄▃▂▃
wandb:                 rmsprop/batch/lr ███████▇▇▇▇▇▇▇▆▆▆▆▅▅▅▄▄▃▃▂▂▂▂▂▂▁▁▁▁▁▁▁▁▁
wandb:             rmsprop/batch/time_s ▁▁▁▂▁█▂▁▁▁▁▁▁▁▂▁▁▁▁▁▁▁▁▁▁▁▁▁▁▁▁▁▁▄▁▁▁▁▁▁
wandb:                       rmsprop/lr ███████▇▇▇▇▇▇▆▆▆▆▆▅▅▅▄▄▄▄▃▃▃▃▃▃▂▂▂▂▁▁▁▁▁
wandb: rmsprop/throughput/samples_per_s ▆▄▇▂▂▄▆▆▅▇▆▅▄▆▃▂▄▇▃▆▇▃▂▅▅▄▄█▃▃▃▅▄▆▃▅▂▁▂▃
wandb:         rmsprop/time/avg_batch_s ▁▅▅▇▃▃▃▃▆▃▄▅▄▄▃▄▅▅▅▅▁▇▃▂▃▃▄▃▆▃▃▃▃▂▇▄▅▇▇█
wandb:        rmsprop/time/cumulative_s ▁▁▁▁▂▂▃▃▃▃▃▃▃▄▄▅▅▅▅▅▅▅▅▅▆▆▆▆▆▆▇▇▇▇▇█████
wandb:                              +10 ...
wandb: 
wandb: Run summary:
wandb:                best_val_acc 27.15
wandb:                       epoch 200
wandb:            final_train_loss 1.10218
wandb:               final_val_acc 24.69
wandb:                 global_step 19353
wandb: rmsprop/batch/grad_norm_raw 36.40068
wandb:          rmsprop/batch/loss 1.18395
wandb:            rmsprop/batch/lr 0.0
wandb:        rmsprop/batch/time_s 0.15963
wandb:                  rmsprop/lr 0
wandb:                         +16 ...
wandb: 
wandb: 🚀 View run rmsprop at: https://wandb.ai/dcll-iiitd/Hybrid-ZFS/runs/exo1szkg
wandb: ⭐️ View project at: https://wandb.ai/dcll-iiitd/Hybrid-ZFS
wandb: Synced 5 W&B file(s), 1 media file(s), 2 artifact file(s) and 0 other file(s)
wandb: Find logs at: ./wandb/run-20260604_212806-exo1szkg/logs
wandb: WARNING Using a boolean value for 'reinit' is deprecated. Use 'return_previous' or 'finish_previous' instead.
wandb: setting up run cksdwja4
wandb: Tracking run with wandb version 0.26.0
wandb: Run data is saved locally in /home/anant/aomml/wandb/run-20260604_224609-cksdwja4
wandb: Run `wandb offline` to turn off syncing.
wandb: Syncing run optimizer_comparison_summary
wandb: ⭐️ View project at https://wandb.ai/dcll-iiitd/Hybrid-ZFS
wandb: 🚀 View run at https://wandb.ai/dcll-iiitd/Hybrid-ZFS/runs/cksdwja4
wandb: updating run metadata; uploading artifact run-cksdwja4-comparisonoptimizer_table-1czIQQ; uploading artifact run-cksdwja4-comparisontrain_loss_curves-7BV9Gg; uploading artifact run-cksdwja4-comparisonval_acc_curves-lRheww; uploading artifact run-cksdwja4-comparisonfinal_val_acc_bar_table-WJlXFQ (+ 1 more)
wandb: uploading artifact run-cksdwja4-comparisonoptimizer_table-1czIQQ; uploading artifact run-cksdwja4-comparisontrain_loss_curves-7BV9Gg; uploading artifact run-cksdwja4-comparisonval_acc_curves-lRheww; uploading artifact run-cksdwja4-comparisonfinal_val_acc_bar_table-WJlXFQ; uploading artifact run-cksdwja4-comparisontotal_time_bar_table-FyLdqg
wandb: uploading artifact run-cksdwja4-comparisonoptimizer_table-1czIQQ; uploading artifact run-cksdwja4-comparisontrain_loss_curves-7BV9Gg; uploading artifact run-cksdwja4-comparisonval_acc_curves-lRheww; uploading artifact run-cksdwja4-comparisonfinal_val_acc_bar_table-WJlXFQ; uploading artifact run-cksdwja4-comparisontotal_time_bar_table-FyLdqg (+ 9 more)
wandb: uploading artifact run-cksdwja4-comparisonoptimizer_table-1czIQQ; uploading artifact run-cksdwja4-comparisontrain_loss_curves-7BV9Gg; uploading artifact run-cksdwja4-comparisonval_acc_curves-lRheww; uploading artifact run-cksdwja4-comparisonfinal_val_acc_bar_table-WJlXFQ; uploading artifact run-cksdwja4-comparisontotal_time_bar_table-FyLdqg
wandb: uploading artifact run-cksdwja4-comparisontrain_loss_curves-7BV9Gg; uploading artifact run-cksdwja4-comparisontotal_time_bar_table-FyLdqg
wandb: uploading history steps 0-1, summary
wandb: 🚀 View run optimizer_comparison_summary at: https://wandb.ai/dcll-iiitd/Hybrid-ZFS/runs/cksdwja4
wandb: ⭐️ View project at: https://wandb.ai/dcll-iiitd/Hybrid-ZFS
wandb: Synced 4 W&B file(s), 5 media file(s), 10 artifact file(s) and 0 other file(s)
wandb: Find logs at: ./wandb/run-20260604_224609-cksdwja4/logs
Saved: comparison.png

============================================================
  hybrid    : val_acc=41.75%  time=5452s
  sgd       : val_acc=38.35%  time=4740s
  adam      : val_acc=47.59%  time=4732s
  rmsprop   : val_acc=24.69%  time=4671s

============================================================
  Ablation Studies
============================================================

── Ablation: Hybrid (full) ──
wandb: setting up run 0wkn7jwr
wandb: Tracking run with wandb version 0.26.0
wandb: Run data is saved locally in /home/anant/aomml/wandb/run-20260604_224619-0wkn7jwr
wandb: Run `wandb offline` to turn off syncing.
wandb: Syncing run ablation_Hybrid_(full)
wandb: ⭐️ View project at https://wandb.ai/dcll-iiitd/Hybrid-ZFS
wandb: 🚀 View run at https://wandb.ai/dcll-iiitd/Hybrid-ZFS/runs/0wkn7jwr
/home/anant/aomml/test2_llm2.py:93: UserWarning: enable_nested_tensor is True, but self.use_nested_tensor is False because encoder_layer.norm_first was True
  self.transformer = nn.TransformerEncoder(encoder_layer, num_layers=12)
sys:1: UserWarning: Full backward hook is firing when gradients are computed with respect to module outputs since no inputs require gradients. See https://docs.pytorch.org/docs/main/generated/torch.nn.Module.html#torch.nn.Module.register_full_backward_hook for more details.
  Epoch   1: val_acc=15.32%
  Epoch   2: val_acc=17.29%
  Epoch   3: val_acc=18.89%
  Epoch   4: val_acc=21.45%
  Epoch   5: val_acc=19.53%
  Epoch   6: val_acc=21.29%
  Epoch   7: val_acc=23.55%
  Epoch   8: val_acc=24.97%
  Epoch   9: val_acc=22.26%
  Epoch  10: val_acc=23.84%
  Epoch  11: val_acc=25.23%
  Epoch  12: val_acc=24.21%
  Epoch  13: val_acc=26.64%
  Epoch  14: val_acc=26.02%
  Epoch  15: val_acc=27.39%
  Epoch  16: val_acc=28.02%
  Epoch  17: val_acc=27.50%
  Epoch  18: val_acc=27.41%
  Epoch  19: val_acc=28.49%
  Epoch  20: val_acc=28.28%
wandb: updating run metadata
wandb: uploading output.log; uploading wandb-summary.json; uploading config.yaml
wandb: uploading history steps 59-59, summary, console lines 22-22
wandb: 
wandb: Run history:
wandb:   Hybrid (full)/batch/grad_norm_raw █▂▁▂▁▂▁▂▂▁▁▃▁▁▂▂▂▂▂▂▁▂▁▁▁▁▁▁▂▂▂▂▁▂▁▁▁▂▁▁
wandb:       Hybrid (full)/batch/kfac_step ▁▁▁▁▁▁▁▁▁▁▁▁▁▁██▁▁▁▁▁▁▁▁▁▁▁▁▁▁▁▁▁▁██▁▁▁▁
wandb:            Hybrid (full)/batch/loss █▄▄▃▃▃▃▂▃▂▂▃▂▂▂▃▂▂▂▂▂▁▂▂▂▂▁▂▂▁▂▁▁▁▂▁▁▁▁▂
wandb:              Hybrid (full)/batch/lr ████████▇▇▇▇▇▇▆▆▆▆▅▅▄▄▄▄▃▃▃▃▂▂▂▂▂▂▁▁▁▁▁▁
wandb:        Hybrid (full)/batch/opt_step ▁▁▁▂▂▂▂▂▂▃▃▃▃▃▄▄▄▄▄▄▅▅▅▅▅▅▆▆▆▆▆▇▇▇▇▇▇███
wandb:          Hybrid (full)/batch/time_s ▂▁▃▂▂▁▃▁▂▂▂▁▂▁█▄▂▁▂▁▂▁▂▁▁▁▂▂▂▂▁▁▁▁▆▇▃▃▂▁
wandb:         Hybrid (full)/batch/zo_step ▁▁▁▁▁▁▁▁▁▁▁▁▁▁█▁▁▁▁▁▁▁▁▁▁▁▁▁▁▁▁▁▁▁▁█▁▁▁▁
wandb: ablation/Hybrid (full)/epoch_time_s ▃▆▇▄█▇▃█▇▄▇▆▁▅▇▄▁▅█▄
wandb:   ablation/Hybrid (full)/train_loss █▅▅▄▄▃▃▃▃▃▂▂▂▂▂▁▁▁▁▁
wandb: ablation/Hybrid (full)/val_accuracy ▁▂▃▄▃▄▅▆▅▆▆▆▇▇▇█▇▇██
wandb:                                  +3 ...
wandb: 
wandb: Run summary:
wandb:   Hybrid (full)/batch/grad_norm_raw 1.94349
wandb:       Hybrid (full)/batch/kfac_step 0
wandb:            Hybrid (full)/batch/loss 0.99852
wandb:              Hybrid (full)/batch/lr 1e-05
wandb:        Hybrid (full)/batch/opt_step 1894
wandb:          Hybrid (full)/batch/time_s 0.14492
wandb:         Hybrid (full)/batch/zo_step 0
wandb: ablation/Hybrid (full)/epoch_time_s 20.23037
wandb:   ablation/Hybrid (full)/train_loss 0.95842
wandb: ablation/Hybrid (full)/val_accuracy 28.28
wandb:                                  +5 ...
wandb: 
wandb: 🚀 View run ablation_Hybrid_(full) at: https://wandb.ai/dcll-iiitd/Hybrid-ZFS/runs/0wkn7jwr
wandb: ⭐️ View project at: https://wandb.ai/dcll-iiitd/Hybrid-ZFS
wandb: Synced 5 W&B file(s), 0 media file(s), 0 artifact file(s) and 0 other file(s)
wandb: Find logs at: ./wandb/run-20260604_224619-0wkn7jwr/logs

── Ablation: Hybrid – no K-FAC ──
wandb: setting up run qxks5a79
wandb: Tracking run with wandb version 0.26.0
wandb: Run data is saved locally in /home/anant/aomml/wandb/run-20260604_225314-qxks5a79
wandb: Run `wandb offline` to turn off syncing.
wandb: Syncing run ablation_Hybrid_no_no_K-FAC
wandb: ⭐️ View project at https://wandb.ai/dcll-iiitd/Hybrid-ZFS
wandb: 🚀 View run at https://wandb.ai/dcll-iiitd/Hybrid-ZFS/runs/qxks5a79
/home/anant/aomml/test2_llm2.py:93: UserWarning: enable_nested_tensor is True, but self.use_nested_tensor is False because encoder_layer.norm_first was True
  self.transformer = nn.TransformerEncoder(encoder_layer, num_layers=12)
sys:1: UserWarning: Full backward hook is firing when gradients are computed with respect to module outputs since no inputs require gradients. See https://docs.pytorch.org/docs/main/generated/torch.nn.Module.html#torch.nn.Module.register_full_backward_hook for more details.
  Epoch   1: val_acc=12.83%
  Epoch   2: val_acc=15.88%
  Epoch   3: val_acc=16.49%
  Epoch   4: val_acc=15.62%
  Epoch   5: val_acc=20.26%
  Epoch   6: val_acc=21.41%
  Epoch   7: val_acc=18.63%
  Epoch   8: val_acc=22.88%
  Epoch   9: val_acc=26.96%
  Epoch  10: val_acc=24.30%
  Epoch  11: val_acc=22.38%
  Epoch  12: val_acc=24.82%
  Epoch  13: val_acc=25.10%
  Epoch  14: val_acc=25.38%
  Epoch  15: val_acc=26.40%
  Epoch  16: val_acc=25.28%
  Epoch  17: val_acc=25.17%
  Epoch  18: val_acc=26.28%
  Epoch  19: val_acc=26.69%
  Epoch  20: val_acc=26.62%
wandb: updating run metadata
wandb: uploading config.yaml; uploading output.log; uploading wandb-summary.json
wandb: uploading config.yaml; uploading wandb-summary.json
wandb: uploading history steps 59-59, summary, console lines 22-22
wandb: 
wandb: Run history:
wandb:   Hybrid – no K-FAC/batch/grad_norm_raw █▂▂▁▂▁▂▁▁▂▂▃▁▂▂▂▃▁▁▂▁▂▁▂▁▁▁▁▁▁▁▁▁▁▁▁▁▁▁▁
wandb:       Hybrid – no K-FAC/batch/kfac_step ▁▁▁▁▁▁▁▁▁▁▁▁▁▁██▁▁▁▁▁▁▁▁▁▁▁▁▁▁▁▁▁▁██▁▁▁▁
wandb:            Hybrid – no K-FAC/batch/loss █▄▃▄▄▃▄▄▃▄▄▃▃▃▃▂▃▃▂▂▂▂▂▂▁▂▂▂▂▂▁▁▁▂▂▁▂▁▂▁
wandb:              Hybrid – no K-FAC/batch/lr ████████▇▇▇▇▇▇▆▆▆▆▅▅▄▄▄▄▃▃▃▃▂▂▂▂▂▂▁▁▁▁▁▁
wandb:        Hybrid – no K-FAC/batch/opt_step ▁▁▁▂▂▂▂▂▂▃▃▃▃▃▄▄▄▄▄▄▅▅▅▅▅▅▆▆▆▆▆▇▇▇▇▇▇███
wandb:          Hybrid – no K-FAC/batch/time_s ▂▁▂▂▂▁▁▂▂▂▂▁▃▁█▄▂▁▁▁▂▁▂▁▂▂▂▁▁▁▁▁▁▁▅█▁▁▂▁
wandb:         Hybrid – no K-FAC/batch/zo_step ▁▁▁▁▁▁▁▁▁▁▁▁▁▁█▁▁▁▁▁▁▁▁▁▁▁▁▁▁▁▁▁▁▁▁█▁▁▁▁
wandb: ablation/Hybrid – no K-FAC/epoch_time_s ▅▆▅▅▅▆▄▇█▅▇▄▆▁▆▄▆▄▁▆
wandb:   ablation/Hybrid – no K-FAC/train_loss █▆▅▅▅▄▄▃▃▃▃▂▂▂▂▁▁▁▁▁
wandb: ablation/Hybrid – no K-FAC/val_accuracy ▁▃▃▂▅▅▄▆█▇▆▇▇▇█▇▇███
wandb:                                      +3 ...
wandb: 
wandb: Run summary:
wandb:   Hybrid – no K-FAC/batch/grad_norm_raw 2.04129
wandb:       Hybrid – no K-FAC/batch/kfac_step 0
wandb:            Hybrid – no K-FAC/batch/loss 0.90672
wandb:              Hybrid – no K-FAC/batch/lr 1e-05
wandb:        Hybrid – no K-FAC/batch/opt_step 1894
wandb:          Hybrid – no K-FAC/batch/time_s 0.15367
wandb:         Hybrid – no K-FAC/batch/zo_step 0
wandb: ablation/Hybrid – no K-FAC/epoch_time_s 20.6877
wandb:   ablation/Hybrid – no K-FAC/train_loss 1.00595
wandb: ablation/Hybrid – no K-FAC/val_accuracy 26.62
wandb:                                      +5 ...
wandb: 
wandb: 🚀 View run ablation_Hybrid_no_no_K-FAC at: https://wandb.ai/dcll-iiitd/Hybrid-ZFS/runs/qxks5a79
wandb: ⭐️ View project at: https://wandb.ai/dcll-iiitd/Hybrid-ZFS
wandb: Synced 5 W&B file(s), 0 media file(s), 0 artifact file(s) and 0 other file(s)
wandb: Find logs at: ./wandb/run-20260604_225314-qxks5a79/logs

── Ablation: Hybrid – no ZO ──
wandb: setting up run e4kj5pxx
wandb: Tracking run with wandb version 0.26.0
wandb: Run data is saved locally in /home/anant/aomml/wandb/run-20260604_230010-e4kj5pxx
wandb: Run `wandb offline` to turn off syncing.
wandb: Syncing run ablation_Hybrid_no_no_ZO
wandb: ⭐️ View project at https://wandb.ai/dcll-iiitd/Hybrid-ZFS
wandb: 🚀 View run at https://wandb.ai/dcll-iiitd/Hybrid-ZFS/runs/e4kj5pxx
/home/anant/aomml/test2_llm2.py:93: UserWarning: enable_nested_tensor is True, but self.use_nested_tensor is False because encoder_layer.norm_first was True
  self.transformer = nn.TransformerEncoder(encoder_layer, num_layers=12)
sys:1: UserWarning: Full backward hook is firing when gradients are computed with respect to module outputs since no inputs require gradients. See https://docs.pytorch.org/docs/main/generated/torch.nn.Module.html#torch.nn.Module.register_full_backward_hook for more details.
  Epoch   1: val_acc=17.41%
  Epoch   2: val_acc=18.53%
  Epoch   3: val_acc=18.03%
  Epoch   4: val_acc=21.83%
  Epoch   5: val_acc=22.15%
  Epoch   6: val_acc=20.27%
  Epoch   7: val_acc=22.95%
  Epoch   8: val_acc=24.90%
  Epoch   9: val_acc=24.62%
  Epoch  10: val_acc=25.52%
  Epoch  11: val_acc=24.77%
  Epoch  12: val_acc=25.03%
  Epoch  13: val_acc=25.76%
  Epoch  14: val_acc=28.22%
  Epoch  15: val_acc=27.31%
  Epoch  16: val_acc=27.29%
  Epoch  17: val_acc=28.64%
  Epoch  18: val_acc=28.95%
  Epoch  19: val_acc=28.18%
  Epoch  20: val_acc=28.38%
wandb: updating run metadata
wandb: uploading config.yaml; uploading output.log; uploading wandb-summary.json
wandb: uploading history steps 59-59, summary, console lines 22-22
wandb: 
wandb: Run history:
wandb:   Hybrid – no ZO/batch/grad_norm_raw █▂▁▁▁▂▃▁▁▁▂▂▂▁▂▂▂▁▂▂▁▁▁▁▁▁▁▁▁▁▁▁▁▁▁▁▁▁▁▁
wandb:       Hybrid – no ZO/batch/kfac_step ▁▁▁▁▁▁▁▁▁▁▁▁▁▁██▁▁▁▁▁▁▁▁▁▁▁▁▁▁▁▁▁▁██▁▁▁▁
wandb:            Hybrid – no ZO/batch/loss █▄▄▃▃▃▄▃▃▃▄▃▄▃▂▂▂▂▂▂▂▃▂▂▂▂▂▂▂▂▂▁▂▂▂▃▂▁▁▂
wandb:              Hybrid – no ZO/batch/lr ████████▇▇▇▇▇▇▆▆▆▆▅▅▄▄▄▄▃▃▃▃▂▂▂▂▂▂▁▁▁▁▁▁
wandb:        Hybrid – no ZO/batch/opt_step ▁▁▁▂▂▂▂▂▂▃▃▃▃▃▄▄▄▄▄▄▅▅▅▅▅▅▆▆▆▆▆▇▇▇▇▇▇███
wandb:          Hybrid – no ZO/batch/time_s ▂▂▄▃▂▂▄▃▂▁▂▂▂▁█▇▄▂▂▃▂▃▃▄▃▂▄▂▃▃▃▂▃▁█▇▄▂▃▃
wandb:         Hybrid – no ZO/batch/zo_step ▁▁▁▁▁▁▁▁▁▁▁▁▁▁█▁▁▁▁▁▁▁▁▁▁▁▁▁▁▁▁▁▁▁▁█▁▁▁▁
wandb: ablation/Hybrid – no ZO/epoch_time_s ▃▅▄▅▂▅▁▃▆█▄▇▅▄▇▃▆▆▄▃
wandb:   ablation/Hybrid – no ZO/train_loss █▅▅▄▄▄▃▃▃▃▂▂▂▂▁▁▁▁▁▁
wandb: ablation/Hybrid – no ZO/val_accuracy ▁▂▁▄▄▃▄▆▅▆▅▆▆█▇▇████
wandb:                                   +3 ...
wandb: 
wandb: Run summary:
wandb:   Hybrid – no ZO/batch/grad_norm_raw 1.48523
wandb:       Hybrid – no ZO/batch/kfac_step 0
wandb:            Hybrid – no ZO/batch/loss 1.06321
wandb:              Hybrid – no ZO/batch/lr 1e-05
wandb:        Hybrid – no ZO/batch/opt_step 1894
wandb:          Hybrid – no ZO/batch/time_s 0.1673
wandb:         Hybrid – no ZO/batch/zo_step 0
wandb: ablation/Hybrid – no ZO/epoch_time_s 19.49574
wandb:   ablation/Hybrid – no ZO/train_loss 0.98099
wandb: ablation/Hybrid – no ZO/val_accuracy 28.38
wandb:                                   +5 ...
wandb: 
wandb: 🚀 View run ablation_Hybrid_no_no_ZO at: https://wandb.ai/dcll-iiitd/Hybrid-ZFS/runs/e4kj5pxx
wandb: ⭐️ View project at: https://wandb.ai/dcll-iiitd/Hybrid-ZFS
wandb: Synced 5 W&B file(s), 0 media file(s), 0 artifact file(s) and 0 other file(s)
wandb: Find logs at: ./wandb/run-20260604_230010-e4kj5pxx/logs
Saved: ablation.png
